TAP version 13
# Subtest: T23 admission_before_write SIGKILL cannot authorize an uncommitted identity
ok 1 - T23 admission_before_write SIGKILL cannot authorize an uncommitted identity
  ---
  duration_ms: 2621.469833
  type: 'test'
  ...
# Subtest: T23 admission_before_rename SIGKILL cannot authorize an uncommitted identity
ok 2 - T23 admission_before_rename SIGKILL cannot authorize an uncommitted identity
  ---
  duration_ms: 2141.655583
  type: 'test'
  ...
1..2
# tests 2
# suites 0
# pass 2
# fail 0
# cancelled 0
# skipped 0
# todo 0
# duration_ms 4855.60975
