TAP version 13
# Subtest: T23 SIGKILL after prompt flush before submitted receipt preserves one accepted prompt
ok 1 - T23 SIGKILL after prompt flush before submitted receipt preserves one accepted prompt
  ---
  duration_ms: 2414.123666
  type: 'test'
  ...
# Subtest: T23 SIGKILL after create returns before Owner binding cannot authorize resend
ok 2 - T23 SIGKILL after create returns before Owner binding cannot authorize resend
  ---
  duration_ms: 2224.341792
  type: 'test'
  ...
# Subtest: T23 SIGKILL after durable reservation allows exactly one original-identity Owner execution
ok 3 - T23 SIGKILL after durable reservation allows exactly one original-identity Owner execution
  ---
  duration_ms: 2307.190792
  type: 'test'
  ...
# Subtest: T23 two ready processes competing for one durable intent execute its Owner only once
ok 4 - T23 two ready processes competing for one durable intent execute its Owner only once
  ---
  duration_ms: 3115.899542
  type: 'test'
  ...
# Subtest: T23 distinct requests racing for the final credit execute only the admitted Owner
ok 5 - T23 distinct requests racing for the final credit execute only the admitted Owner
  ---
  duration_ms: 2524.430125
  type: 'test'
  ...
# Subtest: T23 SIGKILL before failed settlement rename never accepts the temporary receipt or reexecutes
ok 6 - T23 SIGKILL before failed settlement rename never accepts the temporary receipt or reexecutes
  ---
  duration_ms: 2313.889625
  type: 'test'
  ...
# Subtest: T23 admission_before_write SIGKILL cannot authorize an uncommitted identity
ok 7 - T23 admission_before_write SIGKILL cannot authorize an uncommitted identity
  ---
  duration_ms: 1997.354792
  type: 'test'
  ...
# Subtest: T23 admission_before_rename SIGKILL cannot authorize an uncommitted identity
ok 8 - T23 admission_before_rename SIGKILL cannot authorize an uncommitted identity
  ---
  duration_ms: 2216.514958
  type: 'test'
  ...
1..8
# tests 8
# suites 0
# pass 8
# fail 0
# cancelled 0
# skipped 0
# todo 0
# duration_ms 19185.299167
