TAP version 13
# Subtest: T22 source-plane JSONL observes exactly one completed reserved prompt without writes
ok 1 - T22 source-plane JSONL observes exactly one completed reserved prompt without writes
  ---
  duration_ms: 1314.312542
  type: 'test'
  ...
# Subtest: T22 source-plane JSONL distinguishes no artifact from one durable idle inbox prompt
ok 2 - T22 source-plane JSONL distinguishes no artifact from one durable idle inbox prompt
  ---
  duration_ms: 744.158458
  type: 'test'
  ...
# Subtest: T22 raw inspection pauses on duplicate input and malformed physical rows without re-sending
ok 3 - T22 raw inspection pauses on duplicate input and malformed physical rows without re-sending
  ---
  duration_ms: 1201.482209
  type: 'test'
  ...
# Subtest: T22 Runtime rejects wrong reservation binding and pauses the unready producer before session effects
ok 4 - T22 Runtime rejects wrong reservation binding and pauses the unready producer before session effects
  ---
  duration_ms: 399.065125
  type: 'test'
  ...
# Subtest: T22 refuses a real JSONL backend configured with compression before any read or retry
ok 5 - T22 refuses a real JSONL backend configured with compression before any read or retry
  ---
  duration_ms: 291.284041
  type: 'test'
  ...
# Subtest: F16 maps real same-process and independent-runtime Owner lease conflicts to a non-mutating pause
ok 6 - F16 maps real same-process and independent-runtime Owner lease conflicts to a non-mutating pause
  ---
  duration_ms: 1018.959584
  type: 'test'
  ...
# Subtest: F16 maps a real lease directory still initializing to a non-mutating pause
ok 7 - F16 maps a real lease directory still initializing to a non-mutating pause
  ---
  duration_ms: 325.837959
  type: 'test'
  ...
# Subtest: F16 leaves ordinary lease I/O errors and caller cancellation as rejections
ok 8 - F16 leaves ordinary lease I/O errors and caller cancellation as rejections
  ---
  duration_ms: 625.458708
  type: 'test'
  ...
# Subtest: T22 starts the reserved Owner once, settles its real failed submission, and never rewrites the frozen instruction
ok 9 - T22 starts the reserved Owner once, settles its real failed submission, and never rewrites the frozen instruction
  ---
  duration_ms: 1446.488375
  type: 'test'
  ...
# Subtest: T22 settles a real completed Owner only after owner-sync and finishOwner, then replays the T13 succeeded receipt read-only
ok 10 - T22 settles a real completed Owner only after owner-sync and finishOwner, then replays the T13 succeeded receipt read-only
  ---
  duration_ms: 3846.137166
  type: 'test'
  ...
# Subtest: T22 cannot report succeeded while a real owner-submit result is awaiting finishOwner
ok 11 - T22 cannot report succeeded while a real owner-submit result is awaiting finishOwner
  ---
  duration_ms: 2491.787292
  type: 'test'
  ...
# Subtest: T22 L1 create failure preserves reservation without sending and releases any created handle
ok 12 - T22 L1 create failure preserves reservation without sending and releases any created handle
  ---
  duration_ms: 1217.215625
  type: 'test'
  ...
# Subtest: T22 L1 bind failure preserves reservation without sending and releases any created handle
ok 13 - T22 L1 bind failure preserves reservation without sending and releases any created handle
  ---
  duration_ms: 929.014292
  type: 'test'
  ...
# Subtest: T22 L2 real blocked outcome cannot settle or authorize another execution
ok 14 - T22 L2 real blocked outcome cannot settle or authorize another execution
  ---
  duration_ms: 967.658084
  type: 'test'
  ...
# Subtest: T22 L2 real handoff outcome cannot settle or authorize another execution
ok 15 - T22 L2 real handoff outcome cannot settle or authorize another execution
  ---
  duration_ms: 1110.058875
  type: 'test'
  ...
# Subtest: T22 L2 real no_submit outcome cannot settle or authorize another execution
ok 16 - T22 L2 real no_submit outcome cannot settle or authorize another execution
  ---
  duration_ms: 888.765375
  type: 'test'
  ...
# Subtest: T22 L2 real PlanRevision pending_check cannot settle the prior recovery intent
ok 17 - T22 L2 real PlanRevision pending_check cannot settle the prior recovery intent
  ---
  duration_ms: 1342.155292
  type: 'test'
  ...
1..17
# tests 17
# suites 0
# pass 17
# fail 0
# cancelled 0
# skipped 0
# todo 0
# duration_ms 20358.865791
