TAP version 13
# Subtest: T15 real request_handoff preserves its initial free Owner until terminal and stages a metered candidate
ok 1 - T15 real request_handoff preserves its initial free Owner until terminal and stages a metered candidate
  ---
  duration_ms: 4868.086333
  type: 'test'
  ...
# Subtest: T15 real request_handoff preserves its paid Owner until terminal and stages a metered candidate
ok 2 - T15 real request_handoff preserves its paid Owner until terminal and stages a metered candidate
  ---
  duration_ms: 3850.488125
  type: 'test'
  ...
# Subtest: T15 real request_handoff preserves its paid Owner with repeated handoff in report until terminal and stages a metered candidate
ok 3 - T15 real request_handoff preserves its paid Owner with repeated handoff in report until terminal and stages a metered candidate
  ---
  duration_ms: 6195.102458
  type: 'test'
  ...
# Subtest: T15 real request_handoff preserves its initial free Owner with a real user permission gap until terminal and returns the permission decision
ok 4 - T15 real request_handoff preserves its initial free Owner with a real user permission gap until terminal and returns the permission decision
  ---
  duration_ms: 3745.822625
  type: 'test'
  ...
# Subtest: T15 real request_handoff preserves its initial free Owner after rejecting premature completed until terminal and stages a metered candidate
ok 5 - T15 real request_handoff preserves its initial free Owner after rejecting premature completed until terminal and stages a metered candidate
  ---
  duration_ms: 2944.958875
  type: 'test'
  ...
# Subtest: T15 real request_handoff preserves its paid Owner after rejecting premature completed until terminal and stages a metered candidate
ok 6 - T15 real request_handoff preserves its paid Owner after rejecting premature completed until terminal and stages a metered candidate
  ---
  duration_ms: 3672.944375
  type: 'test'
  ...
# Subtest: T15 a handoff cannot enter after completed submission has acquired its gate
ok 7 - T15 a handoff cannot enter after completed submission has acquired its gate
  ---
  duration_ms: 3416.613958
  type: 'test'
  ...
1..7
# tests 7
# suites 0
# pass 7
# fail 0
# cancelled 0
# skipped 0
# todo 0
# duration_ms 29384.358459
