TAP version 13
# Subtest: 真实Runtime经生产Planner提交路径编排固定快照；Owner提示保留完整Ticket，未激活Workflow
not ok 1 - 真实Runtime经生产Planner提交路径编排固定快照；Owner提示保留完整Ticket，未激活Workflow
  ---
  duration_ms: 3057.909875
  type: 'test'
  location: '/Volumes/LargeStorage/code/DSH-Workflow/owner-workflow-plugin/test/planning-compile-native.test.mjs:73:1'
  failureType: 'testCodeFailure'
  error: |-
    Expected values to be strictly deep-equal:
    + actual - expected
    ... Skipped lines

      Buffer(998) [Uint8Array] [
        68,
        73,
        82,
        67,
    ...
        7,
    +   106,
    +   164,
    +   68,
    +   159,
    +   51,
    +   76,
    +   169,
    +   180,
    +   106,
    +   164,
    +   68,
    +   159,
    +   51,
    +   71,
    +   254,
    +   16,
    +   1,
        0,
        0,
    +   16,
    +   11,
    +   165,
    +   195,
    +   84,
        0,
        0,
    -   0,
    -   0,
    -   0,
    -   0,
    -   0,
    -   0,
    -   0,
    -   0,
    -   0,
    -   0,
    -   0,
    -   0,
    -   0,
    -   0,
    -   0,
    -   0,
    -   0,
    -   0,
    -   0,
    -   0,
    -   0,
    -   0,
        129,
        164,
        0,
        0,
    +   1,
    +   245,
        0,
        0,
        0,
    +   20,
        0,
        0,
        0,
    +   127,
    -   0,
    -   0,
    -   0,
    -   0,
        58,
        2,
        41,
        7,
        77,
    ...
        0,
    +   106,
    +   164,
    +   68,
    +   159,
    +   51,
    +   112,
    +   240,
    +   46,
    +   106,
    +   164,
    +   68,
    +   159,
    +   51,
    +   106,
    +   116,
    +   130,
    +   1,
        0,
        0,
    +   16,
    +   11,
    +   165,
    +   195,
    +   86,
        0,
        0,
    -   0,
    -   0,
    -   0,
    -   0,
    -   0,
    -   0,
    -   0,
    -   0,
    -   0,
    -   0,
    -   0,
    -   0,
    -   0,
    -   0,
    -   0,
    -   0,
    -   0,
    -   0,
    -   0,
    -   0,
    -   0,
    -   0,
        129,
        164,
        0,
        0,
    +   1,
    +   245,
        0,
        0,
        0,
    +   20,
        0,
        0,
        0,
    +   180,
    -   0,
    -   0,
    -   0,
    -   0,
        15,
        26,
        15,
        18,
        157,
    ...
        0,
    +   106,
    +   164,
    +   68,
    +   159,
    +   51,
    +   138,
    +   137,
    +   189,
    +   106,
    +   164,
    +   68,
    +   159,
    +   51,
    +   131,
    +   58,
    +   123,
    +   1,
        0,
        0,
    +   16,
    +   11,
    +   165,
    +   195,
    +   88,
        0,
        0,
    -   0,
    -   0,
    -   0,
    -   0,
    -   0,
    -   0,
    -   0,
    -   0,
    -   0,
    -   0,
    -   0,
    -   0,
    -   0,
    -   0,
    -   0,
    -   0,
    -   0,
    -   0,
    -   0,
    -   0,
    -   0,
    -   0,
        129,
        164,
        0,
        0,
    +   1,
    +   245,
        0,
        0,
        0,
    +   20,
        0,
        0,
        0,
    +   180,
    -   0,
    -   0,
    -   0,
    -   0,
        160,
        14,
        151,
        239,
        13,
    ...
        0,
    +   106,
    +   164,
    +   68,
    +   159,
    +   51,
    +   152,
    +   105,
    +   213,
    +   106,
    +   164,
    +   68,
    +   159,
    +   51,
    +   148,
    +   153,
    +   110,
    +   1,
        0,
        0,
    +   16,
    +   11,
    +   165,
    +   195,
    +   90,
        0,
        0,
    -   0,
    -   0,
    -   0,
    -   0,
    -   0,
    -   0,
    -   0,
    -   0,
    -   0,
    -   0,
    -   0,
    -   0,
    -   0,
    -   0,
    -   0,
    -   0,
    -   0,
    -   0,
    -   0,
    -   0,
    -   0,
    -   0,
        129,
        164,
        0,
        0,
    +   1,
    +   245,
        0,
        0,
        0,
    +   20,
        0,
        0,
        0,
    +   180,
    -   0,
    -   0,
    -   0,
    -   0,
        88,
        167,
        19,
        165,
        51,
    ...
        0,
    +   106,
    +   164,
    +   68,
    +   159,
    +   22,
    +   9,
    +   107,
    +   139,
    +   106,
    +   164,
    +   68,
    +   159,
    +   22,
    +   9,
    +   107,
    +   139,
    +   1,
        0,
        0,
    +   16,
    +   11,
    +   165,
    +   195,
    +   31,
        0,
        0,
    -   0,
    -   0,
    -   0,
    -   0,
    -   0,
    -   0,
    -   0,
    -   0,
    -   0,
    -   0,
    -   0,
    -   0,
    -   0,
    -   0,
    -   0,
    -   0,
    -   0,
    -   0,
    -   0,
    -   0,
    -   0,
    -   0,
        129,
        164,
        0,
        0,
    +   1,
    +   245,
        0,
        0,
        0,
    +   20,
        0,
        0,
        0,
    +   14,
    -   0,
    -   0,
    -   0,
    -   0,
        169,
        222,
        128,
        34,
        79,
    ...
        210,
    +   129,
    +   66,
    +   227,
    +   56,
    +   228,
    +   130,
    +   45,
    +   114,
    +   172,
    +   105,
    +   157,
    +   51,
    +   246,
    +   229,
        36,
    +   187,
    +   169,
    +   8,
    +   52
    -   183,
    -   171,
    -   36,
    -   32,
    -   242,
    -   86,
    -   38,
    -   10,
    -   146,
    -   241,
    -   146,
    -   77,
    -   26,
    -   41,
    -   80,
    -   135,
    -   111,
    -   76
      ]

  code: 'ERR_ASSERTION'
  name: 'AssertionError'
  expected:
    0: 68
    1: 73
    2: 82
    3: 67
    4: 0
    5: 0
    6: 0
    7: 2
    8: 0
    9: 0
    10: 0
    11: 7
    12: 0
    13: 0
    14: 0
    15: 0
    16: 0
    17: 0
    18: 0
    19: 0
    20: 0
    21: 0
    22: 0
    23: 0
    24: 0
    25: 0
    26: 0
    27: 0
    28: 0
    29: 0
    30: 0
    31: 0
    32: 0
    33: 0
    34: 0
    35: 0
    36: 0
    37: 0
    38: 129
    39: 164
    40: 0
    41: 0
    42: 0
    43: 0
    44: 0
    45: 0
    46: 0
    47: 0
    48: 0
    49: 0
    50: 0
    51: 0
    52: 58
    53: 2
    54: 41
    55: 7
    56: 77
    57: 173
    58: 27
    59: 78
    60: 131
    61: 251
    62: 8
    63: 132
    64: 139
    65: 153
    66: 160
    67: 192
    68: 93
    69: 231
    70: 218
    71: 135
    72: 0
    73: 27
    74: 46
    75: 111
    76: 119
    77: 110
    78: 101
    79: 114
    80: 45
    81: 119
    82: 111
    83: 114
    84: 107
    85: 102
    86: 108
    87: 111
    88: 119
    89: 47
    90: 99
    91: 111
    92: 110
    93: 102
    94: 105
    95: 103
    96: 46
    97: 106
    98: 115
    99: 111
    100: 110
    101: 0
    102: 0
    103: 0
    104: 0
    105: 0
    106: 0
    107: 0
    108: 0
    109: 0
    110: 0
    111: 0
    112: 0
    113: 0
    114: 0
    115: 0
    116: 0
    117: 0
    118: 0
    119: 0
    120: 0
    121: 0
    122: 0
    123: 0
    124: 0
    125: 0
    126: 0
    127: 0
    128: 0
    129: 0
    130: 0
    131: 0
    132: 0
    133: 0
    134: 129
    135: 164
    136: 0
    137: 0
    138: 0
    139: 0
    140: 0
    141: 0
    142: 0
    143: 0
    144: 0
    145: 0
    146: 0
    147: 0
    148: 15
    149: 26
    150: 15
    151: 18
    152: 157
    153: 175
    154: 1
    155: 161
    156: 152
    157: 17
    158: 45
    159: 253
    160: 4
    161: 240
    162: 193
    163: 224
    164: 137
    165: 127
    166: 198
    167: 97
    168: 0
    169: 33
    170: 46
    171: 111
    172: 119
    173: 110
    174: 101
    175: 114
    176: 45
    177: 119
    178: 111
    179: 114
    180: 107
    181: 102
    182: 108
    183: 111
    184: 119
    185: 47
    186: 111
    187: 119
    188: 110
    189: 101
    190: 114
    191: 115
    192: 47
    193: 97
    194: 47
    195: 111
    196: 119
    197: 110
    198: 101
    199: 114
    200: 46
    201: 109
    202: 100
    203: 0
    204: 0
    205: 0
    206: 0
    207: 0
    208: 0
    209: 0
    210: 0
    211: 0
    212: 0
    213: 0
    214: 0
    215: 0
    216: 0
    217: 0
    218: 0
    219: 0
    220: 0
    221: 0
    222: 0
    223: 0
    224: 0
    225: 0
    226: 0
    227: 0
    228: 0
    229: 0
    230: 129
    231: 164
    232: 0
    233: 0
    234: 0
    235: 0
    236: 0
    237: 0
    238: 0
    239: 0
    240: 0
    241: 0
    242: 0
    243: 0
    244: 160
    245: 14
    246: 151
    247: 239
    248: 13
    249: 232
    250: 173
    251: 232
    252: 68
    253: 62
    254: 180
    255: 173
    256: 129
    257: 131
    258: 150
    259: 10
    260: 73
    261: 197
    262: 144
    263: 198
    264: 0
    265: 33
    266: 46
    267: 111
    268: 119
    269: 110
    270: 101
    271: 114
    272: 45
    273: 119
    274: 111
    275: 114
    276: 107
    277: 102
    278: 108
    279: 111
    280: 119
    281: 47
    282: 111
    283: 119
    284: 110
    285: 101
    286: 114
    287: 115
    288: 47
    289: 98
    290: 47
    291: 111
    292: 119
    293: 110
    294: 101
    295: 114
    296: 46
    297: 109
    298: 100
    299: 0
    300: 0
    301: 0
    302: 0
    303: 0
    304: 0
    305: 0
    306: 0
    307: 0
    308: 0
    309: 0
    310: 0
    311: 0
    312: 0
    313: 0
    314: 0
    315: 0
    316: 0
    317: 0
    318: 0
    319: 0
    320: 0
    321: 0
    322: 0
    323: 0
    324: 0
    325: 0
    326: 129
    327: 164
    328: 0
    329: 0
    330: 0
    331: 0
    332: 0
    333: 0
    334: 0
    335: 0
    336: 0
    337: 0
    338: 0
    339: 0
    340: 88
    341: 167
    342: 19
    343: 165
    344: 51
    345: 125
    346: 137
    347: 103
    348: 97
    349: 6
    350: 28
    351: 68
    352: 42
    353: 203
    354: 54
    355: 91
    356: 47
    357: 218
    358: 49
    359: 121
    360: 0
    361: 33
    362: 46
    363: 111
    364: 119
    365: 110
    366: 101
    367: 114
    368: 45
    369: 119
    370: 111
    371: 114
    372: 107
    373: 102
    374: 108
    375: 111
    376: 119
    377: 47
    378: 111
    379: 119
    380: 110
    381: 101
    382: 114
    383: 115
    384: 47
    385: 115
    386: 47
    387: 111
    388: 119
    389: 110
    390: 101
    391: 114
    392: 46
    393: 109
    394: 100
    395: 0
    396: 0
    397: 0
    398: 0
    399: 0
    400: 0
    401: 0
    402: 0
    403: 0
    404: 0
    405: 0
    406: 0
    407: 0
    408: 0
    409: 0
    410: 0
    411: 0
    412: 0
    413: 0
    414: 0
    415: 0
    416: 0
    417: 0
    418: 0
    419: 0
    420: 0
    421: 0
    422: 129
    423: 164
    424: 0
    425: 0
    426: 0
    427: 0
    428: 0
    429: 0
    430: 0
    431: 0
    432: 0
    433: 0
    434: 0
    435: 0
    436: 169
    437: 222
    438: 128
    439: 34
    440: 79
    441: 73
    442: 5
    443: 127
    444: 37
    445: 200
    446: 245
    447: 5
    448: 92
    449: 27
    450: 170
    451: 100
    452: 250
    453: 12
    454: 81
    455: 229
    456: 0
    457: 8
    458: 99
    459: 111
    460: 100
    461: 101
    462: 46
    463: 116
    464: 120
    465: 116
    466: 0
    467: 0
    468: 106
    469: 164
    470: 68
    471: 160
    472: 8
    473: 48
    474: 83
    475: 96
    476: 106
    477: 164
    478: 68
    479: 160
    480: 7
    481: 215
    482: 176
    483: 148
    484: 1
    485: 0
    486: 0
    487: 16
    488: 11
    489: 165
    490: 195
    491: 183
    492: 0
    493: 0
    494: 129
    495: 164
    496: 0
    497: 0
    498: 1
    499: 245
    500: 0
    501: 0
    502: 0
    503: 20
    504: 0
    505: 0
    506: 1
    507: 50
    508: 69
    509: 121
    510: 103
    511: 134
    512: 42
    513: 115
    514: 144
    515: 249
    516: 165
    517: 217
    518: 18
    519: 147
    520: 122
    521: 209
    522: 36
    523: 14
    524: 234
    525: 208
    526: 39
    527: 232
    528: 0
    529: 31
    530: 100
    531: 111
    532: 99
    533: 115
    534: 47
    535: 115
    536: 112
    537: 101
    538: 99
    539: 115
    540: 47
    541: 115
    542: 111
    543: 117
    544: 114
    545: 99
    546: 101
    547: 45
    548: 99
    549: 104
    550: 97
    551: 105
    552: 110
    553: 47
    554: 115
    555: 112
    556: 101
    557: 99
    558: 46
    559: 109
    560: 100
    561: 0
    562: 0
    563: 0
    564: 106
    565: 164
    566: 68
    567: 160
    568: 10
    569: 20
    570: 112
    571: 100
    572: 106
    573: 164
    574: 68
    575: 160
    576: 9
    577: 205
    578: 143
    579: 86
    580: 1
    581: 0
    582: 0
    583: 16
    584: 11
    585: 165
    586: 195
    587: 191
    588: 0
    589: 0
    590: 129
    591: 164
    592: 0
    593: 0
    594: 1
    595: 245
    596: 0
    597: 0
    598: 0
    599: 20
    600: 0
    601: 0
    602: 1
    603: 223
    604: 3
    605: 230
    606: 202
    607: 143
    608: 2
    609: 130
    610: 151
    611: 54
    612: 104
    613: 230
    614: 81
    615: 227
    616: 197
    617: 246
    618: 223
    619: 46
    620: 163
    621: 76
    622: 189
    623: 163
    624: 0
    625: 38
    626: 100
    627: 111
    628: 99
    629: 115
    630: 47
    631: 115
    632: 112
    633: 101
    634: 99
    635: 115
    636: 47
    637: 115
    638: 111
    639: 117
    640: 114
    641: 99
    642: 101
    643: 45
    644: 99
    645: 104
    646: 97
    647: 105
    648: 110
    649: 47
    650: 116
    651: 105
    652: 99
    653: 107
    654: 101
    655: 116
    656: 115
    657: 47
    658: 84
    659: 50
    660: 53
    661: 46
    662: 109
    663: 100
    664: 0
    665: 0
    666: 0
    667: 0
    668: 84
    669: 82
    670: 69
    671: 69
    672: 0
    673: 0
    674: 1
    675: 46
    676: 0
    677: 55
    678: 32
    679: 50
    680: 10
    681: 217
    682: 16
    683: 53
    684: 179
    685: 0
    686: 110
    687: 11
    688: 171
    689: 122
    690: 234
    691: 94
    692: 191
    693: 72
    694: 39
    695: 203
    696: 230
    697: 65
    698: 52
    699: 124
    700: 156
    701: 100
    702: 111
    703: 99
    704: 115
    705: 0
    706: 50
    707: 32
    708: 49
    709: 10
    710: 85
    711: 140
    712: 12
    713: 120
    714: 209
    715: 204
    716: 177
    717: 9
    718: 150
    719: 22
    720: 207
    721: 61
    722: 244
    723: 173
    724: 252
    725: 36
    726: 155
    727: 10
    728: 243
    729: 19
    730: 115
    731: 112
    732: 101
    733: 99
    734: 115
    735: 0
    736: 50
    737: 32
    738: 49
    739: 10
    740: 159
    741: 254
    742: 245
    743: 71
    744: 66
    745: 107
    746: 130
    747: 34
    748: 77
    749: 178
    750: 10
    751: 255
    752: 167
    753: 126
    754: 88
    755: 72
    756: 246
    757: 203
    758: 245
    759: 158
    760: 115
    761: 111
    762: 117
    763: 114
    764: 99
    765: 101
    766: 45
    767: 99
    768: 104
    769: 97
    770: 105
    771: 110
    772: 0
    773: 50
    774: 32
    775: 49
    776: 10
    777: 143
    778: 55
    779: 18
    780: 132
    781: 228
    782: 43
    783: 233
    784: 238
    785: 8
    786: 33
    787: 70
    788: 78
    789: 241
    790: 67
    791: 135
    792: 79
    793: 226
    794: 170
    795: 85
    796: 93
    797: 116
    798: 105
    799: 99
    800: 107
    801: 101
    802: 116
    803: 115
    804: 0
    805: 49
    806: 32
    807: 48
    808: 10
    809: 64
    810: 64
    811: 160
    812: 90
    813: 152
    814: 24
    815: 105
    816: 106
    817: 36
    818: 59
    819: 124
    820: 208
    821: 126
    822: 134
    823: 61
    824: 220
    825: 179
    826: 158
    827: 24
    828: 38
    829: 46
    830: 111
    831: 119
    832: 110
    833: 101
    834: 114
    835: 45
    836: 119
    837: 111
    838: 114
    839: 107
    840: 102
    841: 108
    842: 111
    843: 119
    844: 0
    845: 52
    846: 32
    847: 49
    848: 10
    849: 58
    850: 70
    851: 49
    852: 96
    853: 225
    854: 96
    855: 47
    856: 229
    857: 135
    858: 39
    859: 30
    860: 104
    861: 44
    862: 188
    863: 183
    864: 200
    865: 95
    866: 255
    867: 180
    868: 65
    869: 111
    870: 119
    871: 110
    872: 101
    873: 114
    874: 115
    875: 0
    876: 51
    877: 32
    878: 51
    879: 10
    880: 27
    881: 184
    882: 171
    883: 151
    884: 6
    885: 250
    886: 244
    887: 130
    888: 60
    889: 254
    890: 174
    891: 220
    892: 89
    893: 239
    894: 40
    895: 198
    896: 73
    897: 3
    898: 236
    899: 140
    900: 97
    901: 0
    902: 49
    903: 32
    904: 48
    905: 10
    906: 90
    907: 70
    908: 88
    909: 59
    910: 25
    911: 221
    912: 182
    913: 163
    914: 112
    915: 42
    916: 208
    917: 203
    918: 9
    919: 71
    920: 160
    921: 23
    922: 193
    923: 174
    924: 74
    925: 42
    926: 98
    927: 0
    928: 49
    929: 32
    930: 48
    931: 10
    932: 66
    933: 42
    934: 75
    935: 251
    936: 56
    937: 228
    938: 143
    939: 241
    940: 200
    941: 64
    942: 74
    943: 148
    944: 6
    945: 207
    946: 244
    947: 163
    948: 160
    949: 225
    950: 64
    951: 201
    952: 115
    953: 0
    954: 49
    955: 32
    956: 48
    957: 10
    958: 202
    959: 60
    960: 180
    961: 56
    962: 53
    963: 95
    964: 126
    965: 199
    966: 120
    967: 98
    968: 112
    969: 31
    970: 169
    971: 34
    972: 185
    973: 9
    974: 133
    975: 57
    976: 101
    977: 11
    978: 210
    979: 36
    980: 183
    981: 171
    982: 36
    983: 32
    984: 242
    985: 86
    986: 38
    987: 10
    988: 146
    989: 241
    990: 146
    991: 77
    992: 26
    993: 41
    994: 80
    995: 135
    996: 111
    997: 76
  actual:
    0: 68
    1: 73
    2: 82
    3: 67
    4: 0
    5: 0
    6: 0
    7: 2
    8: 0
    9: 0
    10: 0
    11: 7
    12: 106
    13: 164
    14: 68
    15: 159
    16: 51
    17: 76
    18: 169
    19: 180
    20: 106
    21: 164
    22: 68
    23: 159
    24: 51
    25: 71
    26: 254
    27: 16
    28: 1
    29: 0
    30: 0
    31: 16
    32: 11
    33: 165
    34: 195
    35: 84
    36: 0
    37: 0
    38: 129
    39: 164
    40: 0
    41: 0
    42: 1
    43: 245
    44: 0
    45: 0
    46: 0
    47: 20
    48: 0
    49: 0
    50: 0
    51: 127
    52: 58
    53: 2
    54: 41
    55: 7
    56: 77
    57: 173
    58: 27
    59: 78
    60: 131
    61: 251
    62: 8
    63: 132
    64: 139
    65: 153
    66: 160
    67: 192
    68: 93
    69: 231
    70: 218
    71: 135
    72: 0
    73: 27
    74: 46
    75: 111
    76: 119
    77: 110
    78: 101
    79: 114
    80: 45
    81: 119
    82: 111
    83: 114
    84: 107
    85: 102
    86: 108
    87: 111
    88: 119
    89: 47
    90: 99
    91: 111
    92: 110
    93: 102
    94: 105
    95: 103
    96: 46
    97: 106
    98: 115
    99: 111
    100: 110
    101: 0
    102: 0
    103: 0
    104: 0
    105: 0
    106: 0
    107: 0
    108: 106
    109: 164
    110: 68
    111: 159
    112: 51
    113: 112
    114: 240
    115: 46
    116: 106
    117: 164
    118: 68
    119: 159
    120: 51
    121: 106
    122: 116
    123: 130
    124: 1
    125: 0
    126: 0
    127: 16
    128: 11
    129: 165
    130: 195
    131: 86
    132: 0
    133: 0
    134: 129
    135: 164
    136: 0
    137: 0
    138: 1
    139: 245
    140: 0
    141: 0
    142: 0
    143: 20
    144: 0
    145: 0
    146: 0
    147: 180
    148: 15
    149: 26
    150: 15
    151: 18
    152: 157
    153: 175
    154: 1
    155: 161
    156: 152
    157: 17
    158: 45
    159: 253
    160: 4
    161: 240
    162: 193
    163: 224
    164: 137
    165: 127
    166: 198
    167: 97
    168: 0
    169: 33
    170: 46
    171: 111
    172: 119
    173: 110
    174: 101
    175: 114
    176: 45
    177: 119
    178: 111
    179: 114
    180: 107
    181: 102
    182: 108
    183: 111
    184: 119
    185: 47
    186: 111
    187: 119
    188: 110
    189: 101
    190: 114
    191: 115
    192: 47
    193: 97
    194: 47
    195: 111
    196: 119
    197: 110
    198: 101
    199: 114
    200: 46
    201: 109
    202: 100
    203: 0
    204: 106
    205: 164
    206: 68
    207: 159
    208: 51
    209: 138
    210: 137
    211: 189
    212: 106
    213: 164
    214: 68
    215: 159
    216: 51
    217: 131
    218: 58
    219: 123
    220: 1
    221: 0
    222: 0
    223: 16
    224: 11
    225: 165
    226: 195
    227: 88
    228: 0
    229: 0
    230: 129
    231: 164
    232: 0
    233: 0
    234: 1
    235: 245
    236: 0
    237: 0
    238: 0
    239: 20
    240: 0
    241: 0
    242: 0
    243: 180
    244: 160
    245: 14
    246: 151
    247: 239
    248: 13
    249: 232
    250: 173
    251: 232
    252: 68
    253: 62
    254: 180
    255: 173
    256: 129
    257: 131
    258: 150
    259: 10
    260: 73
    261: 197
    262: 144
    263: 198
    264: 0
    265: 33
    266: 46
    267: 111
    268: 119
    269: 110
    270: 101
    271: 114
    272: 45
    273: 119
    274: 111
    275: 114
    276: 107
    277: 102
    278: 108
    279: 111
    280: 119
    281: 47
    282: 111
    283: 119
    284: 110
    285: 101
    286: 114
    287: 115
    288: 47
    289: 98
    290: 47
    291: 111
    292: 119
    293: 110
    294: 101
    295: 114
    296: 46
    297: 109
    298: 100
    299: 0
    300: 106
    301: 164
    302: 68
    303: 159
    304: 51
    305: 152
    306: 105
    307: 213
    308: 106
    309: 164
    310: 68
    311: 159
    312: 51
    313: 148
    314: 153
    315: 110
    316: 1
    317: 0
    318: 0
    319: 16
    320: 11
    321: 165
    322: 195
    323: 90
    324: 0
    325: 0
    326: 129
    327: 164
    328: 0
    329: 0
    330: 1
    331: 245
    332: 0
    333: 0
    334: 0
    335: 20
    336: 0
    337: 0
    338: 0
    339: 180
    340: 88
    341: 167
    342: 19
    343: 165
    344: 51
    345: 125
    346: 137
    347: 103
    348: 97
    349: 6
    350: 28
    351: 68
    352: 42
    353: 203
    354: 54
    355: 91
    356: 47
    357: 218
    358: 49
    359: 121
    360: 0
    361: 33
    362: 46
    363: 111
    364: 119
    365: 110
    366: 101
    367: 114
    368: 45
    369: 119
    370: 111
    371: 114
    372: 107
    373: 102
    374: 108
    375: 111
    376: 119
    377: 47
    378: 111
    379: 119
    380: 110
    381: 101
    382: 114
    383: 115
    384: 47
    385: 115
    386: 47
    387: 111
    388: 119
    389: 110
    390: 101
    391: 114
    392: 46
    393: 109
    394: 100
    395: 0
    396: 106
    397: 164
    398: 68
    399: 159
    400: 22
    401: 9
    402: 107
    403: 139
    404: 106
    405: 164
    406: 68
    407: 159
    408: 22
    409: 9
    410: 107
    411: 139
    412: 1
    413: 0
    414: 0
    415: 16
    416: 11
    417: 165
    418: 195
    419: 31
    420: 0
    421: 0
    422: 129
    423: 164
    424: 0
    425: 0
    426: 1
    427: 245
    428: 0
    429: 0
    430: 0
    431: 20
    432: 0
    433: 0
    434: 0
    435: 14
    436: 169
    437: 222
    438: 128
    439: 34
    440: 79
    441: 73
    442: 5
    443: 127
    444: 37
    445: 200
    446: 245
    447: 5
    448: 92
    449: 27
    450: 170
    451: 100
    452: 250
    453: 12
    454: 81
    455: 229
    456: 0
    457: 8
    458: 99
    459: 111
    460: 100
    461: 101
    462: 46
    463: 116
    464: 120
    465: 116
    466: 0
    467: 0
    468: 106
    469: 164
    470: 68
    471: 160
    472: 8
    473: 48
    474: 83
    475: 96
    476: 106
    477: 164
    478: 68
    479: 160
    480: 7
    481: 215
    482: 176
    483: 148
    484: 1
    485: 0
    486: 0
    487: 16
    488: 11
    489: 165
    490: 195
    491: 183
    492: 0
    493: 0
    494: 129
    495: 164
    496: 0
    497: 0
    498: 1
    499: 245
    500: 0
    501: 0
    502: 0
    503: 20
    504: 0
    505: 0
    506: 1
    507: 50
    508: 69
    509: 121
    510: 103
    511: 134
    512: 42
    513: 115
    514: 144
    515: 249
    516: 165
    517: 217
    518: 18
    519: 147
    520: 122
    521: 209
    522: 36
    523: 14
    524: 234
    525: 208
    526: 39
    527: 232
    528: 0
    529: 31
    530: 100
    531: 111
    532: 99
    533: 115
    534: 47
    535: 115
    536: 112
    537: 101
    538: 99
    539: 115
    540: 47
    541: 115
    542: 111
    543: 117
    544: 114
    545: 99
    546: 101
    547: 45
    548: 99
    549: 104
    550: 97
    551: 105
    552: 110
    553: 47
    554: 115
    555: 112
    556: 101
    557: 99
    558: 46
    559: 109
    560: 100
    561: 0
    562: 0
    563: 0
    564: 106
    565: 164
    566: 68
    567: 160
    568: 10
    569: 20
    570: 112
    571: 100
    572: 106
    573: 164
    574: 68
    575: 160
    576: 9
    577: 205
    578: 143
    579: 86
    580: 1
    581: 0
    582: 0
    583: 16
    584: 11
    585: 165
    586: 195
    587: 191
    588: 0
    589: 0
    590: 129
    591: 164
    592: 0
    593: 0
    594: 1
    595: 245
    596: 0
    597: 0
    598: 0
    599: 20
    600: 0
    601: 0
    602: 1
    603: 223
    604: 3
    605: 230
    606: 202
    607: 143
    608: 2
    609: 130
    610: 151
    611: 54
    612: 104
    613: 230
    614: 81
    615: 227
    616: 197
    617: 246
    618: 223
    619: 46
    620: 163
    621: 76
    622: 189
    623: 163
    624: 0
    625: 38
    626: 100
    627: 111
    628: 99
    629: 115
    630: 47
    631: 115
    632: 112
    633: 101
    634: 99
    635: 115
    636: 47
    637: 115
    638: 111
    639: 117
    640: 114
    641: 99
    642: 101
    643: 45
    644: 99
    645: 104
    646: 97
    647: 105
    648: 110
    649: 47
    650: 116
    651: 105
    652: 99
    653: 107
    654: 101
    655: 116
    656: 115
    657: 47
    658: 84
    659: 50
    660: 53
    661: 46
    662: 109
    663: 100
    664: 0
    665: 0
    666: 0
    667: 0
    668: 84
    669: 82
    670: 69
    671: 69
    672: 0
    673: 0
    674: 1
    675: 46
    676: 0
    677: 55
    678: 32
    679: 50
    680: 10
    681: 217
    682: 16
    683: 53
    684: 179
    685: 0
    686: 110
    687: 11
    688: 171
    689: 122
    690: 234
    691: 94
    692: 191
    693: 72
    694: 39
    695: 203
    696: 230
    697: 65
    698: 52
    699: 124
    700: 156
    701: 100
    702: 111
    703: 99
    704: 115
    705: 0
    706: 50
    707: 32
    708: 49
    709: 10
    710: 85
    711: 140
    712: 12
    713: 120
    714: 209
    715: 204
    716: 177
    717: 9
    718: 150
    719: 22
    720: 207
    721: 61
    722: 244
    723: 173
    724: 252
    725: 36
    726: 155
    727: 10
    728: 243
    729: 19
    730: 115
    731: 112
    732: 101
    733: 99
    734: 115
    735: 0
    736: 50
    737: 32
    738: 49
    739: 10
    740: 159
    741: 254
    742: 245
    743: 71
    744: 66
    745: 107
    746: 130
    747: 34
    748: 77
    749: 178
    750: 10
    751: 255
    752: 167
    753: 126
    754: 88
    755: 72
    756: 246
    757: 203
    758: 245
    759: 158
    760: 115
    761: 111
    762: 117
    763: 114
    764: 99
    765: 101
    766: 45
    767: 99
    768: 104
    769: 97
    770: 105
    771: 110
    772: 0
    773: 50
    774: 32
    775: 49
    776: 10
    777: 143
    778: 55
    779: 18
    780: 132
    781: 228
    782: 43
    783: 233
    784: 238
    785: 8
    786: 33
    787: 70
    788: 78
    789: 241
    790: 67
    791: 135
    792: 79
    793: 226
    794: 170
    795: 85
    796: 93
    797: 116
    798: 105
    799: 99
    800: 107
    801: 101
    802: 116
    803: 115
    804: 0
    805: 49
    806: 32
    807: 48
    808: 10
    809: 64
    810: 64
    811: 160
    812: 90
    813: 152
    814: 24
    815: 105
    816: 106
    817: 36
    818: 59
    819: 124
    820: 208
    821: 126
    822: 134
    823: 61
    824: 220
    825: 179
    826: 158
    827: 24
    828: 38
    829: 46
    830: 111
    831: 119
    832: 110
    833: 101
    834: 114
    835: 45
    836: 119
    837: 111
    838: 114
    839: 107
    840: 102
    841: 108
    842: 111
    843: 119
    844: 0
    845: 52
    846: 32
    847: 49
    848: 10
    849: 58
    850: 70
    851: 49
    852: 96
    853: 225
    854: 96
    855: 47
    856: 229
    857: 135
    858: 39
    859: 30
    860: 104
    861: 44
    862: 188
    863: 183
    864: 200
    865: 95
    866: 255
    867: 180
    868: 65
    869: 111
    870: 119
    871: 110
    872: 101
    873: 114
    874: 115
    875: 0
    876: 51
    877: 32
    878: 51
    879: 10
    880: 27
    881: 184
    882: 171
    883: 151
    884: 6
    885: 250
    886: 244
    887: 130
    888: 60
    889: 254
    890: 174
    891: 220
    892: 89
    893: 239
    894: 40
    895: 198
    896: 73
    897: 3
    898: 236
    899: 140
    900: 97
    901: 0
    902: 49
    903: 32
    904: 48
    905: 10
    906: 90
    907: 70
    908: 88
    909: 59
    910: 25
    911: 221
    912: 182
    913: 163
    914: 112
    915: 42
    916: 208
    917: 203
    918: 9
    919: 71
    920: 160
    921: 23
    922: 193
    923: 174
    924: 74
    925: 42
    926: 98
    927: 0
    928: 49
    929: 32
    930: 48
    931: 10
    932: 66
    933: 42
    934: 75
    935: 251
    936: 56
    937: 228
    938: 143
    939: 241
    940: 200
    941: 64
    942: 74
    943: 148
    944: 6
    945: 207
    946: 244
    947: 163
    948: 160
    949: 225
    950: 64
    951: 201
    952: 115
    953: 0
    954: 49
    955: 32
    956: 48
    957: 10
    958: 202
    959: 60
    960: 180
    961: 56
    962: 53
    963: 95
    964: 126
    965: 199
    966: 120
    967: 98
    968: 112
    969: 31
    970: 169
    971: 34
    972: 185
    973: 9
    974: 133
    975: 57
    976: 101
    977: 11
    978: 210
    979: 129
    980: 66
    981: 227
    982: 56
    983: 228
    984: 130
    985: 45
    986: 114
    987: 172
    988: 105
    989: 157
    990: 51
    991: 246
    992: 229
    993: 36
    994: 187
    995: 169
    996: 8
    997: 52
  operator: 'deepStrictEqual'
  stack: |-
    TestContext.<anonymous> (/Volumes/LargeStorage/code/DSH-Workflow/owner-workflow-plugin/test/planning-compile-native.test.mjs:102:10)
    async Test.run (node:internal/test_runner/test:1113:7)
    async startSubtestAfterBootstrap (node:internal/test_runner/harness:358:3)
  ...
# Subtest: 丢失ready片段映射由实际Planner校验拒绝，有限两次后不发布候选
ok 2 - 丢失ready片段映射由实际Planner校验拒绝，有限两次后不发布候选
  ---
  duration_ms: 1912.160542
  type: 'test'
  ...
1..2
# tests 2
# suites 0
# pass 1
# fail 1
# cancelled 0
# skipped 0
# todo 0
# duration_ms 5235.4345
