TAP version 13
# Subtest: 外部控制桥可以驱动 ping 和 status，并在运行时释放后清理
ok 1 - 外部控制桥可以驱动 ping 和 status，并在运行时释放后清理
  ---
  duration_ms: 168.176208
  type: 'test'
  ...
# Subtest: 真实审查入口把未关闭义务的 passed 降级，并拒绝激活
ok 2 - 真实审查入口把未关闭义务的 passed 降级，并拒绝激活
  ---
  duration_ms: 673.874334
  type: 'test'
  ...
# Subtest: pending revision 的 open 义务不阻断仍有效的 active plan Owner 启动
ok 3 - pending revision 的 open 义务不阻断仍有效的 active plan Owner 启动
  ---
  duration_ms: 471.795042
  type: 'test'
  ...
# Subtest: R03 同 digest evidence-lease-v1 的已批准 Owner 启动与恢复边界
ok 4 - R03 同 digest evidence-lease-v1 的已批准 Owner 启动与恢复边界
  ---
  duration_ms: 378.991792
  type: 'test'
  ...
# Subtest: R03 同 digest evidence-lease-v2 的已批准 Owner 启动与恢复边界
ok 5 - R03 同 digest evidence-lease-v2 的已批准 Owner 启动与恢复边界
  ---
  duration_ms: 452.162209
  type: 'test'
  ...
# Subtest: Supervisor create 只持久 reservation，必须由外置 runner 显式 execute 才启动 Owner
ok 6 - Supervisor create 只持久 reservation，必须由外置 runner 显式 execute 才启动 Owner
  ---
  duration_ms: 417.797125
  type: 'test'
  ...
# Subtest: Supervisor 首次启动保留计划修订迁移后的已完成任务
ok 7 - Supervisor 首次启动保留计划修订迁移后的已完成任务
  ---
  duration_ms: 227.755584
  type: 'test'
  ...
# Subtest: Supervisor 重启后直接结算已有固定提交，不重新启动 Owner
ok 8 - Supervisor 重启后直接结算已有固定提交，不重新启动 Owner
  ---
  duration_ms: 335.781417
  type: 'test'
  ...
# Subtest: Supervisor 遇到结构化 handoff 时进入局部重规划，不重跑只读验证任务
ok 9 - Supervisor 遇到结构化 handoff 时进入局部重规划，不重跑只读验证任务
  ---
  duration_ms: 260.769
  type: 'test'
  ...
# Subtest: Runner daemon 自动发现 approved Workflow 并驱动 Harness 内 Owner 子代理
ok 10 - Runner daemon 自动发现 approved Workflow 并驱动 Harness 内 Owner 子代理
  ---
  duration_ms: 459.690333
  type: 'test'
  ...
# Subtest: planning-recover 控制动作安全补绑缺失 digest 并原地恢复 Reviewer
ok 11 - planning-recover 控制动作安全补绑缺失 digest 并原地恢复 Reviewer
  ---
  duration_ms: 422.346667
  type: 'test'
  ...
# Subtest: planning-recover 不会把旧 planDigest 的恢复次数继承到新 DAG
ok 12 - planning-recover 不会把旧 planDigest 的恢复次数继承到新 DAG
  ---
  duration_ms: 491.56375
  type: 'test'
  ...
# Subtest: Planner 子代理报告通道失效时直接唤醒主会话，避免状态已变但会话没有入口
ok 13 - Planner 子代理报告通道失效时直接唤醒主会话，避免状态已变但会话没有入口
  ---
  duration_ms: 0.44125
  type: 'test'
  ...
# Subtest: Harness 重启后会向根会话幂等补发计划批准通知
ok 14 - Harness 重启后会向根会话幂等补发计划批准通知
  ---
  duration_ms: 559.186
  type: 'test'
  ...
# Subtest: 计划批准通知只投递到持久化的 Workflow 根会话
ok 15 - 计划批准通知只投递到持久化的 Workflow 根会话
  ---
  duration_ms: 528.594833
  type: 'test'
  ...
# Subtest: Planner 已提交结构化计划后立即结束等待，不受结束确认重试影响
ok 16 - Planner 已提交结构化计划后立即结束等待，不受结束确认重试影响
  ---
  duration_ms: 1.178167
  type: 'test'
  ...
# Subtest: planning-recover 会重建仍有修订预算的 Planner，而不是把 review_failed 当作终态
ok 17 - planning-recover 会重建仍有修订预算的 Planner，而不是把 review_failed 当作终态
  ---
  duration_ms: 788.886417
  type: 'test'
  ...
# Subtest: 统一 workflow-drive 会恢复无需用户授权的 needs_decision Owner 会诊修订
ok 18 - 统一 workflow-drive 会恢复无需用户授权的 needs_decision Owner 会诊修订
  ---
  duration_ms: 821.136459
  type: 'test'
  ...
# Subtest: 自治事故的摘要型旧义务不能由 control socket probe 续期
ok 19 - 自治事故的摘要型旧义务不能由 control socket probe 续期
  ---
  duration_ms: 296.3535
  type: 'test'
  ...
# Subtest: control socket probe 只为类型化义务的宿主新文件续期一次
ok 20 - control socket probe 只为类型化义务的宿主新文件续期一次
  ---
  duration_ms: 607.992542
  type: 'test'
  ...
# Subtest: 修订预算耗尽会持久通知主线程和 Runner，批准扩展后自动恢复同一 Planner
ok 21 - 修订预算耗尽会持久通知主线程和 Runner，批准扩展后自动恢复同一 Planner
  ---
  duration_ms: 732.051583
  type: 'test'
  ...
# Subtest: 重启前只标记 main-steer 已送达的待决策会重新直接打开原生问询
ok 22 - 重启前只标记 main-steer 已送达的待决策会重新直接打开原生问询
  ---
  duration_ms: 495.460875
  type: 'test'
  ...
# Subtest: 用户终止自动规划后由只读子代理总结并返回主线程讨论
ok 23 - 用户终止自动规划后由只读子代理总结并返回主线程讨论
  ---
  duration_ms: 418.055917
  type: 'test'
  ...
# Subtest: 重启后把旧版自定义扩额意见迁移为总结并退回主线程讨论
ok 24 - 重启后把旧版自定义扩额意见迁移为总结并退回主线程讨论
  ---
  duration_ms: 388.504375
  type: 'test'
  ...
# Subtest: planning-recover 在 plan digest 与 live Registry 不匹配时拒绝自愈
ok 25 - planning-recover 在 plan digest 与 live Registry 不匹配时拒绝自愈
  ---
  duration_ms: 360.898
  type: 'test'
  ...
# Subtest: 计划审查驱动失败会落盘诊断并允许 watchdog 有界重试
ok 26 - 计划审查驱动失败会落盘诊断并允许 watchdog 有界重试
  ---
  duration_ms: 645.268833
  type: 'test'
  ...
# Subtest: Runner daemon 自动唤醒失败的计划审查且不启动 Supervisor
ok 27 - Runner daemon 自动唤醒失败的计划审查且不启动 Supervisor
  ---
  duration_ms: 714.735583
  type: 'test'
  ...
# Subtest: Runner 启动前可从固定提交重建尚未执行且已丢失的 Workflow worktree
ok 28 - Runner 启动前可从固定提交重建尚未执行且已丢失的 Workflow worktree
  ---
  duration_ms: 358.992125
  type: 'test'
  ...
# Subtest: V2 控制桥拒绝 legacy owner 调度动作，唯一入口是 Supervisor
ok 29 - V2 控制桥拒绝 legacy owner 调度动作，唯一入口是 Supervisor
  ---
  duration_ms: 383.569833
  type: 'test'
  ...
# Subtest: runtime.dispose 阻止新 Supervisor dispatch 并等待已登记 dispatch 终态
ok 30 - runtime.dispose 阻止新 Supervisor dispatch 并等待已登记 dispatch 终态
  ---
  duration_ms: 21.902333
  type: 'test'
  ...
# Subtest: Supervisor create 持久 reservation，并用真实 runExternalOwner 两阶段结算到 completed
ok 31 - Supervisor create 持久 reservation，并用真实 runExternalOwner 两阶段结算到 completed
  ---
  duration_ms: 2053.319208
  type: 'test'
  ...
# Subtest: Supervisor 查询会在 Runtime 重启后重建控制桥，供新的外置 runner 显式 recover
ok 32 - Supervisor 查询会在 Runtime 重启后重建控制桥，供新的外置 runner 显式 recover
  ---
  duration_ms: 333.71325
  type: 'test'
  ...
# Subtest: Supervisor Owner 启动失败由自治恢复重排，不把工程故障写成用户决策
ok 33 - Supervisor Owner 启动失败由自治恢复重排，不把工程故障写成用户决策
  ---
  duration_ms: 356.113334
  type: 'test'
  ...
# Subtest: DSH_PLAN_V2 的 repair_owner 保留为意图提示，Runtime 按证据策略重新进入 DAG
ok 34 - DSH_PLAN_V2 的 repair_owner 保留为意图提示，Runtime 按证据策略重新进入 DAG
  ---
  duration_ms: 462.564
  type: 'test'
  ...
# Subtest: Supervisor inspect 只返回有限宿主字段，未知控制动作关闭处理
ok 35 - Supervisor inspect 只返回有限宿主字段，未知控制动作关闭处理
  ---
  duration_ms: 712.998
  type: 'test'
  ...
# Subtest: Supervisor 主会话通知只有真正 followup 成功后才标记 delivered
ok 36 - Supervisor 主会话通知只有真正 followup 成功后才标记 delivered
  ---
  duration_ms: 393.434
  type: 'test'
  ...
# Subtest: Supervisor await_event 以持久游标阻塞等待，并在超时后记录一次受控观察
ok 37 - Supervisor await_event 以持久游标阻塞等待，并在超时后记录一次受控观察
  ---
  duration_ms: 584.269041
  type: 'test'
  ...
# Subtest: 任务达到 onTimeout.afterMs 后切换自治恢复策略而不是交给用户
ok 38 - 任务达到 onTimeout.afterMs 后切换自治恢复策略而不是交给用户
  ---
  duration_ms: 556.289666
  type: 'test'
  ...
# Subtest: Owner 恢复后使用本次运行时间重置超时基线，不沿用旧 reservation 时间
ok 39 - Owner 恢复后使用本次运行时间重置超时基线，不沿用旧 reservation 时间
  ---
  duration_ms: 488.974125
  type: 'test'
  ...
# Subtest: 持续产生心跳的长任务按进展续租，不因总运行时间被误杀
ok 40 - 持续产生心跳的长任务按进展续租，不因总运行时间被误杀
  ---
  duration_ms: 542.685334
  type: 'test'
  ...
# Subtest: Supervisor receipt 绑定持久 revision，且 blocked workflow 不能确认旧 create
ok 41 - Supervisor receipt 绑定持久 revision，且 blocked workflow 不能确认旧 create
  ---
  duration_ms: 778.82675
  type: 'test'
  ...
# Subtest: Supervisor create receipt 绑定实际 planDigest，旧 ACK 拒绝且 workflow 不变
ok 42 - Supervisor create receipt 绑定实际 planDigest，旧 ACK 拒绝且 workflow 不变
  ---
  duration_ms: 653.780875
  type: 'test'
  ...
# Subtest: Supervisor stop receipt 绑定实际 planDigest，旧 stop 拒绝且 workflow 不变
ok 43 - Supervisor stop receipt 绑定实际 planDigest，旧 stop 拒绝且 workflow 不变
  ---
  duration_ms: 723.844209
  type: 'test'
  ...
# Subtest: blocked、failed、cancelled workflow 都不能把 stop 保存为 completed
ok 44 - blocked、failed、cancelled workflow 都不能把 stop 保存为 completed
  ---
  duration_ms: 1466.160375
  type: 'test'
  ...
# Subtest: cancel 结算活动记录、清理临时分支与 worktree，并幂等保留审计状态
ok 45 - cancel 结算活动记录、清理临时分支与 worktree，并幂等保留审计状态
  ---
  duration_ms: 1032.580291
  type: 'test'
  ...
# Subtest: cancel 的持久路径记录异常时 fail-closed，不能删除项目根目录或基础分支
ok 46 - cancel 的持久路径记录异常时 fail-closed，不能删除项目根目录或基础分支
  ---
  duration_ms: 377.685875
  type: 'test'
  ...
# Subtest: cancelled workflow 拒绝 Supervisor start，finalized workflow 拒绝 cancel
ok 47 - cancelled workflow 拒绝 Supervisor start，finalized workflow 拒绝 cancel
  ---
  duration_ms: 731.979458
  type: 'test'
  ...
# Subtest: 启用 Owner 工作模式后，主会话写入会被拒绝
ok 48 - 启用 Owner 工作模式后，主会话写入会被拒绝
  ---
  duration_ms: 376.8585
  type: 'test'
  ...
# Subtest: 只读审计在脏工作区中运行，不创建 workflow 分支或 worktree
ok 49 - 只读审计在脏工作区中运行，不创建 workflow 分支或 worktree
  ---
  duration_ms: 212.782167
  type: 'test'
  ...
# Subtest: workflow_recover 可以重建旧缺陷遗留的空 Supervisor task records
ok 50 - workflow_recover 可以重建旧缺陷遗留的空 Supervisor task records
  ---
  duration_ms: 309.622208
  type: 'test'
  ...
# Subtest: 只读子代理继承完整工具集并只设置 read-only 沙箱
ok 51 - 只读子代理继承完整工具集并只设置 read-only 沙箱
  ---
  duration_ms: 2.037791
  type: 'test'
  ...
# Subtest: Owner 子代理策略继承完整工具并使用 workspace-write
ok 52 - Owner 子代理策略继承完整工具并使用 workspace-write
  ---
  duration_ms: 0.108083
  type: 'test'
  ...
# Subtest: Operation 子代理继承完整工具但项目文件使用 read-only 沙箱
ok 53 - Operation 子代理继承完整工具但项目文件使用 read-only 沙箱
  ---
  duration_ms: 0.052875
  type: 'test'
  ...
# Subtest: 历史 V1 计划即使 digest 匹配也不能批准执行
ok 54 - 历史 V1 计划即使 digest 匹配也不能批准执行
  ---
  duration_ms: 623.686125
  type: 'test'
  ...
# Subtest: 批准修订计划时自动恢复旧 Runtime 丢失的已完成任务状态
ok 55 - 批准修订计划时自动恢复旧 Runtime 丢失的已完成任务状态
  ---
  duration_ms: 633.603792
  type: 'test'
  ...
# Subtest: 计划修订冻结 ownerRuns 已完成任务，只迁移新增 repair 与最终 verify
ok 56 - 计划修订冻结 ownerRuns 已完成任务，只迁移新增 repair 与最终 verify
  ---
  duration_ms: 809.856542
  type: 'test'
  ...
# Subtest: 计划批准拒绝缺失的 live Registry，即使缓存 digest 匹配
ok 57 - 计划批准拒绝缺失的 live Registry，即使缓存 digest 匹配
  ---
  duration_ms: 244.570709
  type: 'test'
  ...
# Subtest: 计划批准拒绝 live Registry 内容漂移，并由 registry_status 暴露 live digest
ok 58 - 计划批准拒绝 live Registry 内容漂移，并由 registry_status 暴露 live digest
  ---
  duration_ms: 739.114084
  type: 'test'
  ...
# Subtest: 计划批准在 digest 已重新绑定时仍拒绝 Owner 定义漂移
ok 59 - 计划批准在 digest 已重新绑定时仍拒绝 Owner 定义漂移
  ---
  duration_ms: 853.936875
  type: 'test'
  ...
# Subtest: finalize 会把 workflow 分支合并回启动分支并清理 worktree
ok 60 - finalize 会把 workflow 分支合并回启动分支并清理 worktree
  ---
  duration_ms: 1537.163583
  type: 'test'
  ...
# Subtest: Implementation Review 必须读取实际 workflow HEAD 并保存审查结果
ok 61 - Implementation Review 必须读取实际 workflow HEAD 并保存审查结果
  ---
  duration_ms: 740.031333
  type: 'test'
  ...
# Subtest: Implementation Review 问题自动转换为带自治批准策略的 repair PlanRevision
ok 62 - Implementation Review 问题自动转换为带自治批准策略的 repair PlanRevision
  ---
  duration_ms: 876.625084
  type: 'test'
  ...
# Subtest: 旧版 Owner 持久子线程兼容测试（已由按任务回收模型替代）
ok 63 - 旧版 Owner 持久子线程兼容测试（已由按任务回收模型替代） # SKIP
  ---
  duration_ms: 0.172625
  type: 'test'
  ...
# Subtest: 旧版 Owner Shell 白名单测试（已由 worktree 与提交关卡替代）
ok 64 - 旧版 Owner Shell 白名单测试（已由 worktree 与提交关卡替代） # SKIP
  ---
  duration_ms: 0.020833
  type: 'test'
  ...
# Subtest: 旧版 Owner 逐写入包装测试（已由提交关卡替代）
ok 65 - 旧版 Owner 逐写入包装测试（已由提交关卡替代） # SKIP
  ---
  duration_ms: 0.014333
  type: 'test'
  ...
# Subtest: 旧版 owner_bash 快照测试（正式验证现在由 owner_submit 自动执行）
ok 66 - 旧版 owner_bash 快照测试（正式验证现在由 owner_submit 自动执行） # SKIP
  ---
  duration_ms: 0.013584
  type: 'test'
  ...
# Subtest: 旧版多轮修复提示测试（现在由 owner_submit 在同一子线程返回错误）
ok 67 - 旧版多轮修复提示测试（现在由 owner_submit 在同一子线程返回错误） # SKIP
  ---
  duration_ms: 0.013875
  type: 'test'
  ...
# Subtest: 旧版 Owner 结果文本结算测试（受保护路径由 owner_submit 提交关卡覆盖）
ok 68 - 旧版 Owner 结果文本结算测试（受保护路径由 owner_submit 提交关卡覆盖） # SKIP
  ---
  duration_ms: 0.012084
  type: 'test'
  ...
# Subtest: Owner Registry 提案在没有活动任务时只保存待审批提案
ok 69 - Owner Registry 提案在没有活动任务时只保存待审批提案
  ---
  duration_ms: 439.531708
  type: 'test'
  ...
# Subtest: Owner 设定与批准只能由绑定的 Workflow 主线程执行
ok 70 - Owner 设定与批准只能由绑定的 Workflow 主线程执行
  ---
  duration_ms: 927.680666
  type: 'test'
  ...
# Subtest: 规划器输出 Registry operation 时只保存结构化建议，不写正式 Registry，并由运行时绑定正式 digest
ok 71 - 规划器输出 Registry operation 时只保存结构化建议，不写正式 Registry，并由运行时绑定正式 digest
  ---
  duration_ms: 592.65475
  type: 'test'
  ...
# Subtest: 规划器的 proposal 包装会兼容为直接 Registry operation
ok 72 - 规划器的 proposal 包装会兼容为直接 Registry operation
  ---
  duration_ms: 621.033166
  type: 'test'
  ...
# Subtest: 规划器可一次提交完整 Owner Registry batch 并按最终快照绑定全部 Owner
ok 73 - 规划器可一次提交完整 Owner Registry batch 并按最终快照绑定全部 Owner
  ---
  duration_ms: 695.513625
  type: 'test'
  ...
# Subtest: 规划提交只接受当前规划子代理的一次结构化结果
ok 74 - 规划提交只接受当前规划子代理的一次结构化结果
  ---
  duration_ms: 0.449459
  type: 'test'
  ...
# Subtest: one-shot Planner 在 workflow_plan_submit 时即时校验并允许原线程修正
ok 75 - one-shot Planner 在 workflow_plan_submit 时即时校验并允许原线程修正
  ---
  duration_ms: 1.211458
  type: 'test'
  ...
# Subtest: 计划审查提交只接受当前 Plan Reviewer 的合法结构化结果
ok 76 - 计划审查提交只接受当前 Plan Reviewer 的合法结构化结果
  ---
  duration_ms: 0.270584
  type: 'test'
  ...
# Subtest: 计划 Reviewer 首轮状态非法时自动携带错误重试并保存结构化问题
ok 77 - 计划 Reviewer 首轮状态非法时自动携带错误重试并保存结构化问题
  ---
  duration_ms: 567.4555
  type: 'test'
  ...
# Subtest: Reviewer 不能要求 abstract decision 删除必填 Owner 会诊字段，必须重试为 decision
ok 78 - Reviewer 不能要求 abstract decision 删除必填 Owner 会诊字段，必须重试为 decision
  ---
  duration_ms: 684.871583
  type: 'test'
  ...
# Subtest: Reviewer 判定 needs_split 后，Owner 会诊参与目标节点的递归拆分
ok 79 - Reviewer 判定 needs_split 后，Owner 会诊参与目标节点的递归拆分
  ---
  duration_ms: 947.910166
  type: 'test'
  ...
# Subtest: Reviewer 判定 needs_decision 后停止自动修订并把问题总结回主线程
ok 80 - Reviewer 判定 needs_decision 后停止自动修订并把问题总结回主线程
  ---
  duration_ms: 887.427625
  type: 'test'
  ...
# Subtest: awaiting_main_discussion 接收明确 Intent 后可以生成 PlanRevision 候选
ok 81 - awaiting_main_discussion 接收明确 Intent 后可以生成 PlanRevision 候选
  ---
  duration_ms: 3456.595083
  type: 'test'
  ...
# Subtest: 同类审查问题连续出现时，Runtime 强制 Reviewer 从 needs_revision 升级分类
ok 82 - 同类审查问题连续出现时，Runtime 强制 Reviewer 从 needs_revision 升级分类
  ---
  duration_ms: 873.22575
  type: 'test'
  ...
# Subtest: 冻结义务无进展时由独立 Arbiter 裁决而不是请求用户扩额
ok 83 - 冻结义务无进展时由独立 Arbiter 裁决而不是请求用户扩额
  ---
  duration_ms: 798.695625
  type: 'test'
  ...
# Subtest: Arbiter 可以把 Runtime 已知的 abstract 节点转入拆分而不误判为新问题
ok 84 - Arbiter 可以把 Runtime 已知的 abstract 节点转入拆分而不误判为新问题
  ---
  duration_ms: 545.630959
  type: 'test'
  ...
# Subtest: 计划修订次数只作遥测，无进展时切换策略而不是请求扩额
ok 85 - 计划修订次数只作遥测，无进展时切换策略而不是请求扩额
  ---
  duration_ms: 1441.338458
  type: 'test'
  ...
# Subtest: 非法修订候选保留原计划并自动切换恢复策略，修复后继续审查
ok 86 - 非法修订候选保留原计划并自动切换恢复策略，修复后继续审查
  ---
  duration_ms: 1107.221041
  type: 'test'
  ...
# Subtest: 计划修订并发调用复用 single-flight，并用新版超时策略恢复旧 180 秒失败预算
ok 87 - 计划修订并发调用复用 single-flight，并用新版超时策略恢复旧 180 秒失败预算
  ---
  duration_ms: 791.109833
  type: 'test'
  ...
# Subtest: 计划修订拒绝使用不属于当前 planDigest 的旧审查结果
ok 88 - 计划修订拒绝使用不属于当前 planDigest 的旧审查结果
  ---
  duration_ms: 678.92025
  type: 'test'
  ...
# Subtest: 规划契约失败返回完整 Workflow ID，并在同一现场有界恢复
ok 89 - 规划契约失败返回完整 Workflow ID，并在同一现场有界恢复
  ---
  duration_ms: 3249.014792
  type: 'test'
  ...
# Subtest: Harness agent/status 持久化运行中、空闲和关闭生命周期
ok 90 - Harness agent/status 持久化运行中、空闲和关闭生命周期
  ---
  duration_ms: 58.197417
  type: 'test'
  ...
# Subtest: one-shot Reviewer 返回结果后立即持久化 closed，不在会话树中伪装成 idle 工作
ok 91 - one-shot Reviewer 返回结果后立即持久化 closed，不在会话树中伪装成 idle 工作
  ---
  duration_ms: 58.809
  type: 'test'
  ...
# Subtest: 旧版次数驱动 continuable Planner mock（已由证据租约、Arbiter 与完整 Workflow 集成测试替代）
ok 92 - 旧版次数驱动 continuable Planner mock（已由证据租约、Arbiter 与完整 Workflow 集成测试替代） # SKIP
  ---
  duration_ms: 0.159583
  type: 'test'
  ...
# Subtest: 完整 Workflow 从预检经过多轮计划审查、Supervisor、Owner 到最终交付
ok 93 - 完整 Workflow 从预检经过多轮计划审查、Supervisor、Owner 到最终交付
  ---
  duration_ms: 12667.392458
  type: 'test'
  ...
# Subtest: 取消功能 Workflow 后项目级 Owner Registry 仍被后续 Workflow 直接复用
ok 94 - 取消功能 Workflow 后项目级 Owner Registry 仍被后续 Workflow 直接复用
  ---
  duration_ms: 3873.209834
  type: 'test'
  ...
# Subtest: 旧 Workflow 中已批准但未进入基础分支的 Registry 会在继续流程时迁移
ok 95 - 旧 Workflow 中已批准但未进入基础分支的 Registry 会在继续流程时迁移
  ---
  duration_ms: 1536.5715
  type: 'test'
  ...
# Subtest: 新建 Workflow 会先迁移已取消旧 Workflow 中最新获批的固定 Owner
ok 96 - 新建 Workflow 会先迁移已取消旧 Workflow 中最新获批的固定 Owner
  ---
  duration_ms: 2428.255875
  type: 'test'
  ...
# Subtest: 规划器首轮提交不满足契约时，运行时会带校验错误重试一次
ok 97 - 规划器首轮提交不满足契约时，运行时会带校验错误重试一次
  ---
  duration_ms: 1481.403584
  type: 'test'
  ...
# Subtest: 规划器只选择 Owner ID，Runtime 从正式 Registry 注入完整定义
ok 98 - 规划器只选择 Owner ID，Runtime 从正式 Registry 注入完整定义
  ---
  duration_ms: 1814.158375
  type: 'test'
  ...
# Subtest: Planner 伪造宽 scope 不能绕过正式 Registry 的 task.write 边界
ok 99 - Planner 伪造宽 scope 不能绕过正式 Registry 的 task.write 边界
  ---
  duration_ms: 1569.335834
  type: 'test'
  ...
# Subtest: handoff 重规划 prompt 只声明 V2 任务计划契约
ok 100 - handoff 重规划 prompt 只声明 V2 任务计划契约
  ---
  duration_ms: 1008.830209
  type: 'test'
  ...
# Subtest: 规划器不能用未登记 Owner 绕过 Registry 提案审批
ok 101 - 规划器不能用未登记 Owner 绕过 Registry 提案审批
  ---
  duration_ms: 685.577375
  type: 'test'
  ...
# Subtest: Registry 批准要求完全匹配 digest，写入 workflow worktree 并使旧计划审查失效
ok 102 - Registry 批准要求完全匹配 digest，写入 workflow worktree 并使旧计划审查失效
  ---
  duration_ms: 1352.352375
  type: 'test'
  ...
# Subtest: V2 Registry 批准后的 registry_pending_plan 可以原地重新规划
ok 103 - V2 Registry 批准后的 registry_pending_plan 可以原地重新规划
  ---
  duration_ms: 1809.115041
  type: 'test'
  ...
# Subtest: 运行中任务存在时拒绝 Registry 提案与批准
ok 104 - 运行中任务存在时拒绝 Registry 提案与批准
  ---
  duration_ms: 513.289667
  type: 'test'
  ...
# Subtest: 主工具公开 cancel 描述且保留 status 旧动作
ok 105 - 主工具公开 cancel 描述且保留 status 旧动作
  ---
  duration_ms: 213.046625
  type: 'test'
  ...
# Subtest: 旧聚合入口不再暴露或执行计划修订与规划恢复
ok 106 - 旧聚合入口不再暴露或执行计划修订与规划恢复
  ---
  duration_ms: 166.128333
  type: 'test'
  ...
# Subtest: 旧聚合入口拒绝 start，强制使用带 preflight digest 的单职责工具
ok 107 - 旧聚合入口拒绝 start，强制使用带 preflight digest 的单职责工具
  ---
  duration_ms: 155.077417
  type: 'test'
  ...
# Subtest: workflow_git_inspect 只提供受限 Git 证据且拒绝 .git 内部路径
ok 108 - workflow_git_inspect 只提供受限 Git 证据且拒绝 .git 内部路径
  ---
  duration_ms: 570.802209
  type: 'test'
  ...
# Subtest: Owner 结构化请求工具只暴露 request_subgraph 和 request_handoff 的最小字段
ok 109 - Owner 结构化请求工具只暴露 request_subgraph 和 request_handoff 的最小字段
  ---
  duration_ms: 188.567292
  type: 'test'
  ...
# Subtest: 公开 Owner 工具只保留提交关卡、宿主授权桥和结构化协调入口
ok 110 - 公开 Owner 工具只保留提交关卡、宿主授权桥和结构化协调入口
  ---
  duration_ms: 174.974333
  type: 'test'
  ...
# Subtest: 主工具 cancel 缺少 workflow_id 时拒绝
ok 111 - 主工具 cancel 缺少 workflow_id 时拒绝
  ---
  duration_ms: 177.185667
  type: 'test'
  ...
# Subtest: 主工具 cancel 返回 cancelled，随后 status 返回 cancelled
ok 112 - 主工具 cancel 返回 cancelled，随后 status 返回 cancelled
  ---
  duration_ms: 507.668125
  type: 'test'
  ...
# Subtest: 主工具只暴露 Registry 审批动作，不保留旧 Owner 直写动作
ok 113 - 主工具只暴露 Registry 审批动作，不保留旧 Owner 直写动作
  ---
  duration_ms: 1.117375
  type: 'test'
  ...
# Subtest: DSH_PLAN_V1 所有控制桥和外置执行入口拒绝但 status 可读
ok 114 - DSH_PLAN_V1 所有控制桥和外置执行入口拒绝但 status 可读
  ---
  duration_ms: 1149.276458
  type: 'test'
  ...
# Subtest: R05 决定回执经真实 Review 关闭入口消费：orchestrator
ok 115 - R05 决定回执经真实 Review 关闭入口消费：orchestrator
  ---
  duration_ms: 1245.919875
  type: 'test'
  ...
# Subtest: R05 决定回执经真实 Review 关闭入口消费：user
ok 116 - R05 决定回执经真实 Review 关闭入口消费：user
  ---
  duration_ms: 1440.389375
  type: 'test'
  ...
# Subtest: R05 用户确认期间义务版本变化时不记录过期决定
ok 117 - R05 用户确认期间义务版本变化时不记录过期决定
  ---
  duration_ms: 896.7945
  type: 'test'
  ...
# Subtest: R05 结构展开依据经 Runtime 消费，只关闭结构义务而保留业务验证
ok 118 - R05 结构展开依据经 Runtime 消费，只关闭结构义务而保留业务验证
  ---
  duration_ms: 1044.913
  type: 'test'
  ...
# Subtest: R05 pending 候选决定不能借用 active 回执，旧快照不能消费已变化候选
ok 119 - R05 pending 候选决定不能借用 active 回执，旧快照不能消费已变化候选
  ---
  duration_ms: 870.201333
  type: 'test'
  ...
# Subtest: R05 同候选的新决定替代旧回执，取消替代不影响旧决定
ok 120 - R05 同候选的新决定替代旧回执，取消替代不影响旧决定
  ---
  duration_ms: 1287.370375
  type: 'test'
  ...
# Subtest: R06 真实 Review 会诊固定描述在相同事实下耗尽策略
ok 121 - R06 真实 Review 会诊固定描述在相同事实下耗尽策略
  ---
  duration_ms: 3426.409916
  type: 'test'
  ...
# Subtest: R06 真实 Review 会诊交替描述在相同事实下耗尽策略
ok 122 - R06 真实 Review 会诊交替描述在相同事实下耗尽策略
  ---
  duration_ms: 5143.828166
  type: 'test'
  ...
# Subtest: R06 真实候选补齐绑定只记一次进展，重复与候选文案变化不续期
ok 123 - R06 真实候选补齐绑定只记一次进展，重复与候选文案变化不续期
  ---
  duration_ms: 2022.300542
  type: 'test'
  ...
# Subtest: R06 文件进展由宿主重新读取，伪造缓存与过期候选没有文件事实
ok 124 - R06 文件进展由宿主重新读取，伪造缓存与过期候选没有文件事实
  ---
  duration_ms: 969.826959
  type: 'test'
  ...
# Subtest: R06 Runner 探针不能凭摘要变化清空策略，真实新文件只恢复一次
ok 125 - R06 Runner 探针不能凭摘要变化清空策略，真实新文件只恢复一次
  ---
  duration_ms: 3815.57575
  type: 'test'
  ...
# Subtest: R08 真实 Review 分类与控制路由一致：technical
ok 126 - R08 真实 Review 分类与控制路由一致：technical
  ---
  duration_ms: 752.872959
  type: 'test'
  ...
# Subtest: R08 真实 Review 分类与控制路由一致：business
ok 127 - R08 真实 Review 分类与控制路由一致：business
  ---
  duration_ms: 795.085834
  type: 'test'
  ...
# Subtest: R08 真实 Review 分类与控制路由一致：permission
ok 128 - R08 真实 Review 分类与控制路由一致：permission
  ---
  duration_ms: 812.357583
  type: 'test'
  ...
# Subtest: R08 真实 Review 分类与控制路由一致：mixed
ok 129 - R08 真实 Review 分类与控制路由一致：mixed
  ---
  duration_ms: 765.68675
  type: 'test'
  ...
# Subtest: R09 首次待决问题来自冻结用户义务而非 Reviewer 自由文本：permission
ok 130 - R09 首次待决问题来自冻结用户义务而非 Reviewer 自由文本：permission
  ---
  duration_ms: 766.449875
  type: 'test'
  ...
# Subtest: R09 首次待决问题来自冻结用户义务而非 Reviewer 自由文本：business
ok 131 - R09 首次待决问题来自冻结用户义务而非 Reviewer 自由文本：business
  ---
  duration_ms: 1130.918208
  type: 'test'
  ...
# Subtest: R09 首次待决问题来自冻结用户义务而非 Reviewer 自由文本：mixed-decision
ok 132 - R09 首次待决问题来自冻结用户义务而非 Reviewer 自由文本：mixed-decision
  ---
  duration_ms: 772.619209
  type: 'test'
  ...
# Subtest: R09 首次待决问题来自冻结用户义务而非 Reviewer 自由文本：mixed-verification
ok 133 - R09 首次待决问题来自冻结用户义务而非 Reviewer 自由文本：mixed-verification
  ---
  duration_ms: 878.6845
  type: 'test'
  ...
# Subtest: R09 Owner 反馈经实际失败入口分类且保留独立任务：technical
ok 134 - R09 Owner 反馈经实际失败入口分类且保留独立任务：technical
  ---
  duration_ms: 817.92075
  type: 'test'
  ...
# Subtest: R09 Owner 反馈经实际失败入口分类且保留独立任务：permission
ok 135 - R09 Owner 反馈经实际失败入口分类且保留独立任务：permission
  ---
  duration_ms: 1501.279667
  type: 'test'
  ...
# Subtest: R09 Owner 反馈经实际失败入口分类且保留独立任务：business
ok 136 - R09 Owner 反馈经实际失败入口分类且保留独立任务：business
  ---
  duration_ms: 832.286416
  type: 'test'
  ...
# Subtest: R09 Owner 反馈接纳拒绝伪造绑定、无依据、外来会话和过期候选
ok 137 - R09 Owner 反馈接纳拒绝伪造绑定、无依据、外来会话和过期候选
  ---
  duration_ms: 701.094167
  type: 'test'
  ...
# Subtest: R09 已接纳反馈消费前重新校验当前来源：session
ok 138 - R09 已接纳反馈消费前重新校验当前来源：session
  ---
  duration_ms: 758.585
  type: 'test'
  ...
# Subtest: R09 已接纳反馈消费前重新校验当前来源：attempt
ok 139 - R09 已接纳反馈消费前重新校验当前来源：attempt
  ---
  duration_ms: 728.246041
  type: 'test'
  ...
# Subtest: R09 已接纳反馈消费前重新校验当前来源：plan
ok 140 - R09 已接纳反馈消费前重新校验当前来源：plan
  ---
  duration_ms: 748.788625
  type: 'test'
  ...
# Subtest: R09 已接纳反馈消费前重新校验当前来源：owner
ok 141 - R09 已接纳反馈消费前重新校验当前来源：owner
  ---
  duration_ms: 784.191084
  type: 'test'
  ...
# Subtest: R09 同 attempt 的用户反馈幂等保留，不能由后续技术描述降权
ok 142 - R09 同 attempt 的用户反馈幂等保留，不能由后续技术描述降权
  ---
  duration_ms: 771.19675
  type: 'test'
  ...
# Subtest: R09 Owner 恢复消费当前反馈，换 attempt 后不继承旧用户门禁
ok 143 - R09 Owner 恢复消费当前反馈，换 attempt 后不继承旧用户门禁
  ---
  duration_ms: 777.169375
  type: 'test'
  ...
# Subtest: R09 已确认权限缺口优先于技术 handoff 策略
ok 144 - R09 已确认权限缺口优先于技术 handoff 策略
  ---
  duration_ms: 615.008917
  type: 'test'
  ...
# Subtest: R09 已报告用户待决后不能通过 completed 提交越过门禁：permission
ok 145 - R09 已报告用户待决后不能通过 completed 提交越过门禁：permission
  ---
  duration_ms: 539.450709
  type: 'test'
  ...
# Subtest: R09 已报告用户待决后不能通过 completed 提交越过门禁：business
ok 146 - R09 已报告用户待决后不能通过 completed 提交越过门禁：business
  ---
  duration_ms: 525.654084
  type: 'test'
  ...
# Subtest: R10 真实 Owner 非成功结算保留分类与局部待决：permission-blocked
ok 147 - R10 真实 Owner 非成功结算保留分类与局部待决：permission-blocked
  ---
  duration_ms: 1083.059959
  type: 'test'
  ...
# Subtest: R10 真实 Owner 非成功结算保留分类与局部待决：permission-failed
ok 148 - R10 真实 Owner 非成功结算保留分类与局部待决：permission-failed
  ---
  duration_ms: 1167.890042
  type: 'test'
  ...
# Subtest: R10 真实 Owner 非成功结算保留分类与局部待决：business-blocked
ok 149 - R10 真实 Owner 非成功结算保留分类与局部待决：business-blocked
  ---
  duration_ms: 1203.742417
  type: 'test'
  ...
# Subtest: R10 真实 Owner 非成功结算保留分类与局部待决：legacy-blocked
ok 150 - R10 真实 Owner 非成功结算保留分类与局部待决：legacy-blocked
  ---
  duration_ms: 1831.372042
  type: 'test'
  ...
# Subtest: R11 预算错误不覆盖当前用户依据：supervisor/permission
ok 151 - R11 预算错误不覆盖当前用户依据：supervisor/permission
  ---
  duration_ms: 1092.500625
  type: 'test'
  ...
# Subtest: R11 预算错误不覆盖当前用户依据：supervisor/business
ok 152 - R11 预算错误不覆盖当前用户依据：supervisor/business
  ---
  duration_ms: 1131.589041
  type: 'test'
  ...
# Subtest: R11 预算错误不覆盖当前用户依据：supervisor/technical
ok 153 - R11 预算错误不覆盖当前用户依据：supervisor/technical
  ---
  duration_ms: 1632.845542
  type: 'test'
  ...
# Subtest: R11 预算错误不覆盖当前用户依据：supervisor/stale-permission
ok 154 - R11 预算错误不覆盖当前用户依据：supervisor/stale-permission
  ---
  duration_ms: 1209.621667
  type: 'test'
  ...
# Subtest: R11 预算错误不覆盖当前用户依据：direct-owner/permission
ok 155 - R11 预算错误不覆盖当前用户依据：direct-owner/permission
  ---
  duration_ms: 1948.91925
  type: 'test'
  ...
# Subtest: R11 预算错误不覆盖当前用户依据：direct-owner/business
ok 156 - R11 预算错误不覆盖当前用户依据：direct-owner/business
  ---
  duration_ms: 1707.003167
  type: 'test'
  ...
# Subtest: R11 预算错误不覆盖当前用户依据：direct-owner/technical
ok 157 - R11 预算错误不覆盖当前用户依据：direct-owner/technical
  ---
  duration_ms: 1371.642666
  type: 'test'
  ...
# Subtest: R11 预算错误不覆盖当前用户依据：direct-owner/stale-permission
ok 158 - R11 预算错误不覆盖当前用户依据：direct-owner/stale-permission
  ---
  duration_ms: 1226.008083
  type: 'test'
  ...
# Subtest: R11 预算错误不覆盖当前用户依据：recover/permission
ok 159 - R11 预算错误不覆盖当前用户依据：recover/permission
  ---
  duration_ms: 531.514875
  type: 'test'
  ...
# Subtest: R11 预算错误不覆盖当前用户依据：recover/business
ok 160 - R11 预算错误不覆盖当前用户依据：recover/business
  ---
  duration_ms: 557.966042
  type: 'test'
  ...
# Subtest: R11 预算错误不覆盖当前用户依据：recover/technical
ok 161 - R11 预算错误不覆盖当前用户依据：recover/technical
  ---
  duration_ms: 572.130916
  type: 'test'
  ...
# Subtest: R11 预算错误不覆盖当前用户依据：recover/stale-permission
ok 162 - R11 预算错误不覆盖当前用户依据：recover/stale-permission
  ---
  duration_ms: 773.461208
  type: 'test'
  ...
# Subtest: R11 预算错误不覆盖当前用户依据：repeated-recover/permission
ok 163 - R11 预算错误不覆盖当前用户依据：repeated-recover/permission
  ---
  duration_ms: 761.771875
  type: 'test'
  ...
# Subtest: R11 预算错误不覆盖当前用户依据：repeated-recover/business
ok 164 - R11 预算错误不覆盖当前用户依据：repeated-recover/business
  ---
  duration_ms: 823.047833
  type: 'test'
  ...
# Subtest: R11 预算错误不覆盖当前用户依据：repeated-recover/technical
ok 165 - R11 预算错误不覆盖当前用户依据：repeated-recover/technical
  ---
  duration_ms: 803.960833
  type: 'test'
  ...
# Subtest: R11 预算错误不覆盖当前用户依据：repeated-recover/stale-permission
ok 166 - R11 预算错误不覆盖当前用户依据：repeated-recover/stale-permission
  ---
  duration_ms: 790.496791
  type: 'test'
  ...
1..166
# tests 166
# suites 0
# pass 159
# fail 0
# cancelled 0
# skipped 7
# todo 0
# duration_ms 147882.918708
