✔ T13 明确有限配置，没有默认无限值或隐式数值转换 (21.744708ms)
✔ T13 BUD-01 两级限额原子扣减，问题用完不阻止独立问题 (7.28375ms)
✔ T13 BUD-03 最后一份额度按传入的新快照串行竞争，两级不半扣 (1.01825ms)
✔ T13 BUD-03 请求重放在耗尽后仍返回原attempt，重载不重扣 (1.064ms)
✔ T13 同request改变workflowId拒绝，不借重复请求改绑定 (1.681208ms)
✔ T13 同request改变rootProblemId拒绝，不借重复请求改绑定 (1.563333ms)
✔ T13 同request改变attemptId拒绝，不借重复请求改绑定 (0.346292ms)
✔ T13 同request改变taskId拒绝，不借重复请求改绑定 (1.047166ms)
✔ T13 同request改变ownerId拒绝，不借重复请求改绑定 (3.699ms)
✔ T13 同request改变executionVersion拒绝，不借重复请求改绑定 (0.74825ms)
✔ T13 同attempt不能被不同request占用；不存在问题与外来Workflow拒绝 (1.041959ms)
✔ T13 问题注册幂等但来源和限额不可替换，同来源不能另开根问题 (1.286708ms)
✔ T13 执行开始绑定不可换，未开始不能成功结算，终态不能重启 (4.178708ms)
✔ T13 启动前failed可结算，不退额度；相同回执重放不改状态 (1.022125ms)
✔ T13 启动前cancelled可结算，不退额度；相同回执重放不改状态 (1.465583ms)
✔ T13 开始及结算都重新核验完整绑定，调用错误不能写状态 (1.51925ms)
✔ T13 BUD-04/05 相关新证据不退预算，A/B/A与换引用重放只留两份事实 (4.167ms)
✔ T13 来源不匹配、相同引用内容冲突、进展升格关闭都拒绝 (1.077542ms)
✔ T13 问题关闭需当前根的关闭引用且无未结算attempt，关闭不擦历史 (3.949625ms)
✔ T13 序列化账本严格校验，不接纳未知版本、重复记录或被改写的计数 (4.004334ms)
✔ T13 返回对象和输入无共享可写引用；冻结输入仍可工作 (1.257041ms)
✔ T13 原型敏感字符串只作为ID数据，不能串改其他问题 (0.940833ms)
✔ T13 严格输入不静默丢弃错误字段或伪证据标记 (0.935667ms)
✔ T13 同根问题换task、Owner或版本仍共享已用额度，不重新注册预算 (0.545542ms)
✔ T13 同一核验事实可分别关联多个根问题，各自核验来源和关闭引用 (1.806167ms)
✔ T13 F-14 跨attempt跨字段引用拒绝：先执行后结算 (1.509292ms)
✔ T13 F-14 跨attempt跨字段引用拒绝：先结算后执行 (1.213792ms)
✔ T13 F-14 JSON导入拒绝跨字段串用回执，reverse=false (1.711792ms)
✔ T13 F-14 JSON导入拒绝跨字段串用回执，reverse=true (0.523292ms)
✔ T13 F-14 同attempt跨字段引用及重放合法，不同版本引用仍独立 (2.993666ms)
✔ T13 F-14 保留同字段跨attempt去重：execution (3.1705ms)
✔ T13 F-14 保留同字段跨attempt去重：result (0.470833ms)
✔ T15 Owner恢复与重规划共用问题预算，换操作类型/版本不重置额度 (0.666458ms)
✔ T15 重规划与Owner跨根共用Workflow额度，独立问题只在总额尚有余量时继续 (0.271625ms)
✔ T15 revision_plan持久重放/实际引用开始/结算使用同一绑定，耗尽后不重扣 (0.428625ms)
✔ T15 revision_review持久重放/实际引用开始/结算使用同一绑定，耗尽后不重扣 (0.422166ms)
✔ T15 handoff_replan持久重放/实际引用开始/结算使用同一绑定，耗尽后不重扣 (0.338958ms)
✔ T15 owner_consultation持久重放/实际引用开始/结算使用同一绑定，耗尽后不重扣 (3.007041ms)
✔ T15 重规划workflowId改变时reserve/start/settle均拒绝且不修改账本 (1.725041ms)
✔ T15 重规划rootProblemId改变时reserve/start/settle均拒绝且不修改账本 (0.859375ms)
✔ T15 重规划requestId改变时reserve/start/settle均拒绝且不修改账本 (0.642208ms)
✔ T15 重规划attemptId改变时reserve/start/settle均拒绝且不修改账本 (0.680041ms)
✔ T15 重规划executionVersion改变时reserve/start/settle均拒绝且不修改账本 (1.567292ms)
✔ T15 重规划executionKind改变时reserve/start/settle均拒绝且不修改账本 (1.386333ms)
✔ T15 重规划operationId改变时reserve/start/settle均拒绝且不修改账本 (0.475625ms)
✔ T15 重规划operationKind改变时reserve/start/settle均拒绝且不修改账本 (0.427667ms)
✔ T15 重规划绑定严格拒绝混合身份、未知类型、缺失字段以及静默降级 (4.854083ms)
✔ T15 同request不能在Owner和replan之间换绑，回执也不能跨执行类型串用 (5.155083ms)
✔ T15 未启动重规划取消不退预算，存在未结算操作时根问题不能关闭 (3.065333ms)
ℹ tests 49
ℹ suites 0
ℹ pass 49
ℹ fail 0
ℹ cancelled 0
ℹ skipped 0
ℹ todo 0
ℹ duration_ms 349.39775
