✖ settled failed and historical kernel entries leave active counts without hiding their findings (19.472792ms)
✔ 等待列表客户端产物与源码一致并登记正式、本地两个模块编号 (91.894416ms)
✔ 运行状态和 Owner 输入限制只登记官方 Slot (56.127375ms)
✔ 运行状态只通过可重连 SSE 接收更新，并按当前工作区和当前会话过滤 (4.624583ms)
✔ 运行状态按需要处理、总览、主线程和子代理分类显示确定性状态 (6.044833ms)
✔ 侧栏运行状态使用视口定位，避免被侧栏裁剪和遮住底部操作区 (7.147917ms)
ℹ tests 6
ℹ suites 0
ℹ pass 5
ℹ fail 1
ℹ cancelled 0
ℹ skipped 0
ℹ todo 0
ℹ duration_ms 912.067875

✖ failing tests:

test at owner-workflow-plugin/test/client-bundle.test.mjs:15:1
✖ settled failed and historical kernel entries leave active counts without hiding their findings (19.472792ms)
  AssertionError [ERR_ASSERTION]: Expected values to be strictly deep-equal:
  + actual - expected
  
    [
  +   'failed',
  +   'historical',
      'running'
    ]
  
      at TestContext.<anonymous> (file:///Volumes/LargeStorage/code/DSH-Workflow/owner-workflow-plugin/test/client-bundle.test.mjs:26:10)
      at async Test.run (node:internal/test_runner/test:1113:7)
      at async startSubtestAfterBootstrap (node:internal/test_runner/harness:358:3) {
    generatedMessage: true,
    code: 'ERR_ASSERTION',
    actual: [ 'failed', 'historical', 'running' ],
    expected: [ 'running' ],
    operator: 'deepStrictEqual',
    diff: 'simple'
  }
