✔ 展开 Composite 后保留父外部依赖、后继依赖父且子图 entry/exit 可达 (5.72125ms)
✔ Composite 可递归拆分，直到所有 abstract 节点变成可执行叶子 (4.757792ms)
✔ Composite 只允许未开始且没有业务提交的 work task (1.634167ms)
✔ Composite 拒绝 ID 冲突、内部环、不可达 entry/exit、越界 Owner 和未绑定验证 (5.724292ms)
✔ 局部 delta 使被修改任务、Review 和依赖后继失效，并清空旧执行证据 (3.491167ms)
✔ 局部 delta 要求明确 carryForward，且不允许改写已完成任务或固定提交 (4.096666ms)
✔ 局部 delta 的失效闭包包含 Composite 父任务和父任务后继 (3.026834ms)
✔ Composite 子任务不能成为父任务外部依赖，delta 也不能改变 Registry 或删除固定提交证据 (5.476334ms)
✔ Plan delta 拒绝 V1 并规范化新增 V2 任务 (1.513167ms)
✔ V2 计划在构建自动机前拒绝超长 scope glob (0.19225ms)
✔ V2 计划在构建自动机前拒绝字面字符种类过多的 write glob (0.338584ms)
✔ V2 计划拒绝超出单层 Owner scope 的递归 write (0.305791ms)
✔ V2 计划拒绝与 Owner exclude 相交的 write (0.579292ms)
✔ V2 计划拒绝用单层通配符扩大问号 Owner scope (0.399667ms)
✔ V2 计划拒绝未绑定的验证 ID (0.383083ms)
✔ V2 work task 必须绑定至少一个 required verification (0.547833ms)
✔ 渐进式 DAG 允许 abstract work 暂不绑定写入和验证，并标记为不可执行 (0.240084ms)
✔ V2 计划拒绝未定义的 decomposition 状态并列出允许值 (0.308084ms)
✔ V2 计划拒绝任务依赖环 (0.452041ms)
✔ V2 计划拒绝空验证 argv (0.213125ms)
✔ V2 计划拒绝用 argv 字段替代 run 并返回可修复错误 (0.19825ms)
✔ V2 验证 cwd 只接受受限仓库相对目录并规范化保存 (2.592334ms)
✔ V2 计划拒绝把 legacy stages 或 completedStages 带入执行模型 (0.141042ms)
✔ V2 计划拒绝字符串验证 argv (0.310959ms)
✔ V2 生命周期使用固定 workflow 和 task 状态 (0.050667ms)
✔ 任务停止状态只接受固定的 reason/action 配对 (0.028584ms)
✔ 任务停止拒绝未定义的 reason/action 配对 (0.09225ms)
✔ 任务停止接受 input_missing/provide_input 配对 (0.031583ms)
✔ 任务停止接受其余固定 reason/action 配对 (0.046875ms)
✔ V2 计划拒绝 review 任务的 write (0.24325ms)
✔ V2 计划拒绝 verify 任务的 write (0.251125ms)
✔ V2 计划原样保留 done 验收文本 (0.421042ms)
✔ V1 历史计划可读取运行时目录范围且不可执行 (0.326541ms)
✔ V2 计划规范化显式角色，并按完成的依赖返回可执行任务 (0.66325ms)
✔ V2 就绪计算跳过运行中和已停止的根任务，并保留并行根任务顺序 (0.470833ms)
✔ 所有者范围支持目录范围和排除范围 (0.253542ms)
✔ 所有者范围正确处理问号、单层通配符和目录边界 (0.193917ms)
✔ 计划拒绝循环和未知 Owner (0.079ms)
✔ 计划拒绝所有者范围重叠 (0.165834ms)
✔ V2 计划拒绝运行时管理目录的 Owner scope (0.435083ms)
✔ 父 Owner 排除完整子模块后允许合法拆分 (0.288625ms)
✔ 局部 exclude 不能掩盖父 scope 剩余区域的重叠 (0.208166ms)
✔ 所有者范围正确区分文件、目录和相邻路径 (0.622709ms)
✔ 所有者范围的问号和递归通配符参与重叠判断 (0.862792ms)
✔ 规划和所有者结果契约未知时按关闭处理 (0.792042ms)
✔ 新计划审查义务必须有显式来源、目标和可核验关闭合同，旧记录只能显式读取 (0.247084ms)
✔ 新计划审查义务在 Schema 与 normalizer 中都必须提供不可变 obligationId (0.263875ms)
✔ 计划审查关闭合同支持结构可执行与版本化决定，并按类型要求字段 (0.639416ms)
✔ 带计划上下文时验证转交目标所有者和文件范围 (0.274834ms)
✔ Owner 结果可以提出结构化长期记忆，但不能直接引用运行时目录 (0.394542ms)
✔ V2 计划规范化任务优先级和显式失败策略，并拒绝不完整修复策略 (1.3ms)
ℹ tests 51
ℹ suites 0
ℹ pass 51
ℹ fail 0
ℹ cancelled 0
ℹ skipped 0
ℹ todo 0
ℹ duration_ms 103.74225
