TAP version 13
# Subtest: candidate selection and acknowledgment only expose independent target patches, never a replacement state
ok 1 - candidate selection and acknowledgment only expose independent target patches, never a replacement state
  ---
  duration_ms: 21.06875
  type: 'test'
  ...
# Subtest: excludes source/target Owner tasks and their forward/reverse dependency closure
ok 2 - excludes source/target Owner tasks and their forward/reverse dependency closure
  ---
  duration_ms: 10.71625
  type: 'test'
  ...
# Subtest: full active tasks and undispatched reservations consume global slots and Owner identities
ok 3 - full active tasks and undispatched reservations consume global slots and Owner identities
  ---
  duration_ms: 13.66875
  type: 'test'
  ...
# Subtest: existing Owner history and source binding prevent stale or duplicate creates
ok 4 - existing Owner history and source binding prevent stale or duplicate creates
  ---
  duration_ms: 9.710666
  type: 'test'
  ...
# Subtest: no eligible work yields side-effect-free wait and cannot acknowledge stop/notify
ok 5 - no eligible work yields side-effect-free wait and cannot acknowledge stop/notify
  ---
  duration_ms: 3.812292
  type: 'test'
  ...
# Subtest: unproven handoff scope fails closed, and pending notice never dispatches
ok 6 - unproven handoff scope fails closed, and pending notice never dispatches
  ---
  duration_ms: 1.938167
  type: 'test'
  ...
# Subtest: unrelated stalled activity cannot suppress an available independent create slot
ok 7 - unrelated stalled activity cannot suppress an available independent create slot
  ---
  duration_ms: 6.385542
  type: 'test'
  ...
# Subtest: composite relationships keep a source subtree excluded without dropping the independent leaf
ok 8 - composite relationships keep a source subtree excluded without dropping the independent leaf
  ---
  duration_ms: 9.111708
  type: 'test'
  ...
# Subtest: reject reservation occupancy with stopped task instead of releasing its parallel slot
ok 9 - reject reservation occupancy with stopped task instead of releasing its parallel slot
  ---
  duration_ms: 3.153791
  type: 'test'
  ...
# Subtest: reject owner occupancy with stopped task instead of releasing its parallel slot
ok 10 - reject owner occupancy with stopped task instead of releasing its parallel slot
  ---
  duration_ms: 2.370917
  type: 'test'
  ...
# Subtest: reject reservation occupancy with completed task instead of releasing its parallel slot
ok 11 - reject reservation occupancy with completed task instead of releasing its parallel slot
  ---
  duration_ms: 3.227542
  type: 'test'
  ...
# Subtest: reject owner occupancy with completed task instead of releasing its parallel slot
ok 12 - reject owner occupancy with completed task instead of releasing its parallel slot
  ---
  duration_ms: 2.432791
  type: 'test'
  ...
# Subtest: an already running reservation occupies one slot without duplicate counting
ok 13 - an already running reservation occupies one slot without duplicate counting
  ---
  duration_ms: 7.778042
  type: 'test'
  ...
# Subtest: independent selection rejects an existing shared pendingTaskMerge transaction
ok 14 - independent selection rejects an existing shared pendingTaskMerge transaction
  ---
  duration_ms: 2.687334
  type: 'test'
  ...
# Subtest: independent selection rejects an existing shared pendingMemoryCompilation transaction
ok 15 - independent selection rejects an existing shared pendingMemoryCompilation transaction
  ---
  duration_ms: 1.470375
  type: 'test'
  ...
# Subtest: independent selection excludes other planned handoff targets that finish would implicitly consume
ok 16 - independent selection excludes other planned handoff targets that finish would implicitly consume
  ---
  duration_ms: 2.821917
  type: 'test'
  ...
# Subtest: terminal receipts require matching task and Owner outcomes at both replay and execution guards
ok 17 - terminal receipts require matching task and Owner outcomes at both replay and execution guards
  ---
  duration_ms: 126.578125
  type: 'test'
  ...
# Subtest: launching permits Owner finish before the reservation settlement transaction
ok 18 - launching permits Owner finish before the reservation settlement transaction
  ---
  duration_ms: 19.995875
  type: 'test'
  ...
1..18
# tests 18
# suites 0
# pass 18
# fail 0
# cancelled 0
# skipped 0
# todo 0
# duration_ms 372.198292
