TAP version 13
# Subtest: T15 real Supervisor initial failure and retry preserve source, enforce credit, and allow independent initial work
ok 1 - T15 real Supervisor initial failure and retry preserve source, enforce credit, and allow independent initial work
  ---
  duration_ms: 4584.611833
  type: 'test'
  ...
# Subtest: T15 real Supervisor recovery completes only after the actual successful settlement
ok 2 - T15 real Supervisor recovery completes only after the actual successful settlement
  ---
  duration_ms: 2750.649083
  type: 'test'
  ...
# Subtest: T15 Supervisor replays an unsettled session as paused without another launch or fabricated completion
ok 3 - T15 Supervisor replays an unsettled session as paused without another launch or fabricated completion
  ---
  duration_ms: 1186.542542
  type: 'test'
  ...
1..3
# tests 3
# suites 0
# pass 3
# fail 0
# cancelled 0
# skipped 0
# todo 0
# duration_ms 8695.828125
