TAP version 13
# Subtest: T15 real Supervisor initial failure and retry preserve source, enforce credit, and allow independent initial work
not ok 1 - T15 real Supervisor initial failure and retry preserve source, enforce credit, and allow independent initial work
  ---
  duration_ms: 2667.025209
  type: 'test'
  location: '/Volumes/LargeStorage/code/DSH-Workflow/owner-workflow-plugin/test/runtime-recovery-budget.test.mjs:392:1'
  failureType: 'testCodeFailure'
  error: '{"T1:api":{"contract":"DSH_SUPERVISOR_OWNER_RESERVATION_V1","reservationId":"sr-8d6ea4fd-4519-4d47-b2c9-47effca5269b","actionId":"sa-c759a0cb298175c7","taskId":"T1","ownerId":"api","status":"stopped","attempts":1,"createdAt":"2026-09-11T09:01:43.696Z","launchedAt":"2026-09-11T09:01:43.747Z","stoppedAt":"2026-09-11T09:01:43.801Z","recoveryPause":{"contract":"DSH_OWNER_AUTONOMOUS_RECOVERY_PAUSED_V1","workflowId":"wf-recovery-session","taskId":"T1","ownerId":"api","strategy":"autonomous_incident","reason":"owner_failure_task_running"},"error":"owner_failure_task_running"}}'
  code: 'ERR_ASSERTION'
  name: 'AssertionError'
  expected: true
  operator: '=='
  stack: |-
    TestContext.<anonymous> (file:///Volumes/LargeStorage/code/DSH-Workflow/owner-workflow-plugin/test/runtime-recovery-budget.test.mjs:406:10)
    async Test.run (node:internal/test_runner/test:1113:7)
    async startSubtestAfterBootstrap (node:internal/test_runner/harness:358:3)
  ...
# Subtest: T15 real Supervisor recovery completes only after the actual successful settlement
not ok 2 - T15 real Supervisor recovery completes only after the actual successful settlement
  ---
  duration_ms: 552.3015
  type: 'test'
  location: '/Volumes/LargeStorage/code/DSH-Workflow/owner-workflow-plugin/test/runtime-recovery-budget.test.mjs:430:1'
  failureType: 'testCodeFailure'
  error: |-
    {"T1:api":{"contract":"DSH_SUPERVISOR_OWNER_RESERVATION_V1","reservationId":"sr-4e86d2c4-e0c8-4b52-8fa4-8a822c6720de","actionId":"sa-c89efeed047068f0","taskId":"T1","ownerId":"api","status":"stopped","attempts":1,"createdAt":"2026-09-11T09:01:44.255Z","launchedAt":"2026-09-11T09:01:44.303Z","stoppedAt":"2026-09-11T09:01:44.355Z","recoveryPause":{"contract":"DSH_OWNER_AUTONOMOUS_RECOVERY_PAUSED_V1","workflowId":"wf-recovery-session","taskId":"T1","ownerId":"api","strategy":"autonomous_incident","reason":"owner_failure_task_running"},"error":"owner_failure_task_running"}}
    + actual - expected

    + 'failed'
    - 'completed'

  code: 'ERR_ASSERTION'
  name: 'AssertionError'
  expected: 'completed'
  actual: 'failed'
  operator: 'strictEqual'
  stack: |-
    TestContext.<anonymous> (file:///Volumes/LargeStorage/code/DSH-Workflow/owner-workflow-plugin/test/runtime-recovery-budget.test.mjs:435:10)
    async Test.run (node:internal/test_runner/test:1113:7)
    async Test.processPendingSubtests (node:internal/test_runner/test:788:7)
  ...
# Subtest: T15 Supervisor replays an unsettled session as paused without another launch or fabricated completion
not ok 3 - T15 Supervisor replays an unsettled session as paused without another launch or fabricated completion
  ---
  duration_ms: 558.977542
  type: 'test'
  location: '/Volumes/LargeStorage/code/DSH-Workflow/owner-workflow-plugin/test/runtime-recovery-budget.test.mjs:445:1'
  failureType: 'testCodeFailure'
  error: '{"T1:api":{"contract":"DSH_SUPERVISOR_OWNER_RESERVATION_V1","reservationId":"sr-a8ed9c74-b728-4662-acfb-54c9f2795e85","actionId":"sa-c89efeed047068f0","taskId":"T1","ownerId":"api","status":"stopped","attempts":1,"createdAt":"2026-09-11T09:01:44.816Z","launchedAt":"2026-09-11T09:01:44.865Z","stoppedAt":"2026-09-11T09:01:44.916Z","recoveryPause":{"contract":"DSH_OWNER_AUTONOMOUS_RECOVERY_PAUSED_V1","workflowId":"wf-recovery-session","taskId":"T1","ownerId":"api","strategy":"autonomous_incident","reason":"owner_failure_task_running"},"error":"owner_failure_task_running"}}'
  code: 'ERR_ASSERTION'
  name: 'AssertionError'
  expected: true
  operator: '=='
  stack: |-
    TestContext.<anonymous> (file:///Volumes/LargeStorage/code/DSH-Workflow/owner-workflow-plugin/test/runtime-recovery-budget.test.mjs:450:10)
    async Test.run (node:internal/test_runner/test:1113:7)
    async Test.processPendingSubtests (node:internal/test_runner/test:788:7)
  ...
1..3
# tests 3
# suites 0
# pass 0
# fail 3
# cancelled 0
# skipped 0
# todo 0
# duration_ms 3930.047042
