TAP version 13
# Subtest: T15 real Supervisor initial failure and retry preserve source, enforce credit, and allow independent initial work
not ok 1 - T15 real Supervisor initial failure and retry preserve source, enforce credit, and allow independent initial work
  ---
  duration_ms: 4794.579
  type: 'test'
  location: '/Volumes/LargeStorage/code/DSH-Workflow/owner-workflow-plugin/test/runtime-recovery-budget.test.mjs:392:1'
  failureType: 'testCodeFailure'
  error: |-
    Expected values to be strictly deep-equal:
    + actual - expected

      {
    +   create: 5,
    -   create: 3,
        resume: 0
      }

  code: 'ERR_ASSERTION'
  name: 'AssertionError'
  expected:
    create: 3
    resume: 0
  actual:
    create: 5
    resume: 0
  operator: 'deepStrictEqual'
  stack: |-
    TestContext.<anonymous> (file:///Volumes/LargeStorage/code/DSH-Workflow/owner-workflow-plugin/test/runtime-recovery-budget.test.mjs:427:10)
    async Test.run (node:internal/test_runner/test:1113:7)
    async startSubtestAfterBootstrap (node:internal/test_runner/harness:358:3)
  ...
# Subtest: T15 real Supervisor recovery completes only after the actual successful settlement
not ok 2 - T15 real Supervisor recovery completes only after the actual successful settlement
  ---
  duration_ms: 2279.024209
  type: 'test'
  location: '/Volumes/LargeStorage/code/DSH-Workflow/owner-workflow-plugin/test/runtime-recovery-budget.test.mjs:430:1'
  failureType: 'testCodeFailure'
  error: |-
    Expected values to be strictly equal:
    + actual - expected

    + 'settled_succeeded'
    - 'settled_success'
                    ^

  code: 'ERR_ASSERTION'
  name: 'AssertionError'
  expected: 'settled_success'
  actual: 'settled_succeeded'
  operator: 'strictEqual'
  stack: |-
    TestContext.<anonymous> (file:///Volumes/LargeStorage/code/DSH-Workflow/owner-workflow-plugin/test/runtime-recovery-budget.test.mjs:436:10)
    async Test.run (node:internal/test_runner/test:1113:7)
    async Test.processPendingSubtests (node:internal/test_runner/test:788:7)
  ...
# Subtest: T15 Supervisor replays an unsettled session as paused without another launch or fabricated completion
not ok 3 - T15 Supervisor replays an unsettled session as paused without another launch or fabricated completion
  ---
  duration_ms: 938.561917
  type: 'test'
  location: '/Volumes/LargeStorage/code/DSH-Workflow/owner-workflow-plugin/test/runtime-recovery-budget.test.mjs:445:1'
  failureType: 'testCodeFailure'
  error: |-
    Expected values to be strictly equal:
    + actual - expected

    + 'technical_pause'
    - 'submitted'

  code: 'ERR_ASSERTION'
  name: 'AssertionError'
  expected: 'submitted'
  actual: 'technical_pause'
  operator: 'strictEqual'
  stack: |-
    TestContext.<anonymous> (file:///Volumes/LargeStorage/code/DSH-Workflow/owner-workflow-plugin/test/runtime-recovery-budget.test.mjs:451:10)
    async Test.run (node:internal/test_runner/test:1113:7)
    async Test.processPendingSubtests (node:internal/test_runner/test:788:7)
  ...
1..3
# tests 3
# suites 0
# pass 0
# fail 3
# cancelled 0
# skipped 0
# todo 0
# duration_ms 8163.98825
