TAP version 13
# Subtest: T15 convergence probe preserves failed source and the 1-credit limit
ok 1 - T15 convergence probe preserves failed source and the 1-credit limit
  ---
  duration_ms: 2418.707334
  type: 'test'
  ...
# Subtest: T15 convergence probe preserves failed source and the 2-credit limit
ok 2 - T15 convergence probe preserves failed source and the 2-credit limit
  ---
  duration_ms: 1782.4875
  type: 'test'
  ...
# Subtest: T15 convergence probe persists typed user authority instead of resuming technical execution
ok 3 - T15 convergence probe persists typed user authority instead of resuming technical execution
  ---
  duration_ms: 514.045458
  type: 'test'
  ...
# Subtest: T15 convergence probe cannot manufacture a recoverable Owner from an orphaned source
ok 4 - T15 convergence probe cannot manufacture a recoverable Owner from an orphaned source
  ---
  duration_ms: 477.8505
  type: 'test'
  ...
1..4
# tests 4
# suites 0
# pass 4
# fail 0
# cancelled 0
# skipped 0
# todo 0
# duration_ms 5376.619833
