TAP version 13
# Subtest: one-owner packages retain full frozen Ticket/Spec data, shared AC contributors and dependency blockers
ok 1 - one-owner packages retain full frozen Ticket/Spec data, shared AC contributors and dependency blockers
  ---
  duration_ms: 12.843917
  type: 'test'
  ...
# Subtest: compiler rejects unknown-fragment
ok 2 - compiler rejects unknown-fragment
  ---
  duration_ms: 0.275291
  type: 'test'
  ...
# Subtest: compiler rejects blocked-fragment
ok 3 - compiler rejects blocked-fragment
  ---
  duration_ms: 0.16575
  type: 'test'
  ...
# Subtest: compiler rejects unknown-contract
ok 4 - compiler rejects unknown-contract
  ---
  duration_ms: 0.15525
  type: 'test'
  ...
# Subtest: compiler rejects missing-known-contract
ok 5 - compiler rejects missing-known-contract
  ---
  duration_ms: 0.166041
  type: 'test'
  ...
# Subtest: compiler rejects omitted-ready
ok 6 - compiler rejects omitted-ready
  ---
  duration_ms: 0.279125
  type: 'test'
  ...
# Subtest: compiler rejects missing-ticket-edge
ok 7 - compiler rejects missing-ticket-edge
  ---
  duration_ms: 0.501875
  type: 'test'
  ...
# Subtest: compiler rejects task-cycle
ok 8 - compiler rejects task-cycle
  ---
  duration_ms: 0.8895
  type: 'test'
  ...
# Subtest: compiler rejects wrong-snapshot
ok 9 - compiler rejects wrong-snapshot
  ---
  duration_ms: 0.314125
  type: 'test'
  ...
# Subtest: compiler rejects wrong-source
ok 10 - compiler rejects wrong-source
  ---
  duration_ms: 0.450291
  type: 'test'
  ...
# Subtest: compiler rejects mixed-owner-package
ok 11 - compiler rejects mixed-owner-package
  ---
  duration_ms: 1.765875
  type: 'test'
  ...
# Subtest: bindings normalizer rejects duplicate task, Ticket fragment and contract identities without mutating optional absence
ok 12 - bindings normalizer rejects duplicate task, Ticket fragment and contract identities without mutating optional absence
  ---
  duration_ms: 2.212208
  type: 'test'
  ...
# Subtest: completed checkpoint reader returns frozen persisted snapshot without revalidating current planning files
ok 13 - completed checkpoint reader returns frozen persisted snapshot without revalidating current planning files
  ---
  duration_ms: 1665.167125
  type: 'test'
  ...
# Subtest: checkpoint snapshot reader rejects a nonterminal journal without resuming it
ok 14 - checkpoint snapshot reader rejects a nonterminal journal without resuming it
  ---
  duration_ms: 570.198666
  type: 'test'
  ...
1..14
# tests 14
# suites 0
# pass 14
# fail 0
# cancelled 0
# skipped 0
# todo 0
# duration_ms 2443.444292
