TAP version 13
# Subtest: T23 SIGKILL after prompt flush before submitted receipt preserves one accepted prompt
ok 1 - T23 SIGKILL after prompt flush before submitted receipt preserves one accepted prompt
  ---
  duration_ms: 2715.548917
  type: 'test'
  ...
# Subtest: T23 SIGKILL after create returns before Owner binding cannot authorize resend
ok 2 - T23 SIGKILL after create returns before Owner binding cannot authorize resend
  ---
  duration_ms: 2300.747667
  type: 'test'
  ...
# Subtest: T23 SIGKILL after durable reservation allows exactly one original-identity Owner execution
ok 3 - T23 SIGKILL after durable reservation allows exactly one original-identity Owner execution
  ---
  duration_ms: 2642.266375
  type: 'test'
  ...
# Subtest: T23 two ready processes competing for one durable intent execute its Owner only once
ok 4 - T23 two ready processes competing for one durable intent execute its Owner only once
  ---
  duration_ms: 3273.220292
  type: 'test'
  ...
# Subtest: T23 distinct requests racing for the final credit execute only the admitted Owner
ok 5 - T23 distinct requests racing for the final credit execute only the admitted Owner
  ---
  duration_ms: 2563.619792
  type: 'test'
  ...
# Subtest: T23 SIGKILL before failed settlement rename never accepts the temporary receipt or reexecutes
ok 6 - T23 SIGKILL before failed settlement rename never accepts the temporary receipt or reexecutes
  ---
  duration_ms: 2461.645834
  type: 'test'
  ...
# Subtest: T23 admission_before_write SIGKILL cannot authorize an uncommitted identity
ok 7 - T23 admission_before_write SIGKILL cannot authorize an uncommitted identity
  ---
  duration_ms: 1794.11825
  type: 'test'
  ...
# Subtest: T23 admission_before_rename SIGKILL cannot authorize an uncommitted identity
ok 8 - T23 admission_before_rename SIGKILL cannot authorize an uncommitted identity
  ---
  duration_ms: 1993.148417
  type: 'test'
  ...
# Subtest: T23 SIGKILL after first physical append preserves identity without resend
ok 9 - T23 SIGKILL after first physical append preserves identity without resend
  ---
  duration_ms: 2238.167875
  type: 'test'
  ...
# Subtest: T23 SIGKILL before successful settlement rename never accepts the temporary receipt or reexecutes
ok 10 - T23 SIGKILL before successful settlement rename never accepts the temporary receipt or reexecutes
  ---
  duration_ms: 4264.18925
  type: 'test'
  ...
1..10
# tests 10
# suites 0
# pass 10
# fail 0
# cancelled 0
# skipped 0
# todo 0
# duration_ms 26348.99825
