✔ 展开 Composite 后保留父外部依赖、后继依赖父且子图 entry/exit 可达 (32.437209ms)
✔ Composite 可递归拆分，直到所有 abstract 节点变成可执行叶子 (22.908666ms)
✔ Composite 只允许未开始且没有业务提交的 work task (13.170791ms)
✔ Composite 拒绝 ID 冲突、内部环、不可达 entry/exit、越界 Owner 和未绑定验证 (27.759667ms)
✔ 局部 delta 使被修改任务、Review 和依赖后继失效，并清空旧执行证据 (7.23725ms)
✔ 局部 delta 要求明确 carryForward，且不允许改写已完成任务或固定提交 (22.256958ms)
✔ 局部 delta 的失效闭包包含 Composite 父任务和父任务后继 (9.764708ms)
✔ Composite 子任务不能成为父任务外部依赖，delta 也不能改变 Registry 或删除固定提交证据 (14.72575ms)
✔ Plan delta 拒绝 V1 并规范化新增 V2 任务 (7.996334ms)
✔ V2 计划在构建自动机前拒绝超长 scope glob (0.303667ms)
✔ V2 计划在构建自动机前拒绝字面字符种类过多的 write glob (9.233209ms)
✔ V2 计划拒绝超出单层 Owner scope 的递归 write (0.562458ms)
✔ V2 计划拒绝与 Owner exclude 相交的 write (2.740041ms)
✔ V2 计划拒绝用单层通配符扩大问号 Owner scope (1.971333ms)
✔ V2 计划拒绝未绑定的验证 ID (1.154708ms)
✔ V2 work task 必须绑定至少一个 required verification (1.6035ms)
✔ 渐进式 DAG 允许 abstract work 暂不绑定写入和验证，并标记为不可执行 (1.950166ms)
✔ V2 计划拒绝未定义的 decomposition 状态并列出允许值 (0.8455ms)
✔ V2 计划拒绝任务依赖环 (0.503541ms)
✔ V2 计划拒绝空验证 argv (3.871833ms)
✔ V2 计划拒绝用 argv 字段替代 run 并返回可修复错误 (0.900167ms)
✔ V2 验证 cwd 只接受受限仓库相对目录并规范化保存 (8.591708ms)
✔ V2 计划拒绝把 legacy stages 或 completedStages 带入执行模型 (0.930417ms)
✔ V2 计划拒绝字符串验证 argv (0.857916ms)
✔ V2 生命周期使用固定 workflow 和 task 状态 (0.540875ms)
✔ 任务停止状态只接受固定的 reason/action 配对 (0.216625ms)
✔ 任务停止拒绝未定义的 reason/action 配对 (0.274875ms)
✔ 任务停止接受 input_missing/provide_input 配对 (0.077083ms)
✔ 任务停止接受其余固定 reason/action 配对 (0.069583ms)
✔ V2 计划拒绝 review 任务的 write (1.487833ms)
✔ V2 计划拒绝 verify 任务的 write (1.27975ms)
✔ V2 计划原样保留 done 验收文本 (1.520958ms)
✔ V1 历史计划可读取运行时目录范围且不可执行 (0.945459ms)
✔ V2 计划规范化显式角色，并按完成的依赖返回可执行任务 (1.377834ms)
✔ V2 就绪计算跳过运行中和已停止的根任务，并保留并行根任务顺序 (0.984208ms)
✔ 所有者范围支持目录范围和排除范围 (0.334375ms)
✔ 所有者范围正确处理问号、单层通配符和目录边界 (0.196084ms)
✔ 计划拒绝循环和未知 Owner (0.099167ms)
✔ 计划拒绝所有者范围重叠 (0.191167ms)
✔ V2 计划拒绝运行时管理目录的 Owner scope (0.429083ms)
✔ 父 Owner 排除完整子模块后允许合法拆分 (1.642583ms)
✔ 局部 exclude 不能掩盖父 scope 剩余区域的重叠 (1.783334ms)
✔ 所有者范围正确区分文件、目录和相邻路径 (0.9025ms)
✔ 所有者范围的问号和递归通配符参与重叠判断 (2.49675ms)
✔ 规划和所有者结果契约未知时按关闭处理 (0.99575ms)
✔ 新计划审查义务必须有显式来源、目标和可核验关闭合同，旧记录只能显式读取 (0.228875ms)
✔ 新计划审查义务在 Schema 与 normalizer 中都必须提供不可变 obligationId (0.1095ms)
✔ 计划审查关闭合同支持结构可执行与版本化决定，并按类型要求字段 (0.478291ms)
✔ 带计划上下文时验证转交目标所有者和文件范围 (0.942ms)
✔ Owner 结果可以提出结构化长期记忆，但不能直接引用运行时目录 (0.839042ms)
✔ V2 计划规范化任务优先级和显式失败策略，并拒绝不完整修复策略 (2.164542ms)
ℹ tests 51
ℹ suites 0
ℹ pass 51
ℹ fail 0
ℹ cancelled 0
ℹ skipped 0
ℹ todo 0
ℹ duration_ms 343.033
