✔ 外部控制桥可以驱动 ping 和 status，并在运行时释放后清理 (508.314708ms)
✔ 真实审查入口把未关闭义务的 passed 降级，并拒绝激活 (1930.03025ms)
✔ pending revision 的 open 义务不阻断仍有效的 active plan Owner 启动 (978.471541ms)
✔ R03 同 digest evidence-lease-v1 的已批准 Owner 启动与恢复边界 (1088.760709ms)
✔ R03 同 digest evidence-lease-v2 的已批准 Owner 启动与恢复边界 (1091.972917ms)
✔ Supervisor create 只持久 reservation，必须由外置 runner 显式 execute 才启动 Owner (832.523542ms)
✔ Supervisor 首次启动保留计划修订迁移后的已完成任务 (531.668208ms)
✔ Supervisor 重启后直接结算已有固定提交，不重新启动 Owner (1039.745708ms)
✔ Supervisor 遇到结构化 handoff 时进入局部重规划，不重跑只读验证任务 (870.003167ms)
✔ Runner daemon 自动发现 approved Workflow 并驱动 Harness 内 Owner 子代理 (1539.397291ms)
✔ planning-recover 控制动作安全补绑缺失 digest 并原地恢复 Reviewer (1212.438791ms)
✔ planning-recover 不会把旧 planDigest 的恢复次数继承到新 DAG (1149.504542ms)
✔ Planner 子代理报告通道失效时直接唤醒主会话，避免状态已变但会话没有入口 (1.434667ms)
✔ Harness 重启后会向根会话幂等补发计划批准通知 (1734.425209ms)
✔ 计划批准通知只投递到持久化的 Workflow 根会话 (1543.207917ms)
✔ Planner 已提交结构化计划后立即结束等待，不受结束确认重试影响 (3.258292ms)
✔ planning-recover 会重建仍有修订预算的 Planner，而不是把 review_failed 当作终态 (2369.060666ms)
✔ 统一 workflow-drive 会恢复无需用户授权的 needs_decision Owner 会诊修订 (1933.974667ms)
✔ 自治事故的摘要型旧义务不能由 control socket probe 续期 (572.430292ms)
✔ control socket probe 只为类型化义务的宿主新文件续期一次 (1443.295208ms)
✔ 修订预算耗尽会持久通知主线程和 Runner，批准扩展后自动恢复同一 Planner (1705.629959ms)
✔ 重启前只标记 main-steer 已送达的待决策会重新直接打开原生问询 (1798.767667ms)
✔ 用户终止自动规划后由只读子代理总结并返回主线程讨论 (2105.828584ms)
✔ 重启后把旧版自定义扩额意见迁移为总结并退回主线程讨论 (1187.228417ms)
✔ planning-recover 在 plan digest 与 live Registry 不匹配时拒绝自愈 (903.399ms)
✔ 计划审查驱动失败会落盘诊断并允许 watchdog 有界重试 (1028.675417ms)
✔ Runner daemon 自动唤醒失败的计划审查且不启动 Supervisor (2548.204ms)
✔ Runner 启动前可从固定提交重建尚未执行且已丢失的 Workflow worktree (810.399916ms)
✔ V2 控制桥拒绝 legacy owner 调度动作，唯一入口是 Supervisor (704.851458ms)
✔ runtime.dispose 阻止新 Supervisor dispatch 并等待已登记 dispatch 终态 (22.490292ms)
✔ Supervisor create 持久 reservation，并用真实 runExternalOwner 两阶段结算到 completed (3369.843792ms)
✔ Supervisor 查询会在 Runtime 重启后重建控制桥，供新的外置 runner 显式 recover (1131.328667ms)
✔ Supervisor Owner 启动失败由自治恢复重排，不把工程故障写成用户决策 (842.745625ms)
✔ DSH_PLAN_V2 的 repair_owner 保留为意图提示，Runtime 按证据策略重新进入 DAG (839.485417ms)
✔ Supervisor inspect 只返回有限宿主字段，未知控制动作关闭处理 (844.42775ms)
✔ Supervisor 主会话通知只有真正 followup 成功后才标记 delivered (483.217417ms)
✔ Supervisor await_event 以持久游标阻塞等待，并在超时后记录一次受控观察 (719.210208ms)
✔ 任务达到 onTimeout.afterMs 后切换自治恢复策略而不是交给用户 (840.654166ms)
✔ Owner 恢复后使用本次运行时间重置超时基线，不沿用旧 reservation 时间 (884.184125ms)
✔ 持续产生心跳的长任务按进展续租，不因总运行时间被误杀 (665.909875ms)
✔ Supervisor receipt 绑定持久 revision，且 blocked workflow 不能确认旧 create (754.127708ms)
✔ Supervisor create receipt 绑定实际 planDigest，旧 ACK 拒绝且 workflow 不变 (595.428ms)
✔ Supervisor stop receipt 绑定实际 planDigest，旧 stop 拒绝且 workflow 不变 (783.797625ms)
✔ blocked、failed、cancelled workflow 都不能把 stop 保存为 completed (1953.502417ms)
✔ cancel 结算活动记录、清理临时分支与 worktree，并幂等保留审计状态 (1453.601416ms)
✔ cancel 的持久路径记录异常时 fail-closed，不能删除项目根目录或基础分支 (524.744833ms)
✔ cancelled workflow 拒绝 Supervisor start，finalized workflow 拒绝 cancel (977.851708ms)
✔ 启用 Owner 工作模式后，主会话写入会被拒绝 (390.441916ms)
✔ 只读审计在脏工作区中运行，不创建 workflow 分支或 worktree (326.372417ms)
✔ workflow_recover 可以重建旧缺陷遗留的空 Supervisor task records (463.244291ms)
✔ 只读子代理继承完整工具集并只设置 read-only 沙箱 (2.17875ms)
✔ Owner 子代理策略继承完整工具并使用 workspace-write (0.324917ms)
✔ Operation 子代理继承完整工具但项目文件使用 read-only 沙箱 (0.200875ms)
✔ 历史 V1 计划即使 digest 匹配也不能批准执行 (932.011916ms)
✔ 批准修订计划时自动恢复旧 Runtime 丢失的已完成任务状态 (866.093208ms)
✔ 计划修订冻结 ownerRuns 已完成任务，只迁移新增 repair 与最终 verify (1195.437792ms)
✔ 计划批准拒绝缺失的 live Registry，即使缓存 digest 匹配 (582.596792ms)
✔ 计划批准拒绝 live Registry 内容漂移，并由 registry_status 暴露 live digest (1367.829167ms)
✔ 计划批准在 digest 已重新绑定时仍拒绝 Owner 定义漂移 (1426.992ms)
✔ finalize 会把 workflow 分支合并回启动分支并清理 worktree (3467.059542ms)
✔ Implementation Review 必须读取实际 workflow HEAD 并保存审查结果 (1542.697041ms)
✔ Implementation Review 问题自动转换为带自治批准策略的 repair PlanRevision (2736.432709ms)
﹣ 旧版 Owner 持久子线程兼容测试（已由按任务回收模型替代） (1.245708ms) # SKIP
﹣ 旧版 Owner Shell 白名单测试（已由 worktree 与提交关卡替代） (0.045917ms) # SKIP
﹣ 旧版 Owner 逐写入包装测试（已由提交关卡替代） (0.018875ms) # SKIP
﹣ 旧版 owner_bash 快照测试（正式验证现在由 owner_submit 自动执行） (0.016917ms) # SKIP
﹣ 旧版多轮修复提示测试（现在由 owner_submit 在同一子线程返回错误） (0.018166ms) # SKIP
﹣ 旧版 Owner 结果文本结算测试（受保护路径由 owner_submit 提交关卡覆盖） (0.014375ms) # SKIP
✔ Owner Registry 提案在没有活动任务时只保存待审批提案 (3082.572584ms)
✔ Owner 设定与批准只能由绑定的 Workflow 主线程执行 (3894.525208ms)
✔ 规划器输出 Registry operation 时只保存结构化建议，不写正式 Registry，并由运行时绑定正式 digest (1447.195834ms)
✔ 规划器的 proposal 包装会兼容为直接 Registry operation (1193.776334ms)
✔ 规划器可一次提交完整 Owner Registry batch 并按最终快照绑定全部 Owner (1275.996833ms)
✔ 规划提交只接受当前规划子代理的一次结构化结果 (1.041125ms)
✔ one-shot Planner 在 workflow_plan_submit 时即时校验并允许原线程修正 (1.5655ms)
✔ 计划审查提交只接受当前 Plan Reviewer 的合法结构化结果 (0.30475ms)
✔ 计划 Reviewer 首轮状态非法时自动携带错误重试并保存结构化问题 (1185.825917ms)
✔ Reviewer 不能要求 abstract decision 删除必填 Owner 会诊字段，必须重试为 decision (1272.306334ms)
✔ Reviewer 判定 needs_split 后，Owner 会诊参与目标节点的递归拆分 (1576.212875ms)
✔ Reviewer 判定 needs_decision 后停止自动修订并把问题总结回主线程 (1289.687291ms)
✔ awaiting_main_discussion 接收明确 Intent 后可以生成 PlanRevision 候选 (4959.709333ms)
✔ 同类审查问题连续出现时，Runtime 强制 Reviewer 从 needs_revision 升级分类 (1312.926209ms)
✔ 冻结义务无进展时由独立 Arbiter 裁决而不是请求用户扩额 (936.976459ms)
✔ Arbiter 可以把 Runtime 已知的 abstract 节点转入拆分而不误判为新问题 (965.157458ms)
✔ 计划修订次数只作遥测，无进展时切换策略而不是请求扩额 (3084.167ms)
✔ 非法修订候选保留原计划并自动切换恢复策略，修复后继续审查 (1911.271375ms)
✔ 计划修订并发调用复用 single-flight，并用新版超时策略恢复旧 180 秒失败预算 (1418.927042ms)
✔ 计划修订拒绝使用不属于当前 planDigest 的旧审查结果 (828.3745ms)
✔ 规划契约失败返回完整 Workflow ID，并在同一现场有界恢复 (4169.192875ms)
✔ Harness agent/status 持久化运行中、空闲和关闭生命周期 (62.319625ms)
✔ one-shot Reviewer 返回结果后立即持久化 closed，不在会话树中伪装成 idle 工作 (46.200708ms)
﹣ 旧版次数驱动 continuable Planner mock（已由证据租约、Arbiter 与完整 Workflow 集成测试替代） (0.267875ms) # SKIP
✔ 完整 Workflow 从预检经过多轮计划审查、Supervisor、Owner 到最终交付 (14460.914666ms)
✔ 取消功能 Workflow 后项目级 Owner Registry 仍被后续 Workflow 直接复用 (4848.118209ms)
✔ 旧 Workflow 中已批准但未进入基础分支的 Registry 会在继续流程时迁移 (2387.201375ms)
✔ 新建 Workflow 会先迁移已取消旧 Workflow 中最新获批的固定 Owner (3610.839917ms)
✔ 规划器首轮提交不满足契约时，运行时会带校验错误重试一次 (1475.5045ms)
✔ 规划器只选择 Owner ID，Runtime 从正式 Registry 注入完整定义 (1289.501625ms)
✔ Planner 伪造宽 scope 不能绕过正式 Registry 的 task.write 边界 (1274.039792ms)
✔ handoff 重规划 prompt 只声明 V2 任务计划契约 (1520.045333ms)
✔ 规划器不能用未登记 Owner 绕过 Registry 提案审批 (966.64975ms)
✔ Registry 批准要求完全匹配 digest，写入 workflow worktree 并使旧计划审查失效 (1761.974875ms)
✔ V2 Registry 批准后的 registry_pending_plan 可以原地重新规划 (3070.16675ms)
✔ 运行中任务存在时拒绝 Registry 提案与批准 (779.934333ms)
✔ 主工具公开 cancel 描述且保留 status 旧动作 (392.842125ms)
✔ 旧聚合入口不再暴露或执行计划修订与规划恢复 (344.56525ms)
✔ 旧聚合入口拒绝 start，强制使用带 preflight digest 的单职责工具 (339.747ms)
✔ workflow_git_inspect 只提供受限 Git 证据且拒绝 .git 内部路径 (748.324417ms)
✔ Owner 结构化请求工具只暴露 request_subgraph 和 request_handoff 的最小字段 (378.287125ms)
✔ 公开 Owner 工具只保留提交关卡、宿主授权桥和结构化协调入口 (244.090583ms)
✔ 主工具 cancel 缺少 workflow_id 时拒绝 (291.008375ms)
✔ 主工具 cancel 返回 cancelled，随后 status 返回 cancelled (608.156667ms)
✔ 主工具只暴露 Registry 审批动作，不保留旧 Owner 直写动作 (0.913958ms)
✔ DSH_PLAN_V1 所有控制桥和外置执行入口拒绝但 status 可读 (1366.811ms)
✔ R05 决定回执经真实 Review 关闭入口消费：orchestrator (2053.902042ms)
✔ R05 决定回执经真实 Review 关闭入口消费：user (2242.652125ms)
✔ R05 用户确认期间义务版本变化时不记录过期决定 (1343.911625ms)
✔ R05 结构展开依据经 Runtime 消费，只关闭结构义务而保留业务验证 (1568.469459ms)
✔ R05 pending 候选决定不能借用 active 回执，旧快照不能消费已变化候选 (879.47975ms)
✔ R05 同候选的新决定替代旧回执，取消替代不影响旧决定 (1423.333541ms)
✔ R06 真实 Review 会诊固定描述在相同事实下耗尽策略 (3275.186375ms)
✔ R06 真实 Review 会诊交替描述在相同事实下耗尽策略 (3720.117375ms)
✔ R06 真实候选补齐绑定只记一次进展，重复与候选文案变化不续期 (2155.694541ms)
✔ R06 文件进展由宿主重新读取，伪造缓存与过期候选没有文件事实 (1089.388208ms)
✔ R06 Runner 探针不能凭摘要变化清空策略，真实新文件只恢复一次 (2970.980041ms)
✔ R08 真实 Review 分类与控制路由一致：technical (736.567666ms)
✔ R08 真实 Review 分类与控制路由一致：business (1338.277292ms)
✔ R08 真实 Review 分类与控制路由一致：permission (1255.580042ms)
✔ R08 真实 Review 分类与控制路由一致：mixed (999.551542ms)
✔ R09 首次待决问题来自冻结用户义务而非 Reviewer 自由文本：permission (685.51125ms)
✔ R09 首次待决问题来自冻结用户义务而非 Reviewer 自由文本：business (951.133125ms)
✔ R09 首次待决问题来自冻结用户义务而非 Reviewer 自由文本：mixed-decision (868.241209ms)
✔ R09 首次待决问题来自冻结用户义务而非 Reviewer 自由文本：mixed-verification (752.893125ms)
✔ R09 Owner 反馈经实际失败入口分类且保留独立任务：technical (762.46775ms)
✔ R09 Owner 反馈经实际失败入口分类且保留独立任务：permission (703.248416ms)
✔ R09 Owner 反馈经实际失败入口分类且保留独立任务：business (742.978708ms)
✔ R09 Owner 反馈接纳拒绝伪造绑定、无依据、外来会话和过期候选 (803.827625ms)
