TAP version 13
# Subtest: T23 SIGKILL after prompt flush before submitted receipt preserves one accepted prompt
ok 1 - T23 SIGKILL after prompt flush before submitted receipt preserves one accepted prompt
  ---
  duration_ms: 2665.203667
  type: 'test'
  ...
# Subtest: T23 SIGKILL after create returns before Owner binding cannot authorize resend
ok 2 - T23 SIGKILL after create returns before Owner binding cannot authorize resend
  ---
  duration_ms: 2554.848583
  type: 'test'
  ...
# Subtest: T23 SIGKILL after durable reservation allows exactly one original-identity Owner execution
ok 3 - T23 SIGKILL after durable reservation allows exactly one original-identity Owner execution
  ---
  duration_ms: 2366.355875
  type: 'test'
  ...
# Subtest: T23 two ready processes competing for one durable intent execute its Owner only once
ok 4 - T23 two ready processes competing for one durable intent execute its Owner only once
  ---
  duration_ms: 3256.390958
  type: 'test'
  ...
# Subtest: T23 distinct requests racing for the final credit execute only the admitted Owner
ok 5 - T23 distinct requests racing for the final credit execute only the admitted Owner
  ---
  duration_ms: 3943.339084
  type: 'test'
  ...
1..5
# tests 5
# suites 0
# pass 5
# fail 0
# cancelled 0
# skipped 0
# todo 0
# duration_ms 14874.618375
