✔ T13 明确有限配置，没有默认无限值或隐式数值转换 (3.619208ms)
✔ T13 BUD-01 两级限额原子扣减，问题用完不阻止独立问题 (4.706ms)
✔ T13 BUD-03 最后一份额度按传入的新快照串行竞争，两级不半扣 (0.986167ms)
✔ T13 BUD-03 请求重放在耗尽后仍返回原attempt，重载不重扣 (1.282458ms)
✔ T13 同request改变workflowId拒绝，不借重复请求改绑定 (1.5425ms)
✔ T13 同request改变rootProblemId拒绝，不借重复请求改绑定 (1.742459ms)
✔ T13 同request改变attemptId拒绝，不借重复请求改绑定 (0.855125ms)
✔ T13 同request改变taskId拒绝，不借重复请求改绑定 (2.247083ms)
✔ T13 同request改变ownerId拒绝，不借重复请求改绑定 (1.04425ms)
✔ T13 同request改变executionVersion拒绝，不借重复请求改绑定 (0.861708ms)
✔ T13 同attempt不能被不同request占用；不存在问题与外来Workflow拒绝 (2.024833ms)
✔ T13 问题注册幂等但来源和限额不可替换，同来源不能另开根问题 (1.190375ms)
✔ T13 执行开始绑定不可换，未开始不能成功结算，终态不能重启 (2.070917ms)
✔ T13 启动前failed可结算，不退额度；相同回执重放不改状态 (2.294541ms)
✔ T13 启动前cancelled可结算，不退额度；相同回执重放不改状态 (0.963209ms)
✔ T13 开始及结算都重新核验完整绑定，调用错误不能写状态 (2.624792ms)
✔ T13 BUD-04/05 相关新证据不退预算，A/B/A与换引用重放只留两份事实 (2.514875ms)
✔ T13 来源不匹配、相同引用内容冲突、进展升格关闭都拒绝 (1.531625ms)
✔ T13 问题关闭需当前根的关闭引用且无未结算attempt，关闭不擦历史 (3.770917ms)
✔ T13 序列化账本严格校验，不接纳未知版本、重复记录或被改写的计数 (1.603584ms)
✔ T13 返回对象和输入无共享可写引用；冻结输入仍可工作 (0.836375ms)
✔ T13 原型敏感字符串只作为ID数据，不能串改其他问题 (0.560458ms)
✔ T13 严格输入不静默丢弃错误字段或伪证据标记 (1.651292ms)
✔ T13 同根问题换task、Owner或版本仍共享已用额度，不重新注册预算 (0.667334ms)
✔ T13 同一核验事实可分别关联多个根问题，各自核验来源和关闭引用 (0.751791ms)
✔ T13 F-14 跨attempt跨字段引用拒绝：先执行后结算 (0.932625ms)
✔ T13 F-14 跨attempt跨字段引用拒绝：先结算后执行 (0.495833ms)
✔ T13 F-14 JSON导入拒绝跨字段串用回执，reverse=false (0.690708ms)
✔ T13 F-14 JSON导入拒绝跨字段串用回执，reverse=true (1.131542ms)
✔ T13 F-14 同attempt跨字段引用及重放合法，不同版本引用仍独立 (1.194375ms)
✔ T13 F-14 保留同字段跨attempt去重：execution (1.984959ms)
✔ T13 F-14 保留同字段跨attempt去重：result (0.596875ms)
ℹ tests 32
ℹ suites 0
ℹ pass 32
ℹ fail 0
ℹ cancelled 0
ℹ skipped 0
ℹ todo 0
ℹ duration_ms 188.016
