✔ T20 persists a bounded owner-failure reservation and returns only a launch-disabled receipt (806.22025ms)
✔ T20 reloads the same durable request through a new Runtime without rebilling or changing identity (623.462917ms)
✔ T20 derives A/B/A from persisted strategy, keeping one root but distinct durable requests (668.733459ms)
✔ T20 rejects forged request fields and incorrect source binding without creating a recovery account (932.37775ms)
✔ T20 rejects a missing strategy and owner-failure records that no longer describe a failed technical task (785.731ms)
✔ T20 admits only a live technical obligation and preserves the user-authority boundary (1431.851042ms)
✔ T20 makes approval, current plan digest, cancellation, malformed state, and absent config hard wrapper gates (747.487916ms)
✔ T20 rejects changed limits after accounting begins and never returns a receipt when the first save cannot commit (873.630584ms)
✔ T20 cross-process distinct requests consume the final workflow credit once (962.090667ms)
✔ T20 cross-process competition for one request yields one receipt identity and one debit (1035.423625ms)
✔ R15 next failed executions with the same strategy inherit the root and persist replay across Runtime restarts (1014.574291ms)
▶ R15 rejects missing, wrong, and unknown continuation bindings without changing the saved revision or budget
  ✔ missing (38.788ms)
  ✔ contract (40.030708ms)
  ✔ sourceId (84.846292ms)
  ✔ rootProblemId (64.94475ms)
  ✔ requestId (71.221583ms)
  ✔ attemptId (53.866792ms)
  ✔ taskId (43.627916ms)
  ✔ ownerId (43.874625ms)
  ✔ planDigest (48.097042ms)
  ✔ identity sessionId (49.363042ms)
  ✔ identity promptId (53.421709ms)
  ✔ run attempt (63.977042ms)
  ✔ run session (44.70675ms)
  ✔ unknown field (38.703416ms)
  ✔ execution receipt (1322.06875ms)
  ✔ result receipt (62.147667ms)
✔ R15 rejects missing, wrong, and unknown continuation bindings without changing the saved revision or budget (2511.676458ms)
✔ R15 rejects a predecessor that never started (506.476541ms)
✔ R15 rejects a predecessor that still running (515.872417ms)
✔ R15 rejects a predecessor that succeeded (431.850417ms)
✔ R15 rejects a predecessor that cancelled (505.102291ms)
✔ R15 continuation cannot reset exhausted problem credit (403.829375ms)
✔ R15 continuation cannot reset exhausted workflow credit (347.822458ms)
▶ R15 a settled execution cannot be reused as a differently numbered successor; saved chain and missing edges fail closed
  ✔ renumber the same execution (55.362292ms)
  ✔ drop current continuation (52.361167ms)
  ✔ drop historical edge (52.873958ms)
  ✔ redirect historical parent (50.739584ms)
  ✔ redirect successor root (52.04625ms)
✔ R15 a settled execution cannot be reused as a differently numbered successor; saved chain and missing edges fail closed (825.262625ms)
✔ R15 concurrent continuation calls from separate processes share one successor receipt and one debit (850.841667ms)
✔ R15 a technical obligation recovery can produce a failed Owner continuation under its original root (440.7515ms)
✔ R15 derived source retains A/B/A replay without erasing the continuation edge (513.850208ms)
ℹ tests 43
ℹ suites 0
ℹ pass 43
ℹ fail 0
ℹ cancelled 0
ℹ skipped 0
ℹ todo 0
ℹ duration_ms 18132.670166
