✔ Arbiter 可以把 Runtime 已知的 abstract 节点转入拆分而不误判为新问题 (1439.767166ms)
✔ 计划修订次数只作遥测，无进展时切换策略而不是请求扩额 (3997.583042ms)
✔ 非法修订候选保留原计划并自动切换恢复策略，修复后继续审查 (2297.740458ms)
✔ 计划修订并发调用复用 single-flight，并用新版超时策略恢复旧 180 秒失败预算 (1598.70175ms)
✔ 计划修订拒绝使用不属于当前 planDigest 的旧审查结果 (1255.819584ms)
✔ 规划契约失败返回完整 Workflow ID，并在同一现场有界恢复 (6090.090958ms)
✔ Harness agent/status 持久化运行中、空闲和关闭生命周期 (73.923417ms)
✔ one-shot Reviewer 返回结果后立即持久化 closed，不在会话树中伪装成 idle 工作 (58.311959ms)
﹣ 旧版次数驱动 continuable Planner mock（已由证据租约、Arbiter 与完整 Workflow 集成测试替代） (0.158916ms) # SKIP
✔ 完整 Workflow 从预检经过多轮计划审查、Supervisor、Owner 到最终交付 (15440.47825ms)
✔ 取消功能 Workflow 后项目级 Owner Registry 仍被后续 Workflow 直接复用 (5581.11425ms)
✔ 旧 Workflow 中已批准但未进入基础分支的 Registry 会在继续流程时迁移 (3301.030375ms)
✔ 新建 Workflow 会先迁移已取消旧 Workflow 中最新获批的固定 Owner (3125.795ms)
✔ 规划器首轮提交不满足契约时，运行时会带校验错误重试一次 (1156.260208ms)
✔ 规划器只选择 Owner ID，Runtime 从正式 Registry 注入完整定义 (1320.290583ms)
✔ Planner 伪造宽 scope 不能绕过正式 Registry 的 task.write 边界 (1234.6205ms)
✔ handoff 重规划 prompt 只声明 V2 任务计划契约 (1106.952625ms)
✔ 规划器不能用未登记 Owner 绕过 Registry 提案审批 (943.858541ms)
✔ Registry 批准要求完全匹配 digest，写入 workflow worktree 并使旧计划审查失效 (1749.996458ms)
✔ V2 Registry 批准后的 registry_pending_plan 可以原地重新规划 (2453.915875ms)
✔ 运行中任务存在时拒绝 Registry 提案与批准 (1000.30625ms)
✔ 主工具公开 cancel 描述且保留 status 旧动作 (698.75175ms)
✔ 旧聚合入口不再暴露或执行计划修订与规划恢复 (507.4655ms)
✔ 旧聚合入口拒绝 start，强制使用带 preflight digest 的单职责工具 (484.901541ms)
✔ workflow_git_inspect 只提供受限 Git 证据且拒绝 .git 内部路径 (729.754625ms)
✔ Owner 结构化请求工具只暴露 request_subgraph 和 request_handoff 的最小字段 (377.521667ms)
✔ 公开 Owner 工具只保留提交关卡、宿主授权桥和结构化协调入口 (418.641917ms)
✔ 主工具 cancel 缺少 workflow_id 时拒绝 (326.561917ms)
✔ 主工具 cancel 返回 cancelled，随后 status 返回 cancelled (960.6545ms)
✔ 主工具只暴露 Registry 审批动作，不保留旧 Owner 直写动作 (1.446917ms)
✔ DSH_PLAN_V1 所有控制桥和外置执行入口拒绝但 status 可读 (1643.949792ms)
✔ R05 决定回执经真实 Review 关闭入口消费：orchestrator (1975.389291ms)
✔ R05 决定回执经真实 Review 关闭入口消费：user (2868.460791ms)
✔ R05 用户确认期间义务版本变化时不记录过期决定 (1205.854375ms)
✔ R05 结构展开依据经 Runtime 消费，只关闭结构义务而保留业务验证 (1480.965541ms)
✔ R05 pending 候选决定不能借用 active 回执，旧快照不能消费已变化候选 (1319.396958ms)
✔ R05 同候选的新决定替代旧回执，取消替代不影响旧决定 (3453.368167ms)
✔ R06 真实 Review 会诊固定描述在相同事实下耗尽策略 (5284.228333ms)
✔ R06 真实 Review 会诊交替描述在相同事实下耗尽策略 (5751.804167ms)
✔ R06 真实候选补齐绑定只记一次进展，重复与候选文案变化不续期 (2682.398083ms)
✔ R06 文件进展由宿主重新读取，伪造缓存与过期候选没有文件事实 (1281.854917ms)
✔ R06 Runner 探针不能凭摘要变化清空策略，真实新文件只恢复一次 (5226.832583ms)
✔ R08 真实 Review 分类与控制路由一致：technical (1060.172875ms)
✔ R08 真实 Review 分类与控制路由一致：business (1895.30025ms)
✔ R08 真实 Review 分类与控制路由一致：permission (1417.03925ms)
✔ R08 真实 Review 分类与控制路由一致：mixed (1340.848167ms)
✔ R09 首次待决问题来自冻结用户义务而非 Reviewer 自由文本：permission (1870.554708ms)
✔ R09 首次待决问题来自冻结用户义务而非 Reviewer 自由文本：business (1790.215834ms)
✔ R09 首次待决问题来自冻结用户义务而非 Reviewer 自由文本：mixed-decision (3087.898166ms)
✔ R09 首次待决问题来自冻结用户义务而非 Reviewer 自由文本：mixed-verification (2632.076334ms)
✔ R09 Owner 反馈经实际失败入口分类且保留独立任务：technical (4966.835333ms)
✔ R09 Owner 反馈经实际失败入口分类且保留独立任务：permission (2757.456583ms)
✔ R09 Owner 反馈经实际失败入口分类且保留独立任务：business (2454.905125ms)
✔ R09 Owner 反馈接纳拒绝伪造绑定、无依据、外来会话和过期候选 (3673.665ms)
✔ R09 已接纳反馈消费前重新校验当前来源：session (7135.621958ms)
✔ R09 已接纳反馈消费前重新校验当前来源：attempt (5509.90075ms)
✔ R09 已接纳反馈消费前重新校验当前来源：plan (3912.196208ms)
✔ R09 已接纳反馈消费前重新校验当前来源：owner (3825.35225ms)
✔ R09 同 attempt 的用户反馈幂等保留，不能由后续技术描述降权 (4566.4225ms)
✔ R09 Owner 恢复消费当前反馈，换 attempt 后不继承旧用户门禁 (4042.648459ms)
✔ R09 已确认权限缺口优先于技术 handoff 策略 (2346.995708ms)
✔ R09 已报告用户待决后不能通过 completed 提交越过门禁：permission (1918.937458ms)
✔ R09 已报告用户待决后不能通过 completed 提交越过门禁：business (2113.581458ms)
✔ R10 真实 Owner 非成功结算保留分类与局部待决：permission-blocked (4523.893875ms)
✔ R10 真实 Owner 非成功结算保留分类与局部待决：permission-failed (2660.46125ms)
✔ R10 真实 Owner 非成功结算保留分类与局部待决：business-blocked (2839.794958ms)
✔ R10 真实 Owner 非成功结算保留分类与局部待决：legacy-blocked (2857.949167ms)
✔ R11 预算错误不覆盖当前用户依据：supervisor/permission (1407.638625ms)
✔ R11 预算错误不覆盖当前用户依据：supervisor/business (1412.170416ms)
✔ R11 预算错误不覆盖当前用户依据：supervisor/technical (1340.263041ms)
✔ R11 预算错误不覆盖当前用户依据：supervisor/stale-permission (2174.753625ms)
