✔ 展开 Composite 后保留父外部依赖、后继依赖父且子图 entry/exit 可达 (30.156875ms)
✔ Composite 可递归拆分，直到所有 abstract 节点变成可执行叶子 (12.031542ms)
✔ Composite 只允许未开始且没有业务提交的 work task (16.268666ms)
✔ Composite 拒绝 ID 冲突、内部环、不可达 entry/exit、越界 Owner 和未绑定验证 (25.998083ms)
✔ 局部 delta 使被修改任务、Review 和依赖后继失效，并清空旧执行证据 (7.178709ms)
✔ 局部 delta 要求明确 carryForward，且不允许改写已完成任务或固定提交 (17.122792ms)
✔ 局部 delta 的失效闭包包含 Composite 父任务和父任务后继 (14.3445ms)
✔ Composite 子任务不能成为父任务外部依赖，delta 也不能改变 Registry 或删除固定提交证据 (17.177584ms)
✔ Plan delta 拒绝 V1 并规范化新增 V2 任务 (4.296917ms)
✔ V2 计划在构建自动机前拒绝超长 scope glob (1.4395ms)
✔ V2 计划在构建自动机前拒绝字面字符种类过多的 write glob (1.698ms)
✔ V2 计划拒绝超出单层 Owner scope 的递归 write (0.60975ms)
✔ V2 计划拒绝与 Owner exclude 相交的 write (0.542708ms)
✔ V2 计划拒绝用单层通配符扩大问号 Owner scope (2.048833ms)
✔ V2 计划拒绝未绑定的验证 ID (1.670083ms)
✔ V2 work task 必须绑定至少一个 required verification (1.366958ms)
✔ 渐进式 DAG 允许 abstract work 暂不绑定写入和验证，并标记为不可执行 (1.175833ms)
✔ V2 计划拒绝未定义的 decomposition 状态并列出允许值 (1.102958ms)
✔ V2 计划拒绝任务依赖环 (2.199167ms)
✔ V2 计划拒绝空验证 argv (0.882375ms)
✔ V2 计划拒绝用 argv 字段替代 run 并返回可修复错误 (1.211292ms)
✔ V2 验证 cwd 只接受受限仓库相对目录并规范化保存 (12.141125ms)
✔ V2 计划拒绝把 legacy stages 或 completedStages 带入执行模型 (0.914375ms)
✔ V2 计划拒绝字符串验证 argv (0.379584ms)
✔ V2 生命周期使用固定 workflow 和 task 状态 (0.064584ms)
✔ 任务停止状态只接受固定的 reason/action 配对 (0.036833ms)
✔ 任务停止拒绝未定义的 reason/action 配对 (0.352834ms)
✔ 任务停止接受 input_missing/provide_input 配对 (0.176541ms)
✔ 任务停止接受其余固定 reason/action 配对 (0.187875ms)
✔ V2 计划拒绝 review 任务的 write (3.208042ms)
✔ V2 计划拒绝 verify 任务的 write (1.289292ms)
✔ V2 计划原样保留 done 验收文本 (1.992834ms)
✔ V1 历史计划可读取运行时目录范围且不可执行 (1.678958ms)
✔ V2 计划规范化显式角色，并按完成的依赖返回可执行任务 (5.166541ms)
✔ V2 就绪计算跳过运行中和已停止的根任务，并保留并行根任务顺序 (1.822292ms)
✔ 所有者范围支持目录范围和排除范围 (1.461292ms)
✔ 所有者范围正确处理问号、单层通配符和目录边界 (1.821834ms)
✔ 计划拒绝循环和未知 Owner (0.42875ms)
✔ 计划拒绝所有者范围重叠 (0.664625ms)
✔ V2 计划拒绝运行时管理目录的 Owner scope (3.139583ms)
✔ 父 Owner 排除完整子模块后允许合法拆分 (1.511917ms)
✔ 局部 exclude 不能掩盖父 scope 剩余区域的重叠 (0.716917ms)
✔ 所有者范围正确区分文件、目录和相邻路径 (1.43525ms)
✔ 所有者范围的问号和递归通配符参与重叠判断 (4.390625ms)
✔ 规划和所有者结果契约未知时按关闭处理 (2.276458ms)
✔ 新计划审查义务必须有显式来源、目标和可核验关闭合同，旧记录只能显式读取 (0.555ms)
✔ 新计划审查义务在 Schema 与 normalizer 中都必须提供不可变 obligationId (0.289167ms)
✔ 计划审查关闭合同支持结构可执行与版本化决定，并按类型要求字段 (3.176959ms)
✔ 带计划上下文时验证转交目标所有者和文件范围 (1.532666ms)
✔ Owner 结果可以提出结构化长期记忆，但不能直接引用运行时目录 (0.609209ms)
✔ V2 计划规范化任务优先级和显式失败策略，并拒绝不完整修复策略 (2.090208ms)
ℹ tests 51
ℹ suites 0
ℹ pass 51
ℹ fail 0
ℹ cancelled 0
ℹ skipped 0
ℹ todo 0
ℹ duration_ms 388.745333
