✔ 外部控制桥可以驱动 ping 和 status，并在运行时释放后清理 (708.430542ms)
✔ 真实审查入口把未关闭义务的 passed 降级，并拒绝激活 (1805.5775ms)
✔ pending revision 的 open 义务不阻断仍有效的 active plan Owner 启动 (1242.288209ms)
✔ R03 同 digest evidence-lease-v1 的已批准 Owner 启动与恢复边界 (962.58275ms)
✔ R03 同 digest evidence-lease-v2 的已批准 Owner 启动与恢复边界 (1092.103333ms)
✔ Supervisor create 只持久 reservation，必须由外置 runner 显式 execute 才启动 Owner (926.048333ms)
✔ Supervisor 首次启动保留计划修订迁移后的已完成任务 (425.156917ms)
✔ Supervisor 重启后直接结算已有固定提交，不重新启动 Owner (693.634875ms)
✔ Supervisor 遇到结构化 handoff 时进入局部重规划，不重跑只读验证任务 (496.104459ms)
✔ Runner daemon 自动发现 approved Workflow 并驱动 Harness 内 Owner 子代理 (1261.361167ms)
✔ planning-recover 控制动作安全补绑缺失 digest 并原地恢复 Reviewer (1031.703292ms)
✔ planning-recover 不会把旧 planDigest 的恢复次数继承到新 DAG (1075.375625ms)
✔ Planner 子代理报告通道失效时直接唤醒主会话，避免状态已变但会话没有入口 (0.64825ms)
✔ Harness 重启后会向根会话幂等补发计划批准通知 (1363.911459ms)
✔ 计划批准通知只投递到持久化的 Workflow 根会话 (979.136042ms)
✔ Planner 已提交结构化计划后立即结束等待，不受结束确认重试影响 (1.673709ms)
✔ planning-recover 会重建仍有修订预算的 Planner，而不是把 review_failed 当作终态 (1552.274917ms)
✔ 统一 workflow-drive 会恢复无需用户授权的 needs_decision Owner 会诊修订 (1293.304125ms)
✔ 自治事故的摘要型旧义务不能由 control socket probe 续期 (664.399541ms)
✔ control socket probe 只为类型化义务的宿主新文件续期一次 (1983.931208ms)
✔ 修订预算耗尽会持久通知主线程和 Runner，批准扩展后自动恢复同一 Planner (1924.410625ms)
✔ 重启前只标记 main-steer 已送达的待决策会重新直接打开原生问询 (1061.243042ms)
✔ 用户终止自动规划后由只读子代理总结并返回主线程讨论 (1144.305291ms)
✔ 重启后把旧版自定义扩额意见迁移为总结并退回主线程讨论 (1167.600125ms)
✔ planning-recover 在 plan digest 与 live Registry 不匹配时拒绝自愈 (1017.404459ms)
✔ 计划审查驱动失败会落盘诊断并允许 watchdog 有界重试 (1057.2995ms)
✔ Runner daemon 自动唤醒失败的计划审查且不启动 Supervisor (1225.352791ms)
✔ Runner 启动前可从固定提交重建尚未执行且已丢失的 Workflow worktree (634.698167ms)
✔ V2 控制桥拒绝 legacy owner 调度动作，唯一入口是 Supervisor (525.378625ms)
✔ runtime.dispose 阻止新 Supervisor dispatch 并等待已登记 dispatch 终态 (21.972792ms)
✔ Supervisor create 持久 reservation，并用真实 runExternalOwner 两阶段结算到 completed (3944.928042ms)
✔ Supervisor 查询会在 Runtime 重启后重建控制桥，供新的外置 runner 显式 recover (837.527083ms)
✔ Supervisor Owner 启动失败由自治恢复重排，不把工程故障写成用户决策 (739.254583ms)
✔ DSH_PLAN_V2 的 repair_owner 保留为意图提示，Runtime 按证据策略重新进入 DAG (986.830875ms)
✔ Supervisor inspect 只返回有限宿主字段，未知控制动作关闭处理 (992.347833ms)
✔ Supervisor 主会话通知只有真正 followup 成功后才标记 delivered (966.5735ms)
✔ Supervisor await_event 以持久游标阻塞等待，并在超时后记录一次受控观察 (921.453375ms)
✔ 任务达到 onTimeout.afterMs 后切换自治恢复策略而不是交给用户 (891.565792ms)
✔ Owner 恢复后使用本次运行时间重置超时基线，不沿用旧 reservation 时间 (618.742708ms)
✔ 持续产生心跳的长任务按进展续租，不因总运行时间被误杀 (609.506833ms)
✔ Supervisor receipt 绑定持久 revision，且 blocked workflow 不能确认旧 create (758.480792ms)
✔ Supervisor create receipt 绑定实际 planDigest，旧 ACK 拒绝且 workflow 不变 (547.41275ms)
✔ Supervisor stop receipt 绑定实际 planDigest，旧 stop 拒绝且 workflow 不变 (955.641833ms)
✔ blocked、failed、cancelled workflow 都不能把 stop 保存为 completed (1621.071792ms)
✔ cancel 结算活动记录、清理临时分支与 worktree，并幂等保留审计状态 (1626.924042ms)
✔ cancel 的持久路径记录异常时 fail-closed，不能删除项目根目录或基础分支 (521.435417ms)
✔ cancelled workflow 拒绝 Supervisor start，finalized workflow 拒绝 cancel (743.353708ms)
✔ 启用 Owner 工作模式后，主会话写入会被拒绝 (336.767334ms)
✔ 只读审计在脏工作区中运行，不创建 workflow 分支或 worktree (316.562542ms)
✔ workflow_recover 可以重建旧缺陷遗留的空 Supervisor task records (411.835417ms)
✔ 只读子代理继承完整工具集并只设置 read-only 沙箱 (2.844666ms)
✔ Owner 子代理策略继承完整工具并使用 workspace-write (0.534333ms)
✔ Operation 子代理继承完整工具但项目文件使用 read-only 沙箱 (0.0905ms)
✔ 历史 V1 计划即使 digest 匹配也不能批准执行 (889.311ms)
✔ 批准修订计划时自动恢复旧 Runtime 丢失的已完成任务状态 (805.175917ms)
✔ 计划修订冻结 ownerRuns 已完成任务，只迁移新增 repair 与最终 verify (1047.955292ms)
✔ 计划批准拒绝缺失的 live Registry，即使缓存 digest 匹配 (358.610625ms)
✔ 计划批准拒绝 live Registry 内容漂移，并由 registry_status 暴露 live digest (1035.489709ms)
✔ 计划批准在 digest 已重新绑定时仍拒绝 Owner 定义漂移 (1144.01425ms)
✔ finalize 会把 workflow 分支合并回启动分支并清理 worktree (2419.635ms)
✔ Implementation Review 必须读取实际 workflow HEAD 并保存审查结果 (1022.263292ms)
✔ Implementation Review 问题自动转换为带自治批准策略的 repair PlanRevision (1731.015625ms)
﹣ 旧版 Owner 持久子线程兼容测试（已由按任务回收模型替代） (0.131875ms) # SKIP
﹣ 旧版 Owner Shell 白名单测试（已由 worktree 与提交关卡替代） (0.063666ms) # SKIP
﹣ 旧版 Owner 逐写入包装测试（已由提交关卡替代） (0.02475ms) # SKIP
﹣ 旧版 owner_bash 快照测试（正式验证现在由 owner_submit 自动执行） (0.017584ms) # SKIP
﹣ 旧版多轮修复提示测试（现在由 owner_submit 在同一子线程返回错误） (0.015459ms) # SKIP
﹣ 旧版 Owner 结果文本结算测试（受保护路径由 owner_submit 提交关卡覆盖） (0.01475ms) # SKIP
✔ Owner Registry 提案在没有活动任务时只保存待审批提案 (1264.759666ms)
✔ Owner 设定与批准只能由绑定的 Workflow 主线程执行 (2600.850917ms)
✔ 规划器输出 Registry operation 时只保存结构化建议，不写正式 Registry，并由运行时绑定正式 digest (1887.137333ms)
✔ 规划器的 proposal 包装会兼容为直接 Registry operation (2745.649458ms)
✔ 规划器可一次提交完整 Owner Registry batch 并按最终快照绑定全部 Owner (1677.921125ms)
✔ 规划提交只接受当前规划子代理的一次结构化结果 (1.19975ms)
✔ one-shot Planner 在 workflow_plan_submit 时即时校验并允许原线程修正 (1.794667ms)
✔ 计划审查提交只接受当前 Plan Reviewer 的合法结构化结果 (1.404459ms)
✔ 计划 Reviewer 首轮状态非法时自动携带错误重试并保存结构化问题 (2086.070125ms)
✔ Reviewer 不能要求 abstract decision 删除必填 Owner 会诊字段，必须重试为 decision (1832.546917ms)
✔ Reviewer 判定 needs_split 后，Owner 会诊参与目标节点的递归拆分 (2691.819791ms)
✔ Reviewer 判定 needs_decision 后停止自动修订并把问题总结回主线程 (1728.3045ms)
✔ awaiting_main_discussion 接收明确 Intent 后可以生成 PlanRevision 候选 (6772.234792ms)
✔ 同类审查问题连续出现时，Runtime 强制 Reviewer 从 needs_revision 升级分类 (2193.930167ms)
✔ 冻结义务无进展时由独立 Arbiter 裁决而不是请求用户扩额 (1200.319084ms)
ℹ tests 83
ℹ suites 0
ℹ pass 77
ℹ fail 0
ℹ cancelled 0
ℹ skipped 6
ℹ todo 0
ℹ duration_ms 88124.868292
