✔ T20 persists a bounded owner-failure reservation and returns only a launch-disabled receipt (136.660417ms)
✔ T20 reloads the same durable request through a new Runtime without rebilling or changing identity (150.470958ms)
✔ T20 derives A/B/A from persisted strategy, keeping one root but distinct durable requests (186.595916ms)
✔ T20 rejects forged request fields and incorrect source binding without creating a recovery account (224.558708ms)
✔ T20 rejects a missing strategy and owner-failure records that no longer describe a failed technical task (146.345ms)
✔ T20 admits only a live technical obligation and preserves the user-authority boundary (256.572042ms)
✔ T20 makes approval, current plan digest, cancellation, malformed state, and absent config hard wrapper gates (190.96125ms)
✔ T20 rejects changed limits after accounting begins and never returns a receipt when the first save cannot commit (259.948083ms)
✔ T20 cross-process distinct requests consume the final workflow credit once (245.863042ms)
✔ T20 cross-process competition for one request yields one receipt identity and one debit (251.610042ms)
✔ R15 next failed executions with the same strategy inherit the root and persist replay across Runtime restarts (255.738125ms)
▶ R15 rejects missing, wrong, and unknown continuation bindings without changing the saved revision or budget
  ✔ missing (16.654208ms)
  ✔ contract (14.627541ms)
  ✔ sourceId (15.1545ms)
  ✔ rootProblemId (14.624791ms)
  ✔ requestId (13.963209ms)
  ✔ attemptId (14.022334ms)
  ✔ taskId (14.074875ms)
  ✔ ownerId (14.583875ms)
  ✔ planDigest (13.186416ms)
  ✔ identity sessionId (13.931917ms)
  ✔ identity promptId (13.82275ms)
  ✔ run attempt (13.108417ms)
  ✔ run session (13.777667ms)
  ✔ unknown field (13.905292ms)
  ✔ execution receipt (14.68125ms)
  ✔ result receipt (14.037334ms)
✔ R15 rejects missing, wrong, and unknown continuation bindings without changing the saved revision or budget (358.336ms)
✔ R15 rejects a predecessor that never started (141.448708ms)
✔ R15 rejects a predecessor that still running (141.755375ms)
✔ R15 rejects a predecessor that succeeded (141.647291ms)
✔ R15 rejects a predecessor that cancelled (140.318333ms)
✔ R15 continuation cannot reset exhausted problem credit (140.679209ms)
✔ R15 continuation cannot reset exhausted workflow credit (144.832833ms)
▶ R15 a settled execution cannot be reused as a differently numbered successor; saved chain and missing edges fail closed
  ✔ renumber the same execution (13.5585ms)
  ✔ drop current continuation (13.420916ms)
  ✔ drop historical edge (13.736459ms)
  ✔ redirect historical parent (13.488667ms)
  ✔ redirect successor root (13.084625ms)
✔ R15 a settled execution cannot be reused as a differently numbered successor; saved chain and missing edges fail closed (201.514084ms)
✔ R15 concurrent continuation calls from separate processes share one successor receipt and one debit (272.806333ms)
✔ R15 a technical obligation recovery can produce a failed Owner continuation under its original root (139.263292ms)
✔ R15 derived source retains A/B/A replay without erasing the continuation edge (166.0075ms)
ℹ tests 43
ℹ suites 0
ℹ pass 43
ℹ fail 0
ℹ cancelled 0
ℹ skipped 0
ℹ todo 0
ℹ duration_ms 4381.648458
