✔ 外部控制桥可以驱动 ping 和 status，并在运行时释放后清理 (125.331458ms)
✔ 真实审查入口把未关闭义务的 passed 降级，并拒绝激活 (465.899ms)
✔ pending revision 的 open 义务不阻断仍有效的 active plan Owner 启动 (281.549209ms)
✔ R03 同 digest evidence-lease-v1 的已批准 Owner 启动与恢复边界 (277.109583ms)
✔ R03 同 digest evidence-lease-v2 的已批准 Owner 启动与恢复边界 (269.806708ms)
✔ Supervisor create 只持久 reservation，必须由外置 runner 显式 execute 才启动 Owner (266.8735ms)
✔ Supervisor 首次启动保留计划修订迁移后的已完成任务 (136.603125ms)
✔ Supervisor 重启后直接结算已有固定提交，不重新启动 Owner (209.788292ms)
✔ Supervisor 遇到结构化 handoff 时进入局部重规划，不重跑只读验证任务 (153.867291ms)
✔ Runner daemon 自动发现 approved Workflow 并驱动 Harness 内 Owner 子代理 (302.156125ms)
✔ planning-recover 控制动作安全补绑缺失 digest 并原地恢复 Reviewer (274.764917ms)
✔ planning-recover 不会把旧 planDigest 的恢复次数继承到新 DAG (271.046167ms)
✔ Planner 子代理报告通道失效时直接唤醒主会话，避免状态已变但会话没有入口 (0.293209ms)
✔ Harness 重启后会向根会话幂等补发计划批准通知 (322.4025ms)
✔ 计划批准通知只投递到持久化的 Workflow 根会话 (282.569375ms)
✔ Planner 已提交结构化计划后立即结束等待，不受结束确认重试影响 (0.46575ms)
✔ planning-recover 会重建仍有修订预算的 Planner，而不是把 review_failed 当作终态 (378.568833ms)
✔ 统一 workflow-drive 会恢复无需用户授权的 needs_decision Owner 会诊修订 (418.133458ms)
✔ 自治事故的摘要型旧义务不能由 control socket probe 续期 (144.478709ms)
✔ control socket probe 只为类型化义务的宿主新文件续期一次 (338.824917ms)
✔ 修订预算耗尽会持久通知主线程和 Runner，批准扩展后自动恢复同一 Planner (403.231ms)
✔ 重启前只标记 main-steer 已送达的待决策会重新直接打开原生问询 (318.988375ms)
✔ 用户终止自动规划后由只读子代理总结并返回主线程讨论 (285.565958ms)
✔ 重启后把旧版自定义扩额意见迁移为总结并退回主线程讨论 (271.887875ms)
✔ planning-recover 在 plan digest 与 live Registry 不匹配时拒绝自愈 (254.20175ms)
✔ 计划审查驱动失败会落盘诊断并允许 watchdog 有界重试 (298.799209ms)
✔ Runner daemon 自动唤醒失败的计划审查且不启动 Supervisor (323.184875ms)
✔ Runner 启动前可从固定提交重建尚未执行且已丢失的 Workflow worktree (199.663542ms)
✔ V2 控制桥拒绝 legacy owner 调度动作，唯一入口是 Supervisor (193.1715ms)
✔ runtime.dispose 阻止新 Supervisor dispatch 并等待已登记 dispatch 终态 (21.392625ms)
✔ Supervisor create 持久 reservation，并用真实 runExternalOwner 两阶段结算到 completed (977.74125ms)
✔ Supervisor 查询会在 Runtime 重启后重建控制桥，供新的外置 runner 显式 recover (225.696125ms)
✔ Supervisor Owner 启动失败由自治恢复重排，不把工程故障写成用户决策 (241.386041ms)
✔ DSH_PLAN_V2 的 repair_owner 保留为意图提示，Runtime 按证据策略重新进入 DAG (259.517541ms)
✔ Supervisor inspect 只返回有限宿主字段，未知控制动作关闭处理 (259.104292ms)
✔ Supervisor 主会话通知只有真正 followup 成功后才标记 delivered (140.960209ms)
✔ Supervisor await_event 以持久游标阻塞等待，并在超时后记录一次受控观察 (201.959791ms)
✔ 任务达到 onTimeout.afterMs 后切换自治恢复策略而不是交给用户 (213.337417ms)
✔ Owner 恢复后使用本次运行时间重置超时基线，不沿用旧 reservation 时间 (200.151375ms)
✔ 持续产生心跳的长任务按进展续租，不因总运行时间被误杀 (194.482333ms)
✔ Supervisor receipt 绑定持久 revision，且 blocked workflow 不能确认旧 create (214.088084ms)
✔ Supervisor create receipt 绑定实际 planDigest，旧 ACK 拒绝且 workflow 不变 (214.204542ms)
✔ Supervisor stop receipt 绑定实际 planDigest，旧 stop 拒绝且 workflow 不变 (231.643333ms)
✔ blocked、failed、cancelled workflow 都不能把 stop 保存为 completed (540.430375ms)
✔ cancel 结算活动记录、清理临时分支与 worktree，并幂等保留审计状态 (408.177208ms)
✔ cancel 的持久路径记录异常时 fail-closed，不能删除项目根目录或基础分支 (160.076167ms)
✔ cancelled workflow 拒绝 Supervisor start，finalized workflow 拒绝 cancel (268.377167ms)
✔ 启用 Owner 工作模式后，主会话写入会被拒绝 (107.33575ms)
✔ 只读审计在脏工作区中运行，不创建 workflow 分支或 worktree (107.574958ms)
✔ workflow_recover 可以重建旧缺陷遗留的空 Supervisor task records (136.011125ms)
✔ 只读子代理继承完整工具集并只设置 read-only 沙箱 (0.584292ms)
✔ Owner 子代理策略继承完整工具并使用 workspace-write (0.045541ms)
✔ Operation 子代理继承完整工具但项目文件使用 read-only 沙箱 (0.032416ms)
✔ 历史 V1 计划即使 digest 匹配也不能批准执行 (302.789958ms)
✔ 批准修订计划时自动恢复旧 Runtime 丢失的已完成任务状态 (276.466458ms)
✔ 计划修订冻结 ownerRuns 已完成任务，只迁移新增 repair 与最终 verify (357.673625ms)
✔ 计划批准拒绝缺失的 live Registry，即使缓存 digest 匹配 (111.036583ms)
✔ 计划批准拒绝 live Registry 内容漂移，并由 registry_status 暴露 live digest (342.930292ms)
✔ 计划批准在 digest 已重新绑定时仍拒绝 Owner 定义漂移 (397.2215ms)
✔ finalize 会把 workflow 分支合并回启动分支并清理 worktree (732.642209ms)
✔ Implementation Review 必须读取实际 workflow HEAD 并保存审查结果 (323.520125ms)
✔ Implementation Review 问题自动转换为带自治批准策略的 repair PlanRevision (501.85875ms)
﹣ 旧版 Owner 持久子线程兼容测试（已由按任务回收模型替代） (0.059666ms) # SKIP
﹣ 旧版 Owner Shell 白名单测试（已由 worktree 与提交关卡替代） (0.017291ms) # SKIP
﹣ 旧版 Owner 逐写入包装测试（已由提交关卡替代） (0.01275ms) # SKIP
﹣ 旧版 owner_bash 快照测试（正式验证现在由 owner_submit 自动执行） (0.013458ms) # SKIP
﹣ 旧版多轮修复提示测试（现在由 owner_submit 在同一子线程返回错误） (0.01225ms) # SKIP
﹣ 旧版 Owner 结果文本结算测试（受保护路径由 owner_submit 提交关卡覆盖） (0.010625ms) # SKIP
✔ Owner Registry 提案在没有活动任务时只保存待审批提案 (226.002667ms)
✔ Owner 设定与批准只能由绑定的 Workflow 主线程执行 (554.450416ms)
✔ 规划器输出 Registry operation 时只保存结构化建议，不写正式 Registry，并由运行时绑定正式 digest (393.801ms)
✔ 规划器的 proposal 包装会兼容为直接 Registry operation (386.46125ms)
✔ 规划器可一次提交完整 Owner Registry batch 并按最终快照绑定全部 Owner (425.401958ms)
✔ 规划提交只接受当前规划子代理的一次结构化结果 (0.287667ms)
✔ one-shot Planner 在 workflow_plan_submit 时即时校验并允许原线程修正 (0.728208ms)
✔ 计划审查提交只接受当前 Plan Reviewer 的合法结构化结果 (0.170792ms)
✔ 计划 Reviewer 首轮状态非法时自动携带错误重试并保存结构化问题 (382.242958ms)
✔ Reviewer 不能要求 abstract decision 删除必填 Owner 会诊字段，必须重试为 decision (369.451541ms)
✔ Reviewer 判定 needs_split 后，Owner 会诊参与目标节点的递归拆分 (489.536125ms)
✔ Reviewer 判定 needs_decision 后停止自动修订并把问题总结回主线程 (411.622584ms)
✔ awaiting_main_discussion 接收明确 Intent 后可以生成 PlanRevision 候选 (1317.445625ms)
✔ 同类审查问题连续出现时，Runtime 强制 Reviewer 从 needs_revision 升级分类 (348.684625ms)
✔ 冻结义务无进展时由独立 Arbiter 裁决而不是请求用户扩额 (282.150625ms)
✔ Arbiter 可以把 Runtime 已知的 abstract 节点转入拆分而不误判为新问题 (288.816083ms)
✔ 计划修订次数只作遥测，无进展时切换策略而不是请求扩额 (861.890791ms)
✔ 非法修订候选保留原计划并自动切换恢复策略，修复后继续审查 (603.335292ms)
✔ 计划修订并发调用复用 single-flight，并用新版超时策略恢复旧 180 秒失败预算 (417.056667ms)
✔ 计划修订拒绝使用不属于当前 planDigest 的旧审查结果 (284.167959ms)
✔ 规划契约失败返回完整 Workflow ID，并在同一现场有界恢复 (1248.712208ms)
✔ Harness agent/status 持久化运行中、空闲和关闭生命周期 (16.589791ms)
✔ one-shot Reviewer 返回结果后立即持久化 closed，不在会话树中伪装成 idle 工作 (14.241625ms)
﹣ 旧版次数驱动 continuable Planner mock（已由证据租约、Arbiter 与完整 Workflow 集成测试替代） (0.042625ms) # SKIP
✔ 完整 Workflow 从预检经过多轮计划审查、Supervisor、Owner 到最终交付 (3853.76425ms)
✔ 取消功能 Workflow 后项目级 Owner Registry 仍被后续 Workflow 直接复用 (1442.640875ms)
✔ 旧 Workflow 中已批准但未进入基础分支的 Registry 会在继续流程时迁移 (713.492917ms)
✔ 新建 Workflow 会先迁移已取消旧 Workflow 中最新获批的固定 Owner (1003.34475ms)
✔ 规划器首轮提交不满足契约时，运行时会带校验错误重试一次 (366.530417ms)
✔ 规划器只选择 Owner ID，Runtime 从正式 Registry 注入完整定义 (472.45225ms)
✔ Planner 伪造宽 scope 不能绕过正式 Registry 的 task.write 边界 (439.296125ms)
✔ handoff 重规划 prompt 只声明 V2 任务计划契约 (425.79425ms)
✔ 规划器不能用未登记 Owner 绕过 Registry 提案审批 (313.873125ms)
✔ Registry 批准要求完全匹配 digest，写入 workflow worktree 并使旧计划审查失效 (591.837959ms)
✔ V2 Registry 批准后的 registry_pending_plan 可以原地重新规划 (728.949959ms)
✔ 运行中任务存在时拒绝 Registry 提案与批准 (240.727667ms)
✔ 主工具公开 cancel 描述且保留 status 旧动作 (125.771542ms)
✔ 旧聚合入口不再暴露或执行计划修订与规划恢复 (96.492125ms)
✔ 旧聚合入口拒绝 start，强制使用带 preflight digest 的单职责工具 (96.856083ms)
✔ workflow_git_inspect 只提供受限 Git 证据且拒绝 .git 内部路径 (239.02225ms)
✔ Owner 结构化请求工具只暴露 request_subgraph 和 request_handoff 的最小字段 (102.573041ms)
✔ 公开 Owner 工具只保留提交关卡、宿主授权桥和结构化协调入口 (100.980792ms)
✔ 主工具 cancel 缺少 workflow_id 时拒绝 (95.069375ms)
✔ 主工具 cancel 返回 cancelled，随后 status 返回 cancelled (254.38175ms)
✔ 主工具只暴露 Registry 审批动作，不保留旧 Owner 直写动作 (0.347875ms)
✔ DSH_PLAN_V1 所有控制桥和外置执行入口拒绝但 status 可读 (548.192583ms)
✔ R05 决定回执经真实 Review 关闭入口消费：orchestrator (643.853792ms)
✔ R05 决定回执经真实 Review 关闭入口消费：user (649.270084ms)
✔ R05 用户确认期间义务版本变化时不记录过期决定 (373.330625ms)
✔ R05 结构展开依据经 Runtime 消费，只关闭结构义务而保留业务验证 (524.547ms)
✔ R05 pending 候选决定不能借用 active 回执，旧快照不能消费已变化候选 (421.929125ms)
✔ R05 同候选的新决定替代旧回执，取消替代不影响旧决定 (647.952333ms)
✔ R06 真实 Review 会诊固定描述在相同事实下耗尽策略 (1421.764375ms)
✔ R06 真实 Review 会诊交替描述在相同事实下耗尽策略 (1459.292458ms)
✔ R06 真实候选补齐绑定只记一次进展，重复与候选文案变化不续期 (648.95175ms)
✔ R06 文件进展由宿主重新读取，伪造缓存与过期候选没有文件事实 (311.48125ms)
✔ R06 Runner 探针不能凭摘要变化清空策略，真实新文件只恢复一次 (1345.788417ms)
✔ R08 真实 Review 分类与控制路由一致：technical (415.063625ms)
✔ R08 真实 Review 分类与控制路由一致：business (505.840625ms)
✔ R08 真实 Review 分类与控制路由一致：permission (508.658292ms)
✔ R08 真实 Review 分类与控制路由一致：mixed (681.141041ms)
✔ R09 首次待决问题来自冻结用户义务而非 Reviewer 自由文本：permission (550.033666ms)
✔ R09 首次待决问题来自冻结用户义务而非 Reviewer 自由文本：business (591.040417ms)
✔ R09 首次待决问题来自冻结用户义务而非 Reviewer 自由文本：mixed-decision (403.926042ms)
✔ R09 首次待决问题来自冻结用户义务而非 Reviewer 自由文本：mixed-verification (391.234833ms)
✔ R09 Owner 反馈经实际失败入口分类且保留独立任务：technical (407.239292ms)
✔ R09 Owner 反馈经实际失败入口分类且保留独立任务：permission (406.210042ms)
✔ R09 Owner 反馈经实际失败入口分类且保留独立任务：business (396.219542ms)
✔ R09 Owner 反馈接纳拒绝伪造绑定、无依据、外来会话和过期候选 (337.704417ms)
✔ R09 已接纳反馈消费前重新校验当前来源：session (356.345167ms)
✔ R09 已接纳反馈消费前重新校验当前来源：attempt (356.44225ms)
✔ R09 已接纳反馈消费前重新校验当前来源：plan (358.295375ms)
✔ R09 已接纳反馈消费前重新校验当前来源：owner (353.916667ms)
✔ R09 同 attempt 的用户反馈幂等保留，不能由后续技术描述降权 (374.838959ms)
✔ R09 Owner 恢复消费当前反馈，换 attempt 后不继承旧用户门禁 (426.516ms)
✔ R09 已确认权限缺口优先于技术 handoff 策略 (351.397208ms)
✔ R09 已报告用户待决后不能通过 completed 提交越过门禁：permission (356.120666ms)
✔ R09 已报告用户待决后不能通过 completed 提交越过门禁：business (355.612208ms)
✔ R10 真实 Owner 非成功结算保留分类与局部待决：permission-blocked (655.566083ms)
✔ R10 真实 Owner 非成功结算保留分类与局部待决：permission-failed (600.745542ms)
✔ R10 真实 Owner 非成功结算保留分类与局部待决：business-blocked (612.317792ms)
✔ R10 真实 Owner 非成功结算保留分类与局部待决：legacy-blocked (581.657417ms)
✔ R11 预算错误不覆盖当前用户依据：supervisor/permission (349.665125ms)
✔ R11 预算错误不覆盖当前用户依据：supervisor/business (352.105125ms)
✔ R11 预算错误不覆盖当前用户依据：supervisor/technical (357.3465ms)
✔ R11 预算错误不覆盖当前用户依据：supervisor/stale-permission (351.444666ms)
✔ R11 预算错误不覆盖当前用户依据：direct-owner/permission (566.859333ms)
✔ R11 预算错误不覆盖当前用户依据：direct-owner/business (568.242667ms)
✔ R11 预算错误不覆盖当前用户依据：direct-owner/technical (566.06225ms)
✔ R11 预算错误不覆盖当前用户依据：direct-owner/stale-permission (573.427625ms)
✔ R11 预算错误不覆盖当前用户依据：recover/permission (345.523083ms)
✔ R11 预算错误不覆盖当前用户依据：recover/business (349.947167ms)
✔ R11 预算错误不覆盖当前用户依据：recover/technical (350.771709ms)
✔ R11 预算错误不覆盖当前用户依据：recover/stale-permission (354.454375ms)
✔ R11 预算错误不覆盖当前用户依据：repeated-recover/permission (351.005833ms)
✔ R11 预算错误不覆盖当前用户依据：repeated-recover/business (352.344ms)
✔ R11 预算错误不覆盖当前用户依据：repeated-recover/technical (358.50925ms)
✔ R11 预算错误不覆盖当前用户依据：repeated-recover/stale-permission (348.097125ms)
ℹ tests 166
ℹ suites 0
ℹ pass 159
ℹ fail 0
ℹ cancelled 0
ℹ skipped 7
ℹ todo 0
ℹ duration_ms 64090.333083
