TAP version 13
# Subtest: T22 SIGKILL after real session binding before followup preserves the unsubmitted execution on restart
not ok 1 - T22 SIGKILL after real session binding before followup preserves the unsubmitted execution on restart
  ---
  duration_ms: 1621.485084
  type: 'test'
  location: '/Volumes/LargeStorage/code/DSH-Workflow/owner-workflow-plugin/test/recovery-session-restart.test.mjs:288:1'
  failureType: 'testCodeFailure'
  error: |-
    created child error: {"type":"error","pid":86267,"error":{"name":"Error","message":"restart checkpoint has no reserved session artifact"}}
    + actual - expected

    + 'error'
    - 'checkpoint'

  code: 'ERR_ASSERTION'
  name: 'AssertionError'
  expected: 'checkpoint'
  actual: 'error'
  operator: 'strictEqual'
  stack: |-
    killAtCheckpoint (file:///Volumes/LargeStorage/code/DSH-Workflow/owner-workflow-plugin/test/recovery-session-restart.test.mjs:60:12)
    process.processTicksAndRejections (node:internal/process/task_queues:103:5)
    async file:///Volumes/LargeStorage/code/DSH-Workflow/owner-workflow-plugin/test/recovery-session-restart.test.mjs:290:22
    async withFixtureContainer (file:///Volumes/LargeStorage/code/DSH-Workflow/owner-workflow-plugin/test/recovery-session-restart.test.mjs:151:12)
    async Test.run (node:internal/test_runner/test:1113:7)
    async startSubtestAfterBootstrap (node:internal/test_runner/harness:358:3)
  ...
1..1
# tests 1
# suites 0
# pass 0
# fail 1
# cancelled 0
# skipped 0
# todo 0
# duration_ms 1706.60425
