✔ native root delivery is deduplicated using persisted messages, not followup return (391.872167ms)
✖ native fixed command proves managed-range exit and does not rerun a received command (99.849666ms)
✔ native read-only sandbox rejects an actual source write (100.036875ms)
✔ native termination covers a helper that outlives the command leader (466.854166ms)
✔ verification resumes after the native command receipt without rerunning or changing its directory (117.45775ms)
ℹ tests 5
ℹ suites 0
ℹ pass 4
ℹ fail 1
ℹ cancelled 0
ℹ skipped 0
ℹ todo 0
ℹ duration_ms 1664.538208

✖ failing tests:

test at owner-workflow-plugin/test/native-kernel-effects.test.mjs:36:1
✖ native fixed command proves managed-range exit and does not rerun a received command (99.849666ms)
  AssertionError [ERR_ASSERTION]: Expected values to be strictly equal:
  + actual - expected
  
  + undefined
  - true
  
      at TestContext.<anonymous> (file:///Volumes/LargeStorage/code/DSH-Workflow/owner-workflow-plugin/test/native-kernel-effects.test.mjs:42:10)
      at async Test.run (node:internal/test_runner/test:1113:7)
      at async Test.processPendingSubtests (node:internal/test_runner/test:788:7) {
    generatedMessage: true,
    code: 'ERR_ASSERTION',
    actual: undefined,
    expected: true,
    operator: 'strictEqual',
    diff: 'simple'
  }
