TAP version 13
# Subtest: T15 socket admission refusal persists one notice, then actual daemon discovery and fresh Harness stop selecting it
ok 1 - T15 socket admission refusal persists one notice, then actual daemon discovery and fresh Harness stop selecting it
  ---
  duration_ms: 2435.480125
  type: 'test'
  ...
# Subtest: T15 socket preserves finite semantic retry ordinals and only persists pause when the shared budget refuses
ok 2 - T15 socket preserves finite semantic retry ordinals and only persists pause when the shared budget refuses
  ---
  duration_ms: 2049.989875
  type: 'test'
  ...
# Subtest: T15 changed candidate evidence invalidates the prior pause but cannot start an unbound Reviewer
ok 3 - T15 changed candidate evidence invalidates the prior pause but cannot start an unbound Reviewer
  ---
  duration_ms: 1813.019958
  type: 'test'
  ...
# Subtest: T15 an authoritative user-wait task projection takes priority over a candidate technical pause
ok 4 - T15 an authoritative user-wait task projection takes priority over a candidate technical pause
  ---
  duration_ms: 1625.708709
  type: 'test'
  ...
1..4
# tests 4
# suites 0
# pass 4
# fail 0
# cancelled 0
# skipped 0
# todo 0
# duration_ms 8125.985792
