TAP version 13
# Subtest: T15 initial free real Owner subgraph rejection preserves source and permits a normal completion
ok 1 - T15 initial free real Owner subgraph rejection preserves source and permits a normal completion
  ---
  duration_ms: 2606.115709
  type: 'test'
  ...
# Subtest: T15 paid real Owner subgraph rejection preserves source and permits a normal failure
ok 2 - T15 paid real Owner subgraph rejection preserves source and permits a normal failure
  ---
  duration_ms: 1046.657083
  type: 'test'
  ...
# Subtest: T15 protected real completion rejects subgraph both during and after accepted submission
ok 3 - T15 protected real completion rejects subgraph both during and after accepted submission
  ---
  duration_ms: 2054.687834
  type: 'test'
  ...
# Subtest: T15 legacy real completion rejects subgraph both during and after accepted submission
ok 4 - T15 legacy real completion rejects subgraph both during and after accepted submission
  ---
  duration_ms: 2771.62
  type: 'test'
  ...
1..4
# tests 4
# suites 0
# pass 4
# fail 0
# cancelled 0
# skipped 0
# todo 0
# duration_ms 8683.209541
