TAP version 13
# Subtest: R78 real paid predecessor permits a nonpassed arbitration to choose an unused local rewrite
ok 1 - R78 real paid predecessor permits a nonpassed arbitration to choose an unused local rewrite
  ---
  duration_ms: 3375.095916
  type: 'test'
  ...
# Subtest: R78 actual arbitration pays separately after advice, preserves ordinary history, and replays fresh without model calls
ok 2 - R78 actual arbitration pays separately after advice, preserves ordinary history, and replays fresh without model calls
  ---
  duration_ms: 3848.250208
  type: 'test'
  ...
# Subtest: R78 real control socket drives the paid arbitration and next drive recognizes its effective review
ok 3 - R78 real control socket drives the paid arbitration and next drive recognizes its effective review
  ---
  duration_ms: 2842.493209
  type: 'test'
  ...
# Subtest: R78 exhaustion after a paid advisor does not start an unmetered Arbiter or repeat advice
ok 4 - R78 exhaustion after a paid advisor does not start an unmetered Arbiter or repeat advice
  ---
  duration_ms: 2562.320958
  type: 'test'
  ...
# Subtest: R78 invalid arbitration semantics pay a new ordinal while already applied advice stays unchanged
ok 5 - R78 invalid arbitration semantics pay a new ordinal while already applied advice stays unchanged
  ---
  duration_ms: 3298.407542
  type: 'test'
  ...
# Subtest: R78 candidate changes during a real Arbiter turn prevent adoption of its observed receipt
ok 6 - R78 candidate changes during a real Arbiter turn prevent adoption of its observed receipt
  ---
  duration_ms: 1670.89475
  type: 'test'
  ...
# Subtest: R78 real Arbiter creation persisted before response loss never starts twice on a fresh Harness
ok 7 - R78 real Arbiter creation persisted before response loss never starts twice on a fresh Harness
  ---
  duration_ms: 2042.750375
  type: 'test'
  ...
# Subtest: R78 real arbitration then driver local rebuild carries the arbitration source and original failure root
not ok 8 - R78 real arbitration then driver local rebuild carries the arbitration source and original failure root
  ---
  duration_ms: 2635.84325
  type: 'test'
  location: '/Volumes/LargeStorage/code/DSH-Workflow/owner-workflow-plugin/test/candidate-arbitration-metered.test.mjs:135:1'
  failureType: 'testCodeFailure'
  error: "Cannot read properties of undefined (reading 'requestId')"
  code: 'ERR_TEST_FAILURE'
  name: 'TypeError'
  stack: |-
    TestContext.<anonymous> (file:///Volumes/LargeStorage/code/DSH-Workflow/owner-workflow-plugin/test/candidate-arbitration-metered.test.mjs:159:52)
    async Test.run (node:internal/test_runner/test:1113:7)
    async Test.processPendingSubtests (node:internal/test_runner/test:788:7)
  ...
# Subtest: R78 applied arbitration fresh replay authenticates frozen arbitration raw evidence
ok 9 - R78 applied arbitration fresh replay authenticates frozen arbitration raw evidence
  ---
  duration_ms: 1945.879292
  type: 'test'
  ...
# Subtest: R78 applied arbitration fresh replay authenticates frozen advice raw evidence
ok 10 - R78 applied arbitration fresh replay authenticates frozen advice raw evidence
  ---
  duration_ms: 2198.315541
  type: 'test'
  ...
# Subtest: R78 applied arbitration fresh replay authenticates frozen ordinary-review raw evidence
ok 11 - R78 applied arbitration fresh replay authenticates frozen ordinary-review raw evidence
  ---
  duration_ms: 2333.486625
  type: 'test'
  ...
1..11
# tests 11
# suites 0
# pass 10
# fail 1
# cancelled 0
# skipped 0
# todo 0
# duration_ms 29023.227208
