TAP version 13
# Subtest: R77 real paid predecessor is replay-authenticated before consultation
ok 1 - R77 real paid predecessor is replay-authenticated before consultation
  ---
  duration_ms: 7367.21775
  type: 'test'
  ...
# Subtest: R77 actual consultation settles advice in the original root and fresh Harness replays without another model
ok 2 - R77 actual consultation settles advice in the original root and fresh Harness replays without another model
  ---
  duration_ms: 5933.615459
  type: 'test'
  ...
# Subtest: R77 exhausted actual consultation starts no child and leaves the candidate intact
ok 3 - R77 exhausted actual consultation starts no child and leaves the candidate intact
  ---
  duration_ms: 2405.951
  type: 'test'
  ...
# Subtest: R77 known missing advice pays a failed ordinal and retries in the same logical operation
ok 4 - R77 known missing advice pays a failed ordinal and retries in the same logical operation
  ---
  duration_ms: 2666.014416
  type: 'test'
  ...
# Subtest: R77 changed candidate cannot reuse an accepted predecessor to fund advice
ok 5 - R77 changed candidate cannot reuse an accepted predecessor to fund advice
  ---
  duration_ms: 2406.285167
  type: 'test'
  ...
# Subtest: R77 changed convergence cannot reuse an accepted predecessor to fund advice
ok 6 - R77 changed convergence cannot reuse an accepted predecessor to fund advice
  ---
  duration_ms: 1829.864333
  type: 'test'
  ...
# Subtest: R77 candidate changes while the actual advisor runs prevent result adoption and preserve the paid attempt
ok 7 - R77 candidate changes while the actual advisor runs prevent result adoption and preserve the paid attempt
  ---
  duration_ms: 2158.885
  type: 'test'
  ...
# Subtest: R77 actual persisted child creation with a lost response pauses and fresh consultation never creates again
ok 8 - R77 actual persisted child creation with a lost response pauses and fresh consultation never creates again
  ---
  duration_ms: 2082.68875
  type: 'test'
  ...
# Subtest: R77 wrong Owner submission is a paid failure, never a successful unavailable advice
ok 9 - R77 wrong Owner submission is a paid failure, never a successful unavailable advice
  ---
  duration_ms: 2768.360958
  type: 'test'
  ...
# Subtest: R77 independent task updates survive the unlocked advisor and atomic advice settlement
ok 10 - R77 independent task updates survive the unlocked advisor and atomic advice settlement
  ---
  duration_ms: 2561.538583
  type: 'test'
  ...
# Subtest: R77 accepted advice cannot replay after its persisted result is altered
ok 11 - R77 accepted advice cannot replay after its persisted result is altered
  ---
  duration_ms: 2412.419375
  type: 'test'
  ...
# Subtest: R77 each selected Owner has a separate paid operation and exhausted partial batches never restart an applied Owner
ok 12 - R77 each selected Owner has a separate paid operation and exhausted partial batches never restart an applied Owner
  ---
  duration_ms: 3101.205708
  type: 'test'
  ...
# Subtest: R77 both selected Owners settle distinct sessions in one root without creating another OwnerRun
ok 13 - R77 both selected Owners settle distinct sessions in one root without creating another OwnerRun
  ---
  duration_ms: 1979.268125
  type: 'test'
  ...
# Subtest: R77 fresh consultation reauthenticates the actual planner raw receipt before reserving
ok 14 - R77 fresh consultation reauthenticates the actual planner raw receipt before reserving
  ---
  duration_ms: 1650.413125
  type: 'test'
  ...
# Subtest: R77 fresh consultation reauthenticates the actual review raw receipt before reserving
ok 15 - R77 fresh consultation reauthenticates the actual review raw receipt before reserving
  ---
  duration_ms: 2015.215084
  type: 'test'
  ...
# Subtest: R77 later Owner failure retries only that Owner while retaining the first accepted consultation
ok 16 - R77 later Owner failure retries only that Owner while retaining the first accepted consultation
  ---
  duration_ms: 3842.733875
  type: 'test'
  ...
# Subtest: R77 arbitration without open target obligations consults the candidate Owner set
ok 17 - R77 arbitration without open target obligations consults the candidate Owner set
  ---
  duration_ms: 2365.039041
  type: 'test'
  ...
# Subtest: R77 an observed raw advice with an uncommitted budget cannot masquerade as an applied operation
ok 18 - R77 an observed raw advice with an uncommitted budget cannot masquerade as an applied operation
  ---
  duration_ms: 1780.842875
  type: 'test'
  ...
1..18
# tests 18
# suites 0
# pass 18
# fail 0
# cancelled 0
# skipped 0
# todo 0
# duration_ms 51661.999667
