TAP version 13
# Subtest: R78 real paid predecessor permits a nonpassed arbitration to choose an unused local rewrite
ok 1 - R78 real paid predecessor permits a nonpassed arbitration to choose an unused local rewrite
  ---
  duration_ms: 5321.956458
  type: 'test'
  ...
# Subtest: R78 actual arbitration pays separately after advice, preserves ordinary history, and replays fresh without model calls
ok 2 - R78 actual arbitration pays separately after advice, preserves ordinary history, and replays fresh without model calls
  ---
  duration_ms: 4461.762625
  type: 'test'
  ...
# Subtest: R78 real control socket drives the paid arbitration and next drive recognizes its effective review
ok 3 - R78 real control socket drives the paid arbitration and next drive recognizes its effective review
  ---
  duration_ms: 3843.604084
  type: 'test'
  ...
# Subtest: R78 exhaustion after a paid advisor does not start an unmetered Arbiter or repeat advice
ok 4 - R78 exhaustion after a paid advisor does not start an unmetered Arbiter or repeat advice
  ---
  duration_ms: 2926.271166
  type: 'test'
  ...
# Subtest: R78 invalid arbitration semantics pay a new ordinal while already applied advice stays unchanged
ok 5 - R78 invalid arbitration semantics pay a new ordinal while already applied advice stays unchanged
  ---
  duration_ms: 3985.548167
  type: 'test'
  ...
# Subtest: R78 candidate changes during a real Arbiter turn prevent adoption of its observed receipt
ok 6 - R78 candidate changes during a real Arbiter turn prevent adoption of its observed receipt
  ---
  duration_ms: 2883.667583
  type: 'test'
  ...
# Subtest: R78 real Arbiter creation persisted before response loss never starts twice on a fresh Harness
ok 7 - R78 real Arbiter creation persisted before response loss never starts twice on a fresh Harness
  ---
  duration_ms: 2136.793125
  type: 'test'
  ...
# Subtest: R78 real arbitration then driver local rebuild carries the arbitration source and original failure root
ok 8 - R78 real arbitration then driver local rebuild carries the arbitration source and original failure root
  ---
  duration_ms: 2980.777625
  type: 'test'
  ...
# Subtest: R78 applied arbitration fresh replay authenticates frozen arbitration raw evidence
ok 9 - R78 applied arbitration fresh replay authenticates frozen arbitration raw evidence
  ---
  duration_ms: 2561.450542
  type: 'test'
  ...
# Subtest: R78 applied arbitration fresh replay authenticates frozen advice raw evidence
ok 10 - R78 applied arbitration fresh replay authenticates frozen advice raw evidence
  ---
  duration_ms: 2193.437416
  type: 'test'
  ...
# Subtest: R78 applied arbitration fresh replay authenticates frozen ordinary-review raw evidence
ok 11 - R78 applied arbitration fresh replay authenticates frozen ordinary-review raw evidence
  ---
  duration_ms: 2049.246917
  type: 'test'
  ...
# Subtest: R78 applied arbitration fresh replay authenticates frozen planner raw evidence
ok 12 - R78 applied arbitration fresh replay authenticates frozen planner raw evidence
  ---
  duration_ms: 2828.914042
  type: 'test'
  ...
# Subtest: R78 an earlier caller delayed after real advice replays arbitration completed by a later caller
ok 13 - R78 an earlier caller delayed after real advice replays arbitration completed by a later caller
  ---
  duration_ms: 4435.628708
  type: 'test'
  ...
1..13
# tests 13
# suites 0
# pass 13
# fail 0
# cancelled 0
# skipped 0
# todo 0
# duration_ms 43014.74525
