✔ 证据义务冻结后，相同语义问题不会因改写标题被当成新进展 (6.030917ms)
✔ 没有新 Runtime 证据时，Reviewer 新增问题进入仲裁而不是扩大冻结集合 (39.3985ms)
✔ 新 Runtime 证据允许吸收新义务，但不会关闭被遗漏的旧义务 (14.190083ms)
✔ 交替会诊文本、时间、会话、HEAD 和候选摘要不能在 30 轮内重置策略 (11.913792ms)
✔ 当前候选恢复的验证绑定只登记一次进展，不自动关闭且重复事实不续期 (0.432541ms)
✔ 已解决义务的新文件和反复更换 obligationId 都不能回收策略租约 (3.534875ms)
✔ 决定分类只接受结构化业务差异或外部权限，关键词只是诊断提示 (1.316ms)
✔ 未关闭的 user decision 不能被后续 Reviewer 遗漏或改写为 passed 而降权 (0.259875ms)
✔ 新 decision_record 分类缺失或冲突被拒绝，旧显式 user authority 保守保留 (0.455584ms)
✔ 失败分类选择不同的自治恢复策略而不是统一 await_user (2.545958ms)
✔ Workflow 证据摘要只投影稳定的任务结果和 Runtime 文件哈希 (1.127542ms)
✔ 稳定义务身份绑定来源、目标和解除条件，不能把同类同节点要求合并 (0.959958ms)
✔ 展示文案不得参与义务目标或身份，同 ID 的不同合同必须在接收时拒绝 (0.744542ms)
✔ 严格义务必须有 ID；已见事实不能用新 ID 重新引入已解决的合同 (1.291208ms)
✔ 不同 obligationId 的同合同要求独立保留，关闭一项不会关闭另一项 (1.780417ms)
✔ 已解决的旧义务重复出现时保持 resolved，不作为新义务重新报告 (0.735041ms)
✔ 遗漏和 passed 都不能关闭义务；只有 Runtime 核验的当前版本解除证据才能关闭且重复幂等 (0.446667ms)
✔ 任务验证关闭只接受 Runtime 标记为当前、通过且绑定候选版本的结果 (0.2485ms)
✔ 旧义务缺少关闭合同时保持 open，并拒绝 Reviewer 自报的替代决定 (0.235459ms)
✔ 显式 legacy 读取路径保留同一缺关闭合同的已解决义务，不重新引入 (0.546375ms)
✔ 旧字符串与问题列表按原文保留不同路径的要求身份 (0.685208ms)
✔ 结构可执行关闭只依赖 Runtime 记录的任务存在，不将其视为业务完成 (0.248083ms)
✔ 版本化决定必须由 Runtime 当前记录完整绑定，且不同义务 ID 不会共享关闭结果 (0.467125ms)
✔ decision_record 的 user authority 明确请求用户，同时保留旧问题文本回退 (0.091834ms)
✔ lockfile-bound dependency copies are private and cache corruption is rejected (305.049375ms)
✔ ambiguous package manager locks fail without selecting a different manager (3.665584ms)
✔ native runtime executes scoped edit, async submission, real verification, integration and final verification (5289.545375ms)
✔ native main-thread documents, checkpoint, independent planning and execution reach the user checkout (7748.682208ms)
✔ actual failed verification returns to the root and repairs its retained candidate within the same budget (4877.457875ms)
✔ Owner root guards use native tool scope and do not capture unrelated roots (468.287542ms)
✔ two native Owner preset scopes share one catalog executor and dispose independently (52.321833ms)
✔ legacy reservation preserves exact source and budget, blocks duplicate work, and replays idempotently (200.820208ms)
✔ native root delivery is deduplicated using persisted messages, not followup return (1015.1ms)
✔ native fixed command proves managed-range exit and does not rerun a received command (230.192334ms)
✔ native read-only sandbox rejects an actual source write (138.793916ms)
✔ native termination covers a helper that outlives the command leader (528.602ms)
✔ verification resumes after the native command receipt without rerunning or changing its directory (362.524875ms)
✔ native non-Git Operation: allow reaches the main thread and retains source protection (1638.251834ms)
✔ native non-Git Operation: reject reaches the main thread and retains source protection (940.041083ms)
✔ native non-Git Operation: cancel reaches the main thread and retains source protection (763.454958ms)
✔ native owner_submit ends the actual turn after durable acceptance without waiting for verification (2064.328125ms)
✔ Owner preparation interruption resumes the same worktree with one native dispatch (1306.770792ms)
✔ public Owner reads the shared contract and downstream recovery before a bound independent decision (1821.858583ms)
✔ 实际原生问询先持久原始授权，同根重复核验复用，不因后续规格修订扩大实施范围 (1746.928333ms)
✔ 原生reject决定不会创建grant或提交代码 (1167.346916ms)
✔ 原生custom决定不会创建grant或提交代码 (927.155459ms)
✔ 实际 Runtime 阻止 index 已同步但快照未发布时启动 DAG，原事务恢复后解除 (2750.00575ms)
✔ 实际 Runtime 根入口完成原生授权、Git checkpoint 与固定快照，重复调用复用同一授权和提交 (1762.618625ms)
✔ 主线程直接推进会冻结 Formal Spec/Ticket 与支持文档，不显示重复提交问询 (1685.820042ms)
✔ 已有正文的规划文档经原生 read→edit 补 formal envelope 后，finalize 保留连续来源链 (1432.362041ms)
✔ 旧的默认 Git 身份入口必须拒绝调用并保留现有配置 (352.822625ms)
✔ 没有直接推进的真实用户消息时 finalize 仍要求原生规划提交授权 (1239.399041ms)
✔ finalize 遇到规划包之外的脏文件会拒绝且不改变 HEAD 或 index (306.220208ms)
✔ 实际 Runtime 原生拒绝不会推进 HEAD/index 或建立待恢复事务 (599.237166ms)
✔ 实际规划租约阻止同时进入第二 checkpoint 和旧 Workflow 启动 (312.852625ms)
✔ 真实授权之后取消会阻止后续 ref CAS，释放租约并以原授权恢复 (1734.583083ms)
✔ one-owner packages retain full frozen Ticket/Spec data, shared AC contributors and dependency blockers (16.923875ms)
✔ compiler rejects unknown-fragment (0.433709ms)
✔ compiler rejects blocked-fragment (0.204375ms)
✔ compiler rejects unknown-contract (0.387916ms)
✔ compiler rejects missing-known-contract (0.243ms)
✔ compiler rejects omitted-ready (0.5075ms)
✔ compiler rejects missing-ticket-edge (0.328625ms)
✔ compiler rejects task-cycle (0.276625ms)
✔ compiler rejects wrong-snapshot (0.166541ms)
✔ compiler rejects wrong-source (49.061542ms)
✔ compiler rejects mixed-owner-package (37.418958ms)
✔ bindings normalizer rejects duplicate task, Ticket fragment and contract identities without mutating optional absence (0.301041ms)
✔ completed checkpoint reader returns frozen persisted snapshot without revalidating current planning files (3726.2985ms)
✔ checkpoint snapshot reader rejects a nonterminal journal without resuming it (1038.024417ms)
✔ 首次原生创建尚未进入 HEAD 的 Spec/Ticket，缺失基线 blob 正确作为 null (1386.703ms)
✔ 真实 Harness 原生 edit 链绑定 T05 引用和实际 Git baseline，并由只读 Runtime 入口返回 source-validated (1516.221959ms)
✔ 缺失尾项、跨文件借用、incomplete terminal 与暂存用户变更均拒绝而不修复来源或 index (1373.491583ms)
✔ 已提交的旧来源保留在 journal 时，新 baseline 上仅选择新的原生链仍可验证 (891.00575ms)
✔ 真实 Runtime 入口不接受其他主 agent 复用来源，也不接受有父会话的 child (411.921791ms)
✔ 真实 Harness create → read → edit 使用原生 CAS，写入不可消费的完整 native provenance 链 (652.172708ms)
✔ 真实 CAS stale 在 prepared 后无同调用 observed，明确保留 unknown 而不把 isError 伪造成失败 (275.4815ms)
✔ native success followed by downstream observed failure remains native-observed but incomplete (254.926875ms)
✔ 相同真实 callId 的重放不会覆盖 prepared/terminal 或再次修改文档 (285.282209ms)
✔ native 成功后 terminal 发布失败保留 prepared-only 与真实字节，不回滚或伪造 terminal (184.054875ms)
✔ BOM 使原始字节与 decoded text 不可逆时保留 native-observed 但拒绝 complete (247.738334ms)
✔ 越界文档和状态目录链接在原生 mutation 前拒绝，且没有额外文档权限或 journal 记录 (182.88075ms)
✔ T06 accepts and replays one complete versioned public Owner request (4.67475ms)
✔ T06 rejects absent fields and unknown Owner, Ticket, AC, contract, or evidence references (1.174834ms)
✔ T06 same ID and version conflict, while the next version must exactly supersede the prior digest (4.802833ms)
✔ T06 capability-sufficient decision requires every known consumer fact and is the only immediately ready result (12.697708ms)
✔ T06 compatible extension stays blocked until the public Owner implementation exists (9.576916ms)
✔ T06 migration decision binds the complete impacted consumer set and exact order (9.56425ms)
✔ T06 rejection, missing facts, and business change use distinct evidence-bearing outcomes (6.290166ms)
✔ T06 a decision bound to an older execution, contract, or consumer context becomes stale (2.408834ms)
✔ T06 conflicting decisions cannot overwrite an accepted decision for the same request (0.853042ms)
✔ T06 persisted request or decision tampering fails closed even when the attacker recomputes no digest (1.326333ms)
✔ T30 normalizes a PlanRevision with an explicit authoritative public decision binding (42.17275ms)
✔ T30 rejects incomplete consumers, wrong Owner, missing implementation predecessor, and stale authority (17.90125ms)
✔ T30 migration order is an executable dependency chain rooted at the public implementation (3.362083ms)
✔ T30 carried historical bindings remain immutable without treating their original baseline as current (13.752833ms)
✔ failed materialization waits for already-started copies before releasing cleanup authority (77.563167ms)
✔ seals actual uncommitted source once, verifies independently and resumes from receipts (997.35775ms)
✔ fixed verification collects independent failures and never passes zero Node tests (750.505125ms)
✔ source symlink escape and changed immutable candidate are rejected (538.209791ms)
✔ KAC-21: writes check scope and linked ancestors before the native mutation (328.409042ms)
✔ delivery refuses a dirty checkout with a durable explicit failure and leaves every file intact (831.799791ms)
✔ delivery reconciles actual fast-forward after host failure without replaying checkout mutation (982.886667ms)
✔ composite children wait for parent inputs and carry real upstream integration evidence (81.126917ms)
✔ a ready sibling behind a quarantined Owner is a visible technical failure, not endless running (37.182291ms)
✔ plan replacement fences affected attempts and preserves unrelated work until safe activation (9.857917ms)
✔ source replacement supersedes a pending product question and rejects a late answer (7.816834ms)
✔ known checkout obstruction ends delivery explicitly and preserves integrated candidate (42.741459ms)
✔ KAC-02: unchanged drive is referentially stable and does not manufacture progress (117.327834ms)
✔ KAC-03: same owner and host resource are serialized across workflows (12.797292ms)
✔ KAC-06: submit acknowledges a durable candidate without claiming verification or delivery (4.391209ms)
✔ KAC-10: a model turn ending without writer termination cannot start sealing (5.552ms)
✔ KAC-08/09: verification and integration bind content and expected base (9.784708ms)
✔ KAC-01/11: deadline produces stop action, unknown termination stays quarantined and observable (10.345542ms)
✔ KAC-11: later real termination releases quarantine without reviving failed task (5.778708ms)
✔ KAC-12: notification completion requires correct root and persistent message identity (5.258417ms)
✔ KAC-13: genuine user wait suspends active deadline; stale root cannot answer (3.018834ms)
✔ KAC-15: open obligations prevent activation; same label does not replace closure evidence (8.186666ms)
✔ KAC-24: direct operations share Owner/resource admission with DAG work (3.475833ms)
✔ upstream semantic changes invalidate completed or pending consumer inputs (6.254542ms)
✔ workflow capacity is local while catalog capacity remains global (5.25075ms)
✔ duplicate operation enqueue is idempotent even while its resource is occupied (3.105792ms)
✔ bound verification failure becomes a visible failure instead of a hanging action (4.981584ms)
✔ planning, independent review and activation are one persisted action chain (8.8395ms)
✔ execution obligations permit implementation, close only on integration and reopen when their task changes (12.310333ms)
✔ a final passing test cannot hide an unclosed obligation or deliver the checkout (9.157208ms)
✔ a real permission wait pauses an ordinary action deadline and cancellation expires its question (6.673208ms)
✔ identical technical replan requests consume one persistent recovery slot (11.116917ms)
✔ actual Git integration preserves the user checkout and reconciles a crash after ref update (1688.69325ms)
✔ catalog admits one executor and releases only after its owned work closes (67.230458ms)
✔ actual executor death releases the OS fence without PID or age takeover (147.195375ms)
✔ runner wakes after durable changes, completes once, then sleeps without a polling feedback loop (513.824709ms)
✔ effect result validation failures become observable failure facts (167.52575ms)
✔ another effects host cannot observe or replay an invocation while its OS action lock is held (178.824333ms)
✔ a claimed but undispatched action can resume after a quiescent observation (169.694ms)
✔ store commits concurrent events against fresh state, without lost updates (319.36525ms)
✔ readers retain a valid immutable snapshot when a writer replaces its opened inode (81.441208ms)
✔ a failing subscriber cannot turn an already committed event into a failed mutation (60.490459ms)
✔ KAC-23: failure before rename preserves state and releases lock (96.345666ms)
✔ KAC-23: corrupt control state is never initialized as empty state (69.626041ms)
✔ KAC-04/23: OS lock is released when writer crashes, without deleting lock inode (162.945791ms)
✔ abort does not release the OS lock before the transaction callback exits (118.381ms)
ℹ tests 142
ℹ suites 0
ℹ pass 142
ℹ fail 0
ℹ cancelled 0
ℹ skipped 0
ℹ todo 0
ℹ duration_ms 17149.716917
