✔ native Bash escalation is allowed once only under the selected preset and matching fixed rules (1649.102834ms)
✔ unmatched commands and unassociated approval requests reach the native human fallback (82.076666ms)
✔ native settings preserve user configuration, reject invalid prefixes and apply changed rules immediately (147.835667ms)
✔ 等待列表客户端产物与源码一致并登记正式、本地两个模块编号 (68.764625ms)
✔ 运行状态和 Owner 输入限制只登记官方 Slot (5.145458ms)
✔ 运行状态只通过可重连 SSE 接收更新，并按当前工作区和当前会话过滤 (2.415916ms)
✔ 运行状态按需要处理、总览、主线程和子代理分类显示确定性状态 (2.251875ms)
✔ 侧栏运行状态使用视口定位，避免被侧栏裁剪和遮住底部操作区 (1.232708ms)
✔ 证据义务冻结后，相同语义问题不会因改写标题被当成新进展 (7.863958ms)
✔ 没有新 Runtime 证据时，Reviewer 新增问题进入仲裁而不是扩大冻结集合 (66.894792ms)
✔ 新 Runtime 证据允许吸收新义务，但不会关闭被遗漏的旧义务 (0.50125ms)
✔ 交替会诊文本、时间、会话、HEAD 和候选摘要不能在 30 轮内重置策略 (8.395875ms)
✔ 当前候选恢复的验证绑定只登记一次进展，不自动关闭且重复事实不续期 (0.845791ms)
✔ 已解决义务的新文件和反复更换 obligationId 都不能回收策略租约 (1.776833ms)
✔ 决定分类只接受结构化业务差异或外部权限，关键词只是诊断提示 (0.475167ms)
✔ 未关闭的 user decision 不能被后续 Reviewer 遗漏或改写为 passed 而降权 (0.248542ms)
✔ 新 decision_record 分类缺失或冲突被拒绝，旧显式 user authority 保守保留 (1.036292ms)
✔ 失败分类选择不同的自治恢复策略而不是统一 await_user (2.818125ms)
✔ Workflow 证据摘要只投影稳定的任务结果和 Runtime 文件哈希 (2.498792ms)
✔ 稳定义务身份绑定来源、目标和解除条件，不能把同类同节点要求合并 (0.198125ms)
✔ 展示文案不得参与义务目标或身份，同 ID 的不同合同必须在接收时拒绝 (0.238792ms)
✔ 严格义务必须有 ID；已见事实不能用新 ID 重新引入已解决的合同 (0.265959ms)
✔ 不同 obligationId 的同合同要求独立保留，关闭一项不会关闭另一项 (0.20225ms)
✔ 已解决的旧义务重复出现时保持 resolved，不作为新义务重新报告 (0.189958ms)
✔ 遗漏和 passed 都不能关闭义务；只有 Runtime 核验的当前版本解除证据才能关闭且重复幂等 (2.403667ms)
✔ 任务验证关闭只接受 Runtime 标记为当前、通过且绑定候选版本的结果 (0.265ms)
✔ 旧义务缺少关闭合同时保持 open，并拒绝 Reviewer 自报的替代决定 (0.093833ms)
✔ 显式 legacy 读取路径保留同一缺关闭合同的已解决义务，不重新引入 (0.096667ms)
✔ 旧字符串与问题列表按原文保留不同路径的要求身份 (0.206542ms)
✔ 结构可执行关闭只依赖 Runtime 记录的任务存在，不将其视为业务完成 (0.256625ms)
✔ 版本化决定必须由 Runtime 当前记录完整绑定，且不同义务 ID 不会共享关闭结果 (1.85875ms)
✔ decision_record 的 user authority 明确请求用户，同时保留旧问题文本回退 (0.708833ms)
✔ lockfile-bound dependency copies are private and cache corruption is rejected (311.2885ms)
✔ ambiguous package manager locks fail without selecting a different manager (10.162125ms)
✔ Dashboard and main thread read exactly the same workflow view without writing control or projections (193.6405ms)
✔ read-only routes do not create missing state or hide corrupt state behind an empty result (21.234584ms)
✔ opaque workspace selection, GET-only routes and SSE disposal preserve the same snapshot (68.443959ms)
✔ native client retains a failed workflow and runner failure when no user approval is pending (365.9595ms)
✔ native plugin scopes and the bundled approval adapter share load health only within their host (876.159334ms)
✔ implementation interpretation binds native user evidence, not a magic phrase or agent notification (862.813667ms)
✔ native runtime executes scoped edit, async submission, real verification, integration and final verification (6916.183041ms)
✔ native revised Spec/Ticket checkpoint replaces the same task, retains the issue and delivers on its new baseline (17203.127375ms)
✔ native main-thread documents, checkpoint, independent planning and execution reach the user checkout (4978.688625ms)
✔ actual failed verification returns to the root and repairs its retained candidate within the same budget (5491.718958ms)
✔ Owner root guards use native tool scope and do not capture unrelated roots (677.92225ms)
✔ two native Owner preset scopes share one catalog executor and dispose independently (270.607709ms)
✔ offline legacy reconciliation retains planning use and refuses missing or inconsistent accounting (1.472834ms)
✔ legacy source binding selects the exact persisted checkpoint, never a later or reworded document (0.200083ms)
✔ a legacy completed label alone cannot release a possible native writer as historical data (60.10675ms)
✔ legacy reservation preserves exact source and budget, blocks duplicate work, and replays idempotently (545.166458ms)
✔ Operation honors rules-only policy using the same action and real native sessions (1592.38725ms)
✔ Operation honors reviewer-allow policy using the same action and real native sessions (1388.78375ms)
✔ Operation honors reviewer-deny policy using the same action and real native sessions (1400.595458ms)
✔ native prefix permission is explicit and scoped to the host, main session, directory and literal argument boundary (2294.252208ms)
✔ native root delivery is deduplicated using persisted messages, not followup return (890.462959ms)
✔ native fixed command proves managed-range exit and does not rerun a received command (216.915625ms)
✔ native read-only sandbox rejects an actual source write (188.254083ms)
✔ native termination covers a helper that outlives the command leader (590.45775ms)
✔ verification resumes after the native command receipt without rerunning or changing its directory (452.702334ms)
✔ native non-Git Operation: allow reaches the main thread and retains source protection (1842.902ms)
✔ native non-Git Operation: reject reaches the main thread and retains source protection (1065.967875ms)
✔ native non-Git Operation: cancel reaches the main thread and retains source protection (1171.338875ms)
✔ native owner_submit ends the actual turn after durable acceptance without waiting for verification (1831.228667ms)
✔ Owner preparation interruption resumes the same worktree with one native dispatch (1728.683125ms)
✔ public Owner independently reads the contract and consumer before compatible_extension (3040.485834ms)
✔ public Owner independently reads the contract and consumer before migration_required (1713.089541ms)
✔ public Owner independently reads the contract and consumer before capability_sufficient (1433.889791ms)
✔ public Owner independently reads the contract and consumer before rejected (1181.6365ms)
✔ public Owner independently reads the contract and consumer before facts_missing (1587.393792ms)
✔ public Owner independently reads the contract and consumer before business_decision_required (1111.431208ms)
✔ native Registry batch allow: one exact decision, no speculative ownership or Git identity changes (3316.424417ms)
✔ native Registry batch reject: one exact decision, no speculative ownership or Git identity changes (1507.175541ms)
✔ native Registry batch cancel: one exact decision, no speculative ownership or Git identity changes (1275.82625ms)
✔ 实际原生问询先持久原始授权，同根重复核验复用，不因后续规格修订扩大实施范围 (2036.005084ms)
✔ 原生reject决定不会创建grant或提交代码 (1528.580667ms)
✔ 原生custom决定不会创建grant或提交代码 (1388.827583ms)
✔ 实际 Runtime 阻止 index 已同步但快照未发布时启动 DAG，原事务恢复后解除 (5133.976875ms)
✔ 实际 Runtime 根入口完成原生授权、Git checkpoint 与固定快照，重复调用复用同一授权和提交 (2477.6915ms)
✔ 主线程直接推进会冻结 Formal Spec/Ticket 与支持文档，不显示重复提交问询 (2624.613667ms)
✔ 已有正文的规划文档经原生 read→edit 补 formal envelope 后，finalize 保留连续来源链 (1674.176291ms)
✔ 旧的默认 Git 身份入口必须拒绝调用并保留现有配置 (364.918875ms)
✔ 没有直接推进的真实用户消息时 finalize 仍要求原生规划提交授权 (1598.854125ms)
✔ finalize 遇到规划包之外的脏文件会拒绝且不改变 HEAD 或 index (469.763667ms)
✔ 实际 Runtime 原生拒绝不会推进 HEAD/index 或建立待恢复事务 (801.924792ms)
✔ 实际规划租约阻止同时进入第二 checkpoint 和旧 Workflow 启动 (472.52725ms)
✔ 真实授权之后取消会阻止后续 ref CAS，释放租约并以原授权恢复 (2338.739083ms)
✔ one-owner packages retain full frozen Ticket/Spec data, shared AC contributors and dependency blockers (13.468958ms)
✔ compiler rejects unknown-fragment (0.569167ms)
✔ compiler rejects blocked-fragment (1.072333ms)
✔ compiler rejects unknown-contract (1.124292ms)
✔ compiler rejects missing-known-contract (1.280625ms)
✔ compiler rejects omitted-ready (0.450833ms)
✔ compiler rejects missing-ticket-edge (0.398333ms)
✔ compiler rejects task-cycle (0.34ms)
✔ compiler rejects wrong-snapshot (0.619542ms)
✔ compiler rejects wrong-source (0.623833ms)
✔ compiler rejects mixed-owner-package (3.201666ms)
✔ bindings normalizer rejects duplicate task, Ticket fragment and contract identities without mutating optional absence (0.530333ms)
✔ completed checkpoint reader returns frozen persisted snapshot without revalidating current planning files (4351.950209ms)
✔ checkpoint snapshot reader rejects a nonterminal journal without resuming it (1559.676792ms)
✔ 首次原生创建尚未进入 HEAD 的 Spec/Ticket，缺失基线 blob 正确作为 null (1665.2185ms)
✔ 真实 Harness 原生 edit 链绑定 T05 引用和实际 Git baseline，并由只读 Runtime 入口返回 source-validated (1814.708917ms)
✔ 缺失尾项、跨文件借用、incomplete terminal 与暂存用户变更均拒绝而不修复来源或 index (1544.416958ms)
✔ 已提交的旧来源保留在 journal 时，新 baseline 上仅选择新的原生链仍可验证 (1439.019459ms)
✔ 真实 Runtime 入口不接受其他主 agent 复用来源，也不接受有父会话的 child (698.445833ms)
✔ 真实 Harness create → read → edit 使用原生 CAS，写入不可消费的完整 native provenance 链 (963.477916ms)
✔ 真实 CAS stale 在 prepared 后无同调用 observed，明确保留 unknown 而不把 isError 伪造成失败 (376.418542ms)
✔ native success followed by downstream observed failure remains native-observed but incomplete (292.916083ms)
✔ 相同真实 callId 的重放不会覆盖 prepared/terminal 或再次修改文档 (321.999125ms)
✔ native 成功后 terminal 发布失败保留 prepared-only 与真实字节，不回滚或伪造 terminal (259.3775ms)
✔ BOM 使原始字节与 decoded text 不可逆时保留 native-observed 但拒绝 complete (247.428834ms)
✔ 越界文档和状态目录链接在原生 mutation 前拒绝，且没有额外文档权限或 journal 记录 (205.74975ms)
✔ T06 accepts and replays one complete versioned public Owner request (7.787375ms)
✔ T06 rejects absent fields and unknown Owner, Ticket, AC, contract, or evidence references (1.041667ms)
✔ T06 same ID and version conflict, while the next version must exactly supersede the prior digest (4.126958ms)
✔ T06 capability-sufficient decision requires every known consumer fact and is the only immediately ready result (6.080334ms)
✔ T06 compatible extension stays blocked until the public Owner implementation exists (0.7625ms)
✔ T06 migration decision binds the complete impacted consumer set and exact order (1.652417ms)
✔ T06 rejection, missing facts, and business change use distinct evidence-bearing outcomes (5.524ms)
✔ T06 a decision bound to an older execution, contract, or consumer context becomes stale (0.793417ms)
✔ T06 conflicting decisions cannot overwrite an accepted decision for the same request (0.687667ms)
✔ T06 persisted request or decision tampering fails closed even when the attacker recomputes no digest (1.042208ms)
✔ T30 normalizes a PlanRevision with an explicit authoritative public decision binding (23.820166ms)
✔ T30 rejects incomplete consumers, wrong Owner, missing implementation predecessor, and stale authority (15.640542ms)
✔ T30 migration order is an executable dependency chain rooted at the public implementation (5.852334ms)
✔ T30 carried historical bindings remain immutable without treating their original baseline as current (12.84625ms)
✔ failed materialization waits for already-started copies before releasing cleanup authority (79.555833ms)
✔ seals actual uncommitted source once, verifies independently and resumes from receipts (1090.598417ms)
✔ fixed verification collects independent failures and never passes zero Node tests (906.567ms)
✔ source symlink escape and changed immutable candidate are rejected (502.590041ms)
✔ KAC-21: writes check scope and linked ancestors before the native mutation (386.688333ms)
✔ delivery refuses a dirty checkout with a durable explicit failure and leaves every file intact (951.337208ms)
✔ delivery reconciles actual fast-forward after host failure without replaying checkout mutation (1027.640333ms)
✔ a fresh delivery action succeeds after the fixture obstruction is resolved while retaining its failed receipt (1201.68425ms)
✔ changed source activation waits for its Git baseline binding and preserves unrelated execution (31.767292ms)
✔ composite children wait for parent inputs and carry real upstream integration evidence (208.507791ms)
✔ a ready sibling behind a quarantined Owner is a visible technical failure, not endless running (18.9195ms)
✔ equivalent local port spellings contend across projects while project resources remain independent (27.205042ms)
✔ plan replacement fences affected attempts and preserves unrelated work until safe activation (7.9505ms)
✔ source replacement supersedes a pending product question and rejects a late answer (3.587667ms)
✔ known checkout obstruction ends delivery explicitly and preserves integrated candidate (22.423542ms)
✔ KAC-02: unchanged drive is referentially stable and does not manufacture progress (13.677834ms)
✔ KAC-03: same owner and host resource are serialized across workflows (6.172125ms)
✔ KAC-06: submit acknowledges a durable candidate without claiming verification or delivery (1.97175ms)
✔ KAC-10: a model turn ending without writer termination cannot start sealing (1.292ms)
✔ KAC-08/09: verification and integration bind content and expected base (7.276041ms)
✔ KAC-01/11: deadline produces stop action, unknown termination stays quarantined and observable (8.179416ms)
✔ KAC-11: later real termination releases quarantine without reviving failed task (5.131708ms)
✔ KAC-12: notification completion requires correct root and persistent message identity (1.253541ms)
✔ KAC-13: genuine user wait suspends active deadline; stale root cannot answer (6.247042ms)
✔ KAC-15: open obligations prevent activation; same label does not replace closure evidence (6.665209ms)
✔ KAC-24: direct operations share Owner/resource admission with DAG work (6.2995ms)
✔ upstream semantic changes invalidate completed or pending consumer inputs (7.911917ms)
✔ workflow capacity is local while catalog capacity remains global (4.677959ms)
✔ duplicate operation enqueue is idempotent even while its resource is occupied (1.287666ms)
✔ bound verification failure becomes a visible failure instead of a hanging action (7.589959ms)
✔ planning, independent review and activation are one persisted action chain (29.842666ms)
✔ execution obligations permit implementation, close only on integration and reopen when their task changes (45.394709ms)
✔ a final passing test cannot hide an unclosed obligation or deliver the checkout (11.048291ms)
✔ a real permission wait pauses an ordinary action deadline and cancellation expires its question (5.230875ms)
✔ identical technical replan requests consume one persistent recovery slot (2.754125ms)
✔ renaming and splitting a Ticket preserves its issue, budget and all descendant closure evidence (58.654917ms)
✔ keeping a verification ID while replacing its command cannot close the original failure (13.534084ms)
✔ a failed recoverable workflow still reserves its project until explicitly cancelled and settled (5.593166ms)
✔ replanning cannot bypass the original execution issue limit (7.0875ms)
✔ settled verify_workflow failure repairs the same input with inherited budget and retained evidence (9.386667ms)
✔ settled deliver_workflow failure repairs the same input with inherited budget and retained evidence (12.357584ms)
✔ initial plan transport failure can recover without fabricating an active plan (7.415708ms)
✔ initial review_plan transport failure can recover without fabricating an active plan (10.002041ms)
✔ a stopped source preparation retries the exact pending reviewed proposal once (6.741709ms)
✔ Registry changes cannot use failed-but-recoverable work as a settled project (3.735709ms)
✔ revised Spec/Tickets merge with integrated Owner code and reconcile the same ref after interruption (1796.570875ms)
✔ actual Git integration preserves the user checkout and reconciles a crash after ref update (1443.055625ms)
✔ catalog admits one executor and releases only after its owned work closes (69.78675ms)
✔ actual executor death releases the OS fence without PID or age takeover (166.722416ms)
✔ runner wakes after durable changes, completes once, then sleeps without a polling feedback loop (611.238916ms)
✔ effect result validation failures become observable failure facts (212.308375ms)
✔ another effects host cannot observe or replay an invocation while its OS action lock is held (256.151709ms)
✔ a claimed but undispatched action can resume after a quiescent observation (237.194042ms)
✔ store commits concurrent events against fresh state, without lost updates (444.050292ms)
✔ readers retain a valid immutable snapshot when a writer replaces its opened inode (73.969ms)
✔ a failing subscriber cannot turn an already committed event into a failed mutation (118.299042ms)
✔ KAC-23: failure before rename preserves state and releases lock (115.075584ms)
✔ KAC-23: corrupt control state is never initialized as empty state (45.003125ms)
✔ KAC-04/23: OS lock is released when writer crashes, without deleting lock inode (188.451958ms)
✔ abort does not release the OS lock before the transaction callback exits (123.060375ms)
✔ test selection fails before any test runs when a file is absent, duplicated or a directory (223.124ms)
✔ occupied user port refuses launch without changing its response or existing logs (127.388625ms)
✔ Web readiness rejects wrong-instance and drains only its own test child (743.534625ms)
✔ Web readiness rejects missing-plugin and drains only its own test child (717.4005ms)
✔ Web readiness rejects early-exit and drains only its own test child (64.034708ms)
✔ instance-bound success uses distinct logs and preserves caller environment across two lifetimes (208.488166ms)
✔ real Loader + native write/bash: apply, verify, preserve audit and dispose registrations (689.683958ms)
✔ failed edit skips bash; failed bash preserves the successful mutation (146.872916ms)
✔ native guard denial is enforced on the nested bash dispatch (81.70675ms)
✔ version change between mutation and bash prevents verification (97.435875ms)
✔ nested additional context and turn conclusion reach the outer result (121.697209ms)
✔ EPR compresses native failed test output, preserves exit status/value and archives exact source (133.703292ms)
✔ EPR auto uses model defaults and omits reasoning for models without that capability (143.567959ms)
✔ EPR keeps explicit reasoning settings and falls back before dispatch when unsupported (215.820208ms)
✔ EPR binds capability resolution, stream and audit to one adapter generation during replacement (150.333541ms)
✔ EPR composes with fusion and does not replace the file mutation confirmation (102.661458ms)
✔ invalid reducer output and provider errors retain the original content (126.014041ms)
✔ secret logs and non-diagnostic commands never reach reducer (128.747542ms)
✔ native read-before-edit policy also governs fused edits (80.494208ms)
✔ EPR deadline falls back without changing the native bash result (106.983834ms)
✔ pre-cancelled fusion never writes and command timeout retains the mutation (71.254166ms)
✔ unloading EPR aborts in-flight reduction and removes its listener (133.858958ms)
(node:18203) ExperimentalWarning: stripTypeScriptTypes is an experimental feature and might change at any time
(Use `node --trace-warnings ...` to show where the warning was created)
✔ Code Mode reaches fusion through native nested dispatch; ordinary bash skips reducer (201.662042ms)
✔ default-off configuration removes both features through Loader reload (85.827666ms)
✔ missing native bash fails before mutation (56.010209ms)
✔ storage failure is fail-open and happens before any reducer request (84.187334ms)
✔ existing post-execute content replacement is preserved without a reducer call (95.713ms)
✔ nested log projection changes only the durable preview (85.497292ms)
✔ nested log projection failure retains the settled result (186.992833ms)
✔ cancellation after a native write settles its log and skips bash without pretending the file was rolled back (125.604917ms)
✔ native live replay, cold fork recovery and unload preserve own history and durable fork cut (469.806167ms)
✔ unsupported Session read contracts fail explicitly instead of projecting empty history (0.523209ms)
✔ verified alternate upstream directory works without Git and rejects changed shipped assets (100.593875ms)
ℹ tests 219
ℹ suites 0
ℹ pass 219
ℹ fail 0
ℹ cancelled 0
ℹ skipped 0
ℹ todo 0
ℹ duration_ms 27997.2655
