✔ 等待列表客户端产物与源码一致并登记正式、本地两个模块编号 (83.796208ms)
✔ 运行状态和 Owner 输入限制只登记官方 Slot (4.361125ms)
✔ 运行状态只通过可重连 SSE 接收更新，并按当前工作区和当前会话过滤 (2.298125ms)
✔ 运行状态按需要处理、总览、主线程和子代理分类显示确定性状态 (2.304625ms)
✔ 侧栏运行状态使用视口定位，避免被侧栏裁剪和遮住底部操作区 (2.008625ms)
✔ 证据义务冻结后，相同语义问题不会因改写标题被当成新进展 (7.199625ms)
✔ 没有新 Runtime 证据时，Reviewer 新增问题进入仲裁而不是扩大冻结集合 (14.278083ms)
✔ 新 Runtime 证据允许吸收新义务，但不会关闭被遗漏的旧义务 (1.524208ms)
✔ 交替会诊文本、时间、会话、HEAD 和候选摘要不能在 30 轮内重置策略 (73.958375ms)
✔ 当前候选恢复的验证绑定只登记一次进展，不自动关闭且重复事实不续期 (0.433125ms)
✔ 已解决义务的新文件和反复更换 obligationId 都不能回收策略租约 (1.616875ms)
✔ 决定分类只接受结构化业务差异或外部权限，关键词只是诊断提示 (0.450208ms)
✔ 未关闭的 user decision 不能被后续 Reviewer 遗漏或改写为 passed 而降权 (0.477959ms)
✔ 新 decision_record 分类缺失或冲突被拒绝，旧显式 user authority 保守保留 (2.424ms)
✔ 失败分类选择不同的自治恢复策略而不是统一 await_user (2.791708ms)
✔ Workflow 证据摘要只投影稳定的任务结果和 Runtime 文件哈希 (0.343708ms)
✔ 稳定义务身份绑定来源、目标和解除条件，不能把同类同节点要求合并 (0.16175ms)
✔ 展示文案不得参与义务目标或身份，同 ID 的不同合同必须在接收时拒绝 (0.188625ms)
✔ 严格义务必须有 ID；已见事实不能用新 ID 重新引入已解决的合同 (0.326417ms)
✔ 不同 obligationId 的同合同要求独立保留，关闭一项不会关闭另一项 (0.530209ms)
✔ 已解决的旧义务重复出现时保持 resolved，不作为新义务重新报告 (0.918584ms)
✔ 遗漏和 passed 都不能关闭义务；只有 Runtime 核验的当前版本解除证据才能关闭且重复幂等 (0.773709ms)
✔ 任务验证关闭只接受 Runtime 标记为当前、通过且绑定候选版本的结果 (0.856625ms)
✔ 旧义务缺少关闭合同时保持 open，并拒绝 Reviewer 自报的替代决定 (0.11375ms)
✔ 显式 legacy 读取路径保留同一缺关闭合同的已解决义务，不重新引入 (0.091334ms)
✔ 旧字符串与问题列表按原文保留不同路径的要求身份 (0.217334ms)
✔ 结构可执行关闭只依赖 Runtime 记录的任务存在，不将其视为业务完成 (0.353417ms)
✔ 版本化决定必须由 Runtime 当前记录完整绑定，且不同义务 ID 不会共享关闭结果 (1.7855ms)
✔ decision_record 的 user authority 明确请求用户，同时保留旧问题文本回退 (0.236041ms)
✔ lockfile-bound dependency copies are private and cache corruption is rejected (176.957583ms)
✔ ambiguous package manager locks fail without selecting a different manager (17.605ms)
✔ Dashboard and main thread read exactly the same workflow view without writing control or projections (88.879083ms)
✔ read-only routes do not create missing state or hide corrupt state behind an empty result (28.723167ms)
✔ opaque workspace selection, GET-only routes and SSE disposal preserve the same snapshot (146.751125ms)
✔ native client retains a failed workflow and runner failure when no user approval is pending (223.481666ms)
✔ native runtime executes scoped edit, async submission, real verification, integration and final verification (5607.498583ms)
✔ native revised Spec/Ticket checkpoint replaces the same task, retains the issue and delivers on its new baseline (12717.74725ms)
✔ native main-thread documents, checkpoint, independent planning and execution reach the user checkout (4500.398541ms)
✔ actual failed verification returns to the root and repairs its retained candidate within the same budget (4954.862459ms)
✔ Owner root guards use native tool scope and do not capture unrelated roots (808.053084ms)
✔ two native Owner preset scopes share one catalog executor and dispose independently (86.396459ms)
✔ a legacy completed label alone cannot release a possible native writer as historical data (17.7805ms)
✔ legacy reservation preserves exact source and budget, blocks duplicate work, and replays idempotently (207.499708ms)
✔ Operation honors rules-only policy using the same action and real native sessions (1489.914834ms)
✔ Operation honors reviewer-allow policy using the same action and real native sessions (1051.257083ms)
✔ Operation honors reviewer-deny policy using the same action and real native sessions (1119.026375ms)
✔ native prefix permission is explicit and scoped to the host, main session, directory and literal argument boundary (1645.796084ms)
✔ native root delivery is deduplicated using persisted messages, not followup return (915.289166ms)
✔ native fixed command proves managed-range exit and does not rerun a received command (158.792ms)
✔ native read-only sandbox rejects an actual source write (136.872667ms)
✔ native termination covers a helper that outlives the command leader (528.933833ms)
✔ verification resumes after the native command receipt without rerunning or changing its directory (366.731ms)
✔ native non-Git Operation: allow reaches the main thread and retains source protection (1554.964791ms)
✔ native non-Git Operation: reject reaches the main thread and retains source protection (946.827208ms)
✔ native non-Git Operation: cancel reaches the main thread and retains source protection (914.066125ms)
✔ native owner_submit ends the actual turn after durable acceptance without waiting for verification (1513.118084ms)
✔ Owner preparation interruption resumes the same worktree with one native dispatch (1589.460167ms)
✔ public Owner reads the shared contract and downstream recovery before a bound independent decision (1519.801583ms)
✔ native Registry batch allow: one exact decision, no speculative ownership or Git identity changes (2590.049792ms)
✔ native Registry batch reject: one exact decision, no speculative ownership or Git identity changes (1228.710667ms)
✔ native Registry batch cancel: one exact decision, no speculative ownership or Git identity changes (1065.04325ms)
✔ 实际原生问询先持久原始授权，同根重复核验复用，不因后续规格修订扩大实施范围 (1586.963542ms)
✔ 原生reject决定不会创建grant或提交代码 (1211.540708ms)
✔ 原生custom决定不会创建grant或提交代码 (1282.861375ms)
✔ 实际 Runtime 阻止 index 已同步但快照未发布时启动 DAG，原事务恢复后解除 (3403.580292ms)
✔ 实际 Runtime 根入口完成原生授权、Git checkpoint 与固定快照，重复调用复用同一授权和提交 (1653.859625ms)
✔ 主线程直接推进会冻结 Formal Spec/Ticket 与支持文档，不显示重复提交问询 (2421.682083ms)
✔ 已有正文的规划文档经原生 read→edit 补 formal envelope 后，finalize 保留连续来源链 (1321.614208ms)
✔ 旧的默认 Git 身份入口必须拒绝调用并保留现有配置 (375.185334ms)
✔ 没有直接推进的真实用户消息时 finalize 仍要求原生规划提交授权 (1501.738666ms)
✔ finalize 遇到规划包之外的脏文件会拒绝且不改变 HEAD 或 index (309.972209ms)
✔ 实际 Runtime 原生拒绝不会推进 HEAD/index 或建立待恢复事务 (733.2605ms)
✔ 实际规划租约阻止同时进入第二 checkpoint 和旧 Workflow 启动 (379.147ms)
✔ 真实授权之后取消会阻止后续 ref CAS，释放租约并以原授权恢复 (1902.101833ms)
✔ one-owner packages retain full frozen Ticket/Spec data, shared AC contributors and dependency blockers (14.145334ms)
✔ compiler rejects unknown-fragment (0.868875ms)
✔ compiler rejects blocked-fragment (0.252875ms)
✔ compiler rejects unknown-contract (0.920125ms)
✔ compiler rejects missing-known-contract (0.658834ms)
✔ compiler rejects omitted-ready (0.533917ms)
✔ compiler rejects missing-ticket-edge (0.417041ms)
✔ compiler rejects task-cycle (0.178625ms)
✔ compiler rejects wrong-snapshot (1.749209ms)
✔ compiler rejects wrong-source (0.288625ms)
✔ compiler rejects mixed-owner-package (4.627708ms)
✔ bindings normalizer rejects duplicate task, Ticket fragment and contract identities without mutating optional absence (0.264959ms)
✔ completed checkpoint reader returns frozen persisted snapshot without revalidating current planning files (3188.791458ms)
✔ checkpoint snapshot reader rejects a nonterminal journal without resuming it (1252.280125ms)
✔ 首次原生创建尚未进入 HEAD 的 Spec/Ticket，缺失基线 blob 正确作为 null (1175.315667ms)
✔ 真实 Harness 原生 edit 链绑定 T05 引用和实际 Git baseline，并由只读 Runtime 入口返回 source-validated (1333.953917ms)
✔ 缺失尾项、跨文件借用、incomplete terminal 与暂存用户变更均拒绝而不修复来源或 index (1325.192667ms)
✔ 已提交的旧来源保留在 journal 时，新 baseline 上仅选择新的原生链仍可验证 (1337.560667ms)
✔ 真实 Runtime 入口不接受其他主 agent 复用来源，也不接受有父会话的 child (489.479917ms)
✔ 真实 Harness create → read → edit 使用原生 CAS，写入不可消费的完整 native provenance 链 (629.371ms)
✔ 真实 CAS stale 在 prepared 后无同调用 observed，明确保留 unknown 而不把 isError 伪造成失败 (327.845458ms)
✔ native success followed by downstream observed failure remains native-observed but incomplete (235.99275ms)
✔ 相同真实 callId 的重放不会覆盖 prepared/terminal 或再次修改文档 (285.309541ms)
✔ native 成功后 terminal 发布失败保留 prepared-only 与真实字节，不回滚或伪造 terminal (182.305209ms)
✔ BOM 使原始字节与 decoded text 不可逆时保留 native-observed 但拒绝 complete (231.568916ms)
✔ 越界文档和状态目录链接在原生 mutation 前拒绝，且没有额外文档权限或 journal 记录 (119.136125ms)
✔ T06 accepts and replays one complete versioned public Owner request (4.655958ms)
✔ T06 rejects absent fields and unknown Owner, Ticket, AC, contract, or evidence references (3.300333ms)
✔ T06 same ID and version conflict, while the next version must exactly supersede the prior digest (4.131917ms)
✔ T06 capability-sufficient decision requires every known consumer fact and is the only immediately ready result (2.942459ms)
✔ T06 compatible extension stays blocked until the public Owner implementation exists (0.738375ms)
✔ T06 migration decision binds the complete impacted consumer set and exact order (2.26475ms)
✔ T06 rejection, missing facts, and business change use distinct evidence-bearing outcomes (1.94625ms)
✔ T06 a decision bound to an older execution, contract, or consumer context becomes stale (1.921333ms)
✔ T06 conflicting decisions cannot overwrite an accepted decision for the same request (1.675458ms)
✔ T06 persisted request or decision tampering fails closed even when the attacker recomputes no digest (1.097417ms)
✔ T30 normalizes a PlanRevision with an explicit authoritative public decision binding (16.050667ms)
✔ T30 rejects incomplete consumers, wrong Owner, missing implementation predecessor, and stale authority (13.143ms)
✔ T30 migration order is an executable dependency chain rooted at the public implementation (4.255125ms)
✔ T30 carried historical bindings remain immutable without treating their original baseline as current (21.142917ms)
✔ failed materialization waits for already-started copies before releasing cleanup authority (118.58725ms)
✔ seals actual uncommitted source once, verifies independently and resumes from receipts (1092.400458ms)
✔ fixed verification collects independent failures and never passes zero Node tests (1060.072625ms)
✔ source symlink escape and changed immutable candidate are rejected (582.234792ms)
✔ KAC-21: writes check scope and linked ancestors before the native mutation (426.405959ms)
✔ delivery refuses a dirty checkout with a durable explicit failure and leaves every file intact (979.334875ms)
✔ delivery reconciles actual fast-forward after host failure without replaying checkout mutation (1060.667666ms)
✔ changed source activation waits for its Git baseline binding and preserves unrelated execution (27.145792ms)
✔ composite children wait for parent inputs and carry real upstream integration evidence (28.679ms)
✔ a ready sibling behind a quarantined Owner is a visible technical failure, not endless running (3.814708ms)
✔ equivalent local port spellings contend across projects while project resources remain independent (3.069625ms)
✔ plan replacement fences affected attempts and preserves unrelated work until safe activation (16.782416ms)
✔ source replacement supersedes a pending product question and rejects a late answer (2.357375ms)
✔ known checkout obstruction ends delivery explicitly and preserves integrated candidate (13.152541ms)
✔ KAC-02: unchanged drive is referentially stable and does not manufacture progress (13.069292ms)
✔ KAC-03: same owner and host resource are serialized across workflows (8.382ms)
✔ KAC-06: submit acknowledges a durable candidate without claiming verification or delivery (1.860167ms)
✔ KAC-10: a model turn ending without writer termination cannot start sealing (2.161583ms)
✔ KAC-08/09: verification and integration bind content and expected base (9.878417ms)
✔ KAC-01/11: deadline produces stop action, unknown termination stays quarantined and observable (5.250458ms)
✔ KAC-11: later real termination releases quarantine without reviving failed task (2.173375ms)
✔ KAC-12: notification completion requires correct root and persistent message identity (2.49025ms)
✔ KAC-13: genuine user wait suspends active deadline; stale root cannot answer (4.284833ms)
✔ KAC-15: open obligations prevent activation; same label does not replace closure evidence (5.915208ms)
✔ KAC-24: direct operations share Owner/resource admission with DAG work (3.52975ms)
✔ upstream semantic changes invalidate completed or pending consumer inputs (5.931959ms)
✔ workflow capacity is local while catalog capacity remains global (2.239875ms)
✔ duplicate operation enqueue is idempotent even while its resource is occupied (3.0105ms)
✔ bound verification failure becomes a visible failure instead of a hanging action (3.795958ms)
✔ planning, independent review and activation are one persisted action chain (6.281209ms)
✔ execution obligations permit implementation, close only on integration and reopen when their task changes (16.074541ms)
✔ a final passing test cannot hide an unclosed obligation or deliver the checkout (4.74375ms)
✔ a real permission wait pauses an ordinary action deadline and cancellation expires its question (2.325667ms)
✔ identical technical replan requests consume one persistent recovery slot (1.412292ms)
✔ renaming and splitting a Ticket preserves its issue, budget and all descendant closure evidence (34.749958ms)
✔ keeping a verification ID while replacing its command cannot close the original failure (12.540709ms)
✔ a failed recoverable workflow still reserves its project until explicitly cancelled and settled (3.932041ms)
✔ replanning cannot bypass the original execution issue limit (5.443417ms)
✔ revised Spec/Tickets merge with integrated Owner code and reconcile the same ref after interruption (1540.761334ms)
✔ actual Git integration preserves the user checkout and reconciles a crash after ref update (1074.251ms)
✔ catalog admits one executor and releases only after its owned work closes (95.571917ms)
✔ actual executor death releases the OS fence without PID or age takeover (210.170375ms)
✔ runner wakes after durable changes, completes once, then sleeps without a polling feedback loop (542.071209ms)
✔ effect result validation failures become observable failure facts (164.879625ms)
✔ another effects host cannot observe or replay an invocation while its OS action lock is held (294.596916ms)
✔ a claimed but undispatched action can resume after a quiescent observation (321.214125ms)
✔ store commits concurrent events against fresh state, without lost updates (305.574291ms)
✔ readers retain a valid immutable snapshot when a writer replaces its opened inode (104.802583ms)
✔ a failing subscriber cannot turn an already committed event into a failed mutation (147.524041ms)
✔ KAC-23: failure before rename preserves state and releases lock (123.008417ms)
✔ KAC-23: corrupt control state is never initialized as empty state (81.801958ms)
✔ KAC-04/23: OS lock is released when writer crashes, without deleting lock inode (213.498583ms)
✔ abort does not release the OS lock before the transaction callback exits (104.10125ms)
ℹ tests 167
ℹ suites 0
ℹ pass 167
ℹ fail 0
ℹ cancelled 0
ℹ skipped 0
ℹ todo 0
ℹ duration_ms 22438.441958
