✔ 等待列表客户端产物与源码一致并登记正式、本地两个模块编号 (71.720083ms)
✔ 运行状态和 Owner 输入限制只登记官方 Slot (2.39ms)
✔ 运行状态只通过可重连 SSE 接收更新，并按当前工作区和当前会话过滤 (1.40875ms)
✔ 运行状态按需要处理、总览、主线程和子代理分类显示确定性状态 (3.238875ms)
✔ 侧栏运行状态使用视口定位，避免被侧栏裁剪和遮住底部操作区 (1.911167ms)
✔ Dashboard 只读取指定 workflow 的 progress 投影并将投影变化作为 SSE 推送 (4043.595833ms)
✔ 尚未生成计划的 workflow 也会投影为可读取的空任务进度 (10.426625ms)
✔ Dashboard 投影显示 Owner 会话、阶段、心跳、恢复次数和授权等待 (17.609917ms)
✔ Dashboard 先推送指定 workflow 的既有事件，再推送后续 projection 变化 (17.495708ms)
✔ Dashboard 按 workflowId 隔离 progress、事件和 SSE，不发生跨 workflow 污染 (4435.088708ms)
✔ Dashboard、投影和事件缺失 workflowId 时 fail closed (1.878042ms)
✔ runner 的 Dashboard 模式必须验证并传递安全 workflow-id (0.3195ms)
✔ Dashboard 只绑定 127.0.0.1，且没有写状态、调度、命令或 CORS 接口 (12.460542ms)
✔ 缺失或畸形 progress 投影安全失败，不泄露本地路径 (6.206084ms)
✔ progress 投影原子写入后不遗留临时文件 (3.812ms)
✔ 真实 DSH：稳定 Owner 续接与恢复，派发证据只属于当前任务 (384.919417ms)
✔ 真实 DSH：两个 Owner 并行、同 Owner 串行，取消收敛前保持占用 (96.415541ms)
✔ 真实 DSH：接收回执失败保留已接收事实，停止执行并拒绝重投 (79.075292ms)
✔ 受管理会话读取失败时仍关闭 read handle (0.413334ms)
✔ Owner Team 释放失败仍清理 Runtime 其他状态，并保留原始错误 (0.911375ms)
ℹ tests 20
ℹ suites 0
ℹ pass 20
ℹ fail 0
ℹ cancelled 0
ℹ skipped 0
ℹ todo 0
ℹ duration_ms 8805.522
