TAP version 13
# Subtest: T15 recoverOwner admits before restarting a failed workflow and enforces the next credit limit
ok 1 - T15 recoverOwner admits before restarting a failed workflow and enforces the next credit limit
  ---
  duration_ms: 1903.357708
  type: 'test'
  ...
# Subtest: T15 direct failed Owner start cannot bypass durable recovery admission
ok 2 - T15 direct failed Owner start cannot bypass durable recovery admission
  ---
  duration_ms: 436.968041
  type: 'test'
  ...
# Subtest: T15 missing_config cannot silently fall back to legacy execution
ok 3 - T15 missing_config cannot silently fall back to legacy execution
  ---
  duration_ms: 443.77975
  type: 'test'
  ...
# Subtest: T15 unknown_protocol cannot silently fall back to legacy execution
ok 4 - T15 unknown_protocol cannot silently fall back to legacy execution
  ---
  duration_ms: 565.037167
  type: 'test'
  ...
# Subtest: T15 invalid_config cannot silently fall back to legacy execution
ok 5 - T15 invalid_config cannot silently fall back to legacy execution
  ---
  duration_ms: 742.468583
  type: 'test'
  ...
# Subtest: T15 explicit user decision takes priority over spending recovery credit
ok 6 - T15 explicit user decision takes priority over spending recovery credit
  ---
  duration_ms: 422.864291
  type: 'test'
  ...
# Subtest: T15 existing uncertain recovery is reconciled without another reservation or prompt
ok 7 - T15 existing uncertain recovery is reconciled without another reservation or prompt
  ---
  duration_ms: 854.311417
  type: 'test'
  ...
# Subtest: T15 subsequent real failed result inherits the same root and consumes only its next attempt
ok 8 - T15 subsequent real failed result inherits the same root and consumes only its next attempt
  ---
  duration_ms: 1443.418875
  type: 'test'
  ...
# Subtest: T15 public background recovery persists and delivers a newly classified user decision
ok 9 - T15 public background recovery persists and delivers a newly classified user decision
  ---
  duration_ms: 816.15025
  type: 'test'
  ...
# Subtest: T15 unresolved handoff before admission prevents execution
ok 10 - T15 unresolved handoff before admission prevents execution
  ---
  duration_ms: 445.440208
  type: 'test'
  ...
# Subtest: T15 unresolved handoff appearing after admission prevents execution
ok 11 - T15 unresolved handoff appearing after admission prevents execution
  ---
  duration_ms: 440.50575
  type: 'test'
  ...
# Subtest: T15 protected ordinary awaiting_finish result can finish without a recovery debit
ok 12 - T15 protected ordinary awaiting_finish result can finish without a recovery debit
  ---
  duration_ms: 2610.05075
  type: 'test'
  ...
# Subtest: T15 protected ordinary committed result can finish without a recovery debit
ok 13 - T15 protected ordinary committed result can finish without a recovery debit
  ---
  duration_ms: 2291.479084
  type: 'test'
  ...
# Subtest: T15 protected PlanRevision abort with no Owner record keeps the reset path
ok 14 - T15 protected PlanRevision abort with no Owner record keeps the reset path
  ---
  duration_ms: 479.332667
  type: 'test'
  ...
# Subtest: T15 stale finish-only snapshot cannot send a newly failed record through legacy recovery
ok 15 - T15 stale finish-only snapshot cannot send a newly failed record through legacy recovery
  ---
  duration_ms: 414.9065
  type: 'test'
  ...
1..15
# tests 15
# suites 0
# pass 15
# fail 0
# cancelled 0
# skipped 0
# todo 0
# duration_ms 14469.013792
