TAP version 13
# Subtest: T23 SIGKILL after prompt flush before submitted receipt preserves one accepted prompt
ok 1 - T23 SIGKILL after prompt flush before submitted receipt preserves one accepted prompt
  ---
  duration_ms: 2959.59
  type: 'test'
  ...
# Subtest: T23 SIGKILL after create returns before Owner binding cannot authorize resend
ok 2 - T23 SIGKILL after create returns before Owner binding cannot authorize resend
  ---
  duration_ms: 3177.918292
  type: 'test'
  ...
# Subtest: T23 SIGKILL after durable reservation allows exactly one original-identity Owner execution
ok 3 - T23 SIGKILL after durable reservation allows exactly one original-identity Owner execution
  ---
  duration_ms: 3366.538417
  type: 'test'
  ...
# Subtest: T23 two ready processes competing for one durable intent execute its Owner only once
ok 4 - T23 two ready processes competing for one durable intent execute its Owner only once
  ---
  duration_ms: 3212.077042
  type: 'test'
  ...
# Subtest: T23 distinct requests racing for the final credit execute only the admitted Owner
ok 5 - T23 distinct requests racing for the final credit execute only the admitted Owner
  ---
  duration_ms: 2652.072459
  type: 'test'
  ...
# Subtest: T23 SIGKILL before failed settlement rename never accepts the temporary receipt or reexecutes
ok 6 - T23 SIGKILL before failed settlement rename never accepts the temporary receipt or reexecutes
  ---
  duration_ms: 2721.624
  type: 'test'
  ...
# Subtest: T23 admission_before_write SIGKILL cannot authorize an uncommitted identity
ok 7 - T23 admission_before_write SIGKILL cannot authorize an uncommitted identity
  ---
  duration_ms: 4070.94825
  type: 'test'
  ...
# Subtest: T23 admission_before_rename SIGKILL cannot authorize an uncommitted identity
ok 8 - T23 admission_before_rename SIGKILL cannot authorize an uncommitted identity
  ---
  duration_ms: 2279.655042
  type: 'test'
  ...
# Subtest: T23 SIGKILL after first physical append preserves identity without resend
ok 9 - T23 SIGKILL after first physical append preserves identity without resend
  ---
  duration_ms: 2369.728375
  type: 'test'
  ...
# Subtest: T23 SIGKILL before successful settlement rename never accepts the temporary receipt or reexecutes
ok 10 - T23 SIGKILL before successful settlement rename never accepts the temporary receipt or reexecutes
  ---
  duration_ms: 3943.115875
  type: 'test'
  ...
# Subtest: T23 Runtime rejects persistent bad_row after real prompt acceptance
ok 11 - T23 Runtime rejects persistent bad_row after real prompt acceptance
  ---
  duration_ms: 2238.825459
  type: 'test'
  ...
# Subtest: T23 Runtime rejects persistent torn_tail after real prompt acceptance
ok 12 - T23 Runtime rejects persistent torn_tail after real prompt acceptance
  ---
  duration_ms: 2669.161917
  type: 'test'
  ...
# Subtest: T23 Runtime rejects persistent bad_budget after real prompt acceptance
ok 13 - T23 Runtime rejects persistent bad_budget after real prompt acceptance
  ---
  duration_ms: 2216.875667
  type: 'test'
  ...
# Subtest: T23 actual admission temporary-write failure releases no receipt or execution
ok 14 - T23 actual admission temporary-write failure releases no receipt or execution
  ---
  duration_ms: 1087.601833
  type: 'test'
  ...
1..14
# tests 14
# suites 0
# pass 14
# fail 0
# cancelled 0
# skipped 0
# todo 0
# duration_ms 39055.095208
