TAP version 13
# Subtest: V2 task finish 在 workflow 已合入但状态未记账时恢复并幂等完成
ok 1 - V2 task finish 在 workflow 已合入但状态未记账时恢复并幂等完成
  ---
  duration_ms: 2494.045917
  type: 'test'
  ...
# Subtest: V2 task finish 恢复 pendingTaskMerge，只清理 task preflight 并保留 Owner worktree
ok 2 - V2 task finish 恢复 pendingTaskMerge，只清理 task preflight 并保留 Owner worktree
  ---
  duration_ms: 3054.14475
  type: 'test'
  ...
# Subtest: V2 task finish 按 task.write 覆盖把 handoff queue 标记为 completed
ok 3 - V2 task finish 按 task.write 覆盖把 handoff queue 标记为 completed
  ---
  duration_ms: 2588.008709
  type: 'test'
  ...
# Subtest: finalize 只合并固定的 review SHA，review 后分支移动时拒绝未审查提交
ok 4 - finalize 只合并固定的 review SHA，review 后分支移动时拒绝未审查提交
  ---
  duration_ms: 2384.64725
  type: 'test'
  ...
# Subtest: finalize 遇到 tracked、untracked 或 ignored Owner dirty 时保存 cleanupPending 并保留现场
    # Subtest: tracked
    ok 1 - tracked
      ---
      duration_ms: 3069.527042
      type: 'test'
      ...
    # Subtest: untracked
    ok 2 - untracked
      ---
      duration_ms: 3271.436291
      type: 'test'
      ...
    # Subtest: ignored
    ok 3 - ignored
      ---
      duration_ms: 2896.066958
      type: 'test'
      ...
    1..3
ok 5 - finalize 遇到 tracked、untracked 或 ignored Owner dirty 时保存 cleanupPending 并保留现场
  ---
  duration_ms: 9237.878375
  type: 'test'
  ...
# Subtest: finalize 对 legacy ownerRuns 的越界、链接、分支错配和字段冲突一律 fail-closed
    # Subtest: top worktree 越出当前 workflow 受控目录
    ok 1 - top worktree 越出当前 workflow 受控目录
      ---
      duration_ms: 2243.232667
      type: 'test'
      ...
    # Subtest: result worktree 越出当前 workflow 受控目录
    ok 2 - result worktree 越出当前 workflow 受控目录
      ---
      duration_ms: 2270.885375
      type: 'test'
      ...
    # Subtest: worktree 路径经过符号链接
    ok 3 - worktree 路径经过符号链接
      ---
      duration_ms: 2413.679084
      type: 'test'
      ...
    # Subtest: 记录 branch 与 worktree attached branch 不一致
    ok 4 - 记录 branch 与 worktree attached branch 不一致
      ---
      duration_ms: 2245.516625
      type: 'test'
      ...
    # Subtest: top 与 result worktree 字段冲突
    ok 5 - top 与 result worktree 字段冲突
      ---
      duration_ms: 2113.880667
      type: 'test'
      ...
    # Subtest: top 与 result branch 字段冲突
    ok 6 - top 与 result branch 字段冲突
      ---
      duration_ms: 2294.733875
      type: 'test'
      ...
    1..6
ok 6 - finalize 对 legacy ownerRuns 的越界、链接、分支错配和字段冲突一律 fail-closed
  ---
  duration_ms: 13582.961708
  type: 'test'
  ...
# Subtest: finalize 可清理合法固定 V2 Owner 路径
ok 7 - finalize 可清理合法固定 V2 Owner 路径
  ---
  duration_ms: 2247.385959
  type: 'test'
  ...
# Subtest: finalize 成功后重复调用可以幂等完成清理
ok 8 - finalize 成功后重复调用可以幂等完成清理
  ---
  duration_ms: 2244.928708
  type: 'test'
  ...
# Subtest: finalize 合并已经完成但状态未记账时，可以在资源缺失后恢复清理
ok 9 - finalize 合并已经完成但状态未记账时，可以在资源缺失后恢复清理
  ---
  duration_ms: 1286.903417
  type: 'test'
  ...
# Subtest: finalize 在启动分支有新提交时以最新 base 预合并固定 review SHA 并成功交付
ok 10 - finalize 在启动分支有新提交时以最新 base 预合并固定 review SHA 并成功交付
  ---
  duration_ms: 2470.4715
  type: 'test'
  ...
# Subtest: finalize 最新 base 预合并冲突时记录失败并保留 workflow、Owner 和 preflight 现场
ok 11 - finalize 最新 base 预合并冲突时记录失败并保留 workflow、Owner 和 preflight 现场
  ---
  duration_ms: 1867.447333
  type: 'test'
  ...
# Subtest: Runtime 当前 Owner 只能通过结构化 request_subgraph 请求并在锁内持久化局部 delta
ok 12 - Runtime 当前 Owner 只能通过结构化 request_subgraph 请求并在锁内持久化局部 delta
  ---
  duration_ms: 813.461542
  type: 'test'
  ...
# Subtest: Runtime request_handoff 走局部失效并拒绝通过 delta 绕过 Registry 边界
ok 13 - Runtime request_handoff 走局部失效并拒绝通过 delta 绕过 Registry 边界
  ---
  duration_ms: 678.462708
  type: 'test'
  ...
# Subtest: Runtime request_handoff 只保留白名单字段，调用方元数据不能覆盖生成字段
ok 14 - Runtime request_handoff 只保留白名单字段，调用方元数据不能覆盖生成字段
  ---
  duration_ms: 693.341333
  type: 'test'
  ...
# Subtest: V2 handoff_replan 用 task.write 覆盖 handoff 文件并 carry forward completed task
ok 15 - V2 handoff_replan 用 task.write 覆盖 handoff 文件并 carry forward completed task
  ---
  duration_ms: 903.971791
  type: 'test'
  ...
# Subtest: V2 handoff_replan 确定性冻结已有 ownerRun 对应 task 的语义
ok 16 - V2 handoff_replan 确定性冻结已有 ownerRun 对应 task 的语义
  ---
  duration_ms: 1002.007875
  type: 'test'
  ...
# Subtest: V2 recoverWorkflow 只按 task 状态、ownerRuns 和 Supervisor queue 恢复失败 task
ok 17 - V2 recoverWorkflow 只按 task 状态、ownerRuns 和 Supervisor queue 恢复失败 task
  ---
  duration_ms: 765.401792
  type: 'test'
  ...
1..17
# tests 26
# suites 0
# pass 26
# fail 0
# cancelled 0
# skipped 0
# todo 0
# duration_ms 48444.756542
