✔ T13 明确有限配置，没有默认无限值或隐式数值转换 (0.925042ms)
✔ T13 BUD-01 两级限额原子扣减，问题用完不阻止独立问题 (1.299166ms)
✔ T13 BUD-03 最后一份额度按传入的新快照串行竞争，两级不半扣 (0.157041ms)
✔ T13 BUD-03 请求重放在耗尽后仍返回原attempt，重载不重扣 (0.168875ms)
✔ T13 同request改变workflowId拒绝，不借重复请求改绑定 (0.169542ms)
✔ T13 同request改变rootProblemId拒绝，不借重复请求改绑定 (0.140208ms)
✔ T13 同request改变attemptId拒绝，不借重复请求改绑定 (0.208334ms)
✔ T13 同request改变taskId拒绝，不借重复请求改绑定 (0.156292ms)
✔ T13 同request改变ownerId拒绝，不借重复请求改绑定 (0.196958ms)
✔ T13 同request改变executionVersion拒绝，不借重复请求改绑定 (0.206625ms)
✔ T13 同attempt不能被不同request占用；不存在问题与外来Workflow拒绝 (0.476125ms)
✔ T13 问题注册幂等但来源和限额不可替换，同来源不能另开根问题 (0.372417ms)
✔ T13 执行开始绑定不可换，未开始不能成功结算，终态不能重启 (0.494584ms)
✔ T13 启动前failed可结算，不退额度；相同回执重放不改状态 (0.274958ms)
✔ T13 启动前cancelled可结算，不退额度；相同回执重放不改状态 (0.195708ms)
✔ T13 开始及结算都重新核验完整绑定，调用错误不能写状态 (0.679209ms)
✔ T13 BUD-04/05 相关新证据不退预算，A/B/A与换引用重放只留两份事实 (0.549667ms)
✔ T13 来源不匹配、相同引用内容冲突、进展升格关闭都拒绝 (0.327291ms)
✔ T13 问题关闭需当前根的关闭引用且无未结算attempt，关闭不擦历史 (0.495334ms)
✔ T13 序列化账本严格校验，不接纳未知版本、重复记录或被改写的计数 (0.495375ms)
✔ T13 返回对象和输入无共享可写引用；冻结输入仍可工作 (0.096666ms)
✔ T13 原型敏感字符串只作为ID数据，不能串改其他问题 (0.095125ms)
✔ T13 严格输入不静默丢弃错误字段或伪证据标记 (0.230375ms)
✔ T13 同根问题换task、Owner或版本仍共享已用额度，不重新注册预算 (0.138667ms)
✔ T13 同一核验事实可分别关联多个根问题，各自核验来源和关闭引用 (0.217583ms)
✔ T13 F-14 跨attempt跨字段引用拒绝：先执行后结算 (0.259625ms)
✔ T13 F-14 跨attempt跨字段引用拒绝：先结算后执行 (0.140333ms)
✔ T13 F-14 JSON导入拒绝跨字段串用回执，reverse=false (0.276042ms)
✔ T13 F-14 JSON导入拒绝跨字段串用回执，reverse=true (0.656333ms)
✔ T13 F-14 同attempt跨字段引用及重放合法，不同版本引用仍独立 (0.450584ms)
ℹ tests 30
ℹ suites 0
ℹ pass 30
ℹ fail 0
ℹ cancelled 0
ℹ skipped 0
ℹ todo 0
ℹ duration_ms 52.004625
