✔ 证据义务冻结后，相同语义问题不会因改写标题被当成新进展 (3.919333ms)
✔ 没有新 Runtime 证据时，Reviewer 新增问题进入仲裁而不是扩大冻结集合 (14.832167ms)
✔ 新 Runtime 证据允许吸收新义务，但不会关闭被遗漏的旧义务 (0.447583ms)
✔ 交替会诊文本、时间、会话、HEAD 和候选摘要不能在 30 轮内重置策略 (2.484125ms)
✔ 当前候选恢复的验证绑定只登记一次进展，不自动关闭且重复事实不续期 (0.471625ms)
✔ 已解决义务的新文件和反复更换 obligationId 都不能回收策略租约 (0.924333ms)
✔ 决定分类只接受结构化业务差异或外部权限，关键词只是诊断提示 (0.34825ms)
✔ 未关闭的 user decision 不能被后续 Reviewer 遗漏或改写为 passed 而降权 (0.175917ms)
✔ 新 decision_record 分类缺失或冲突被拒绝，旧显式 user authority 保守保留 (0.30575ms)
✔ 失败分类选择不同的自治恢复策略而不是统一 await_user (1.162167ms)
✔ Workflow 证据摘要只投影稳定的任务结果和 Runtime 文件哈希 (0.248333ms)
✔ 稳定义务身份绑定来源、目标和解除条件，不能把同类同节点要求合并 (0.112792ms)
✔ 展示文案不得参与义务目标或身份，同 ID 的不同合同必须在接收时拒绝 (0.135625ms)
✔ 严格义务必须有 ID；已见事实不能用新 ID 重新引入已解决的合同 (0.193709ms)
✔ 不同 obligationId 的同合同要求独立保留，关闭一项不会关闭另一项 (0.170084ms)
✔ 已解决的旧义务重复出现时保持 resolved，不作为新义务重新报告 (0.221833ms)
✔ 遗漏和 passed 都不能关闭义务；只有 Runtime 核验的当前版本解除证据才能关闭且重复幂等 (0.267958ms)
✔ 任务验证关闭只接受 Runtime 标记为当前、通过且绑定候选版本的结果 (0.171917ms)
✔ 旧义务缺少关闭合同时保持 open，并拒绝 Reviewer 自报的替代决定 (0.065416ms)
✔ 显式 legacy 读取路径保留同一缺关闭合同的已解决义务，不重新引入 (0.07725ms)
✔ 旧字符串与问题列表按原文保留不同路径的要求身份 (0.211167ms)
✔ 结构可执行关闭只依赖 Runtime 记录的任务存在，不将其视为业务完成 (0.344709ms)
✔ 版本化决定必须由 Runtime 当前记录完整绑定，且不同义务 ID 不会共享关闭结果 (0.447709ms)
✔ decision_record 的 user authority 明确请求用户，同时保留旧问题文本回退 (0.084667ms)
ℹ tests 24
ℹ suites 0
ℹ pass 24
ℹ fail 0
ℹ cancelled 0
ℹ skipped 0
ℹ todo 0
ℹ duration_ms 75.257458
