✖ a persisted governance stop owns an arbitrary adapter interruption before the local controller aborts (123.041292ms)
✔ the same arbitrary adapter error without a persisted stop remains a technical failure (147.290709ms)
ℹ tests 2
ℹ suites 0
ℹ pass 1
ℹ fail 1
ℹ cancelled 0
ℹ skipped 0
ℹ todo 0
ℹ duration_ms 364.0385

✖ failing tests:

test at test/workflow-runner.test.mjs:151:1
✖ a persisted governance stop owns an arbitrary adapter interruption before the local controller aborts (123.041292ms)
  AssertionError [ERR_ASSERTION]: Expected values to be strictly equal:
  + actual - expected
  
  + 'Session Action authority expired'
  - undefined
  
      at TestContext.<anonymous> (file:///Volumes/LargeStorage/code/DSH-Workflow/owner-workflow-plugin/test/workflow-runner.test.mjs:194:10)
      at async Test.run (node:internal/test_runner/test:1113:7)
      at async startSubtestAfterBootstrap (node:internal/test_runner/harness:358:3) {
    generatedMessage: true,
    code: 'ERR_ASSERTION',
    actual: 'Session Action authority expired',
    expected: undefined,
    operator: 'strictEqual',
    diff: 'simple'
  }
