TAP version 13
# Subtest: 实际原生问询先持久原始授权，同根重复核验复用，不因后续规格修订扩大实施范围
ok 1 - 实际原生问询先持久原始授权，同根重复核验复用，不因后续规格修订扩大实施范围
  ---
  duration_ms: 648.639333
  type: 'test'
  ...
# Subtest: 原生reject决定不会创建grant或提交代码
ok 2 - 原生reject决定不会创建grant或提交代码
  ---
  duration_ms: 325.871375
  type: 'test'
  ...
# Subtest: 原生custom决定不会创建grant或提交代码
ok 3 - 原生custom决定不会创建grant或提交代码
  ---
  duration_ms: 314.048
  type: 'test'
  ...
# Subtest: 实际 Runtime 根入口完成原生授权、Git checkpoint 与固定快照，重复调用复用同一授权和提交
ok 4 - 实际 Runtime 根入口完成原生授权、Git checkpoint 与固定快照，重复调用复用同一授权和提交
  ---
  duration_ms: 1220.308583
  type: 'test'
  ...
# Subtest: 实际 Runtime 原生拒绝不会推进 HEAD/index 或建立待恢复事务
ok 5 - 实际 Runtime 原生拒绝不会推进 HEAD/index 或建立待恢复事务
  ---
  duration_ms: 573.791042
  type: 'test'
  ...
1..5
# tests 5
# suites 0
# pass 5
# fail 0
# cancelled 0
# skipped 0
# todo 0
# duration_ms 3298.862542
