✔ 真实 native T24 来源以 alternate index 建立仅含选中文档的 checkpoint 与不可变快照，replay 不重复提交 (1389.066083ms)
✔ 暂存或无关工作区改动拒绝且不改动真实 HEAD/index/用户文件 (290.904333ms)
✔ 真实子进程 SIGKILL after-journal-prepared 后复启只形成一个 checkpoint 与不可变 snapshot (1334.572917ms)
✔ 真实子进程 SIGKILL after-commit-object 后复启只形成一个 checkpoint 与不可变 snapshot (1360.200625ms)
✔ 真实子进程 SIGKILL after-ref-update-before-journal 后复启只形成一个 checkpoint 与不可变 snapshot (1488.69375ms)
✔ 真实子进程 SIGKILL after-ref-cas 后复启只形成一个 checkpoint 与不可变 snapshot (1406.658208ms)
✔ 真实子进程 SIGKILL after-index-rename-before-journal 后复启只形成一个 checkpoint 与不可变 snapshot (1402.68025ms)
✔ 真实子进程 SIGKILL after-index-sync 后复启只形成一个 checkpoint 与不可变 snapshot (1356.6785ms)
✔ 真实子进程 SIGKILL after-snapshot-write-before-journal 后复启只形成一个 checkpoint 与不可变 snapshot (1664.648125ms)
✔ 真实子进程 SIGKILL after-snapshot 后复启只形成一个 checkpoint 与不可变 snapshot (1856.240667ms)
✔ checkpoint lease 在物理断言前后均拒绝已取消 signal，且不创建 journal 或变更 Git (1864.437375ms)
✔ 已完成 parent snapshot 以完整持久 journal/snapshot 身份绑定子 checkpoint (2113.109084ms)
✔ 未知 parent snapshot 在创建 journal 或 Git 变更前拒绝 (258.821958ms)
✔ 原 checkpoint 尚待恢复时，新 id 不能绕过同一项目的 pending journal (1283.543209ms)
✔ Git clean filter 改写选中文档 blob 时拒绝，不把原始来源哈希写成 checkpoint (650.489167ms)
✔ commit object 已持久但 ref 前外部修改选中文档时，恢复拒绝并保留外部字节 (765.289125ms)
✔ 已完成 checkpoint 的 immutable snapshot 被外部修改时，重放和 pending 检查均拒绝 (1038.858416ms)
✔ 未知实际 Git index.lock 保留并拒绝，不将其视为可恢复 checkpoint 锁 (866.80525ms)
ℹ tests 18
ℹ suites 0
ℹ pass 18
ℹ fail 0
ℹ cancelled 0
ℹ skipped 0
ℹ todo 0
ℹ duration_ms 22544.492875
