TAP version 13
# Subtest: 实际原生问询先持久原始授权，同根重复核验复用，不因后续规格修订扩大实施范围
ok 1 - 实际原生问询先持久原始授权，同根重复核验复用，不因后续规格修订扩大实施范围
  ---
  duration_ms: 469.055333
  type: 'test'
  ...
# Subtest: 原生reject决定不会创建grant或提交代码
ok 2 - 原生reject决定不会创建grant或提交代码
  ---
  duration_ms: 324.980334
  type: 'test'
  ...
# Subtest: 原生custom决定不会创建grant或提交代码
ok 3 - 原生custom决定不会创建grant或提交代码
  ---
  duration_ms: 332.968334
  type: 'test'
  ...
1..3
# tests 3
# suites 0
# pass 3
# fail 0
# cancelled 0
# skipped 0
# todo 0
# duration_ms 1262.540541
