TAP version 13
# Subtest: 真实 Harness write/read/edit 链保存文档，并保留观察和冲突保护
ok 1 - 真实 Harness write/read/edit 链保存文档，并保留观察和冲突保护
  ---
  duration_ms: 224.772875
  type: 'test'
  ...
# Subtest: 真实 Git 预检后，Harness 接受根别名、真实路径和相对路径的同一文档
    # Subtest: 会话位于项目根
    ok 1 - 会话位于项目根
      ---
      duration_ms: 601.455833
      type: 'test'
      ...
    # Subtest: 会话位于 docs 子目录
    ok 2 - 会话位于 docs 子目录
      ---
      duration_ms: 611.626708
      type: 'test'
      ...
    1..2
ok 2 - 真实 Git 预检后，Harness 接受根别名、真实路径和相对路径的同一文档
  ---
  duration_ms: 1214.694292
  type: 'test'
  ...
1..2
# tests 4
# suites 0
# pass 4
# fail 0
# cancelled 0
# skipped 0
# todo 0
# duration_ms 1571.105625
