TAP version 13
# Subtest: T15 actual candidate passed Review consumes its own attempt in the Planner root and replays raw receipts
not ok 1 - T15 actual candidate passed Review consumes its own attempt in the Planner root and replays raw receipts
  ---
  duration_ms: 3454.752417
  type: 'test'
  location: '/Volumes/LargeStorage/code/DSH-Workflow/owner-workflow-plugin/test/candidate-review-recovery.test.mjs:23:52'
  failureType: 'testCodeFailure'
  error: 'reopened.ctx.dispose is not a function'
  code: 'ERR_TEST_FAILURE'
  name: 'TypeError'
  stack: |-
    TestContext.<anonymous> (file:///Volumes/LargeStorage/code/DSH-Workflow/owner-workflow-plugin/test/candidate-review-recovery.test.mjs:52:34)
    async Test.run (node:internal/test_runner/test:1113:7)
    async startSubtestAfterBootstrap (node:internal/test_runner/harness:358:3)
  ...
# Subtest: T15 actual candidate needs_revision Review consumes its own attempt in the Planner root and replays raw receipts
not ok 2 - T15 actual candidate needs_revision Review consumes its own attempt in the Planner root and replays raw receipts
  ---
  duration_ms: 30066.013166
  type: 'test'
  location: '/Volumes/LargeStorage/code/DSH-Workflow/owner-workflow-plugin/test/candidate-review-recovery.test.mjs:23:52'
  failureType: 'testTimeoutFailure'
  error: 'test timed out after 30000ms'
  code: 'ERR_TEST_FAILURE'
  ...
# Subtest: T15 invalid semantic Reviews each consume one ordinal, then exhaustion starts no child
ok 3 - T15 invalid semantic Reviews each consume one ordinal, then exhaustion starts no child
  ---
  duration_ms: 2783.597708
  type: 'test'
  ...
# Subtest: T15 Review does not hold workflow lock during child execution and preserves independent task changes
ok 4 - T15 Review does not hold workflow lock during child execution and preserves independent task changes
  ---
  duration_ms: 2684.565291
  type: 'test'
  ...
# Subtest: T15 candidate replacement during real Review cannot apply or become permission for a free retry
ok 5 - T15 candidate replacement during real Review cannot apply or become permission for a free retry
  ---
  duration_ms: 2434.516167
  type: 'test'
  ...
# Subtest: T15 stripped candidate provenance cannot fall back to the unmetered Review entry
ok 6 - T15 stripped candidate provenance cannot fall back to the unmetered Review entry
  ---
  duration_ms: 1099.360333
  type: 'test'
  ...
1..6
# tests 6
# suites 0
# pass 4
# fail 1
# cancelled 1
# skipped 0
# todo 0
# duration_ms 42728.044667
