TAP version 13
# Subtest: T15 actual candidate passed Review consumes its own attempt in the Planner root and replays raw receipts
ok 1 - T15 actual candidate passed Review consumes its own attempt in the Planner root and replays raw receipts
  ---
  duration_ms: 3049.604417
  type: 'test'
  ...
# Subtest: T15 actual candidate needs_revision Review consumes its own attempt in the Planner root and replays raw receipts
not ok 2 - T15 actual candidate needs_revision Review consumes its own attempt in the Planner root and replays raw receipts
  ---
  duration_ms: 30063.397125
  type: 'test'
  location: '/Volumes/LargeStorage/code/DSH-Workflow/owner-workflow-plugin/test/candidate-review-recovery.test.mjs:23:52'
  failureType: 'testTimeoutFailure'
  error: 'test timed out after 30000ms'
  code: 'ERR_TEST_FAILURE'
  ...
# Subtest: T15 invalid semantic Reviews each consume one ordinal, then exhaustion starts no child
ok 3 - T15 invalid semantic Reviews each consume one ordinal, then exhaustion starts no child
  ---
  duration_ms: 1647.208958
  type: 'test'
  ...
# Subtest: T15 Review does not hold workflow lock during child execution and preserves independent task changes
ok 4 - T15 Review does not hold workflow lock during child execution and preserves independent task changes
  ---
  duration_ms: 1533.256625
  type: 'test'
  ...
# Subtest: T15 candidate replacement during real Review cannot apply or become permission for a free retry
ok 5 - T15 candidate replacement during real Review cannot apply or become permission for a free retry
  ---
  duration_ms: 1182.755542
  type: 'test'
  ...
# Subtest: T15 stripped candidate provenance cannot fall back to the unmetered Review entry
ok 6 - T15 stripped candidate provenance cannot fall back to the unmetered Review entry
  ---
  duration_ms: 1225.785584
  type: 'test'
  ...
1..6
# tests 6
# suites 0
# pass 5
# fail 0
# cancelled 1
# skipped 0
# todo 0
# duration_ms 38977.75225
