✔ official Web composition serves the shell and Owner dashboard over the real HTTP host (4607.719333ms)
✔ real browser settles Owner interactions and hot-toggles SoL through native settings (4588.61325ms)
ℹ Browser: 152.0.7977.83
✔ Synapse browser sends, streams, creates and forks through native session services (3157.025709ms)
✔ approval adapter uses native Web settings, preserves conflicts and settles real Bash approval (3218.440875ms)
ℹ Approval browser: 152.0.7977.83
✔ 真实加载器可以从 Harness 用户根目录发现所有者工作流预设 (17.166083ms)
✔ Owner 工作流的运行时 Skill 能被当前 Agent 正确加载 (49.629292ms)
✔ 插件只在所有者工作流预设中挂载，已安装 bundle 与本地 patch 不会重复注册 (73.091042ms)
✔ 规划器、审查器和记忆子代理继承完整工具，文件写入由 read-only 沙箱限制 (146.519583ms)
✔ Owner 子线程在真实 Harness 继承作用域中保留正常开发工具和提交关卡 (67.451458ms)
✔ 主代理选择所有者工作流预设后无需调用 mode_enable 也会被工具守卫限制 (64.333875ms)
✔ 专用状态与预检工具通过真实 Harness 输出无损 JSON (515.172209ms)
✔ 标准预设保持原有工具且不受所有者插件影响 (31.290417ms)
ℹ tests 12
ℹ suites 0
ℹ pass 12
ℹ fail 0
ℹ cancelled 0
ℹ skipped 0
ℹ todo 0
ℹ duration_ms 17564.205167
