TAP version 13
# Subtest: T22 SIGKILL after the real submitted checkpoint reopens only to a non-mutating technical pause
ok 1 - T22 SIGKILL after the real submitted checkpoint reopens only to a non-mutating technical pause
  ---
  duration_ms: 2238.384458
  type: 'test'
  ...
# Subtest: T22 SIGKILL after real failed settlement replays its persisted receipt without a second debit
ok 2 - T22 SIGKILL after real failed settlement replays its persisted receipt without a second debit
  ---
  duration_ms: 2361.405959
  type: 'test'
  ...
# Subtest: T22 cleans the parent-owned fixture container when the producer fails before its checkpoint
ok 3 - T22 cleans the parent-owned fixture container when the producer fails before its checkpoint
  ---
  duration_ms: 937.779209
  type: 'test'
  ...
1..3
# tests 3
# suites 0
# pass 3
# fail 0
# cancelled 0
# skipped 0
# todo 0
# duration_ms 5618.8095
