✔ 主线程可在启动 DAG 前创建和修改所有约定文档，原生观察策略继续执行 (15.863958ms)
✔ 文档例外不放开代码、治理文件、状态、升级参数和其他写入工具 (5.8865ms)
✔ 解析路径二次校验阻止冒充 displayPath、目标漂移和链接换入 (3.60625ms)
✔ 路径绑定到项目和会话，允许根目录别名，拒绝软硬链接和无效目标 (5.050792ms)
✔ 只读子代理不继承文档例外，Owner 和停用模式沿用原策略 (1.446666ms)
✔ 真实 root 与会话根别名混用时只归一化项目根，保留内部链接拒绝 (6.852459ms)
ℹ tests 6
ℹ suites 0
ℹ pass 6
ℹ fail 0
ℹ cancelled 0
ℹ skipped 0
ℹ todo 0
ℹ duration_ms 145.091458
✔ 主线程可在启动 DAG 前创建和修改所有约定文档，原生观察策略继续执行 (17.14725ms)
✔ 文档例外不放开代码、治理文件、状态、升级参数和其他写入工具 (6.08525ms)
✔ 解析路径二次校验阻止冒充 displayPath、目标漂移和链接换入 (3.756416ms)
✔ 路径绑定到项目和会话，允许根目录别名，拒绝软硬链接和无效目标 (5.317959ms)
✔ 只读子代理不继承文档例外，Owner 和停用模式沿用原策略 (1.722417ms)
✔ 真实 root 与会话根别名混用时只归一化项目根，保留内部链接拒绝 (7.102417ms)
ℹ tests 6
ℹ suites 0
ℹ pass 6
ℹ fail 0
ℹ cancelled 0
ℹ skipped 0
ℹ todo 0
ℹ duration_ms 145.021459
