TAP version 13
# Subtest: T15 actual handoff entry meters one Planner and atomically stages a candidate without activating its version
ok 1 - T15 actual handoff entry meters one Planner and atomically stages a candidate without activating its version
  ---
  duration_ms: 2247.420125
  type: 'test'
  ...
# Subtest: T15 actual invalid handoff candidate consumes its attempt and the next physical call shares the root and finite budget
ok 2 - T15 actual invalid handoff candidate consumes its attempt and the next physical call shares the root and finite budget
  ---
  duration_ms: 1199.801834
  type: 'test'
  ...
# Subtest: T15 unbound handoff or changed producing Owner identity cannot launch an unmetered Planner
ok 3 - T15 unbound handoff or changed producing Owner identity cannot launch an unmetered Planner
  ---
  duration_ms: 636.877708
  type: 'test'
  ...
1..3
# tests 3
# suites 0
# pass 3
# fail 0
# cancelled 0
# skipped 0
# todo 0
# duration_ms 4325.665791
