TAP version 13
# Subtest: T23 Runtime rejects persistent bad_row after real prompt acceptance
ok 1 - T23 Runtime rejects persistent bad_row after real prompt acceptance
  ---
  duration_ms: 5567.5755
  type: 'test'
  ...
# Subtest: T23 Runtime rejects persistent torn_tail after real prompt acceptance
ok 2 - T23 Runtime rejects persistent torn_tail after real prompt acceptance
  ---
  duration_ms: 3513.791583
  type: 'test'
  ...
# Subtest: T23 Runtime rejects persistent bad_budget after real prompt acceptance
ok 3 - T23 Runtime rejects persistent bad_budget after real prompt acceptance
  ---
  duration_ms: 2406.460167
  type: 'test'
  ...
# Subtest: T23 actual admission temporary-write failure releases no receipt or execution
ok 4 - T23 actual admission temporary-write failure releases no receipt or execution
  ---
  duration_ms: 1208.424458
  type: 'test'
  ...
1..4
# tests 4
# suites 0
# pass 4
# fail 0
# cancelled 0
# skipped 0
# todo 0
# duration_ms 12843.469167
