TAP version 13
# Subtest: T22 SIGKILL after the real submitted checkpoint reopens only to a non-mutating technical pause
ok 1 - T22 SIGKILL after the real submitted checkpoint reopens only to a non-mutating technical pause
  ---
  duration_ms: 2501.876042
  type: 'test'
  ...
# Subtest: T22 SIGKILL after real failed settlement replays its persisted receipt without a second debit
ok 2 - T22 SIGKILL after real failed settlement replays its persisted receipt without a second debit
  ---
  duration_ms: 2459.084333
  type: 'test'
  ...
# Subtest: T22 cleans the parent-owned fixture container when the producer fails before its checkpoint
ok 3 - T22 cleans the parent-owned fixture container when the producer fails before its checkpoint
  ---
  duration_ms: 1046.695291
  type: 'test'
  ...
# Subtest: T22 SIGKILL after real successful settlement replays the fixed-commit receipt without new execution
ok 4 - T22 SIGKILL after real successful settlement replays the fixed-commit receipt without new execution
  ---
  duration_ms: 4471.455625
  type: 'test'
  ...
1..4
# tests 4
# suites 0
# pass 4
# fail 0
# cancelled 0
# skipped 0
# todo 0
# duration_ms 10558.432709
