TAP version 13
# Subtest: T15 candidate pause dispatch runs an independent Owner through verify, commit, merge, and finish
ok 1 - T15 candidate pause dispatch runs an independent Owner through verify, commit, merge, and finish
  ---
  duration_ms: 4734.154958
  type: 'test'
  ...
# Subtest: T15 candidate pause keeps the source and budget unchanged when its independent Owner reports failed
ok 2 - T15 candidate pause keeps the source and budget unchanged when its independent Owner reports failed
  ---
  duration_ms: 1457.229791
  type: 'test'
  ...
# Subtest: T15 candidate pause rejects a source change before finish without merging the independent Owner result
ok 3 - T15 candidate pause rejects a source change before finish without merging the independent Owner result
  ---
  duration_ms: 1943.117375
  type: 'test'
  ...
# Subtest: T15 candidate pause rejects a source change before Owner submission without verification or a commit
ok 4 - T15 candidate pause rejects a source change before Owner submission without verification or a commit
  ---
  duration_ms: 1398.362959
  type: 'test'
  ...
# Subtest: T15 candidate pause turns a real external permission gap into awaiting-user without charging recovery
ok 5 - T15 candidate pause turns a real external permission gap into awaiting-user without charging recovery
  ---
  duration_ms: 1456.320541
  type: 'test'
  ...
1..5
# tests 5
# suites 0
# pass 5
# fail 0
# cancelled 0
# skipped 0
# todo 0
# duration_ms 11194.746625
