TAP version 13
# Subtest: owner_submit 顺序执行边界检查、固定验证和提交
ok 1 - owner_submit 顺序执行边界检查、固定验证和提交
  ---
  duration_ms: 2.005
  type: 'test'
  ...
# Subtest: Owner blocked 报告不会运行验证或提交
ok 2 - Owner blocked 报告不会运行验证或提交
  ---
  duration_ms: 0.267833
  type: 'test'
  ...
# Subtest: Owner needs_repair 留在当前子线程继续调整，不能制造脏现场恢复循环
ok 3 - Owner needs_repair 留在当前子线程继续调整，不能制造脏现场恢复循环
  ---
  duration_ms: 0.598041
  type: 'test'
  ...
# Subtest: 固定验证等待 Owner 现场授权时自动结算为 blocked，不依赖 Owner 模型猜测
ok 4 - 固定验证等待 Owner 现场授权时自动结算为 blocked，不依赖 Owner 模型猜测
  ---
  duration_ms: 0.404292
  type: 'test'
  ...
# Subtest: 固定验证已经执行失败后拒绝 Owner 错报为 blocked
ok 5 - 固定验证已经执行失败后拒绝 Owner 错报为 blocked
  ---
  duration_ms: 0.179625
  type: 'test'
  ...
# Subtest: 未获得可执行权限的验证结果仍允许 Owner 报告 blocked
ok 6 - 未获得可执行权限的验证结果仍允许 Owner 报告 blocked
  ---
  duration_ms: 0.170833
  type: 'test'
  ...
# Subtest: completed admission rejection precedes all effects and allows a corrected blocked submission
ok 7 - completed admission rejection precedes all effects and allows a corrected blocked submission
  ---
  duration_ms: 0.168667
  type: 'test'
  ...
1..7
# tests 7
# suites 0
# pass 7
# fail 0
# cancelled 0
# skipped 0
# todo 0
# duration_ms 86.783875
