TAP version 13
# Subtest: candidate selection and acknowledgment only expose independent target patches, never a replacement state
ok 1 - candidate selection and acknowledgment only expose independent target patches, never a replacement state
  ---
  duration_ms: 17.548667
  type: 'test'
  ...
# Subtest: excludes source/target Owner tasks and their forward/reverse dependency closure
ok 2 - excludes source/target Owner tasks and their forward/reverse dependency closure
  ---
  duration_ms: 7.417042
  type: 'test'
  ...
# Subtest: full active tasks and undispatched reservations consume global slots and Owner identities
ok 3 - full active tasks and undispatched reservations consume global slots and Owner identities
  ---
  duration_ms: 9.685959
  type: 'test'
  ...
# Subtest: existing Owner history and source binding prevent stale or duplicate creates
ok 4 - existing Owner history and source binding prevent stale or duplicate creates
  ---
  duration_ms: 8.802167
  type: 'test'
  ...
# Subtest: no eligible work yields side-effect-free wait and cannot acknowledge stop/notify
ok 5 - no eligible work yields side-effect-free wait and cannot acknowledge stop/notify
  ---
  duration_ms: 2.8955
  type: 'test'
  ...
# Subtest: unproven handoff scope fails closed, and pending notice never dispatches
ok 6 - unproven handoff scope fails closed, and pending notice never dispatches
  ---
  duration_ms: 1.6605
  type: 'test'
  ...
# Subtest: unrelated stalled activity cannot suppress an available independent create slot
ok 7 - unrelated stalled activity cannot suppress an available independent create slot
  ---
  duration_ms: 4.165167
  type: 'test'
  ...
# Subtest: composite relationships keep a source subtree excluded without dropping the independent leaf
ok 8 - composite relationships keep a source subtree excluded without dropping the independent leaf
  ---
  duration_ms: 6.808875
  type: 'test'
  ...
# Subtest: reject reservation occupancy with stopped task instead of releasing its parallel slot
ok 9 - reject reservation occupancy with stopped task instead of releasing its parallel slot
  ---
  duration_ms: 2.523416
  type: 'test'
  ...
# Subtest: reject owner occupancy with stopped task instead of releasing its parallel slot
ok 10 - reject owner occupancy with stopped task instead of releasing its parallel slot
  ---
  duration_ms: 2.459792
  type: 'test'
  ...
# Subtest: reject reservation occupancy with completed task instead of releasing its parallel slot
ok 11 - reject reservation occupancy with completed task instead of releasing its parallel slot
  ---
  duration_ms: 2.416792
  type: 'test'
  ...
# Subtest: reject owner occupancy with completed task instead of releasing its parallel slot
ok 12 - reject owner occupancy with completed task instead of releasing its parallel slot
  ---
  duration_ms: 2.465042
  type: 'test'
  ...
# Subtest: an already running reservation occupies one slot without duplicate counting
ok 13 - an already running reservation occupies one slot without duplicate counting
  ---
  duration_ms: 5.931708
  type: 'test'
  ...
# Subtest: independent selection rejects an existing shared pendingTaskMerge transaction
ok 14 - independent selection rejects an existing shared pendingTaskMerge transaction
  ---
  duration_ms: 1.077
  type: 'test'
  ...
# Subtest: independent selection rejects an existing shared pendingMemoryCompilation transaction
ok 15 - independent selection rejects an existing shared pendingMemoryCompilation transaction
  ---
  duration_ms: 1.104167
  type: 'test'
  ...
# Subtest: independent selection excludes other planned handoff targets that finish would implicitly consume
ok 16 - independent selection excludes other planned handoff targets that finish would implicitly consume
  ---
  duration_ms: 2.885625
  type: 'test'
  ...
1..16
# tests 16
# suites 0
# pass 16
# fail 0
# cancelled 0
# skipped 0
# todo 0
# duration_ms 148.182417
