
> dsh-owner-workflow@0.1.0 test
> node ../scripts/run-workflow-tests.mjs

✔ Node test适配器只把有非零用例且证据完整的结果识别为可通过 (2.579375ms)
✔ 集中验收拒绝未知依赖、依赖环和空命令 (0.509458ms)
✔ 真实Node入口在首项失败后继续独立项，并分类阻塞、超时、取消、零用例和未运行 (342.070875ms)
✔ 中断和超时保留已观测用例计数，但不将部分通过升级为验收通过 (0.596959ms)
✔ 候选摘要或代码提交变化时旧结果不能计为通过 (0.11175ms)
✔ only actionable kernel entries contribute deduplicated wait counts while every result remains visible (13.117125ms)
✔ 等待列表客户端产物与源码一致并登记正式、本地两个模块编号 (33.286167ms)
✔ 运行状态和 Owner 输入限制只登记官方 Slot (2.809333ms)
✔ 运行状态只通过可重连 SSE 接收更新，并按当前工作区和当前会话过滤 (1.267166ms)
✔ 运行状态按需要处理、总览、主线程和子代理分类显示确定性状态 (0.74ms)
✔ 侧栏运行状态使用视口定位，避免被侧栏裁剪和遮住底部操作区 (0.496084ms)
✔ 证据义务冻结后，相同语义问题不会因改写标题被当成新进展 (4.00725ms)
✔ 没有新 Runtime 证据时，Reviewer 新增问题进入仲裁而不是扩大冻结集合 (7.871625ms)
✔ 新 Runtime 证据允许吸收新义务，但不会关闭被遗漏的旧义务 (0.445791ms)
✔ 交替会诊文本、时间、会话、HEAD 和候选摘要不能在 30 轮内重置策略 (3.011333ms)
✔ 当前候选恢复的验证绑定只登记一次进展，不自动关闭且重复事实不续期 (0.325ms)
✔ 已解决义务的新文件和反复更换 obligationId 都不能回收策略租约 (1.162542ms)
✔ 决定分类只接受结构化业务差异或外部权限，关键词只是诊断提示 (0.7535ms)
✔ 未关闭的 user decision 不能被后续 Reviewer 遗漏或改写为 passed 而降权 (0.261ms)
✔ 新 decision_record 分类缺失或冲突被拒绝，旧显式 user authority 保守保留 (0.398333ms)
✔ 失败分类选择不同的自治恢复策略而不是统一 await_user (1.348375ms)
✔ Workflow 证据摘要只投影稳定的任务结果和 Runtime 文件哈希 (0.564666ms)
✔ 稳定义务身份绑定来源、目标和解除条件，不能把同类同节点要求合并 (0.412916ms)
✔ 展示文案不得参与义务目标或身份，同 ID 的不同合同必须在接收时拒绝 (0.56375ms)
✔ 严格义务必须有 ID；已见事实不能用新 ID 重新引入已解决的合同 (0.914333ms)
✔ 不同 obligationId 的同合同要求独立保留，关闭一项不会关闭另一项 (0.391084ms)
✔ 已解决的旧义务重复出现时保持 resolved，不作为新义务重新报告 (0.17825ms)
✔ 遗漏和 passed 都不能关闭义务；只有 Runtime 核验的当前版本解除证据才能关闭且重复幂等 (0.308667ms)
✔ 任务验证关闭只接受 Runtime 标记为当前、通过且绑定候选版本的结果 (0.190334ms)
✔ 旧义务缺少关闭合同时保持 open，并拒绝 Reviewer 自报的替代决定 (0.080292ms)
✔ 显式 legacy 读取路径保留同一缺关闭合同的已解决义务，不重新引入 (0.190208ms)
✔ 旧字符串与问题列表按原文保留不同路径的要求身份 (0.211416ms)
✔ 结构可执行关闭只依赖 Runtime 记录的任务存在，不将其视为业务完成 (0.179875ms)
✔ 版本化决定必须由 Runtime 当前记录完整绑定，且不同义务 ID 不会共享关闭结果 (1.598042ms)
✔ decision_record 的 user authority 明确请求用户，同时保留旧问题文本回退 (0.289ms)
✔ canonical input ignores JSON order, non-lifecycle scripts and ordinary business source (21.236792ms)
✔ an install lifecycle conservatively binds indirect file and shell inputs (22.198542ms)
✔ implicit workspaces and recursive file dependencies bind their complete candidate content (45.656209ms)
✔ local paths that escape the candidate fail closed instead of being clamped below root (16.351875ms)
✔ manager fields, project config files and install environment are bound without retaining secrets (20.861333ms)
✔ canonicalize recursively sorts JSON object keys without reordering arrays (0.110917ms)
✔ canonical input ignores JSON order, test/build scripts, business source, and action identity (272.571ms)
✔ input binds manager version, config, lifecycle source, and local dependency source (679.827791ms)
✔ base uses base/node_modules so CJS and ESM consumers resolve their siblings (573.427583ms)
✔ explicit private COW records one full tree copy, and clone unsupported fails closed (212.254125ms)
✔ parallel overlays share a sealed base but private write locations remain isolated (207.478459ms)
✔ cold validation rejects changed contents and every unsafe base link or hardlink (655.868708ms)
✔ installer-local workspace links are normalized into the sealed base (212.368833ms)
✔ unconfirmed active installer fences a later action without restaging or dispatching (142.4145ms)
✔ settled failure preserves nested cwd download cache and publishes primary error metrics (385.503959ms)
✔ failure artifact ENOSPC keeps the primary npm error and active marker fenced (63.442792ms)
✔ a durable settled-failure terminal allows a different action to reclaim the installer (243.991458ms)
✔ durable receipt, promotion, and cache receipt interruptions recover without another install (659.372584ms)
✔ target replay validates its overlay receipt and does not rerun an already completed install (238.373125ms)
✔ missing or conflicting durable receipts never delete staged or promoted trees (354.357417ms)
✔ fresh sealing hashes once, hot reuse hashes zero bytes, and a cold instance revalidates once (568.772166ms)
✔ production manager resolver uses a cwd-bound managed command and no-lock projects return no bindings (129.979542ms)
✔ Owner 分支以 ff-only 同步到最新 workflow HEAD (789.148458ms)
✔ Owner worktree 脏时拒绝同步 workflow (618.522625ms)
✔ 只有显式 force 才能删除包含未提交修改的 worktree (375.540833ms)
✔ Owner worktree 只有忽略的验证产物时允许同步 workflow (756.969458ms)
✔ Owner worktree 绑定错误分支时拒绝同步且不移动 HEAD (592.680042ms)
✔ Owner 分支与 workflow 分叉时拒绝非 ff 同步且不移动 HEAD (928.910959ms)
✔ clean paused rebase 时拒绝同步且不移动 HEAD 或 Owner ref (1380.373542ms)
✔ clean paused merge 时拒绝同步且不移动 HEAD 或 Owner ref (946.749375ms)
✔ clean paused cherry-pick 时拒绝同步且不移动 HEAD 或 Owner ref (1031.055167ms)
✔ 保留已跟踪文件修改状态中的前导空格 (199.762625ms)
✔ Git 状态忽略 Runtime 自动生成但尚未跟踪的 .gitignore (212.97875ms)
✔ 正确解析真实重命名和双路径记录 (324.667208ms)
✔ 正确解析复制记录的双路径 (0.342708ms)
✔ 提交代理禁用仓库钩子并返回固定提交和实际文件 (400.14475ms)
✔ 固定提交哈希可以校验变更并安全合并 (830.682625ms)
✔ 分支和工作树清理支持明确的幂等 missing-ok (470.309667ms)
✔ 工作树清理默认拒绝删除 dirty worktree 并保留现场 (380.029667ms)
✔ Dashboard and main thread read exactly the same workflow view without writing control or projections (60.652959ms)
✔ read-only routes do not create missing state or hide corrupt state behind an empty result (14.363042ms)
✔ opaque workspace selection, GET-only routes and SSE disposal preserve the same snapshot (43.7675ms)
✔ native client retains a failed workflow and runner failure when no user approval is pending (70.427958ms)
✔ complete production preset mounts native capabilities and delivers without manual kernel registration (5882.068833ms)
✔ native plugin scopes and the bundled approval adapter share load health only within their host (300.736791ms)
✔ implementation interpretation binds native user evidence, not a magic phrase or agent notification (172.774375ms)
✔ native runtime executes scoped edit, async submission, real verification, integration and final verification (2331.402291ms)
✔ two native Owners overlap, integrate disjoint candidates and unlock their real downstream verification (6206.17275ms)
✔ Planner contract accepts an executable plan with no public Owner change (3.468584ms)
✔ Planner required fields follow normalization defaults plus package compilation (0.157875ms)
✔ Planner public Owner binding schema is the exact domain-owned shape (0.327333ms)
✔ omission cannot bypass required or historical public Owner authority (0.159375ms)
✔ Planner tool contract rejects the five invalid shapes observed in the live workflow (0.198541ms)
✔ Planner receives frozen requirements without authorization receipts or write journals (0.214375ms)
✔ Planner and Reviewer receive readable Owner feedback as a non-blocking fact (0.414125ms)
✔ workflow fixture wait does not let observation churn renew a stuck semantic state (0.628583ms)
✔ workflow fixture wait renews only for semantic progress and retains an absolute cap (0.436291ms)
✔ native planning feedback is persisted in the root tool result and never starts a workflow (1285.790042ms)
✔ native revised Spec/Ticket checkpoint replaces the same task, retains the issue and delivers on its new baseline (10620.524791ms)
✔ native Reviewer corrects an invalid obligation id in the same session before any report is accepted (6835.103583ms)
✔ native main-thread documents, checkpoint, independent planning and execution reach the user checkout (6429.987958ms)
✔ two frozen independent Owner tasks reach actual combined and final Reviewer acceptance with their grouped packages (9650.195458ms)
✔ actual failed verification returns to the root and repairs its retained candidate within the same budget (10161.0615ms)
✔ a no-progress first DAG returns to native Spec/Ticket R2 and delivers in the original workflow (14740.475333ms)
✔ active Registry narrowing uses one native approval and replans the same Spec/Ticket workflow through delivery (8029.614ms)
✔ actual scoped preset tools reach Owner execution without inheriting root orchestration instructions (4399.592834ms)
✔ Owner Team joins the actual parent preset generation before its task tools are configured (327.273125ms)
✔ native macOS escaped descendant does not turn managed-range exit into source write closure (389.355292ms)
✔ independent public Owner migration closes only after shared implementation, app migration and unchanged consumer verification deliver (6730.74125ms)
✔ Owner root guards use native tool scope and do not capture unrelated roots (181.258625ms)
✔ native workflow_retry_action keeps a settled technical candidate retry bound and returns a lossless view (234.065ms)
✔ two native Owner preset scopes share one catalog executor and dispose independently (34.64675ms)
✔ offline legacy reconciliation retains planning use and refuses missing or inconsistent accounting (1.49575ms)
✔ legacy source binding selects the exact persisted checkpoint, never a later or reworded document (0.768917ms)
✔ a legacy completed label alone cannot release a possible native writer as historical data (22.865875ms)
✔ legacy reservation preserves exact source and budget, blocks duplicate work, and replays idempotently (90.941791ms)
✔ Owner 记忆契约拒绝越界页面、运行目录来源和未知状态 (2.819542ms)
✔ 记忆目录修复只移除 Owner 记忆 catalog 的自引用元数据 (287.403791ms)
✔ Markdown Owner Wiki 生成索引和幂等日志，并根据来源提交计算 stale (1428.6525ms)
✔ 多个 Owner 的长期知识分别写入各自文件夹 (487.638583ms)
✔ 没有新页面但重新核对来源后会刷新既有记忆的验证基线 (1154.140041ms)
✔ 旧 .owner-memory 在下一次编译时迁入对应 Owner 文件夹并删除独立目录 (827.016834ms)
✔ 临时 Owner 记忆保持简短，封存后作为编译来源但不注入当前长期记忆 (305.82775ms)
✔ Owner 最终摘要过长时截断记忆来源而不阻塞任务结算 (270.469417ms)
✔ 旧阻塞在新执行开始后标记为已解决，不再作为当前提示注入 (0.847542ms)
✔ 展开 Composite 后保留父外部依赖、后继依赖父且子图 entry/exit 可达 (6.49125ms)
✔ Composite 可递归拆分，直到所有 abstract 节点变成可执行叶子 (5.086708ms)
✔ Composite 只允许未开始且没有业务提交的 work task (1.851375ms)
✔ Composite 拒绝 ID 冲突、内部环、不可达 entry/exit、越界 Owner 和未绑定验证 (6.136208ms)
✔ 局部 delta 使被修改任务、Review 和依赖后继失效，并清空旧执行证据 (2.117583ms)
✔ 局部 delta 要求明确 carryForward，且不允许改写已完成任务或固定提交 (3.535875ms)
✔ 局部 delta 的失效闭包包含 Composite 父任务和父任务后继 (3.225916ms)
✔ Composite 子任务不能成为父任务外部依赖，delta 也不能改变 Registry 或删除固定提交证据 (5.589333ms)
✔ Plan delta 拒绝 V1 并规范化新增 V2 任务 (1.608208ms)
✔ V2 计划在构建自动机前拒绝超长 scope glob (0.2235ms)
✔ V2 计划在构建自动机前拒绝字面字符种类过多的 write glob (0.533375ms)
✔ V2 计划拒绝超出单层 Owner scope 的递归 write (0.45075ms)
✔ V2 计划拒绝与 Owner exclude 相交的 write (0.444125ms)
✔ V2 计划拒绝用单层通配符扩大问号 Owner scope (0.409417ms)
✔ V2 计划拒绝未绑定的验证 ID (0.332834ms)
✔ V2 work task 必须绑定至少一个 required verification (0.369041ms)
✔ V2 task保留显式稳定执行资源，旧task省略字段时不注入默认值 (0.837584ms)
✔ V2 task拒绝重复或不稳定的执行资源身份 (1.328958ms)
✔ 渐进式 DAG 允许 abstract work 暂不绑定写入和验证，并标记为不可执行 (0.326417ms)
✔ V2 计划拒绝未定义的 decomposition 状态并列出允许值 (0.401625ms)
✔ V2 计划拒绝任务依赖环 (0.466541ms)
✔ V2 计划拒绝空验证 argv (0.20975ms)
✔ V2 计划拒绝用 argv 字段替代 run 并返回可修复错误 (0.211709ms)
✔ V2 验证 cwd 只接受受限仓库相对目录并规范化保存 (2.922792ms)
✔ V2 计划拒绝把 legacy stages 或 completedStages 带入执行模型 (0.107166ms)
✔ V2 计划拒绝字符串验证 argv (0.230834ms)
✔ V2 生命周期使用固定 workflow 和 task 状态 (0.042167ms)
✔ 任务停止状态只接受固定的 reason/action 配对 (0.03125ms)
✔ 任务停止拒绝未定义的 reason/action 配对 (0.09925ms)
✔ 任务停止接受 input_missing/provide_input 配对 (0.028334ms)
✔ 任务停止接受其余固定 reason/action 配对 (0.055084ms)
✔ V2 计划拒绝 review 任务的 write (0.397417ms)
✔ V2 计划拒绝 verify 任务的 write (0.40025ms)
✔ V2 计划原样保留 done 验收文本 (0.883542ms)
✔ V1 历史计划可读取运行时目录范围且不可执行 (0.356375ms)
✔ V2 计划规范化显式角色，并按完成的依赖返回可执行任务 (0.915292ms)
✔ V2 就绪计算跳过运行中和已停止的根任务，并保留并行根任务顺序 (0.560958ms)
✔ 所有者范围支持目录范围和排除范围 (0.25525ms)
✔ 所有者范围正确处理问号、单层通配符和目录边界 (0.164333ms)
✔ 计划拒绝循环和未知 Owner (0.115666ms)
✔ 计划拒绝所有者范围重叠 (0.188083ms)
✔ V2 计划拒绝运行时管理目录的 Owner scope (0.469125ms)
✔ 父 Owner 排除完整子模块后允许合法拆分 (0.438416ms)
✔ 局部 exclude 不能掩盖父 scope 剩余区域的重叠 (0.231708ms)
✔ 所有者范围正确区分文件、目录和相邻路径 (0.59425ms)
✔ 所有者范围的问号和递归通配符参与重叠判断 (1.587667ms)
✔ 规划和所有者结果契约未知时按关闭处理 (1.217875ms)
✔ 新计划审查义务必须有显式来源、目标和可核验关闭合同，旧记录只能显式读取 (0.227917ms)
✔ 新计划审查义务在 Schema 与 normalizer 中都必须提供不可变 obligationId (0.116ms)
✔ 计划审查关闭合同支持结构可执行与版本化决定，并按类型要求字段 (0.463583ms)
✔ 带计划上下文时验证转交目标所有者和文件范围 (0.299541ms)
✔ Owner 结果可以提出结构化长期记忆，但不能直接引用运行时目录 (0.340084ms)
✔ V2 计划规范化任务优先级和显式失败策略，并拒绝不完整修复策略 (1.748084ms)
✔ Operation honors rules-only policy using the same action and real native sessions (621.846125ms)
✔ Operation honors reviewer-allow policy using the same action and real native sessions (552.581292ms)
✔ Operation honors reviewer-deny policy using the same action and real native sessions (533.617792ms)
✔ native prefix permission is explicit and scoped to the host, main session, directory and literal argument boundary (1803.597209ms)
✔ native root delivery is deduplicated using persisted messages, not followup return (199.946542ms)
✔ native root receives the canonical workflow terminal status and revision (69.145542ms)
✔ a root session closing during notification becomes a durable offline wait without hiding persistence failures (86.068042ms)
✔ native fixed command proves managed-range exit and does not rerun a received command (88.325625ms)
✔ new command identities cannot bypass an unresolved same-action intent, even with the same host ID (66.245458ms)
✔ action admission serializes competing hosts while allowing owned live commands in parallel (74.88375ms)
✔ native read-only sandbox rejects an actual source write (95.891625ms)
✔ immutable dependency inputs reject writable roots before native dispatch (16.144541ms)
✔ native verification reads external dependencies but cannot write or chmod them (119.627875ms)
✔ old and wrong-scope command receipts are not reused or promoted to termination proof (125.04575ms)
✔ native termination covers a helper that outlives the command leader (465.460166ms)
✔ verification resumes after the native command receipt without rerunning or changing its directory (214.94325ms)
✔ native non-Git Operation: allow reaches the main thread and retains source protection (758.511333ms)
✔ native non-Git Operation: reject reaches the main thread and retains source protection (499.936ms)
✔ native non-Git Operation: cancel reaches the main thread and retains source protection (440.644833ms)
✔ native owner_submit ends the actual turn after durable acceptance without waiting for verification (902.57875ms)
✔ Owner preparation interruption resumes the same worktree with one native dispatch (757.961792ms)
✔ a fast native model waits for the persisted dispatch receipt before submitting (864.908541ms)
✔ failed dispatch receipt cancels waiting native tools without accepting a candidate (414.262416ms)
✔ a rejected owner_submit ends through the persisted stop path with its primary error (517.417875ms)
✔ an Owner turn ending without tools settles through one persisted stop (443.053625ms)
✔ native Planner accepts a bound no-progress report before the formal transition records failure (2202.015209ms)
✔ native Owner and candidate Reviewer receive only the same bound task package and direct consumer command contract (2979.450583ms)
✔ public Owner independently reads the contract and consumer before compatible_extension (1255.757667ms)
✔ public Owner independently reads the contract and consumer before migration_required (485.099334ms)
✔ public Owner independently reads the contract and consumer before capability_sufficient (618.034625ms)
✔ public Owner independently reads the contract and consumer before rejected (506.820875ms)
✔ public Owner independently reads the contract and consumer before facts_missing (1065.808209ms)
✔ public Owner independently reads the contract and consumer before business_decision_required (719.595042ms)
✔ root public request survives a native contract source revision before independent decision and main notice (6373.463958ms)
✔ native Registry batch allow: one exact decision, no speculative ownership or Git identity changes (1369.568625ms)
✔ native Registry batch reject: one exact decision, no speculative ownership or Git identity changes (567.277875ms)
✔ native Registry batch cancel: one exact decision, no speculative ownership or Git identity changes (837.305583ms)
✔ native Registry reconciles installed interruption from the original approval and preserves user index (1620.190375ms)
✔ native Registry reconciles ref_updated interruption from the original approval and preserves user index (1552.013292ms)
✔ Operation 执行契约要求目标、边界、完成标准和最小能力 (1.08525ms)
✔ Operation 状态独立持久化并只公开受限投影 (15.332417ms)
✔ Operation 报告区分普通进展、用户输入和精确命令授权 (0.298166ms)
✔ 通用命令门禁允许典型只读诊断并拦截外部副作用 (2.883583ms)
✔ 会话级命令授权只匹配完整字面参数前缀 (0.143375ms)
✔ Operator 提示要求只与主代理结构化通信 (1.475167ms)
✔ 主线程提示要求正式 planning 文档封套，并只通过零参数 finalizer 建立检查点 (0.437083ms)
✔ 主线程可在启动 DAG 前创建和修改所有约定文档，原生观察策略继续执行 (894.00075ms)
✔ 文档例外不放开代码、治理文件、状态和其他写入工具 (62.877916ms)
✔ 解析路径二次校验阻止冒充 displayPath、目标漂移和链接换入 (56.402125ms)
✔ 路径绑定到项目和会话，允许根目录别名，拒绝软硬链接和无效目标 (32.99725ms)
✔ 真实 root 与会话根别名混用时只归一化项目根，保留内部链接拒绝 (20.835167ms)
✔ Harness、Synapse 与审批策略上游子模块始终属于受保护路径 (0.435458ms)
✔ Owner 可以自由修改 worktree，但提交关卡拒绝 scope 外和受保护路径 (358.908167ms)
✔ 提交关卡忽略构建产物，自动提交 scope 内真实 diff 并再次校验 (916.312292ms)
✔ 提交关卡检查全部提交历史，不能用后续删除隐藏中间越界提交 (673.927042ms)
✔ review 或 verify task 不能借用 Owner scope 提交业务改动 (617.36875ms)
✔ dispatch and Owner repair retain the same immutable planning package binding (21.865166ms)
✔ a legacy same-candidate verification retry derives and persists its current immutable package binding (7.589833ms)
✔ 实际原生问询先持久原始授权，同根重复核验复用，不因后续规格修订扩大实施范围 (693.040125ms)
✔ 原生reject决定不会创建grant或提交代码 (531.658792ms)
✔ 原生custom决定不会创建grant或提交代码 (516.481959ms)
✔ 原生approve-with-custom决定不会创建grant或提交代码 (519.934375ms)
✔ 原生cancel决定不会创建grant或提交代码 (508.183833ms)
✔ 原生decline决定不会创建grant或提交代码 (509.498083ms)
✔ 规划 checkpoint 拒绝保留主线程可读的修订决定，且不产生授权或提交 (695.606875ms)
✔ Kernel finalize 将 checkpoint 修订决定作为普通结果返回主线程 (630.446958ms)
✔ checkpoint 在 snapshot 发布前中断后只恢复同一事务并复用原始 grant (2417.761083ms)
✔ checkpoint 重放返回同一冻结 source、grant 和 commit (2075.150708ms)
✔ 原生用户实施请求只能经受信解释绑定到最新消息并作为 directProceed receipt (2440.56175ms)
✔ 没有 directProceed receipt 时同一 checkpoint 必须经过原生问询 (2144.40325ms)
✔ 规划包之外的脏文件在授权前拒绝且不改变 HEAD 或 index (705.97175ms)
✔ 同一规划锁阻止第二 checkpoint 在获取授权前并发进入 (503.795417ms)
✔ 授权后取消阻止 ref CAS，恢复时复用同一原始授权 (2829.822625ms)
✔ 真实 native T24 来源以 alternate index 建立仅含选中文档的 checkpoint 与不可变快照，replay 不重复提交 (2087.1595ms)
✔ 暂存或无关工作区改动拒绝且不改动真实 HEAD/index/用户文件 (578.222167ms)
✔ 真实子进程 SIGKILL after-journal-prepared 后复启只形成一个 checkpoint 与不可变 snapshot (2677.18075ms)
✔ 真实子进程 SIGKILL after-commit-object 后复启只形成一个 checkpoint 与不可变 snapshot (2822.066958ms)
✔ 真实子进程 SIGKILL after-ref-update-before-journal 后复启只形成一个 checkpoint 与不可变 snapshot (2510.011709ms)
✔ 真实子进程 SIGKILL after-ref-cas 后复启只形成一个 checkpoint 与不可变 snapshot (2573.931292ms)
✔ 真实子进程 SIGKILL after-index-rename-before-journal 后复启只形成一个 checkpoint 与不可变 snapshot (2861.093542ms)
✔ 真实子进程 SIGKILL after-index-sync 后复启只形成一个 checkpoint 与不可变 snapshot (2776.73325ms)
✔ 真实子进程 SIGKILL after-snapshot-write-before-journal 后复启只形成一个 checkpoint 与不可变 snapshot (3611.580375ms)
✔ 真实子进程 SIGKILL after-snapshot 后复启只形成一个 checkpoint 与不可变 snapshot (3068.743333ms)
✔ checkpoint lease 在物理断言前后均拒绝已取消 signal，且不创建 journal 或变更 Git (4277.189541ms)
✔ 已完成 parent snapshot 以完整持久 journal/snapshot 身份绑定子 checkpoint (5383.270083ms)
✔ 未知 parent snapshot 在创建 journal 或 Git 变更前拒绝 (570.491958ms)
✔ 原 checkpoint 尚待恢复时，新 id 不能绕过同一项目的 pending journal (3015.437708ms)
✔ Git clean filter 改写选中文档 blob 时拒绝，不把原始来源哈希写成 checkpoint (1372.458666ms)
✔ commit object 已持久但 ref 前外部修改选中文档时，恢复拒绝并保留外部字节 (1357.835083ms)
✔ 已完成 checkpoint 的 immutable snapshot 被外部修改时，重放和 pending 检查均拒绝 (1695.272917ms)
✔ 未知实际 Git index.lock 保留并拒绝，不将其视为可恢复 checkpoint 锁 (1263.88ms)
✔ one-owner packages retain full frozen Ticket/Spec data, shared AC contributors and dependency blockers (12.909208ms)
✔ compiler rejects unknown-fragment (0.342584ms)
✔ compiler rejects blocked-fragment (0.360542ms)
✔ compiler rejects unknown-contract (0.25575ms)
✔ compiler rejects missing-known-contract (0.249583ms)
✔ compiler rejects omitted-ready (0.605709ms)
✔ compiler rejects missing-ticket-edge (0.520458ms)
✔ compiler rejects task-cycle (0.189208ms)
✔ compiler rejects wrong-snapshot (0.171833ms)
✔ compiler rejects wrong-source (0.188167ms)
✔ compiler rejects mixed-owner-package (1.440333ms)
✔ bindings normalizer rejects duplicate task, Ticket fragment and contract identities without mutating optional absence (0.286667ms)
✔ completed checkpoint reader returns frozen persisted snapshot without revalidating current planning files (1944.324792ms)
✔ checkpoint snapshot reader rejects a nonterminal journal without resuming it (788.650417ms)
✔ 只把带正式封套的 Spec 和 Ticket 纳入执行 manifest，普通 Matt 文档保持 supporting (26.001ms)
✔ real selected documents retain complete cross-ticket AC references, multiple segments and fixed content (17.659333ms)
✔ mixed readiness preserves explicit blockers and blocks dependent tickets while unrelated work remains ready (24.354292ms)
✔ rejects missing-file without modifying planning files (17.775916ms)
✔ rejects changed-content without modifying planning files (23.034334ms)
✔ rejects wrong-digest without modifying planning files (23.969ms)
✔ rejects duplicate-ticket without modifying planning files (10.473291ms)
✔ rejects duplicate-path without modifying planning files (22.070833ms)
✔ rejects missing-revision without modifying planning files (18.243666ms)
✔ rejects wrong-identity without modifying planning files (25.839125ms)
✔ rejects wrong-source without modifying planning files (11.189709ms)
✔ rejects unknown-ac without modifying planning files (9.834834ms)
✔ rejects wrong-ac-version without modifying planning files (27.155042ms)
✔ rejects unknown-contract without modifying planning files (14.493292ms)
✔ rejects wrong-contract-version without modifying planning files (16.728208ms)
✔ rejects missing-dependency without modifying planning files (15.211792ms)
✔ rejects cyclic-dependency without modifying planning files (15.997167ms)
✔ rejects duplicate-segment without modifying planning files (21.309292ms)
✔ rejects empty-work without modifying planning files (13.22225ms)
✔ rejects all-blocked without modifying planning files (29.738041ms)
✔ rejects empty-tickets without modifying planning files (8.64ms)
✔ rejects declaration-forgery without modifying planning files (22.418208ms)
✔ rejects disallowed planning path docs/analysis/spec.md (11.52675ms)
✔ rejects disallowed planning path docs/superpowers/specs/spec.md (8.904166ms)
✔ rejects disallowed planning path ../escape.md (7.272625ms)
✔ rejects disallowed planning path AGENTS.md (6.14475ms)
✔ linked document source cannot cross the existing document boundary (9.897958ms)
✔ unready contract blocks its consumers while independent work remains available (28.058167ms)
✔ a ticket retains its independent ready segment alongside a declared blocked segment (15.188042ms)
✔ invalid UTF-8 cannot produce content that differs from its bound byte digest (13.2575ms)
✔ a UTF-8 BOM cannot be silently removed from the bound source content (8.766084ms)
✔ 首次原生创建尚未进入 HEAD 的 Spec/Ticket，缺失基线 blob 正确作为 null (686.743542ms)
✔ 真实 Harness 原生 edit 链绑定 T05 引用和实际 Git baseline，并由只读 Runtime 入口返回 source-validated (910.711792ms)
✔ 缺失尾项、跨文件借用、incomplete terminal 与暂存用户变更均拒绝而不修复来源或 index (809.064791ms)
✔ 已提交的旧来源保留在 journal 时，新 baseline 上仅选择新的原生链仍可验证 (833.8745ms)
✔ Kernel 规划入口不接受其他 agent 或 child 复用根线程来源 (685.832959ms)
✔ 真实 Harness create → read → edit 使用原生 CAS，写入不可消费的完整 native provenance 链 (364.127791ms)
✔ 真实 CAS stale 在 prepared 后无同调用 observed，明确保留 unknown 而不把 isError 伪造成失败 (188.281208ms)
✔ native success followed by downstream observed failure remains native-observed but incomplete (157.591667ms)
✔ 相同真实 callId 的重放不会覆盖 prepared/terminal 或再次修改文档 (105.348625ms)
✔ native 成功后 terminal 发布失败保留 prepared-only 与真实字节，不回滚或伪造 terminal (102.17525ms)
✔ BOM 使原始字节与 decoded text 不可逆时保留 native-observed 但拒绝 complete (156.690167ms)
✔ 越界文档和状态目录链接在原生 mutation 前拒绝，且没有额外文档权限或 journal 记录 (65.138041ms)
✔ package and daily composition share one Owner implementation and no independent runner bin (7.893834ms)
✔ 项目存储目录把配置和长期资料归入各自 Owner 文件夹 (0.380334ms)
✔ 运行目录规则隐藏内部状态并保留现有 Git 排除配置 (129.314292ms)
✔ Runtime 初始化不覆盖项目已有的自定义 .gitignore (16.518042ms)
✔ root public Owner schema exposes only nine observed facts and no hidden protocol objects (1.140292ms)
✔ old feedback is rebound to the same task and Owner in the current frozen source (2.129667ms)
✔ feedback seed keeps the real issue field while bounding and redacting its persisted text (1.748125ms)
✔ missing producer contract returns source_revision_required without creating internal request facts (0.473125ms)
✔ runtime materialization binds the explicit producer and derives every protocol version and digest (1.374875ms)
✔ public Owner submits judgment only and Runtime supplies immutable decision bindings (1.483083ms)
✔ T06 accepts and replays one complete versioned public Owner request (4.8895ms)
✔ T06 rejects absent fields and unknown Owner, Ticket, AC, contract, or evidence references (3.846458ms)
✔ T06 same ID and version conflict, while the next version must exactly supersede the prior digest (2.422333ms)
✔ T06 capability-sufficient decision requires every known consumer fact and is the only immediately ready result (4.660833ms)
✔ T06 compatible extension stays blocked until the public Owner implementation exists (0.586833ms)
✔ T06 migration decision binds the complete impacted consumer set and exact order (0.9285ms)
✔ T06 rejection, missing facts, and business change use distinct evidence-bearing outcomes (2.715125ms)
✔ T06 a decision bound to an older execution, contract, or consumer context becomes stale (1.508875ms)
✔ T06 conflicting decisions cannot overwrite an accepted decision for the same request (1.251333ms)
✔ T06 persisted request or decision tampering fails closed even when the attacker recomputes no digest (1.2405ms)
✔ T30 normalizes a plan with an explicit authoritative public decision binding (19.872041ms)
✔ T30 rejects incomplete consumers, wrong Owner, missing implementation predecessor, and stale authority (15.638875ms)
✔ T30 migration order is an executable dependency chain rooted at the public implementation (6.064083ms)
✔ compatible consumers may use real verification tasks but required migrations still require implementation (4.383167ms)
✔ T30 carried historical bindings remain immutable without treating their original baseline as current (9.341125ms)
✔ legacy admission validation is read-only and accepts a valid unspent bound account (1.464042ms)
✔ legacy import cannot silently reset malformed budgets or change their plan authority (0.682708ms)
✔ T13 明确有限配置，没有默认无限值或隐式数值转换 (1.289667ms)
✔ T13 BUD-01 两级限额原子扣减，问题用完不阻止独立问题 (4.276667ms)
✔ T13 BUD-03 最后一份额度按传入的新快照串行竞争，两级不半扣 (0.602625ms)
✔ T13 BUD-03 请求重放在耗尽后仍返回原attempt，重载不重扣 (0.692625ms)
✔ T13 同request改变workflowId拒绝，不借重复请求改绑定 (0.826458ms)
✔ T13 同request改变rootProblemId拒绝，不借重复请求改绑定 (1.210458ms)
✔ T13 同request改变attemptId拒绝，不借重复请求改绑定 (0.533042ms)
✔ T13 同request改变taskId拒绝，不借重复请求改绑定 (1.000334ms)
✔ T13 同request改变ownerId拒绝，不借重复请求改绑定 (3.173458ms)
✔ T13 同request改变executionVersion拒绝，不借重复请求改绑定 (1.042959ms)
✔ T13 同attempt不能被不同request占用；不存在问题与外来Workflow拒绝 (0.599958ms)
✔ T13 问题注册幂等但来源和限额不可替换，同来源不能另开根问题 (0.480375ms)
✔ T13 执行开始绑定不可换，未开始不能成功结算，终态不能重启 (0.497833ms)
✔ T13 启动前failed可结算，不退额度；相同回执重放不改状态 (0.258292ms)
✔ T13 启动前cancelled可结算，不退额度；相同回执重放不改状态 (0.458083ms)
✔ T13 开始及结算都重新核验完整绑定，调用错误不能写状态 (3.123083ms)
✔ T13 BUD-04/05 相关新证据不退预算，A/B/A与换引用重放只留两份事实 (1.457791ms)
✔ T13 来源不匹配、相同引用内容冲突、进展升格关闭都拒绝 (0.717458ms)
✔ T13 问题关闭需当前根的关闭引用且无未结算attempt，关闭不擦历史 (1.779708ms)
✔ T13 序列化账本严格校验，不接纳未知版本、重复记录或被改写的计数 (1.626125ms)
✔ T13 返回对象和输入无共享可写引用；冻结输入仍可工作 (0.663167ms)
✔ T13 原型敏感字符串只作为ID数据，不能串改其他问题 (0.390042ms)
✔ T13 严格输入不静默丢弃错误字段或伪证据标记 (0.269292ms)
✔ T13 同根问题换task、Owner或版本仍共享已用额度，不重新注册预算 (0.364209ms)
✔ T13 同一核验事实可分别关联多个根问题，各自核验来源和关闭引用 (0.256625ms)
✔ T13 F-14 跨attempt跨字段引用拒绝：先执行后结算 (0.350083ms)
✔ T13 F-14 跨attempt跨字段引用拒绝：先结算后执行 (0.382625ms)
✔ T13 F-14 JSON导入拒绝跨字段串用回执，reverse=false (0.221875ms)
✔ T13 F-14 JSON导入拒绝跨字段串用回执，reverse=true (0.170459ms)
✔ T13 F-14 同attempt跨字段引用及重放合法，不同版本引用仍独立 (0.440375ms)
✔ T13 F-14 保留同字段跨attempt去重：execution (0.284584ms)
✔ T13 F-14 保留同字段跨attempt去重：result (0.18175ms)
✔ T15 Owner恢复与重规划共用问题预算，换操作类型/版本不重置额度 (1.381541ms)
✔ T15 重规划与Owner跨根共用Workflow额度，独立问题只在总额尚有余量时继续 (0.182417ms)
✔ T15 revision_plan持久重放/实际引用开始/结算使用同一绑定，耗尽后不重扣 (0.473459ms)
✔ T15 revision_review持久重放/实际引用开始/结算使用同一绑定，耗尽后不重扣 (0.415208ms)
✔ T15 handoff_replan持久重放/实际引用开始/结算使用同一绑定，耗尽后不重扣 (0.49775ms)
✔ T15 owner_consultation持久重放/实际引用开始/结算使用同一绑定，耗尽后不重扣 (0.854334ms)
✔ T15 重规划workflowId改变时reserve/start/settle均拒绝且不修改账本 (0.706417ms)
✔ T15 重规划rootProblemId改变时reserve/start/settle均拒绝且不修改账本 (0.475584ms)
✔ T15 重规划requestId改变时reserve/start/settle均拒绝且不修改账本 (0.183291ms)
✔ T15 重规划attemptId改变时reserve/start/settle均拒绝且不修改账本 (0.403791ms)
✔ T15 重规划executionVersion改变时reserve/start/settle均拒绝且不修改账本 (0.248083ms)
✔ T15 重规划executionKind改变时reserve/start/settle均拒绝且不修改账本 (0.532333ms)
✔ T15 重规划operationId改变时reserve/start/settle均拒绝且不修改账本 (0.405709ms)
✔ T15 重规划operationKind改变时reserve/start/settle均拒绝且不修改账本 (0.806041ms)
✔ T15 重规划绑定严格拒绝混合身份、未知类型、缺失字段以及静默降级 (3.577583ms)
✔ T15 同request不能在Owner和replan之间换绑，回执也不能跨执行类型串用 (2.522334ms)
✔ T15 未启动重规划取消不退预算，存在未结算操作时根问题不能关闭 (0.877708ms)
✔ T19 new Workflow policy freezes the measured finite V1 values (2.521917ms)
✔ T19 policy import rejects missing, unknown, and locally changed configuration (0.486875ms)
✔ T19 persisted policy and admission limits must remain one immutable binding (0.628875ms)
✔ T19 frozen 12/8 limits preserve both problem and Workflow exhaustion (3.795792ms)
✔ Owner Registry 只有匹配 digest 的已批准提案才能写入并进入 Git 暂存区 (514.696875ms)
✔ Owner Registry 在提案阶段拒绝超出受管根和重叠的 scope (288.688166ms)
✔ Owner Registry 拒绝把单层 managedRoots glob 解释为递归受管根 (276.171041ms)
✔ 批准后的 Owner 完整 round-trip declaredExclude、managedExclude 和 status (412.417458ms)
✔ Owner Registry 的 split、merge、transfer 和 remove 都只生成内存提案 (1346.090709ms)
✔ Owner Registry 将同一轮全部变更合并为一个可原子批准的 batch 提案 (512.738584ms)
✔ Owner Registry batch 拒绝空批次、嵌套批次和中途无效变更 (282.868458ms)
✔ Owner Registry 拒绝被篡改或基于旧快照的批准提案 (492.832458ms)
✔ Owner Registry 拒绝 Registry 目录或 owners 目录符号链接 (265.24325ms)
✔ Owner Registry 拒绝 config 和 Owner Markdown 文件符号链接 (478.275666ms)
✔ Owner Registry 暂存失败时回滚整个 Registry 和 Git 索引 (524.314208ms)
✔ Owner Registry 写入失败时保持原 Registry 不变 (314.812583ms)
✔ Owner Registry 并发批准最多应用一个相同 before 的提案 (576.76075ms)
✔ ensureRegistry 跟踪全部正式文件且不暂存非 Markdown 文件 (1170.499333ms)
✔ Owner Markdown 对标题、链接和 HTML 文本做安全编码 (615.918625ms)
✔ Registry digest 不受对象键顺序和 Owner 输入顺序影响且批准摘要不可缺失 (377.133459ms)
✔ Owner Registry 严格校验父 Owner 引用、删除子引用和父级环 (372.730667ms)
✔ split 必须保持来源有效范围且拒绝重复结果 Owner (314.9125ms)
✔ merge 必须拒绝重复来源并保持全部来源有效范围 (360.632042ms)
✔ 所有 Registry operation 对缺失、重复、同源和越界输入 fail-closed (288.283209ms)
✔ Owner 删除会从 Git 索引移除失效 Markdown (749.655625ms)
✔ ensureRegistry 拒绝 Registry 白名单外的已跟踪文件并保持索引不变 (562.578041ms)
✔ 应用失败会精确恢复调用前已暂存版本而不以工作区版本覆盖 (811.361625ms)
✔ transfer 不得重新授予源 Owner 已排除的范围 (357.239334ms)
✔ transfer 不得把范围转入目标 Owner 的 exclude (380.546334ms)
✔ split 和 merge 必须保持 scope 减 exclude 的有效范围 (386.418666ms)
✔ ensureRegistry 与批准应用共同遵守同一把 Registry 锁 (994.926625ms)
✔ Owner Markdown 编码代码围栏、列表、分隔线、表格和强调控制结构 (724.756ms)
✔ ensureRegistry 拒绝不符合规范生成结果的 Owner Markdown 正文 (681.913333ms)
✔ Registry 回滚无法恢复原目录时保留可人工恢复的备份 (641.963541ms)
✔ ensureRegistry 初始化暂存失败时不留下正式目录或索引变化 (438.856042ms)
✔ 失败回滚完整保留 assume-unchanged、skip-worktree 和 intent-to-add 索引状态 (1625.686541ms)
✔ split 可对含星号和问号的 scope 做精确有效范围守恒 (363.054833ms)
✔ merge 可原样合并非字面 glob 且不会扩大授权 (396.43425ms)
✔ transfer 可安全转交非字面 glob 并在来源建立等值排除 (392.709125ms)
✔ Owner Markdown 编码四空格和制表符缩进代码结构 (574.723959ms)
✔ loadRegistry 与写操作共享 Registry 锁并且只读取完整目录状态 (470.643458ms)
✔ Registry 锁在 EEXIST 后、检查前已释放时按 missing 重取而不伪造读取失败 (383.325583ms)
✔ Registry 锁检查只把 ENOENT 当作 missing，其他文件错误保留 cause (459.495209ms)
✔ 死亡写者留下的锁和目录切换中间态会在下次读取前恢复 (413.218875ms)
✔ 缺少 status 的旧 Owner 文档按 active 安全迁移并重新暂存 (759.508875ms)
✔ Registry 更新保留各 Owner 文件夹内的长期记忆 (994.289333ms)
✔ 旧版 owners/<id>.md 自动迁移为 owners/<id>/owner.md (816.836625ms)
✔ Registry 对未知 Owner status fail-closed (353.542ms)
✔ Registry 配置 JSON 错误转换为带 cause 的中文边界错误 (346.1275ms)
✔ split 缺少 owners 时返回中文契约错误而不是 TypeError (289.317084ms)
✔ 读取缺失 Registry 时返回保留 cause 的中文文件错误 (118.686666ms)
✔ failed materialization waits for already-started copies before releasing cleanup authority (48.528791ms)
✔ shared dependency preparation without a valid base binding never dispatches verification (648.898834ms)
✔ seals actual uncommitted source once, verifies independently and resumes from receipts (635.293583ms)
✔ fixed verification collects independent failures and never passes zero Node tests (831.240833ms)
✔ late verification writers cannot replace the settled dependency failure and saved replay drains owned cleanup (622.63375ms)
✔ a settled observation reclaims a saved successful receipt after a delayed .DS_Store without repeating command or review (1283.4855ms)
✔ a settled cleanup gives persistent ENOTEMPTY only its fixed retry window (503.853791ms)
✔ source symlink escape and changed immutable candidate are rejected (368.458833ms)
✔ KAC-21: writes check scope and linked ancestors before the native mutation (152.345875ms)
✔ 固定 argv 解析复制并冻结目录定义，拒绝非 argv 输入 (0.869959ms)
✔ 绑定验证原样传递固定 argv 与 cwd，忽略调用者伪造的 argv (1.097042ms)
✔ Shell 缺少 exitCode 时按 ok 确定性归一化，异常载体仍 fail closed (0.806959ms)
✔ 绑定验证保留声明 cwd，旧验证缺省时只使用仓库根目录 (0.31025ms)
✔ 未知或未绑定验证 ID 在创建快照前拒绝 (0.92675ms)
✔ 验证结果包含固定 contentDigest 与可序列化证据字段 (0.964ms)
✔ 验证结果仅在 contentDigest 完全相同时有效 (0.162666ms)
✔ 通过结果必须同时具备 full enforcement 与零 exitCode 证据 (0.601708ms)
✔ 主代理原生允许一次可以作为 approved-host 固定验证证据 (0.583667ms)
✔ ok:false、超时、中止或后台宿主证据绝不能成为 passed:true (0.559459ms)
✔ delivery refuses a dirty checkout with a durable explicit failure and leaves every file intact (546.527291ms)
✔ delivery reconciles actual fast-forward after host failure without replaying checkout mutation (883.827875ms)
✔ a fresh delivery action succeeds after the fixture obstruction is resolved while retaining its failed receipt (979.917375ms)
✔ business verification failure keeps task repair and shares one diagnostic with the terminal notice (22.184875ms)
✔ reviewer-only rejection remains explainable but unbound or malformed findings are not projected (27.754542ms)
✔ business diagnostics bound each finding and their aggregate in UTF-8 bytes (12.068666ms)
✔ dependency execution failure exposes the current retry target while redacting retained evidence (25.233208ms)
✔ runtime status uses its current clock to expose the expired technical task recovery path (4.724041ms)
✔ retry tool descriptions distinguish a live bound verification from an expired attempt (0.291291ms)
✔ final verification failure uses the same safe diagnostic instead of exposing raw results (24.1075ms)
✔ changed source activation waits for its Git baseline binding and preserves unrelated execution (37.338541ms)
✔ a persisted legacy Owner feedback issue remains visible without deadlocking its source revision (18.3355ms)
✔ plan activation does not notify for absent, closed or unproved Owner feedback (6.697792ms)
✔ a feedback notice without its bound execute action remains an ordinary blocking obligation (2.072209ms)
✔ composite children wait for parent inputs and carry real upstream integration evidence (40.611583ms)
✔ a ready sibling behind a quarantined Owner is a visible technical failure, not endless running (7.845625ms)
✔ equivalent local port spellings contend across projects while project resources remain independent (4.671459ms)
✔ plan replacement fences affected attempts and preserves unrelated work until safe activation (9.305166ms)
✔ source replacement supersedes a pending product question and rejects a late answer (9.031541ms)
✔ known checkout obstruction ends delivery explicitly and preserves integrated candidate (18.085375ms)
✔ KAC-02: unchanged drive is referentially stable and does not manufacture progress (30.04075ms)
✔ KAC-03: same owner and host resource are serialized across workflows (9.516833ms)
✔ KAC-06: submit acknowledges a durable candidate without claiming verification or delivery (3.972083ms)
✔ KAC-10: a model turn ending without writer termination cannot start sealing (4.298083ms)
✔ managed process settlement and obsolete writersStopped cannot replace Owner source closure (3.983375ms)
✔ managed range termination alone cannot release a stopped Owner for redispatch (2.215667ms)
✔ pre-split kernel control records are rejected without silently upgrading evidence (0.099584ms)
✔ KAC-08/09: verification and integration bind content and expected base (12.378417ms)
✔ KAC-01/11: deadline produces stop action, unknown termination stays quarantined and observable (8.4255ms)
✔ KAC-11: later real termination releases quarantine without reviving failed task (4.1525ms)
✔ KAC-12: notification completion requires correct root and persistent message identity (1.341375ms)
✔ KAC-13: genuine user wait suspends active deadline; stale root cannot answer (1.942375ms)
✔ KAC-15: open obligations prevent activation; same label does not replace closure evidence (7.262458ms)
✔ KAC-24: direct operations share Owner/resource admission with DAG work (2.804459ms)
✔ terminal Operation notice preserves the settled result needed by the root session (5.866167ms)
✔ upstream semantic changes invalidate completed or pending consumer inputs (4.530541ms)
✔ workflow capacity is local while catalog capacity remains global (4.9695ms)
✔ duplicate operation enqueue is idempotent even while its resource is occupied (1.487458ms)
✔ bound verification failure becomes a visible failure instead of a hanging action (5.403584ms)
✔ a nonterminal verification notification carries the same safe summary instead of raw command results (9.042459ms)
✔ a settled dependency preparation failure retries the same candidate verification without redispatching its Owner (14.894834ms)
✔ an expired settled candidate verification routes to one task repair without consuming a doomed action retry (12.349125ms)
✔ a successful fresh task attempt closes only the expired candidate action repair it superseded (48.1525ms)
✔ a later plan can close a pre-upgrade action repair from its retained successful task-retry chain (72.259709ms)
✔ a task retry cannot close its old candidate action repair after the verification definition changes (57.75875ms)
✔ a candidate action retry admitted before the attempt deadline keeps that original deadline (4.995792ms)
✔ an execution-identity-unconfirmed attempt cannot be converted into an Owner repair (5.368584ms)
✔ deferred root-session action attention remains lossless JSON (1.922584ms)
✔ planning, independent review and activation are one persisted action chain (4.136625ms)
✔ planning preflight rejects an invalid obligation id without mutating control state (3.383542ms)
✔ planning preflight accepts a bound no-progress result without mutating state before formal failure (3.113583ms)
✔ a valid planning preflight cannot authorize a stale later commit (7.584292ms)
✔ planning preflight accepts a matching obligation definition and rejects a conflict (6.247083ms)
✔ execution obligations permit implementation, close only on integration and reopen when their task changes (15.736458ms)
✔ a final passing test cannot hide an unclosed obligation or deliver the checkout (18.668709ms)
✔ a real permission wait pauses an ordinary action deadline and cancellation expires its question (9.052792ms)
✔ parallel cancellation emits one canonical terminal notice only after every stop settles (13.351292ms)
✔ a late stop receipt corrects failed cancellation once and identifies the superseded notice (7.987167ms)
✔ identical technical replan requests consume one persistent recovery slot (3.082583ms)
✔ renaming and splitting a Ticket preserves its issue, budget and all descendant closure evidence (111.25575ms)
✔ keeping a verification ID while replacing its command cannot close the original failure (40.122042ms)
✔ a failed recoverable workflow still reserves its project until explicitly cancelled and settled (6.896333ms)
✔ replanning cannot bypass the original execution issue limit (18.748375ms)
✔ settled verify_workflow failure repairs the same input with inherited budget and retained evidence (12.371417ms)
✔ settled deliver_workflow failure repairs the same input with inherited budget and retained evidence (10.473292ms)
✔ initial plan transport failure can recover without fabricating an active plan (6.43875ms)
✔ initial review_plan transport failure can recover without fabricating an active plan (10.701ms)
✔ a stopped source preparation retries the exact pending reviewed proposal once (6.065167ms)
✔ Registry changes cannot use failed-but-recoverable work as a settled project (6.632166ms)
✔ automatic review revisions inherit the execution issue limit after root replanning (11.823333ms)
✔ technical planner retries cannot bypass the original execution issue limit (15.941208ms)
✔ an initial no-progress plan is a recoverable failure and receives the bound root diagnosis (10.256ms)
✔ first rejected planning sources can be revised before any plan exists without resetting the workflow (4.623791ms)
✔ a failed prepared proposal can be retired only after termination and unchanged integration evidence (5.514458ms)
✔ failed Registry governance reserves the project and retries the original proposal with its budget (7.132334ms)
✔ active Registry change approval waits for actual stopped owners and supersedes their old questions (10.24525ms)
✔ active Registry change rejection waits for actual stopped owners and supersedes their old questions (3.891042ms)
✔ revised Spec/Tickets merge with integrated Owner code and reconcile the same ref after interruption (1612.190458ms)
✔ actual Git integration preserves the user checkout and reconciles a crash after ref update (1690.212917ms)
✔ catalog admits one executor and releases only after its owned work closes (54.347417ms)
✔ actual executor death releases the OS fence without PID or age takeover (116.309709ms)
✔ runner wakes after durable changes, completes once, then sleeps without a polling feedback loop (413.7835ms)
✔ effect result validation failures become observable failure facts (143.951875ms)
✔ another effects host cannot observe or replay an invocation while its OS action lock is held (162.012667ms)
✔ a claimed but undispatched action can resume after a quiescent observation (135.259292ms)
✔ cancelling a live persisted action reports one terminal cancellation after its stop receipt (220.925375ms)
✔ a persisted governance stop owns an arbitrary adapter interruption before the local controller aborts (224.005167ms)
✔ the same arbitrary adapter error without a persisted stop remains a technical failure (167.848084ms)
✔ a failed Operation reaches the main notification adapter with its real findings and evidence (238.124416ms)
✔ a stop adapter failure remains an observable exception and cannot confirm cancellation (156.674916ms)
✔ host shutdown preserves uncertain work and does not report its own cancellation as an execution error (91.257041ms)
✔ host shutdown preserves uncertain work and reports a distinct cleanup failure (160.269084ms)
✔ store commits concurrent events against fresh state, without lost updates (272.582084ms)
✔ readers retain a valid immutable snapshot when a writer replaces its opened inode (58.121167ms)
✔ a failing subscriber cannot turn an already committed event into a failed mutation (38.395333ms)
✔ KAC-23: failure before rename preserves state and releases lock (53.786958ms)
✔ KAC-23: corrupt control state is never initialized as empty state (25.081083ms)
✔ KAC-04/23: OS lock is released when writer crashes, without deleting lock inode (150.590333ms)
✔ abort does not release the OS lock before the transaction callback exits (102.0155ms)
ℹ tests 566
ℹ suites 0
ℹ pass 566
ℹ fail 0
ℹ cancelled 0
ℹ skipped 0
ℹ todo 0
ℹ duration_ms 78425.78075
