
> dsh-owner-workflow@0.1.0 test
> node ../scripts/run-workflow-tests.mjs

✔ Node test适配器只把有非零用例且证据完整的结果识别为可通过 (2.861458ms)
✔ 集中验收拒绝未知依赖、依赖环和空命令 (0.923167ms)
✔ 真实Node入口在首项失败后继续独立项，并分类阻塞、超时、取消、零用例和未运行 (392.426459ms)
✔ 中断和超时保留已观测用例计数，但不将部分通过升级为验收通过 (1.085375ms)
✔ 候选摘要或代码提交变化时旧结果不能计为通过 (0.5795ms)
✔ only actionable kernel entries contribute deduplicated wait counts while every result remains visible (8.556292ms)
✔ 等待列表客户端产物与源码一致并登记正式、本地两个模块编号 (42.943875ms)
✔ 运行状态和 Owner 输入限制只登记官方 Slot (2.942667ms)
✔ 运行状态只通过可重连 SSE 接收更新，并按当前工作区和当前会话过滤 (2.364875ms)
✔ 运行状态按需要处理、总览、主线程和子代理分类显示确定性状态 (2.005959ms)
✔ 侧栏运行状态使用视口定位，避免被侧栏裁剪和遮住底部操作区 (1.034083ms)
✔ 证据义务冻结后，相同语义问题不会因改写标题被当成新进展 (2.744083ms)
✔ 没有新 Runtime 证据时，Reviewer 新增问题进入仲裁而不是扩大冻结集合 (8.411709ms)
✔ 新 Runtime 证据允许吸收新义务，但不会关闭被遗漏的旧义务 (1.199208ms)
✔ 交替会诊文本、时间、会话、HEAD 和候选摘要不能在 30 轮内重置策略 (2.957375ms)
✔ 当前候选恢复的验证绑定只登记一次进展，不自动关闭且重复事实不续期 (0.361666ms)
✔ 已解决义务的新文件和反复更换 obligationId 都不能回收策略租约 (1.164ms)
✔ 决定分类只接受结构化业务差异或外部权限，关键词只是诊断提示 (0.910875ms)
✔ 未关闭的 user decision 不能被后续 Reviewer 遗漏或改写为 passed 而降权 (0.256667ms)
✔ 新 decision_record 分类缺失或冲突被拒绝，旧显式 user authority 保守保留 (1.098042ms)
✔ 失败分类选择不同的自治恢复策略而不是统一 await_user (1.900875ms)
✔ Workflow 证据摘要只投影稳定的任务结果和 Runtime 文件哈希 (0.339209ms)
✔ 稳定义务身份绑定来源、目标和解除条件，不能把同类同节点要求合并 (0.148834ms)
✔ 展示文案不得参与义务目标或身份，同 ID 的不同合同必须在接收时拒绝 (0.166834ms)
✔ 严格义务必须有 ID；已见事实不能用新 ID 重新引入已解决的合同 (1.508083ms)
✔ 不同 obligationId 的同合同要求独立保留，关闭一项不会关闭另一项 (0.392ms)
✔ 已解决的旧义务重复出现时保持 resolved，不作为新义务重新报告 (0.153833ms)
✔ 遗漏和 passed 都不能关闭义务；只有 Runtime 核验的当前版本解除证据才能关闭且重复幂等 (0.284042ms)
✔ 任务验证关闭只接受 Runtime 标记为当前、通过且绑定候选版本的结果 (0.256625ms)
✔ 旧义务缺少关闭合同时保持 open，并拒绝 Reviewer 自报的替代决定 (0.101792ms)
✔ 显式 legacy 读取路径保留同一缺关闭合同的已解决义务，不重新引入 (0.100917ms)
✔ 旧字符串与问题列表按原文保留不同路径的要求身份 (0.241583ms)
✔ 结构可执行关闭只依赖 Runtime 记录的任务存在，不将其视为业务完成 (0.403042ms)
✔ 版本化决定必须由 Runtime 当前记录完整绑定，且不同义务 ID 不会共享关闭结果 (1.932416ms)
✔ decision_record 的 user authority 明确请求用户，同时保留旧问题文本回退 (0.128333ms)
✔ canonical input ignores JSON order, non-lifecycle scripts and ordinary business source (31.972291ms)
✔ an install lifecycle conservatively binds indirect file and shell inputs (30.9505ms)
✔ implicit workspaces and recursive file dependencies bind their complete candidate content (66.800708ms)
✔ local paths that escape the candidate fail closed instead of being clamped below root (28.484084ms)
✔ manager fields, project config files and install environment are bound without retaining secrets (30.5185ms)
✔ canonicalize recursively sorts JSON object keys without reordering arrays (0.458042ms)
✔ canonical input ignores JSON order, test/build scripts, business source, and action identity (343.948792ms)
✔ input binds manager version, config, lifecycle source, and local dependency source (936.253542ms)
✔ base uses base/node_modules so CJS and ESM consumers resolve their siblings (603.891583ms)
✔ explicit private COW records one full tree copy, and clone unsupported fails closed (238.757125ms)
✔ parallel overlays share a sealed base but private write locations remain isolated (182.314958ms)
✔ cold validation rejects changed contents and every unsafe base link (627.6265ms)
✔ installer-local workspace links are normalized into the sealed base (194.273375ms)
✔ internal npm hard-link groups are atomically detached before the base is sealed (331.887667ms)
✔ external hard-link references remain untouched while every base path becomes private (252.910042ms)
✔ an external Finder .DS_Store hard-link is detached before readonly sealing (193.310166ms)
✔ readonly unreceipted bases and interrupted hard-link work recover without another install (437.409708ms)
✔ unconfirmed active installer fences a later action without restaging or dispatching (68.411459ms)
✔ settled failure preserves nested cwd download cache and publishes primary error metrics (329.223625ms)
✔ failure artifact ENOSPC keeps the primary npm error and active marker fenced (93.01275ms)
✔ a durable settled-failure terminal allows a different action to reclaim the installer (252.577041ms)
✔ durable receipt, promotion, and cache receipt interruptions recover without another install (838.586042ms)
✔ target replay validates its overlay receipt and does not rerun an already completed install (181.536208ms)
✔ missing or conflicting durable receipts never delete staged or promoted trees (317.39925ms)
✔ fresh sealing hashes once, hot reuse hashes zero bytes, and a cold instance revalidates once (339.72ms)
✔ stage/install and immutable seal use independent 300s phase signals, including cache recovery (211.453375ms)
✔ production manager resolver uses a cwd-bound managed command and no-lock projects return no bindings (165.000209ms)
✔ Owner 分支以 ff-only 同步到最新 workflow HEAD (990.32975ms)
✔ Owner worktree 脏时拒绝同步 workflow (718.032917ms)
✔ 只有显式 force 才能删除包含未提交修改的 worktree (389.589375ms)
✔ Owner worktree 只有忽略的验证产物时允许同步 workflow (767.209459ms)
✔ Owner worktree 绑定错误分支时拒绝同步且不移动 HEAD (625.655ms)
✔ Owner 分支与 workflow 分叉时拒绝非 ff 同步且不移动 HEAD (966.868208ms)
✔ clean paused rebase 时拒绝同步且不移动 HEAD 或 Owner ref (1260.522833ms)
✔ clean paused merge 时拒绝同步且不移动 HEAD 或 Owner ref (1120.11275ms)
✔ clean paused cherry-pick 时拒绝同步且不移动 HEAD 或 Owner ref (1015.350833ms)
✔ 保留已跟踪文件修改状态中的前导空格 (218.271875ms)
✔ Git 状态忽略 Runtime 自动生成但尚未跟踪的 .gitignore (195.885291ms)
✔ 正确解析真实重命名和双路径记录 (198.301125ms)
✔ 正确解析复制记录的双路径 (0.224542ms)
✔ 提交代理禁用仓库钩子并返回固定提交和实际文件 (404.181542ms)
✔ 固定提交哈希可以校验变更并安全合并 (873.765833ms)
✔ 分支和工作树清理支持明确的幂等 missing-ok (440.802041ms)
✔ 工作树清理默认拒绝删除 dirty worktree 并保留现场 (320.643166ms)
✔ Dashboard and main thread read exactly the same workflow view without writing control or projections (56.910334ms)
✔ read-only routes do not create missing state or hide corrupt state behind an empty result (16.346583ms)
✔ opaque workspace selection, GET-only routes and SSE disposal preserve the same snapshot (51.090541ms)
✔ native client retains a failed workflow and runner failure when no user approval is pending (95.558792ms)
✔ complete production preset mounts native capabilities and delivers without manual kernel registration (6184.90675ms)
✔ native plugin scopes and the bundled approval adapter share load health only within their host (446.231042ms)
✔ implementation interpretation binds native user evidence, not a magic phrase or agent notification (188.771417ms)
✔ native runtime executes scoped edit, async submission, real verification, integration and final verification (2521.477667ms)
✔ two native Owners overlap, integrate disjoint candidates and unlock their real downstream verification (6044.20275ms)
✔ Planner contract accepts an executable plan with no public Owner change (8.41975ms)
✔ Planner required fields follow normalization defaults plus package compilation (0.414167ms)
✔ Planner public Owner binding schema is the exact domain-owned shape (0.525084ms)
✔ omission cannot bypass required or historical public Owner authority (0.178833ms)
✔ Planner tool contract rejects the five invalid shapes observed in the live workflow (0.396042ms)
✔ Planner receives frozen requirements without authorization receipts or write journals (0.218708ms)
✔ Planner and Reviewer receive readable Owner feedback as a non-blocking fact (0.536416ms)
✔ workflow fixture wait does not let observation churn renew a stuck semantic state (0.747917ms)
✔ workflow fixture wait renews only for semantic progress and retains an absolute cap (0.458334ms)
✔ native planning feedback is persisted in the root tool result and never starts a workflow (1225.450208ms)
✔ native revised Spec/Ticket checkpoint replaces the same task, retains the issue and delivers on its new baseline (10293.369458ms)
✔ native Reviewer corrects an invalid obligation id in the same session before any report is accepted (6074.901917ms)
✔ native main-thread documents, checkpoint, independent planning and execution reach the user checkout (6438.47625ms)
✔ two frozen independent Owner tasks reach actual combined and final Reviewer acceptance with their grouped packages (9739.532584ms)
✔ actual failed verification returns to the root and repairs its retained candidate within the same budget (7236.74175ms)
✔ a no-progress first DAG returns to native Spec/Ticket R2 and delivers in the original workflow (8973.326542ms)
✔ active Registry narrowing uses one native approval and replans the same Spec/Ticket workflow through delivery (7536.838209ms)
✔ actual scoped preset tools reach Owner execution without inheriting root orchestration instructions (4470.92075ms)
✔ Owner Team joins the actual parent preset generation before its task tools are configured (347.449583ms)
✔ native macOS escaped descendant does not turn managed-range exit into source write closure (393.859625ms)
✔ independent public Owner migration closes only after shared implementation, app migration and unchanged consumer verification deliver (6666.86525ms)
✔ Owner root guards use native tool scope and do not capture unrelated roots (199.535167ms)
✔ native workflow_retry_action keeps a settled technical candidate retry bound and returns a lossless view (292.613792ms)
✔ two native Owner preset scopes share one catalog executor and dispose independently (52.873167ms)
✔ offline legacy reconciliation retains planning use and refuses missing or inconsistent accounting (1.580792ms)
✔ legacy source binding selects the exact persisted checkpoint, never a later or reworded document (0.561083ms)
✔ a legacy completed label alone cannot release a possible native writer as historical data (22.06025ms)
✔ legacy reservation preserves exact source and budget, blocks duplicate work, and replays idempotently (173.373708ms)
✔ Owner 记忆契约拒绝越界页面、运行目录来源和未知状态 (2.785292ms)
✔ 记忆目录修复只移除 Owner 记忆 catalog 的自引用元数据 (256.16825ms)
✔ Markdown Owner Wiki 生成索引和幂等日志，并根据来源提交计算 stale (1162.599625ms)
✔ 多个 Owner 的长期知识分别写入各自文件夹 (466.767417ms)
✔ 没有新页面但重新核对来源后会刷新既有记忆的验证基线 (1157.184334ms)
✔ 旧 .owner-memory 在下一次编译时迁入对应 Owner 文件夹并删除独立目录 (822.303583ms)
✔ 临时 Owner 记忆保持简短，封存后作为编译来源但不注入当前长期记忆 (238.541667ms)
✔ Owner 最终摘要过长时截断记忆来源而不阻塞任务结算 (167.232ms)
✔ 旧阻塞在新执行开始后标记为已解决，不再作为当前提示注入 (0.66125ms)
✔ 展开 Composite 后保留父外部依赖、后继依赖父且子图 entry/exit 可达 (6.504291ms)
✔ Composite 可递归拆分，直到所有 abstract 节点变成可执行叶子 (3.711042ms)
✔ Composite 只允许未开始且没有业务提交的 work task (3.277416ms)
✔ Composite 拒绝 ID 冲突、内部环、不可达 entry/exit、越界 Owner 和未绑定验证 (5.726417ms)
✔ 局部 delta 使被修改任务、Review 和依赖后继失效，并清空旧执行证据 (2.192625ms)
✔ 局部 delta 要求明确 carryForward，且不允许改写已完成任务或固定提交 (3.487042ms)
✔ 局部 delta 的失效闭包包含 Composite 父任务和父任务后继 (4.716708ms)
✔ Composite 子任务不能成为父任务外部依赖，delta 也不能改变 Registry 或删除固定提交证据 (6.484791ms)
✔ Plan delta 拒绝 V1 并规范化新增 V2 任务 (1.651583ms)
✔ V2 计划在构建自动机前拒绝超长 scope glob (0.217542ms)
✔ V2 计划在构建自动机前拒绝字面字符种类过多的 write glob (0.397916ms)
✔ V2 计划拒绝超出单层 Owner scope 的递归 write (0.544208ms)
✔ V2 计划拒绝与 Owner exclude 相交的 write (0.880167ms)
✔ V2 计划拒绝用单层通配符扩大问号 Owner scope (0.729417ms)
✔ V2 计划拒绝未绑定的验证 ID (0.513625ms)
✔ V2 work task 必须绑定至少一个 required verification (0.430417ms)
✔ V2 task保留显式稳定执行资源，旧task省略字段时不注入默认值 (1.163ms)
✔ V2 task拒绝重复或不稳定的执行资源身份 (1.44425ms)
✔ 渐进式 DAG 允许 abstract work 暂不绑定写入和验证，并标记为不可执行 (0.290167ms)
✔ V2 计划拒绝未定义的 decomposition 状态并列出允许值 (0.337958ms)
✔ V2 计划拒绝任务依赖环 (0.612084ms)
✔ V2 计划拒绝空验证 argv (0.4495ms)
✔ V2 计划拒绝用 argv 字段替代 run 并返回可修复错误 (1.071166ms)
✔ V2 验证 cwd 只接受受限仓库相对目录并规范化保存 (2.892375ms)
✔ V2 计划拒绝把 legacy stages 或 completedStages 带入执行模型 (0.166833ms)
✔ V2 计划拒绝字符串验证 argv (0.54825ms)
✔ V2 生命周期使用固定 workflow 和 task 状态 (0.05275ms)
✔ 任务停止状态只接受固定的 reason/action 配对 (0.032ms)
✔ 任务停止拒绝未定义的 reason/action 配对 (0.124042ms)
✔ 任务停止接受 input_missing/provide_input 配对 (0.033791ms)
✔ 任务停止接受其余固定 reason/action 配对 (0.100583ms)
✔ V2 计划拒绝 review 任务的 write (0.291583ms)
✔ V2 计划拒绝 verify 任务的 write (0.284875ms)
✔ V2 计划原样保留 done 验收文本 (0.438625ms)
✔ V1 历史计划可读取运行时目录范围且不可执行 (0.501333ms)
✔ V2 计划规范化显式角色，并按完成的依赖返回可执行任务 (1.375ms)
✔ V2 就绪计算跳过运行中和已停止的根任务，并保留并行根任务顺序 (0.7775ms)
✔ 所有者范围支持目录范围和排除范围 (0.306792ms)
✔ 所有者范围正确处理问号、单层通配符和目录边界 (0.188333ms)
✔ 计划拒绝循环和未知 Owner (0.081291ms)
✔ 计划拒绝所有者范围重叠 (0.311917ms)
✔ V2 计划拒绝运行时管理目录的 Owner scope (0.703209ms)
✔ 父 Owner 排除完整子模块后允许合法拆分 (0.378834ms)
✔ 局部 exclude 不能掩盖父 scope 剩余区域的重叠 (0.212375ms)
✔ 所有者范围正确区分文件、目录和相邻路径 (0.553459ms)
✔ 所有者范围的问号和递归通配符参与重叠判断 (1.556083ms)
✔ 规划和所有者结果契约未知时按关闭处理 (1.963583ms)
✔ 新计划审查义务必须有显式来源、目标和可核验关闭合同，旧记录只能显式读取 (0.494291ms)
✔ 新计划审查义务在 Schema 与 normalizer 中都必须提供不可变 obligationId (0.140625ms)
✔ 计划审查关闭合同支持结构可执行与版本化决定，并按类型要求字段 (0.641583ms)
✔ 带计划上下文时验证转交目标所有者和文件范围 (0.2805ms)
✔ Owner 结果可以提出结构化长期记忆，但不能直接引用运行时目录 (0.399292ms)
✔ V2 计划规范化任务优先级和显式失败策略，并拒绝不完整修复策略 (1.655833ms)
✔ Operation honors rules-only policy using the same action and real native sessions (450.414ms)
✔ Operation honors reviewer-allow policy using the same action and real native sessions (510.105625ms)
✔ Operation honors reviewer-deny policy using the same action and real native sessions (615.871416ms)
✔ native prefix permission is explicit and scoped to the host, main session, directory and literal argument boundary (1535.310125ms)
✔ native root delivery is deduplicated using persisted messages, not followup return (219.013ms)
✔ native root receives the canonical workflow terminal status and revision (75.707208ms)
✔ a root session closing during notification becomes a durable offline wait without hiding persistence failures (81.971709ms)
✔ native fixed command proves managed-range exit and does not rerun a received command (83.844875ms)
✔ new command identities cannot bypass an unresolved same-action intent, even with the same host ID (53.919458ms)
✔ action admission serializes competing hosts while allowing owned live commands in parallel (72.436333ms)
✔ native read-only sandbox rejects an actual source write (73.116125ms)
✔ immutable dependency inputs reject writable roots before native dispatch (14.733875ms)
✔ native verification reads external dependencies but cannot write or chmod them (96.641041ms)
✔ old and wrong-scope command receipts are not reused or promoted to termination proof (101.946459ms)
✔ native termination covers a helper that outlives the command leader (498.15025ms)
✔ verification resumes after the native command receipt without rerunning or changing its directory (194.364416ms)
✔ native non-Git Operation: allow reaches the main thread and retains source protection (787.329291ms)
✔ native non-Git Operation: reject reaches the main thread and retains source protection (512.188833ms)
✔ native non-Git Operation: cancel reaches the main thread and retains source protection (474.825542ms)
✔ native owner_submit ends the actual turn after durable acceptance without waiting for verification (964.204292ms)
✔ Owner preparation interruption resumes the same worktree with one native dispatch (783.465ms)
✔ a fast native model waits for the persisted dispatch receipt before submitting (920.839458ms)
✔ failed dispatch receipt cancels waiting native tools without accepting a candidate (434.246208ms)
✔ a rejected owner_submit ends through the persisted stop path with its primary error (448.968167ms)
✔ an Owner turn ending without tools settles through one persisted stop (485.143084ms)
✔ native Planner accepts a bound no-progress report before the formal transition records failure (2184.546125ms)
✔ native Owner and candidate Reviewer receive only the same bound task package and direct consumer command contract (2758.353875ms)
✔ public Owner independently reads the contract and consumer before compatible_extension (1186.296708ms)
✔ public Owner independently reads the contract and consumer before migration_required (528.664667ms)
✔ public Owner independently reads the contract and consumer before capability_sufficient (560.084375ms)
✔ public Owner independently reads the contract and consumer before rejected (440.783ms)
✔ public Owner independently reads the contract and consumer before facts_missing (906.065ms)
✔ public Owner independently reads the contract and consumer before business_decision_required (627.224041ms)
✔ root public request survives a native contract source revision before independent decision and main notice (6179.898083ms)
✔ native Registry batch allow: one exact decision, no speculative ownership or Git identity changes (1434.941041ms)
✔ native Registry batch reject: one exact decision, no speculative ownership or Git identity changes (618.517167ms)
✔ native Registry batch cancel: one exact decision, no speculative ownership or Git identity changes (627.019083ms)
✔ native Registry reconciles installed interruption from the original approval and preserves user index (1414.439542ms)
✔ native Registry reconciles ref_updated interruption from the original approval and preserves user index (1340.732708ms)
✔ Operation 执行契约要求目标、边界、完成标准和最小能力 (0.813834ms)
✔ Operation 状态独立持久化并只公开受限投影 (37.263375ms)
✔ Operation 报告区分普通进展、用户输入和精确命令授权 (0.683875ms)
✔ 通用命令门禁允许典型只读诊断并拦截外部副作用 (4.635083ms)
✔ 会话级命令授权只匹配完整字面参数前缀 (0.146834ms)
✔ Operator 提示要求只与主代理结构化通信 (0.8685ms)
✔ 主线程提示要求正式 planning 文档封套，并只通过零参数 finalizer 建立检查点 (0.408958ms)
✔ 主线程可在启动 DAG 前创建和修改所有约定文档，原生观察策略继续执行 (836.961917ms)
✔ 文档例外不放开代码、治理文件、状态和其他写入工具 (61.842042ms)
✔ 解析路径二次校验阻止冒充 displayPath、目标漂移和链接换入 (33.268917ms)
✔ 路径绑定到项目和会话，允许根目录别名，拒绝软硬链接和无效目标 (6.383375ms)
✔ 真实 root 与会话根别名混用时只归一化项目根，保留内部链接拒绝 (8.988833ms)
✔ Harness、Synapse 与审批策略上游子模块始终属于受保护路径 (0.5155ms)
✔ Owner 可以自由修改 worktree，但提交关卡拒绝 scope 外和受保护路径 (387.663083ms)
✔ 提交关卡忽略构建产物，自动提交 scope 内真实 diff 并再次校验 (774.23975ms)
✔ 提交关卡检查全部提交历史，不能用后续删除隐藏中间越界提交 (714.562792ms)
✔ review 或 verify task 不能借用 Owner scope 提交业务改动 (673.613375ms)
✔ dispatch and Owner repair retain the same immutable planning package binding (27.123833ms)
✔ a legacy same-candidate verification retry derives and persists its current immutable package binding (9.0655ms)
✔ 实际原生问询先持久原始授权，同根重复核验复用，不因后续规格修订扩大实施范围 (713.57625ms)
✔ 原生reject决定不会创建grant或提交代码 (530.868958ms)
✔ 原生custom决定不会创建grant或提交代码 (486.6715ms)
✔ 原生approve-with-custom决定不会创建grant或提交代码 (562.567083ms)
✔ 原生cancel决定不会创建grant或提交代码 (808.032417ms)
✔ 原生decline决定不会创建grant或提交代码 (568.830916ms)
✔ 规划 checkpoint 拒绝保留主线程可读的修订决定，且不产生授权或提交 (620.668416ms)
✔ Kernel finalize 将 checkpoint 修订决定作为普通结果返回主线程 (521.212875ms)
✔ checkpoint 在 snapshot 发布前中断后只恢复同一事务并复用原始 grant (2331.735209ms)
✔ checkpoint 重放返回同一冻结 source、grant 和 commit (3020.841208ms)
✔ 原生用户实施请求只能经受信解释绑定到最新消息并作为 directProceed receipt (2395.123833ms)
✔ 没有 directProceed receipt 时同一 checkpoint 必须经过原生问询 (1796.302167ms)
✔ 规划包之外的脏文件在授权前拒绝且不改变 HEAD 或 index (636.124625ms)
✔ 同一规划锁阻止第二 checkpoint 在获取授权前并发进入 (419.876625ms)
✔ 授权后取消阻止 ref CAS，恢复时复用同一原始授权 (2289.984417ms)
✔ 真实 native T24 来源以 alternate index 建立仅含选中文档的 checkpoint 与不可变快照，replay 不重复提交 (2210.406167ms)
✔ 暂存或无关工作区改动拒绝且不改动真实 HEAD/index/用户文件 (637.854292ms)
✔ 真实子进程 SIGKILL after-journal-prepared 后复启只形成一个 checkpoint 与不可变 snapshot (2686.97075ms)
✔ 真实子进程 SIGKILL after-commit-object 后复启只形成一个 checkpoint 与不可变 snapshot (3622.249375ms)
✔ 真实子进程 SIGKILL after-ref-update-before-journal 后复启只形成一个 checkpoint 与不可变 snapshot (2602.233041ms)
✔ 真实子进程 SIGKILL after-ref-cas 后复启只形成一个 checkpoint 与不可变 snapshot (2364.437583ms)
✔ 真实子进程 SIGKILL after-index-rename-before-journal 后复启只形成一个 checkpoint 与不可变 snapshot (2211.863417ms)
✔ 真实子进程 SIGKILL after-index-sync 后复启只形成一个 checkpoint 与不可变 snapshot (2105.103583ms)
✔ 真实子进程 SIGKILL after-snapshot-write-before-journal 后复启只形成一个 checkpoint 与不可变 snapshot (2251.416458ms)
✔ 真实子进程 SIGKILL after-snapshot 后复启只形成一个 checkpoint 与不可变 snapshot (2006.582ms)
✔ checkpoint lease 在物理断言前后均拒绝已取消 signal，且不创建 journal 或变更 Git (2441.651417ms)
✔ 已完成 parent snapshot 以完整持久 journal/snapshot 身份绑定子 checkpoint (3144.218417ms)
✔ 未知 parent snapshot 在创建 journal 或 Git 变更前拒绝 (570.753958ms)
✔ 原 checkpoint 尚待恢复时，新 id 不能绕过同一项目的 pending journal (1895.953125ms)
✔ Git clean filter 改写选中文档 blob 时拒绝，不把原始来源哈希写成 checkpoint (876.178416ms)
✔ commit object 已持久但 ref 前外部修改选中文档时，恢复拒绝并保留外部字节 (1001.644459ms)
✔ 已完成 checkpoint 的 immutable snapshot 被外部修改时，重放和 pending 检查均拒绝 (1296.066375ms)
✔ 未知实际 Git index.lock 保留并拒绝，不将其视为可恢复 checkpoint 锁 (1345.6775ms)
✔ one-owner packages retain full frozen Ticket/Spec data, shared AC contributors and dependency blockers (12.1445ms)
✔ compiler rejects unknown-fragment (0.471041ms)
✔ compiler rejects blocked-fragment (0.212625ms)
✔ compiler rejects unknown-contract (0.221875ms)
✔ compiler rejects missing-known-contract (0.206083ms)
✔ compiler rejects omitted-ready (0.459917ms)
✔ compiler rejects missing-ticket-edge (0.2435ms)
✔ compiler rejects task-cycle (0.166041ms)
✔ compiler rejects wrong-snapshot (0.162917ms)
✔ compiler rejects wrong-source (0.182083ms)
✔ compiler rejects mixed-owner-package (0.915459ms)
✔ bindings normalizer rejects duplicate task, Ticket fragment and contract identities without mutating optional absence (0.140375ms)
✔ completed checkpoint reader returns frozen persisted snapshot without revalidating current planning files (2442.327792ms)
✔ checkpoint snapshot reader rejects a nonterminal journal without resuming it (831.035083ms)
✔ 只把带正式封套的 Spec 和 Ticket 纳入执行 manifest，普通 Matt 文档保持 supporting (36.58675ms)
✔ real selected documents retain complete cross-ticket AC references, multiple segments and fixed content (18.489583ms)
✔ mixed readiness preserves explicit blockers and blocks dependent tickets while unrelated work remains ready (12.986542ms)
✔ rejects missing-file without modifying planning files (9.705ms)
✔ rejects changed-content without modifying planning files (8.116ms)
✔ rejects wrong-digest without modifying planning files (12.298125ms)
✔ rejects duplicate-ticket without modifying planning files (18.308667ms)
✔ rejects duplicate-path without modifying planning files (28.783625ms)
✔ rejects missing-revision without modifying planning files (7.855333ms)
✔ rejects wrong-identity without modifying planning files (8.013125ms)
✔ rejects wrong-source without modifying planning files (8.305708ms)
✔ rejects unknown-ac without modifying planning files (9.680959ms)
✔ rejects wrong-ac-version without modifying planning files (18.324542ms)
✔ rejects unknown-contract without modifying planning files (7.567208ms)
✔ rejects wrong-contract-version without modifying planning files (11.946834ms)
✔ rejects missing-dependency without modifying planning files (9.114708ms)
✔ rejects cyclic-dependency without modifying planning files (15.757916ms)
✔ rejects duplicate-segment without modifying planning files (9.65025ms)
✔ rejects empty-work without modifying planning files (3.913834ms)
✔ rejects all-blocked without modifying planning files (10.052709ms)
✔ rejects empty-tickets without modifying planning files (9.507708ms)
✔ rejects declaration-forgery without modifying planning files (9.162834ms)
✔ rejects disallowed planning path docs/analysis/spec.md (4.437875ms)
✔ rejects disallowed planning path docs/superpowers/specs/spec.md (7.328167ms)
✔ rejects disallowed planning path ../escape.md (10.327708ms)
✔ rejects disallowed planning path AGENTS.md (8.285917ms)
✔ linked document source cannot cross the existing document boundary (8.953625ms)
✔ unready contract blocks its consumers while independent work remains available (6.602542ms)
✔ a ticket retains its independent ready segment alongside a declared blocked segment (5.921709ms)
✔ invalid UTF-8 cannot produce content that differs from its bound byte digest (8.635375ms)
✔ a UTF-8 BOM cannot be silently removed from the bound source content (5.617ms)
✔ 首次原生创建尚未进入 HEAD 的 Spec/Ticket，缺失基线 blob 正确作为 null (1024.3795ms)
✔ 真实 Harness 原生 edit 链绑定 T05 引用和实际 Git baseline，并由只读 Runtime 入口返回 source-validated (1482.607458ms)
✔ 缺失尾项、跨文件借用、incomplete terminal 与暂存用户变更均拒绝而不修复来源或 index (913.823667ms)
✔ 已提交的旧来源保留在 journal 时，新 baseline 上仅选择新的原生链仍可验证 (690.74325ms)
✔ Kernel 规划入口不接受其他 agent 或 child 复用根线程来源 (730.076875ms)
✔ 真实 Harness create → read → edit 使用原生 CAS，写入不可消费的完整 native provenance 链 (335.450792ms)
✔ 真实 CAS stale 在 prepared 后无同调用 observed，明确保留 unknown 而不把 isError 伪造成失败 (128.293375ms)
✔ native success followed by downstream observed failure remains native-observed but incomplete (130.666791ms)
✔ 相同真实 callId 的重放不会覆盖 prepared/terminal 或再次修改文档 (92.317125ms)
✔ native 成功后 terminal 发布失败保留 prepared-only 与真实字节，不回滚或伪造 terminal (85.875792ms)
✔ BOM 使原始字节与 decoded text 不可逆时保留 native-observed 但拒绝 complete (72.718958ms)
✔ 越界文档和状态目录链接在原生 mutation 前拒绝，且没有额外文档权限或 journal 记录 (66.80875ms)
✔ package and daily composition share one Owner implementation and no independent runner bin (7.754583ms)
✔ 项目存储目录把配置和长期资料归入各自 Owner 文件夹 (0.485917ms)
✔ 运行目录规则隐藏内部状态并保留现有 Git 排除配置 (112.449292ms)
✔ Runtime 初始化不覆盖项目已有的自定义 .gitignore (4.34025ms)
✔ root public Owner schema exposes only nine observed facts and no hidden protocol objects (1.371334ms)
✔ old feedback is rebound to the same task and Owner in the current frozen source (1.352417ms)
✔ feedback seed keeps the real issue field while bounding and redacting its persisted text (0.634167ms)
✔ missing producer contract returns source_revision_required without creating internal request facts (0.565167ms)
✔ runtime materialization binds the explicit producer and derives every protocol version and digest (1.829416ms)
✔ public Owner submits judgment only and Runtime supplies immutable decision bindings (0.739833ms)
✔ T06 accepts and replays one complete versioned public Owner request (3.060375ms)
✔ T06 rejects absent fields and unknown Owner, Ticket, AC, contract, or evidence references (1.464625ms)
✔ T06 same ID and version conflict, while the next version must exactly supersede the prior digest (1.790875ms)
✔ T06 capability-sufficient decision requires every known consumer fact and is the only immediately ready result (5.678875ms)
✔ T06 compatible extension stays blocked until the public Owner implementation exists (1.325375ms)
✔ T06 migration decision binds the complete impacted consumer set and exact order (1.113166ms)
✔ T06 rejection, missing facts, and business change use distinct evidence-bearing outcomes (5.451167ms)
✔ T06 a decision bound to an older execution, contract, or consumer context becomes stale (1.215542ms)
✔ T06 conflicting decisions cannot overwrite an accepted decision for the same request (0.515084ms)
✔ T06 persisted request or decision tampering fails closed even when the attacker recomputes no digest (1.059666ms)
✔ T30 normalizes a plan with an explicit authoritative public decision binding (15.262958ms)
✔ T30 rejects incomplete consumers, wrong Owner, missing implementation predecessor, and stale authority (10.58ms)
✔ T30 migration order is an executable dependency chain rooted at the public implementation (4.414625ms)
✔ compatible consumers may use real verification tasks but required migrations still require implementation (3.851291ms)
✔ T30 carried historical bindings remain immutable without treating their original baseline as current (7.278167ms)
✔ legacy admission validation is read-only and accepts a valid unspent bound account (1.391583ms)
✔ legacy import cannot silently reset malformed budgets or change their plan authority (0.668167ms)
✔ T13 明确有限配置，没有默认无限值或隐式数值转换 (2.715708ms)
✔ T13 BUD-01 两级限额原子扣减，问题用完不阻止独立问题 (1.411209ms)
✔ T13 BUD-03 最后一份额度按传入的新快照串行竞争，两级不半扣 (0.199792ms)
✔ T13 BUD-03 请求重放在耗尽后仍返回原attempt，重载不重扣 (0.227334ms)
✔ T13 同request改变workflowId拒绝，不借重复请求改绑定 (0.846083ms)
✔ T13 同request改变rootProblemId拒绝，不借重复请求改绑定 (0.22075ms)
✔ T13 同request改变attemptId拒绝，不借重复请求改绑定 (0.151208ms)
✔ T13 同request改变taskId拒绝，不借重复请求改绑定 (0.748042ms)
✔ T13 同request改变ownerId拒绝，不借重复请求改绑定 (0.159959ms)
✔ T13 同request改变executionVersion拒绝，不借重复请求改绑定 (0.286833ms)
✔ T13 同attempt不能被不同request占用；不存在问题与外来Workflow拒绝 (0.297917ms)
✔ T13 问题注册幂等但来源和限额不可替换，同来源不能另开根问题 (0.163292ms)
✔ T13 执行开始绑定不可换，未开始不能成功结算，终态不能重启 (1.568958ms)
✔ T13 启动前failed可结算，不退额度；相同回执重放不改状态 (0.451667ms)
✔ T13 启动前cancelled可结算，不退额度；相同回执重放不改状态 (0.211958ms)
✔ T13 开始及结算都重新核验完整绑定，调用错误不能写状态 (1.558125ms)
✔ T13 BUD-04/05 相关新证据不退预算，A/B/A与换引用重放只留两份事实 (1.141208ms)
✔ T13 来源不匹配、相同引用内容冲突、进展升格关闭都拒绝 (0.81475ms)
✔ T13 问题关闭需当前根的关闭引用且无未结算attempt，关闭不擦历史 (0.6765ms)
✔ T13 序列化账本严格校验，不接纳未知版本、重复记录或被改写的计数 (1.341917ms)
✔ T13 返回对象和输入无共享可写引用；冻结输入仍可工作 (0.181625ms)
✔ T13 原型敏感字符串只作为ID数据，不能串改其他问题 (0.146542ms)
✔ T13 严格输入不静默丢弃错误字段或伪证据标记 (0.42275ms)
✔ T13 同根问题换task、Owner或版本仍共享已用额度，不重新注册预算 (0.195125ms)
✔ T13 同一核验事实可分别关联多个根问题，各自核验来源和关闭引用 (0.267667ms)
✔ T13 F-14 跨attempt跨字段引用拒绝：先执行后结算 (0.342417ms)
✔ T13 F-14 跨attempt跨字段引用拒绝：先结算后执行 (0.173ms)
✔ T13 F-14 JSON导入拒绝跨字段串用回执，reverse=false (0.227375ms)
✔ T13 F-14 JSON导入拒绝跨字段串用回执，reverse=true (0.137417ms)
✔ T13 F-14 同attempt跨字段引用及重放合法，不同版本引用仍独立 (0.343ms)
✔ T13 F-14 保留同字段跨attempt去重：execution (0.263416ms)
✔ T13 F-14 保留同字段跨attempt去重：result (0.160583ms)
✔ T15 Owner恢复与重规划共用问题预算，换操作类型/版本不重置额度 (0.622209ms)
✔ T15 重规划与Owner跨根共用Workflow额度，独立问题只在总额尚有余量时继续 (0.134667ms)
✔ T15 revision_plan持久重放/实际引用开始/结算使用同一绑定，耗尽后不重扣 (0.425958ms)
✔ T15 revision_review持久重放/实际引用开始/结算使用同一绑定，耗尽后不重扣 (0.368042ms)
✔ T15 handoff_replan持久重放/实际引用开始/结算使用同一绑定，耗尽后不重扣 (0.617834ms)
✔ T15 owner_consultation持久重放/实际引用开始/结算使用同一绑定，耗尽后不重扣 (0.403834ms)
✔ T15 重规划workflowId改变时reserve/start/settle均拒绝且不修改账本 (0.265875ms)
✔ T15 重规划rootProblemId改变时reserve/start/settle均拒绝且不修改账本 (0.547292ms)
✔ T15 重规划requestId改变时reserve/start/settle均拒绝且不修改账本 (0.7445ms)
✔ T15 重规划attemptId改变时reserve/start/settle均拒绝且不修改账本 (0.191916ms)
✔ T15 重规划executionVersion改变时reserve/start/settle均拒绝且不修改账本 (0.168ms)
✔ T15 重规划executionKind改变时reserve/start/settle均拒绝且不修改账本 (0.316417ms)
✔ T15 重规划operationId改变时reserve/start/settle均拒绝且不修改账本 (0.214875ms)
✔ T15 重规划operationKind改变时reserve/start/settle均拒绝且不修改账本 (0.167ms)
✔ T15 重规划绑定严格拒绝混合身份、未知类型、缺失字段以及静默降级 (1.778583ms)
✔ T15 同request不能在Owner和replan之间换绑，回执也不能跨执行类型串用 (0.917542ms)
✔ T15 未启动重规划取消不退预算，存在未结算操作时根问题不能关闭 (0.738625ms)
✔ T19 new Workflow policy freezes the measured finite V1 values (1.261917ms)
✔ T19 policy import rejects missing, unknown, and locally changed configuration (0.939833ms)
✔ T19 persisted policy and admission limits must remain one immutable binding (0.633042ms)
✔ T19 frozen 12/8 limits preserve both problem and Workflow exhaustion (3.589958ms)
✔ Owner Registry 只有匹配 digest 的已批准提案才能写入并进入 Git 暂存区 (395.7275ms)
✔ Owner Registry 在提案阶段拒绝超出受管根和重叠的 scope (293.822209ms)
✔ Owner Registry 拒绝把单层 managedRoots glob 解释为递归受管根 (216.400792ms)
✔ 批准后的 Owner 完整 round-trip declaredExclude、managedExclude 和 status (339.417833ms)
✔ Owner Registry 的 split、merge、transfer 和 remove 都只生成内存提案 (1110.679792ms)
✔ Owner Registry 将同一轮全部变更合并为一个可原子批准的 batch 提案 (394.684125ms)
✔ Owner Registry batch 拒绝空批次、嵌套批次和中途无效变更 (247.488416ms)
✔ Owner Registry 拒绝被篡改或基于旧快照的批准提案 (389.590417ms)
✔ Owner Registry 拒绝 Registry 目录或 owners 目录符号链接 (279.469208ms)
✔ Owner Registry 拒绝 config 和 Owner Markdown 文件符号链接 (397.056542ms)
✔ Owner Registry 暂存失败时回滚整个 Registry 和 Git 索引 (459.629083ms)
✔ Owner Registry 写入失败时保持原 Registry 不变 (230.18325ms)
✔ Owner Registry 并发批准最多应用一个相同 before 的提案 (399.471167ms)
✔ ensureRegistry 跟踪全部正式文件且不暂存非 Markdown 文件 (521.702666ms)
✔ Owner Markdown 对标题、链接和 HTML 文本做安全编码 (421.37975ms)
✔ Registry digest 不受对象键顺序和 Owner 输入顺序影响且批准摘要不可缺失 (285.931417ms)
✔ Owner Registry 严格校验父 Owner 引用、删除子引用和父级环 (275.624541ms)
✔ split 必须保持来源有效范围且拒绝重复结果 Owner (205.698084ms)
✔ merge 必须拒绝重复来源并保持全部来源有效范围 (220.586791ms)
✔ 所有 Registry operation 对缺失、重复、同源和越界输入 fail-closed (270.080625ms)
✔ Owner 删除会从 Git 索引移除失效 Markdown (537.530458ms)
✔ ensureRegistry 拒绝 Registry 白名单外的已跟踪文件并保持索引不变 (431.217833ms)
✔ 应用失败会精确恢复调用前已暂存版本而不以工作区版本覆盖 (360.301417ms)
✔ transfer 不得重新授予源 Owner 已排除的范围 (209.476ms)
✔ transfer 不得把范围转入目标 Owner 的 exclude (227.88575ms)
✔ split 和 merge 必须保持 scope 减 exclude 的有效范围 (256.339167ms)
✔ ensureRegistry 与批准应用共同遵守同一把 Registry 锁 (584.967833ms)
✔ Owner Markdown 编码代码围栏、列表、分隔线、表格和强调控制结构 (393.860584ms)
✔ ensureRegistry 拒绝不符合规范生成结果的 Owner Markdown 正文 (375.446166ms)
✔ Registry 回滚无法恢复原目录时保留可人工恢复的备份 (357.931125ms)
✔ ensureRegistry 初始化暂存失败时不留下正式目录或索引变化 (216.399666ms)
✔ 失败回滚完整保留 assume-unchanged、skip-worktree 和 intent-to-add 索引状态 (847.204708ms)
✔ split 可对含星号和问号的 scope 做精确有效范围守恒 (213.798583ms)
✔ merge 可原样合并非字面 glob 且不会扩大授权 (219.308708ms)
✔ transfer 可安全转交非字面 glob 并在来源建立等值排除 (227.481417ms)
✔ Owner Markdown 编码四空格和制表符缩进代码结构 (392.172042ms)
✔ loadRegistry 与写操作共享 Registry 锁并且只读取完整目录状态 (260.608417ms)
✔ Registry 锁在 EEXIST 后、检查前已释放时按 missing 重取而不伪造读取失败 (276.751458ms)
✔ Registry 锁检查只把 ENOENT 当作 missing，其他文件错误保留 cause (240.321291ms)
✔ 死亡写者留下的锁和目录切换中间态会在下次读取前恢复 (255.206625ms)
✔ 缺少 status 的旧 Owner 文档按 active 安全迁移并重新暂存 (591.257292ms)
✔ Registry 更新保留各 Owner 文件夹内的长期记忆 (726.0895ms)
✔ 旧版 owners/<id>.md 自动迁移为 owners/<id>/owner.md (444.226042ms)
✔ Registry 对未知 Owner status fail-closed (182.652208ms)
✔ Registry 配置 JSON 错误转换为带 cause 的中文边界错误 (194.345167ms)
✔ split 缺少 owners 时返回中文契约错误而不是 TypeError (197.719417ms)
✔ 读取缺失 Registry 时返回保留 cause 的中文文件错误 (67.890125ms)
✔ failed materialization waits for already-started copies before releasing cleanup authority (42.599667ms)
✔ shared dependency preparation without a valid base binding never dispatches verification (578.570042ms)
✔ seals actual uncommitted source once, verifies independently and resumes from receipts (456.856708ms)
✔ fixed verification collects independent failures and never passes zero Node tests (466.274084ms)
✔ late verification writers cannot replace the settled dependency failure and saved replay drains owned cleanup (334.212458ms)
✔ a settled observation reclaims a saved successful receipt after a delayed .DS_Store without repeating command or review (1063.450791ms)
✔ a settled cleanup gives persistent ENOTEMPTY only its fixed retry window (436.947125ms)
✔ source symlink escape and changed immutable candidate are rejected (261.158083ms)
✔ KAC-21: writes check scope and linked ancestors before the native mutation (101.561166ms)
✔ 固定 argv 解析复制并冻结目录定义，拒绝非 argv 输入 (1.861208ms)
✔ 绑定验证原样传递固定 argv 与 cwd，忽略调用者伪造的 argv (0.489959ms)
✔ Shell 缺少 exitCode 时按 ok 确定性归一化，异常载体仍 fail closed (0.284417ms)
✔ 绑定验证保留声明 cwd，旧验证缺省时只使用仓库根目录 (0.088666ms)
✔ 未知或未绑定验证 ID 在创建快照前拒绝 (0.200917ms)
✔ 验证结果包含固定 contentDigest 与可序列化证据字段 (0.342667ms)
✔ 验证结果仅在 contentDigest 完全相同时有效 (0.106334ms)
✔ 通过结果必须同时具备 full enforcement 与零 exitCode 证据 (0.152083ms)
✔ 主代理原生允许一次可以作为 approved-host 固定验证证据 (0.11375ms)
✔ ok:false、超时、中止或后台宿主证据绝不能成为 passed:true (0.395167ms)
✔ delivery refuses a dirty checkout with a durable explicit failure and leaves every file intact (431.4295ms)
✔ delivery reconciles actual fast-forward after host failure without replaying checkout mutation (484.0355ms)
✔ a fresh delivery action succeeds after the fixture obstruction is resolved while retaining its failed receipt (634.520209ms)
✔ business verification failure keeps task repair and shares one diagnostic with the terminal notice (13.137958ms)
✔ reviewer-only rejection remains explainable but unbound or malformed findings are not projected (15.460834ms)
✔ business diagnostics bound each finding and their aggregate in UTF-8 bytes (7.112ms)
✔ dependency execution failure exposes the current retry target while redacting retained evidence (13.952708ms)
✔ runtime status uses its current clock to expose the expired technical task recovery path (5.613916ms)
✔ retry tool descriptions distinguish a live bound verification from an expired attempt (0.287042ms)
✔ final verification failure uses the same safe diagnostic instead of exposing raw results (7.967792ms)
✔ changed source activation waits for its Git baseline binding and preserves unrelated execution (29.814458ms)
✔ a persisted legacy Owner feedback issue remains visible without deadlocking its source revision (16.375792ms)
✔ plan activation does not notify for absent, closed or unproved Owner feedback (5.847375ms)
✔ a feedback notice without its bound execute action remains an ordinary blocking obligation (2.605875ms)
✔ composite children wait for parent inputs and carry real upstream integration evidence (31.627375ms)
✔ a ready sibling behind a quarantined Owner is a visible technical failure, not endless running (5.769166ms)
✔ equivalent local port spellings contend across projects while project resources remain independent (4.754083ms)
✔ plan replacement fences affected attempts and preserves unrelated work until safe activation (11.509667ms)
✔ source replacement supersedes a pending product question and rejects a late answer (3.3535ms)
✔ known checkout obstruction ends delivery explicitly and preserves integrated candidate (13.31725ms)
✔ KAC-02: unchanged drive is referentially stable and does not manufacture progress (18.482583ms)
✔ KAC-03: same owner and host resource are serialized across workflows (4.192041ms)
✔ KAC-06: submit acknowledges a durable candidate without claiming verification or delivery (2.672667ms)
✔ KAC-10: a model turn ending without writer termination cannot start sealing (2.979375ms)
✔ managed process settlement and obsolete writersStopped cannot replace Owner source closure (1.950458ms)
✔ managed range termination alone cannot release a stopped Owner for redispatch (2.839167ms)
✔ pre-split kernel control records are rejected without silently upgrading evidence (0.118792ms)
✔ KAC-08/09: verification and integration bind content and expected base (9.688084ms)
✔ KAC-01/11: deadline produces stop action, unknown termination stays quarantined and observable (4.628166ms)
✔ KAC-11: later real termination releases quarantine without reviving failed task (2.532625ms)
✔ KAC-12: notification completion requires correct root and persistent message identity (1.697834ms)
✔ KAC-13: genuine user wait suspends active deadline; stale root cannot answer (2.453542ms)
✔ KAC-15: open obligations prevent activation; same label does not replace closure evidence (2.918542ms)
✔ KAC-24: direct operations share Owner/resource admission with DAG work (1.627208ms)
✔ terminal Operation notice preserves the settled result needed by the root session (2.121667ms)
✔ upstream semantic changes invalidate completed or pending consumer inputs (5.473208ms)
✔ workflow capacity is local while catalog capacity remains global (4.108042ms)
✔ duplicate operation enqueue is idempotent even while its resource is occupied (3.428292ms)
✔ bound verification failure becomes a visible failure instead of a hanging action (6.546667ms)
✔ a nonterminal verification notification carries the same safe summary instead of raw command results (6.14875ms)
✔ a settled dependency preparation failure retries the same candidate verification without redispatching its Owner (11.318167ms)
✔ an expired settled candidate verification routes to one task repair without consuming a doomed action retry (11.172625ms)
✔ a successful fresh task attempt closes only the expired candidate action repair it superseded (29.9575ms)
✔ a later plan can close a pre-upgrade action repair from its retained successful task-retry chain (20.417584ms)
✔ a task retry cannot close its old candidate action repair after the verification definition changes (23.037375ms)
✔ a candidate action retry admitted before the attempt deadline keeps that original deadline (7.884584ms)
✔ an execution-identity-unconfirmed attempt cannot be converted into an Owner repair (7.027542ms)
✔ deferred root-session action attention remains lossless JSON (1.193125ms)
✔ planning, independent review and activation are one persisted action chain (4.405334ms)
✔ planning preflight rejects an invalid obligation id without mutating control state (2.940083ms)
✔ planning preflight accepts a bound no-progress result without mutating state before formal failure (2.953ms)
✔ a valid planning preflight cannot authorize a stale later commit (4.067042ms)
✔ planning preflight accepts a matching obligation definition and rejects a conflict (6.367875ms)
✔ execution obligations permit implementation, close only on integration and reopen when their task changes (13.764083ms)
✔ a final passing test cannot hide an unclosed obligation or deliver the checkout (9.666208ms)
✔ a real permission wait pauses an ordinary action deadline and cancellation expires its question (3.82675ms)
✔ parallel cancellation emits one canonical terminal notice only after every stop settles (7.389334ms)
✔ a late stop receipt corrects failed cancellation once and identifies the superseded notice (4.655917ms)
✔ identical technical replan requests consume one persistent recovery slot (3.005416ms)
✔ renaming and splitting a Ticket preserves its issue, budget and all descendant closure evidence (36.77075ms)
✔ keeping a verification ID while replacing its command cannot close the original failure (15.141625ms)
✔ a failed recoverable workflow still reserves its project until explicitly cancelled and settled (7.055417ms)
✔ replanning cannot bypass the original execution issue limit (22.50125ms)
✔ settled verify_workflow failure repairs the same input with inherited budget and retained evidence (8.128291ms)
✔ settled deliver_workflow failure repairs the same input with inherited budget and retained evidence (8.192708ms)
✔ initial plan transport failure can recover without fabricating an active plan (4.789541ms)
✔ initial review_plan transport failure can recover without fabricating an active plan (7.30625ms)
✔ a stopped source preparation retries the exact pending reviewed proposal once (8.835417ms)
✔ Registry changes cannot use failed-but-recoverable work as a settled project (3.600792ms)
✔ automatic review revisions inherit the execution issue limit after root replanning (8.434291ms)
✔ technical planner retries cannot bypass the original execution issue limit (11.147375ms)
✔ an initial no-progress plan is a recoverable failure and receives the bound root diagnosis (7.725125ms)
✔ first rejected planning sources can be revised before any plan exists without resetting the workflow (3.3365ms)
✔ a failed prepared proposal can be retired only after termination and unchanged integration evidence (4.822292ms)
✔ failed Registry governance reserves the project and retries the original proposal with its budget (5.038458ms)
✔ active Registry change approval waits for actual stopped owners and supersedes their old questions (3.878542ms)
✔ active Registry change rejection waits for actual stopped owners and supersedes their old questions (3.345ms)
✔ revised Spec/Tickets merge with integrated Owner code and reconcile the same ref after interruption (862.571792ms)
✔ actual Git integration preserves the user checkout and reconciles a crash after ref update (913.804041ms)
✔ catalog admits one executor and releases only after its owned work closes (26.492333ms)
✔ actual executor death releases the OS fence without PID or age takeover (81.966917ms)
✔ runner wakes after durable changes, completes once, then sleeps without a polling feedback loop (379.237667ms)
✔ effect result validation failures become observable failure facts (96.276958ms)
✔ another effects host cannot observe or replay an invocation while its OS action lock is held (103.90525ms)
✔ a claimed but undispatched action can resume after a quiescent observation (105.709417ms)
✔ cancelling a live persisted action reports one terminal cancellation after its stop receipt (153.008208ms)
✔ a persisted governance stop owns an arbitrary adapter interruption before the local controller aborts (199.66525ms)
✔ the same arbitrary adapter error without a persisted stop remains a technical failure (111.200875ms)
✔ a failed Operation reaches the main notification adapter with its real findings and evidence (145.288834ms)
✔ a stop adapter failure remains an observable exception and cannot confirm cancellation (161.806208ms)
✔ host shutdown preserves uncertain work and does not report its own cancellation as an execution error (105.962917ms)
✔ host shutdown preserves uncertain work and reports a distinct cleanup failure (88.04275ms)
✔ store commits concurrent events against fresh state, without lost updates (226.878709ms)
✔ readers retain a valid immutable snapshot when a writer replaces its opened inode (36.157458ms)
✔ a failing subscriber cannot turn an already committed event into a failed mutation (34.617542ms)
✔ KAC-23: failure before rename preserves state and releases lock (32.729375ms)
✔ KAC-23: corrupt control state is never initialized as empty state (22.796291ms)
✔ KAC-04/23: OS lock is released when writer crashes, without deleting lock inode (106.466666ms)
✔ abort does not release the OS lock before the transaction callback exits (95.939916ms)
ℹ tests 571
ℹ suites 0
ℹ pass 571
ℹ fail 0
ℹ cancelled 0
ℹ skipped 0
ℹ todo 0
ℹ duration_ms 69339.003125
