✔ changed source activation waits for its Git baseline binding and preserves unrelated execution (24.556584ms)
✔ a persisted legacy Owner feedback issue remains visible without deadlocking its source revision (9.082166ms)
✔ a feedback notice without its bound execute action remains an ordinary blocking obligation (1.418375ms)
✔ composite children wait for parent inputs and carry real upstream integration evidence (23.082959ms)
✔ a ready sibling behind a quarantined Owner is a visible technical failure, not endless running (4.1205ms)
✔ equivalent local port spellings contend across projects while project resources remain independent (3.849125ms)
✔ plan replacement fences affected attempts and preserves unrelated work until safe activation (9.87475ms)
✔ source replacement supersedes a pending product question and rejects a late answer (2.761916ms)
✔ known checkout obstruction ends delivery explicitly and preserves integrated candidate (15.411875ms)
✔ KAC-02: unchanged drive is referentially stable and does not manufacture progress (14.176375ms)
✔ KAC-03: same owner and host resource are serialized across workflows (4.433375ms)
✔ KAC-06: submit acknowledges a durable candidate without claiming verification or delivery (1.817834ms)
✔ KAC-10: a model turn ending without writer termination cannot start sealing (1.335167ms)
✔ managed process settlement and obsolete writersStopped cannot replace Owner source closure (1.786584ms)
✔ managed range termination alone cannot release a stopped Owner for redispatch (1.950709ms)
✔ pre-split kernel control records are rejected without silently upgrading evidence (0.372708ms)
✔ KAC-08/09: verification and integration bind content and expected base (6.555375ms)
✔ KAC-01/11: deadline produces stop action, unknown termination stays quarantined and observable (3.962667ms)
✔ KAC-11: later real termination releases quarantine without reviving failed task (2.775375ms)
✔ KAC-12: notification completion requires correct root and persistent message identity (2.036833ms)
✔ KAC-13: genuine user wait suspends active deadline; stale root cannot answer (4.211333ms)
✔ KAC-15: open obligations prevent activation; same label does not replace closure evidence (3.164917ms)
✔ KAC-24: direct operations share Owner/resource admission with DAG work (1.451209ms)
✔ terminal Operation notice preserves the settled result needed by the root session (2.084125ms)
✔ upstream semantic changes invalidate completed or pending consumer inputs (3.1965ms)
✔ workflow capacity is local while catalog capacity remains global (1.772792ms)
✔ duplicate operation enqueue is idempotent even while its resource is occupied (3.619167ms)
✔ bound verification failure becomes a visible failure instead of a hanging action (4.969ms)
✔ a nonterminal verification notification carries the same safe summary instead of raw command results (5.202292ms)
✔ a settled dependency preparation failure retries the same candidate verification without redispatching its Owner (8.747208ms)
✔ an expired settled candidate verification routes to one task repair without consuming a doomed action retry (4.635916ms)
✔ a successful fresh task attempt closes only the expired candidate action repair it superseded (22.447458ms)
✔ a later plan can close a pre-upgrade action repair from its retained successful task-retry chain (22.119125ms)
✔ a task retry cannot close its old candidate action repair after the verification definition changes (18.494584ms)
✔ a candidate action retry admitted before the attempt deadline keeps that original deadline (3.074875ms)
✔ an execution-identity-unconfirmed attempt cannot be converted into an Owner repair (3.148375ms)
✔ deferred root-session action attention remains lossless JSON (1.423583ms)
✔ planning, independent review and activation are one persisted action chain (3.065333ms)
✔ execution obligations permit implementation, close only on integration and reopen when their task changes (8.798709ms)
✔ a final passing test cannot hide an unclosed obligation or deliver the checkout (5.494375ms)
✔ a real permission wait pauses an ordinary action deadline and cancellation expires its question (2.190416ms)
✔ parallel cancellation emits one canonical terminal notice only after every stop settles (5.203125ms)
✔ a late stop receipt corrects failed cancellation once and identifies the superseded notice (3.205125ms)
✔ identical technical replan requests consume one persistent recovery slot (1.919125ms)
✔ renaming and splitting a Ticket preserves its issue, budget and all descendant closure evidence (35.623375ms)
✔ keeping a verification ID while replacing its command cannot close the original failure (13.697541ms)
✔ a failed recoverable workflow still reserves its project until explicitly cancelled and settled (5.508291ms)
✔ replanning cannot bypass the original execution issue limit (9.6115ms)
✔ settled verify_workflow failure repairs the same input with inherited budget and retained evidence (7.298125ms)
✔ settled deliver_workflow failure repairs the same input with inherited budget and retained evidence (9.218125ms)
✔ initial plan transport failure can recover without fabricating an active plan (4.984583ms)
✔ initial review_plan transport failure can recover without fabricating an active plan (5.478041ms)
✔ a stopped source preparation retries the exact pending reviewed proposal once (6.741375ms)
✔ Registry changes cannot use failed-but-recoverable work as a settled project (2.697208ms)
✔ automatic review revisions inherit the execution issue limit after root replanning (9.0975ms)
✔ technical planner retries cannot bypass the original execution issue limit (6.802209ms)
✔ an initial no-progress plan is a recoverable failure and receives the bound root diagnosis (3.500625ms)
✔ first rejected planning sources can be revised before any plan exists without resetting the workflow (3.488667ms)
✔ a failed prepared proposal can be retired only after termination and unchanged integration evidence (3.553125ms)
✔ failed Registry governance reserves the project and retries the original proposal with its budget (5.935333ms)
✔ active Registry change approval waits for actual stopped owners and supersedes their old questions (4.144583ms)
✔ active Registry change rejection waits for actual stopped owners and supersedes their old questions (3.248083ms)
ℹ tests 62
ℹ suites 0
ℹ pass 62
ℹ fail 0
ℹ cancelled 0
ℹ skipped 0
ℹ todo 0
ℹ duration_ms 504.269667
