
> @playwright/browser-chromium@1.58.2 install
> node install.js

Downloading Chrome for Testing 145.0.7632.6 (playwright chromium v1208)[2m from https://cdn.playwright.dev/builds/cft/145.0.7632.6/mac-arm64/chrome-mac-arm64.zip[22m
|                                                                                |   0% of 162.3 MiB
|■■■■■■■■                                                                        |  10% of 162.3 MiB
|■■■■■■■■■■■■■■■■                                                                |  20% of 162.3 MiB
|■■■■■■■■■■■■■■■■■■■■■■■■                                                        |  30% of 162.3 MiB
|■■■■■■■■■■■■■■■■■■■■■■■■■■■■■■■■                                                |  40% of 162.3 MiB
|■■■■■■■■■■■■■■■■■■■■■■■■■■■■■■■■■■■■■■■■                                        |  50% of 162.3 MiB
|■■■■■■■■■■■■■■■■■■■■■■■■■■■■■■■■■■■■■■■■■■■■■■■■                                |  60% of 162.3 MiB
|■■■■■■■■■■■■■■■■■■■■■■■■■■■■■■■■■■■■■■■■■■■■■■■■■■■■■■■■                        |  70% of 162.3 MiB
|■■■■■■■■■■■■■■■■■■■■■■■■■■■■■■■■■■■■■■■■■■■■■■■■■■■■■■■■■■■■■■■■                |  80% of 162.3 MiB
|■■■■■■■■■■■■■■■■■■■■■■■■■■■■■■■■■■■■■■■■■■■■■■■■■■■■■■■■■■■■■■■■■■■■■■■■        |  90% of 162.3 MiB
|■■■■■■■■■■■■■■■■■■■■■■■■■■■■■■■■■■■■■■■■■■■■■■■■■■■■■■■■■■■■■■■■■■■■■■■■■■■■■■■■| 100% of 162.3 MiB
Chrome for Testing 145.0.7632.6 (playwright chromium v1208) downloaded to /private/tmp/dsh-lockfile-generation-_fev9co5/node_modules/playwright-core/.local-browsers/chromium-1208
Downloading Chrome Headless Shell 145.0.7632.6 (playwright chromium-headless-shell v1208)[2m from https://cdn.playwright.dev/builds/cft/145.0.7632.6/mac-arm64/chrome-headless-shell-mac-arm64.zip[22m
|                                                                                |   0% of 91.1 MiB
|■■■■■■■■                                                                        |  10% of 91.1 MiB
|■■■■■■■■■■■■■■■■                                                                |  20% of 91.1 MiB
|■■■■■■■■■■■■■■■■■■■■■■■■                                                        |  30% of 91.1 MiB
|■■■■■■■■■■■■■■■■■■■■■■■■■■■■■■■■                                                |  40% of 91.1 MiB
