add zustand 5.0.3
add zod 4.0.5
add yup 0.32.11
add youch-core 0.3.3
add youch 4.1.0-beta.10
add yargs-parser 18.1.3
add yargs 15.4.1
add yallist 3.1.1
add y18n 4.0.3
add ws 8.21.0
add wrappy 1.0.2
add wrap-ansi 6.2.0
add wrangler 4.127.1
add esbuild 0.28.1
add @esbuild/darwin-arm64 0.28.1
add workerd 1.20260828.1
add which-typed-array 1.1.22
add which-module 2.0.1
add whatwg-url 5.0.0
add webidl-conversions 3.0.1
add void-elements 3.1.0
add vite-plugin-singlefile 2.3.3
add vite 6.4.3
add viem 2.55.16
add ox 0.14.33
add abitype 1.2.3
add @noble/curves 1.9.1
add valtio 2.1.7
add valibot 1.4.2
add uuid 11.1.0
add util-deprecate 1.0.2
add util 0.12.5
add utf-8-validate 6.0.6
add use-sidecar 1.1.3
add use-callback-ref 1.3.3
add url 0.11.0
add update-browserslist-db 1.3.0
add unstorage 1.17.5
add lru-cache 11.5.2
add unenv 2.0.0-rc.24
add undici-types 8.3.0
add undici 7.29.0
add uncrypto 0.1.3
add ulid 2.4.0
add uint8arrays 3.1.1
add ufo 1.6.4
add ua-parser-js 1.0.41
add typescript 5.9.3
add tweetnacl-util 0.15.1
add tweetnacl 1.0.3
add tslib 2.8.1
add tr46 0.0.3
add toposort 2.0.2
add to-utf8 0.0.1
add to-regex-range 5.0.1
add tldts-core 6.1.86
add tldts 6.0.16
add tinyglobby 0.2.17
add tiny-warning 1.0.3
add thread-stream 3.2.0
add text-encoding-utf-8 1.0.2
add text-encoding 0.7.0
add teslabot 1.5.0
add symbol.inspect 1.0.1
add supports-color 10.2.2
add superstruct 2.0.2
add strip-ansi 6.0.1
add string-width 4.2.3
add string_decoder 1.3.0
add strict-uri-encode 2.0.0
add stream-shift 1.0.3
add stream-json 1.9.1
add stream-chain 2.2.5
add split2 4.2.0
add split-on-first 1.1.0
add source-map-js 1.2.1
add sonic-boom 4.2.1
add slow-redact 0.3.2
add sharp 0.35.2
add semver 7.8.5
add sha256-uint8array 0.10.7
add set-function-length 1.2.2
add set-blocking 2.0.0
add semver 6.3.1
add scheduler 0.23.2
add safe-stable-stringify 2.5.0
add safe-regex-test 1.1.0
add safe-buffer 5.2.1
add rpc-websockets 9.3.9
add uuid 14.0.2
add @types/ws 8.18.1
add rollup 4.62.4
add responselike 2.0.1
add resolve-alpn 1.2.1
add require-main-filename 2.0.0
add require-directory 2.1.1
add real-require 0.2.0
add readdirp 5.1.1
add readable-stream 3.6.2
add react-router-dom 6.30.4
add react-router 6.30.4
add react-refresh 0.17.0
add react-is 16.13.1
add react-international-phone 4.5.0
add react-i18next 13.5.0
add react-focus-lock 2.13.6
add react-fast-compare 2.0.4
add react-dom 18.3.1
add react-clientside-effect 1.2.8
add react 18.3.1
add radix3 1.1.2
add quick-lru 5.1.1
add quick-format-unescaped 4.0.4
add querystring 0.2.0
add query-string 7.1.3
add qrcode-generator 1.5.2
add qrcode 1.5.4
add qr-code-styling 1.9.2
add punycode 1.3.2
add pump 3.0.4
add proxy-from-env 2.1.0
add proxy-compare 3.0.1
add protobufjs 7.6.6
add property-expr 2.0.6
add prop-types 15.8.1
add process-warning 5.1.0
add preact 10.29.8
add postcss 8.5.26
add possible-typed-array-names 1.1.0
add poseidon-lite 0.2.1
add pony-cause 2.1.11
add pngjs 5.0.0
add playwright-core 1.58.2
add playwright 1.58.2
add fsevents 2.3.2
add pino-std-serializers 7.1.0
add pino-abstract-transport 2.0.0
add pino 10.0.0
add picomatch 4.0.5
add picocolors 1.1.1
add pathe 2.0.3
add path-to-regexp 6.3.0
add path-exists 4.0.0
add pako 2.2.0
add p-try 2.2.0
add p-locate 4.1.0
add p-limit 2.3.0
add p-cancelable 2.1.1
add ox 0.6.9
add openapi-typescript-helpers 0.0.15
add openapi-fetch 0.13.8
add once 1.4.0
add on-exit-leak-free 2.1.2
add ofetch 1.5.1
add object-assign 4.1.1
add normalize-url 6.1.0
add normalize-path 3.0.0
add node-releases 2.0.53
add node-mock-http 1.0.5
add node-gyp-build 4.8.4
add node-fetch-native 1.6.7
add node-fetch 2.7.0
add nanoid 3.3.18
add nanoclone 0.2.1
add multiformats 9.9.0
add ms 2.1.3
add miniflare 5.20260828.0-alpha
add mimic-response 1.0.1
add mime-types 2.1.35
add mime-db 1.52.0
add micromatch 4.0.8
add picomatch 2.3.2
add micro-ftch 0.3.1
add math-intrinsics 1.1.0
add lru-cache 5.1.1
add lowercase-keys 2.0.0
add loose-envify 1.4.0
add long 5.3.2
add lodash-es 4.18.1
add lodash 4.18.1
add locate-path 5.0.0
add lit-html 3.3.3
add lit-element 4.2.2
add lit 3.3.0
add lightweight-charts 4.2.3
add kleur 4.1.5
add keyvaluestorage-interface 1.0.0
add keyv 4.5.4
add jssha 3.2.0
add json5 2.2.3
add json-stringify-safe 5.0.1
add json-buffer 3.0.1
add jsesc 3.1.0
add js-tokens 4.0.0
add jayson 4.3.0
add ws 7.5.13
add uuid 8.3.2
add commander 2.20.3
add @types/node 12.20.55
add isows 1.0.7
add isomorphic-ws 4.0.1
add is-typed-array 1.1.15
add is-regex 1.2.1
add is-number 7.0.0
add is-generator-function 1.1.2
add is-fullwidth-code-point 3.0.0
add is-callable 1.2.7
add is-arguments 1.2.0
add iron-webcrypto 1.2.1
add io-ts 2.2.22
add inherits 2.0.4
add ieee754 1.2.1
add idb-keyval 6.2.1
add i18next 23.4.6
add humanize-ms 1.2.1
add http2-wrapper 1.0.3
add http-cache-semantics 4.2.0
add html-parse-stringify 3.1.0
add hpke-js 1.8.0
add hoist-non-react-statics 3.3.2
add hasown 2.0.4
add has-tostringtag 1.0.2
add has-symbols 1.1.0
add has-property-descriptors 1.0.2
add h3 1.15.11
add graphql 16.14.2
add gql.tada 1.11.3
add got 11.8.6
add @sindresorhus/is 4.6.0
add gopd 1.2.0
add get-stream 5.2.0
add get-proto 1.0.1
add get-intrinsic 1.3.0
add get-caller-file 2.0.5
add gensync 1.0.0-beta.2
add generator-function 2.0.1
add function-bind 1.1.2
add fsevents 2.3.3
add fp-ts 2.16.11
add formik 2.2.9
add tslib 1.14.1
add form-data 4.0.6
add for-each 0.3.5
add follow-redirects 1.16.0
add focus-lock 1.3.6
add find-up 4.1.0
add filter-obj 1.1.0
add fill-range 7.1.1
add file-uri-to-path 1.0.0
add fdir 6.5.0
add fastestsmallesttextencoderdecoder 1.0.22
add fast-stable-stringify 1.0.0
add fast-safe-stringify 2.1.1
add fast-redact 3.5.0
add fancy-canvas 2.1.0
add eyes 0.1.8
add eventsource 2.0.2
add events 3.3.0
add eventemitter3 5.0.1
add ethereum-cryptography 2.2.1
add @scure/bip39 1.3.0
add @scure/bip32 1.4.0
add @scure/base 1.1.9
add @noble/hashes 1.4.0
add @noble/curves 1.4.2
add escalade 3.2.0
add esbuild 0.25.12
add es6-promisify 5.0.0
add es6-promise 4.2.8
add es-toolkit 1.39.3
add es-set-tostringtag 2.1.0
add es-object-atoms 1.1.2
add es-errors 1.3.0
add es-define-property 1.0.1
add error-stack-parser-es 1.0.5
add end-of-stream 1.4.5
add encode-utf8 1.0.3
add emoji-regex 8.0.0
add electron-to-chromium 1.5.403
add eciesjs 0.4.17
add @noble/curves 1.9.7
add duplexify 4.1.3
add dunder-proto 1.0.1
add dijkstrajs 1.0.3
add detect-node-es 1.1.0
add detect-libc 2.1.2
add detect-browser 5.3.0
add destr 2.0.5
add dequal 2.0.3
add delayed-stream 1.0.0
add delay 5.0.0
add defu 6.1.7
add define-data-property 1.1.4
add defer-to-connect 2.0.1
add deepmerge 2.2.1
add decompress-response 6.0.0
add mimic-response 3.1.0
add decode-uri-component 0.2.2
add decamelize 1.2.0
add debug 4.4.3
add dayjs 1.11.13
add dataloader 2.2.3
add csstype 3.2.3
add crossws 0.3.5
add cross-fetch 3.2.0
add crc-32 1.2.2
add country-list 2.3.0
add cookie-es 1.2.3
add cookie 1.1.1
add convert-source-map 2.0.0
add commander 12.1.0
add combined-stream 1.0.8
add color-name 1.1.4
add color-convert 2.0.1
add clsx 1.2.1
add clone-response 1.0.3
add cliui 6.0.0
add classnames 2.5.1
add chokidar 5.0.0
add chalk 5.6.2
add centrifuge 5.7.3
add caniuse-lite 1.0.30001809
add camelcase 5.3.1
add call-bound 1.0.4
add call-bind-apply-helpers 1.0.2
add call-bind 1.0.9
add cacheable-request 7.0.4
add cacheable-lookup 5.0.4
add bufferutil 4.1.0
add buffer 6.0.3
add bs58check 4.0.0
add bs58 6.0.0
add base-x 5.0.1
add bs58 5.0.0
add browserslist 4.28.8
add braces 3.0.3
add bowser 2.14.1
add borsh 0.7.0
add bs58 4.0.1
add base-x 3.0.11
add bops 1.0.1
add base64-js 1.0.2
add bn.js 5.2.5
add blakejs 1.2.1
add blake3-wasm 2.1.5
add bindings 1.5.0
add bignumber.js 9.3.1
add bigint-buffer 1.1.5
add big.js 6.2.2
add baseline-browser-mapping 2.11.13
add base64-js 1.5.1
add base-x 4.0.1
add axios 1.16.0
add available-typed-arrays 1.0.7
add atomic-sleep 1.0.0
add asynckit 0.4.0
add async-mutex 0.5.0
add anymatch 3.1.3
add picomatch 2.3.2
add ansi-styles 4.3.0
add ansi-regex 5.0.1
add agentkeepalive 4.6.0
add ably 2.17.1
add abitype 1.3.0
add @walletconnect/window-metadata 1.0.1
add tslib 1.14.1
add @walletconnect/window-getters 1.0.1
add tslib 1.14.1
add @walletconnect/utils 2.23.2
add ox 0.9.3
add @noble/curves 1.9.1
add bs58 6.0.0
add base-x 5.0.1
add @walletconnect/keyvaluestorage 1.1.1
add @noble/curves 1.9.7
add @walletconnect/universal-provider 2.23.2
add @walletconnect/keyvaluestorage 1.1.1
add @walletconnect/types 2.23.2
add @walletconnect/keyvaluestorage 1.1.1
add @walletconnect/time 1.0.2
add tslib 1.14.1
add @walletconnect/sign-client 2.23.2
add @walletconnect/safe-json 1.0.2
add tslib 1.14.1
add @walletconnect/relay-auth 1.1.0
add @noble/hashes 1.7.0
add @noble/curves 1.8.0
add @walletconnect/relay-api 1.0.11
add @walletconnect/logger 3.0.2
add @walletconnect/jsonrpc-ws-connection 1.0.16
add ws 7.5.13
add @walletconnect/jsonrpc-utils 1.0.8
add tslib 1.14.1
add @walletconnect/jsonrpc-types 1.0.4
add @walletconnect/jsonrpc-provider 1.0.14
add @walletconnect/jsonrpc-http-connection 1.0.8
add @walletconnect/heartbeat 1.2.2
add @walletconnect/events 1.0.1
add tslib 1.14.1
add @walletconnect/ethereum-provider 2.23.2
add @walletconnect/keyvaluestorage 1.1.1
add @walletconnect/environment 1.0.1
add tslib 1.14.1
add @walletconnect/core 2.23.2
add @walletconnect/keyvaluestorage 1.1.1
add @wallet-standard/wallet 1.1.1
add @wallet-standard/features 1.1.1
add @wallet-standard/experimental-features 0.1.1
add @wallet-standard/errors 0.1.2
add commander 13.1.0
add @wallet-standard/core 1.1.1
add @wallet-standard/base 1.1.1
add @wallet-standard/app 1.1.1
add @vue/shared 3.5.42
add @vue/reactivity 3.5.42
add @vitejs/plugin-react 4.7.0
add @typescript/vfs 1.6.4
add @types/ws 7.4.7
add @types/uuid 10.0.0
add @types/trusted-types 2.0.7
add @types/responselike 1.0.3
add @types/react-dom 18.3.7
add @types/react 18.3.31
add @types/qrcode 1.5.6
add @types/prop-types 15.7.15
add @types/node 26.2.0
add @types/ms 2.1.0
add @types/lodash 4.17.25
add @types/keyv 3.1.4
add @types/http-cache-semantics 4.2.0
add @types/har-format 1.2.16
add @types/filewriter 0.0.33
add @types/filesystem 0.0.36
add @types/estree 1.0.9
add @types/debug 4.1.13
add @types/connect 3.4.38
add @types/chrome 0.2.7
add @types/cacheable-request 6.0.3
add @types/babel__traverse 7.28.0
add @types/babel__template 7.4.4
add @types/babel__generator 7.27.0
add @types/babel__core 7.20.5
add @turnkey/webauthn-stamper 0.5.1
add @turnkey/wallet-stamper 1.0.8
add @turnkey/viem 0.13.0
add cross-fetch 4.1.0
add @noble/hashes 1.7.0
add @noble/curves 1.8.0
add @turnkey/solana 1.0.42
add @turnkey/sdk-types 0.3.0
add @turnkey/sdk-server 4.7.0
add @turnkey/sdk-browser 5.8.0
add @turnkey/indexed-db-stamper 1.1.1
add @turnkey/iframe-stamper 2.5.0
add @turnkey/http 3.10.0
add @turnkey/encoding 0.5.0
add @turnkey/crypto 2.5.0
add bs58 6.0.0
add base-x 5.0.1
add @noble/curves 1.9.0
add @turnkey/api-key-stamper 0.4.7
add @tonconnect/ui 2.4.0
add deepmerge 4.3.1
add @tonconnect/sdk 3.4.0
add @tonconnect/protocol 2.4.0
add @tonconnect/isomorphic-fetch 0.0.3
add @tonconnect/isomorphic-eventsource 0.0.2
add @ton/ton 16.0.0
add zod 3.25.76
add @ton/crypto-primitives 2.1.0
add @ton/crypto 3.3.0
add @ton/core 0.62.0
add @thumbmarkjs/thumbmarkjs 0.16.0
add @szmarczak/http-timer 4.0.6
add @swc/helpers 0.5.23
add @speed-highlight/core 1.2.24
add @solana/web3.js 1.98.1
add commander 14.0.3
add bs58 4.0.1
add base-x 3.0.11
add @solana/errors 2.3.0
add @solana/codecs-numbers 2.3.0
add @solana/codecs-core 2.3.0
add @solana/wallet-standard-features 1.4.0
add @solana/wallet-standard-chains 1.1.2
add @solana/spl-token-metadata 0.1.6
add @solana/spl-token-group 0.0.7
add @solana/spl-token 0.4.14
add @solana/options 2.0.0-rc.1
add @solana/errors 2.0.0-rc.1
add @solana/codecs-strings 2.0.0-rc.1
add @solana/codecs-numbers 2.0.0-rc.1
add @solana/codecs-data-structures 2.0.0-rc.1
add @solana/codecs-core 2.0.0-rc.1
add @solana/codecs 2.0.0-rc.1
add @solana/buffer-layout-utils 0.2.0
add @solana/buffer-layout 4.0.1
add @sindresorhus/is 7.2.0
add @simplewebauthn/types 12.0.0
add @simplewebauthn/browser 13.1.0
add @scure/bip39 1.6.0
add @scure/bip32 1.7.0
add @noble/curves 1.9.7
add @scure/base 1.2.6
add @rollup/rollup-darwin-arm64 4.62.4
add @rolldown/pluginutils 1.0.0-beta.27
add @reown/appkit-wallet 1.8.11
add zod 3.22.4
add @reown/appkit-utils 1.8.11
add ox 0.9.3
add @noble/curves 1.9.1
add bs58 6.0.0
add base-x 5.0.1
add @walletconnect/utils 2.22.4
add @walletconnect/universal-provider 2.22.4
add @walletconnect/types 2.22.4
add @walletconnect/sign-client 2.22.4
add @walletconnect/logger 3.0.0
add @walletconnect/keyvaluestorage 1.1.1
add @walletconnect/core 2.22.4
add @wallet-standard/wallet 1.1.0
add @noble/curves 1.9.7
add @reown/appkit-ui 1.8.11
add qrcode 1.5.3
add @reown/appkit-scaffold-ui 1.8.11
add @reown/appkit-polyfills 1.8.11
add @reown/appkit-pay 1.8.11
add @reown/appkit-controllers 1.8.11
add ox 0.9.3
add @noble/curves 1.9.1
add bs58 6.0.0
add base-x 5.0.1
add @walletconnect/utils 2.22.4
add @walletconnect/universal-provider 2.22.4
add @walletconnect/types 2.22.4
add @walletconnect/sign-client 2.22.4
add @walletconnect/logger 3.0.0
add @walletconnect/keyvaluestorage 1.1.1
add @walletconnect/core 2.22.4
add @noble/curves 1.9.7
add @reown/appkit-common 1.8.11
add @reown/appkit 1.8.11
add semver 7.7.2
add ox 0.9.3
add @noble/curves 1.9.1
add bs58 6.0.0
add base-x 5.0.1
add @walletconnect/utils 2.22.4
add @walletconnect/universal-provider 2.22.4
add @walletconnect/types 2.22.4
add @walletconnect/sign-client 2.22.4
add @walletconnect/logger 3.0.0
add @walletconnect/keyvaluestorage 1.1.1
add @walletconnect/core 2.22.4
add @noble/curves 1.9.7
add @remix-run/router 1.23.3
add @protobufjs/utf8 1.1.2
add @protobufjs/pool 1.1.0
add @protobufjs/path 1.1.2
add @protobufjs/float 1.0.2
add @protobufjs/fetch 1.1.1
add @protobufjs/eventemitter 1.1.1
add @protobufjs/codegen 2.0.5
add @protobufjs/base64 1.1.2
add @protobufjs/aspromise 1.1.2
add @protobuf-ts/runtime-rpc 2.11.1
add @protobuf-ts/runtime 2.11.1
add @protobuf-ts/grpcweb-transport 2.11.1
add @poppinss/exception 1.2.3
add @poppinss/dumper 0.6.5
add @poppinss/colors 4.1.6
add @playwright/test 1.58.2
add @playwright/browser-chromium 1.58.2
add @phosphor-icons/webcomponents 2.1.5
add @paulmillr/qr 0.2.1
add @openzeppelin/contracts 4.9.6
add @noble/post-quantum 0.5.4
add @noble/hashes 2.0.1
add @noble/curves 2.0.1
add @noble/hashes 1.8.0
add @noble/curves 1.9.4
add @noble/ciphers 1.3.0
add @mysten/wallet-standard 0.19.9
add @mysten/utils 0.2.0
add @mysten/sui 1.45.2
add @mysten/bcs 1.9.2
add @msgpack/msgpack 3.1.2
add @metamask/utils 11.12.1
add uuid 9.0.1
add semver 7.8.5
add @metamask/superstruct 3.4.1
add @metamask/solana-wallet-standard 0.6.0
add bs58 6.0.0
add base-x 5.0.1
add @metamask/scure-bip39 2.1.1
add @scure/base 1.1.9
add @noble/hashes 1.3.3
add @metamask/rpc-errors 7.0.3
add @metamask/onboarding 1.0.1
add @metamask/multichain-ui 0.4.1
add @metamask/multichain-api-client 0.10.1
add @metamask/mobile-wallet-protocol-dapp-client 0.3.0
add semver 7.8.5
add @metamask/utils 9.3.0
add uuid 9.0.1
add @metamask/mobile-wallet-protocol-core 0.4.0
add @metamask/connect-solana 2.1.0
add semver 7.8.5
add cross-fetch 4.1.0
add @metamask/connect-multichain 1.2.0
add @metamask/connect-evm 2.1.0
add semver 7.8.5
add cross-fetch 4.1.0
add @metamask/connect-multichain 1.2.0
add @metamask/analytics 0.6.0
add @marsidev/react-turnstile 1.5.2
add @lit/reactive-element 2.1.2
add @lit/react 1.0.8
add @lit-labs/ssr-dom-shim 1.6.0
add @jridgewell/trace-mapping 0.3.31
add @jridgewell/sourcemap-codec 1.5.5
add @jridgewell/resolve-uri 3.1.2
add @jridgewell/remapping 2.3.5
add @jridgewell/gen-mapping 0.3.13
add @img/sharp-libvips-darwin-arm64 1.3.1
add @img/sharp-darwin-arm64 0.35.2
add @img/colour 1.1.0
add @hpke/dhkem-x448 1.8.0
add @hpke/dhkem-x25519 1.8.0
add @hpke/core 1.9.0
add @hpke/common 1.10.1
add @hpke/chacha20poly1305 1.8.0
add @hcaptcha/react-hcaptcha 1.4.4
add @graphql-typed-document-node/core 3.2.0
add @gql.tada/internal 1.2.2
add @gql.tada/cli-utils 1.9.3
add @evervault/wasm-attestation-bindings 0.3.1
add @ethereumjs/util 8.1.0
add @ethereumjs/tx 4.2.0
add @ethereumjs/rlp 4.0.1
add @ethereumjs/common 3.2.0
add @esbuild/darwin-arm64 0.25.12
add @ecies/ciphers 0.2.6
add @dynamic-labs/webauthn 4.98.0
add @dynamic-labs/logger 4.98.0
add @dynamic-labs/assert-package-version 4.98.0
add @dynamic-labs/wallet-connector-core 4.98.0
add sharp 0.35.0
add semver 7.8.5
add @noble/hashes 2.4.0
add @noble/ciphers 0.4.1
add @img/sharp-libvips-darwin-arm64 1.3.0
add @img/sharp-darwin-arm64 0.35.0
add @dynamic-labs/wallet-book 4.98.0
add @dynamic-labs/utils 4.98.0
add @dynamic-labs/types 4.98.0
add @dynamic-labs/sdk-api-core 0.12.0
add @dynamic-labs/rpc-providers 4.98.0
add @dynamic-labs/logger 4.98.0
add @dynamic-labs/iconic 4.98.0
add @dynamic-labs/assert-package-version 4.98.0
add @dynamic-labs-wallet/primitives 1.1.2
add @dynamic-labs-wallet/forward-mpc-client 2.0.1
add @dynamic-labs-wallet/core 1.1.2
add @dynamic-labs/sdk-api-core 0.16.0
add @dynamic-labs-wallet/browser-wallet-client 1.1.2
add @dynamic-labs/logger 5.7.0
add @dynamic-labs-sdk/client 1.27.1
add @dynamic-labs/sdk-api-core 0.0.1125
add @dynamic-labs/logger 5.7.0
add @dynamic-labs-wallet/primitives 1.0.99
add @dynamic-labs-wallet/forward-mpc-shared 0.7.1
add @dynamic-labs-wallet/forward-mpc-client 1.0.1
add @dynamic-labs-wallet/core 1.0.99
add @dynamic-labs/sdk-api-core 0.0.1093
add @dynamic-labs-wallet/browser-wallet-client 1.0.99
add @dynamic-labs-sdk/assert-package-version 1.27.1
add @dynamic-labs/wallet-connect 5.7.0
add ws 8.18.2
add viem 2.31.0
add @noble/curves 1.9.1
add thread-stream 0.15.2
add sonic-boom 2.8.0
add real-require 0.1.0
add process-warning 1.0.0
add pino-std-serializers 4.0.0
add pino-abstract-transport 0.5.0
add pino 7.11.0
add ox 0.7.1
add on-exit-leak-free 0.2.0
add bs58 6.0.0
add base-x 5.0.1
add abitype 1.0.8
add @walletconnect/utils 2.21.5
add @walletconnect/types 2.21.5
add @walletconnect/sign-client 2.21.5
add @walletconnect/logger 2.1.2
add @walletconnect/keyvaluestorage 1.1.1
add @walletconnect/core 2.21.5
add @noble/curves 1.9.2
add @dynamic-labs/wallet-book 5.7.0
add @dynamic-labs/waas-svm 5.7.0
add @dynamic-labs/wallet-connector-core 5.7.0
add @dynamic-labs/solana-core 5.7.0
add @dynamic-labs-sdk/client 1.31.0
add @dynamic-labs/sdk-api-core 0.25.0
add @dynamic-labs/waas-sui 5.7.0
add @dynamic-labs/wallet-connector-core 5.7.0
add @dynamic-labs-sdk/client 1.31.0
add @dynamic-labs/sdk-api-core 0.25.0
add @dynamic-labs/waas-evm 5.7.0
add @dynamic-labs/wallet-connector-core 5.7.0
add @dynamic-labs-sdk/client 1.31.0
add @dynamic-labs/sdk-api-core 0.25.0
add @dynamic-labs/waas 5.7.0
add @dynamic-labs/wallet-connector-core 5.7.0
add @dynamic-labs/solana-core 5.7.0
add @dynamic-labs-sdk/client 1.31.0
add @dynamic-labs/sdk-api-core 0.25.0
add @dynamic-labs/utils 5.7.0
add @dynamic-labs/types 5.7.0
add @dynamic-labs/ton 5.7.0
add @dynamic-labs/wallet-connector-core 5.7.0
add @dynamic-labs-sdk/client 1.31.0
add @dynamic-labs/sdk-api-core 0.25.0
add @dynamic-labs/sui-core 5.7.0
add @dynamic-labs/wallet-connector-core 5.7.0
add @dynamic-labs-sdk/client 1.31.0
add @dynamic-labs/sdk-api-core 0.25.0
add @dynamic-labs/sui 5.7.0
add @dynamic-labs/wallet-connector-core 5.7.0
add @dynamic-labs-sdk/client 1.31.0
add @dynamic-labs/sdk-api-core 0.25.0
add @dynamic-labs/store 5.7.0
add @dynamic-labs/solana-core 4.98.0
add sharp 0.35.0
add semver 7.8.5
add @img/sharp-libvips-darwin-arm64 1.3.0
add @img/sharp-darwin-arm64 0.35.0
add @dynamic-labs/wallet-book 4.98.0
add @dynamic-labs/utils 4.98.0
add @dynamic-labs/types 4.98.0
add @dynamic-labs/sdk-api-core 0.12.0
add @dynamic-labs/rpc-providers 4.98.0
add @dynamic-labs/logger 4.98.0
add @dynamic-labs/iconic 4.98.0
add @dynamic-labs/assert-package-version 4.98.0
add @dynamic-labs/solana 5.7.0
add ws 8.18.2
add viem 2.31.0
add abitype 1.0.8
add @noble/curves 1.9.1
add thread-stream 0.15.2
add sonic-boom 2.8.0
add real-require 0.1.0
add process-warning 1.0.0
add pino-std-serializers 4.0.0
add pino-abstract-transport 0.5.0
add pino 7.11.0
add ox 0.7.1
add on-exit-leak-free 0.2.0
add base-x 5.0.1
add @walletconnect/utils 2.21.5
add bs58 6.0.0
add @walletconnect/types 2.21.5
add @walletconnect/sign-client 2.21.5
add @walletconnect/logger 2.1.2
add @walletconnect/keyvaluestorage 1.1.1
add @walletconnect/core 2.21.5
add @wallet-standard/features 1.0.3
add @wallet-standard/base 1.0.1
add @wallet-standard/app 1.0.1
add @noble/curves 1.9.2
add @dynamic-labs/wallet-connector-core 5.7.0
add @dynamic-labs/solana-core 5.7.0
add @dynamic-labs-sdk/client 1.31.0
add @dynamic-labs/sdk-api-core 0.25.0
add @dynamic-labs/sdk-react-core 5.7.0
add qrcode 1.5.1
add @dynamic-labs/wallet-connector-core 5.7.0
add @dynamic-labs-sdk/client 1.31.0
add @dynamic-labs/sdk-api-core 0.25.0
add @dynamic-labs/sdk-api-core 0.32.0
add @dynamic-labs/rpc-providers 5.7.0
add @dynamic-labs/multi-wallet 5.7.0
add tslib 2.4.1
add @dynamic-labs/wallet-connector-core 5.7.0
add @dynamic-labs-sdk/client 1.31.0
add @dynamic-labs/sdk-api-core 0.25.0
add @dynamic-labs/message-transport 5.7.0
add @dynamic-labs/logger 5.7.0
add @dynamic-labs/locale 5.7.0
add @dynamic-labs/iconic 5.7.0
add sharp 0.35.0
add semver 7.8.5
add @img/sharp-libvips-darwin-arm64 1.3.0
add @img/sharp-darwin-arm64 0.35.0
add @dynamic-labs/ethereum-gasless-core 5.7.0
add @dynamic-labs/ethereum-core 5.7.0
add @dynamic-labs/wallet-connector-core 5.7.0
add @dynamic-labs-sdk/client 1.31.0
add @dynamic-labs/sdk-api-core 0.25.0
add @dynamic-labs/ethereum 5.7.0
add sharp 0.35.0
add semver 7.8.5
add @noble/hashes 2.4.0
add @noble/ciphers 0.4.1
add @img/sharp-libvips-darwin-arm64 1.3.0
add @img/sharp-darwin-arm64 0.35.0
add @dynamic-labs/wallet-connector-core 5.7.0
add @dynamic-labs/waas 4.98.0
add @dynamic-labs/wallet-connector-core 4.98.0
add @dynamic-labs/wallet-book 4.98.0
add @dynamic-labs/utils 4.98.0
add @dynamic-labs/types 4.98.0
add @dynamic-labs/sdk-api-core 0.12.0
add @dynamic-labs/rpc-providers 4.98.0
add @dynamic-labs/logger 4.98.0
add @dynamic-labs/ethereum-core 4.98.0
add @dynamic-labs/assert-package-version 4.98.0
add @dynamic-labs-wallet/forward-mpc-client 2.0.1
add @dynamic-labs-wallet/core 1.1.2
add @dynamic-labs/sdk-api-core 0.16.0
add @dynamic-labs-wallet/browser-wallet-client 1.1.2
add @dynamic-labs/logger 5.7.0
add @dynamic-labs-sdk/client 1.27.1
add @dynamic-labs/sdk-api-core 0.0.1125
add @dynamic-labs/logger 5.7.0
add @dynamic-labs-wallet/primitives 1.0.99
add @dynamic-labs-wallet/forward-mpc-shared 0.7.1
add @dynamic-labs-wallet/forward-mpc-client 1.0.1
add @dynamic-labs-wallet/core 1.0.99
add @dynamic-labs/sdk-api-core 0.0.1093
add @dynamic-labs-wallet/browser-wallet-client 1.0.99
add @dynamic-labs-sdk/assert-package-version 1.27.1
add @dynamic-labs/sui-core 4.98.0
add @dynamic-labs/wallet-connector-core 4.98.0
add @dynamic-labs/wallet-book 4.98.0
add @dynamic-labs/utils 4.98.0
add @dynamic-labs/types 4.98.0
add @dynamic-labs/sdk-api-core 0.12.0
add @dynamic-labs/rpc-providers 4.98.0
add @dynamic-labs/logger 4.98.0
add @dynamic-labs/assert-package-version 4.98.0
add @dynamic-labs-wallet/forward-mpc-client 2.0.1
add @dynamic-labs-wallet/core 1.1.2
add @dynamic-labs/sdk-api-core 0.16.0
add @dynamic-labs-wallet/browser-wallet-client 1.1.2
add @dynamic-labs/logger 5.7.0
add @dynamic-labs-sdk/client 1.27.1
add @dynamic-labs/sdk-api-core 0.0.1125
add @dynamic-labs/logger 5.7.0
add @dynamic-labs-wallet/primitives 1.0.99
add @dynamic-labs-wallet/forward-mpc-shared 0.7.1
add @dynamic-labs-wallet/forward-mpc-client 1.0.1
add @dynamic-labs-wallet/core 1.0.99
add @dynamic-labs/sdk-api-core 0.0.1093
add @dynamic-labs-wallet/browser-wallet-client 1.0.99
add @dynamic-labs-sdk/assert-package-version 1.27.1
add @dynamic-labs/iconic 4.98.0
add @dynamic-labs/logger 4.98.0
add @dynamic-labs/assert-package-version 4.98.0
add @dynamic-labs/ethereum-gasless-core 4.98.0
add @dynamic-labs/sdk-api-core 0.12.0
add @dynamic-labs/logger 4.98.0
add @dynamic-labs/assert-package-version 4.98.0
add @dynamic-labs/ethereum 4.98.0
add @dynamic-labs/wallet-connector-core 4.98.0
add @dynamic-labs/wallet-book 4.98.0
add @dynamic-labs/waas-evm 4.98.0
add @dynamic-labs/utils 4.98.0
add @dynamic-labs/types 4.98.0
add @dynamic-labs/sdk-api-core 0.12.0
add @dynamic-labs/rpc-providers 4.98.0
add @dynamic-labs/logger 4.98.0
add @dynamic-labs/ethereum-core 4.98.0
add @dynamic-labs/assert-package-version 4.98.0
add @dynamic-labs-wallet/forward-mpc-client 2.0.1
add @dynamic-labs-wallet/core 1.1.2
add @dynamic-labs/sdk-api-core 0.16.0
add @dynamic-labs-wallet/browser-wallet-client 1.1.2
add @dynamic-labs/logger 5.7.0
add @dynamic-labs-sdk/client 1.27.1
add @dynamic-labs/sdk-api-core 0.0.1125
add @dynamic-labs/logger 5.7.0
add @dynamic-labs-wallet/primitives 1.0.99
add @dynamic-labs-wallet/forward-mpc-shared 0.7.1
add @dynamic-labs-wallet/forward-mpc-client 1.0.1
add @dynamic-labs-wallet/core 1.0.99
add @dynamic-labs/sdk-api-core 0.0.1093
add @dynamic-labs-wallet/browser-wallet-client 1.0.99
add @dynamic-labs-sdk/assert-package-version 1.27.1
add @dynamic-labs-wallet/primitives 1.1.2
add @dynamic-labs-sdk/client 1.31.0
add @dynamic-labs/sdk-api-core 0.25.0
add @dynamic-labs-connectors/metamask-evm 4.6.16
add @dynamic-labs/utils 4.98.0
add @dynamic-labs/types 4.98.0
add @dynamic-labs/sdk-api-core 0.12.0
add @dynamic-labs/logger 4.98.0
add @dynamic-labs/assert-package-version 4.98.0
add @dynamic-labs/embedded-wallet-solana 5.7.0
add ws 8.18.3
add viem 2.46.3
add abitype 1.2.3
add ox 0.12.4
add @noble/curves 1.9.1
add @dynamic-labs/webauthn 5.7.0
add @dynamic-labs/wallet-connector-core 5.7.0
add @dynamic-labs/solana-core 5.7.0
add @dynamic-labs/embedded-wallet 5.7.0
add @dynamic-labs-sdk/client 1.31.0
add @dynamic-labs/sdk-api-core 0.25.0
add @dynamic-labs/embedded-wallet-evm 4.98.0
add sharp 0.35.0
add semver 7.8.5
add @img/sharp-libvips-darwin-arm64 1.3.0
add @img/sharp-darwin-arm64 0.35.0
add @dynamic-labs/wallet-book 4.98.0
add @dynamic-labs/utils 4.98.0
add @dynamic-labs/types 4.98.0
add @dynamic-labs/sdk-api-core 0.12.0
add @dynamic-labs/rpc-providers 4.98.0
add @dynamic-labs/logger 4.98.0
add @dynamic-labs/iconic 4.98.0
add @dynamic-labs/ethereum-core 4.98.0
add @dynamic-labs/assert-package-version 4.98.0
add @dynamic-labs/embedded-wallet 4.98.0
add sharp 0.35.0
add semver 7.8.5
add @img/sharp-libvips-darwin-arm64 1.3.0
add @img/sharp-darwin-arm64 0.35.0
add @dynamic-labs/wallet-book 4.98.0
add @dynamic-labs/utils 4.98.0
add @dynamic-labs/types 4.98.0
add @dynamic-labs/sdk-api-core 0.12.0
add @dynamic-labs/logger 4.98.0
add @dynamic-labs/iconic 4.98.0
add @dynamic-labs/assert-package-version 4.98.0
add @dynamic-labs/assert-package-version 5.7.0
add @dynamic-labs-wallet/primitives 1.1.5
add @dynamic-labs-wallet/forward-mpc-shared 0.7.2
add @noble/hashes 2.4.0
add @noble/ciphers 0.4.1
add @dynamic-labs-wallet/forward-mpc-client 1.0.2
add @noble/hashes 2.4.0
add @dynamic-labs-wallet/core 1.0.118
add @dynamic-labs/sdk-api-core 0.16.0
add @dynamic-labs-wallet/primitives 1.0.118
add @dynamic-labs-wallet/browser-wallet-client 1.0.118
add @dynamic-labs-sdk/assert-package-version 1.31.0
add @dynamic-labs-connectors/metamask-solana 4.6.16
add bs58 6.0.0
add base-x 5.0.1
add @dynamic-labs/utils 4.98.0
add @dynamic-labs/types 4.98.0
add @dynamic-labs/sdk-api-core 0.12.0
add @dynamic-labs/logger 4.98.0
add @dynamic-labs/assert-package-version 4.98.0
add @dynamic-labs-connectors/base-account-evm 4.6.16
add @cspotcode/source-map-support 0.8.1
add @jridgewell/trace-mapping 0.3.9
add @coinbase/wallet-sdk 4.3.7
add @cloudflare/workerd-darwin-arm64 1.20260828.1
add @cloudflare/vite-plugin 1.54.2
add @cloudflare/unenv-preset 2.16.1
add @cloudflare/kv-asset-handler 0.5.0
add @bufbuild/protoplugin 2.12.1
add typescript 5.4.5
add @bufbuild/protobuf 2.12.1
add @bufbuild/protoc-gen-es 2.12.1
add @bufbuild/protobuf 2.12.1
add @bufbuild/protobuf 2.13.0
add @bufbuild/buf-darwin-arm64 1.72.0
add @bufbuild/buf 1.72.0
add @base-org/account 1.1.1
add preact 10.24.2
add @noble/hashes 1.4.0
add @babel/types 7.29.8
add @babel/traverse 7.29.8
add @babel/template 7.29.7
add @babel/runtime 7.29.7
add @babel/plugin-transform-react-jsx-source 7.29.7
add @babel/plugin-transform-react-jsx-self 7.29.7
add @babel/parser 7.29.8
add @babel/helpers 7.29.7
add @babel/helper-validator-option 7.29.7
add @babel/helper-validator-identifier 7.29.7
add @babel/helper-string-parser 7.29.7
add @babel/helper-plugin-utils 7.29.7
add @babel/helper-module-transforms 7.29.7
add @babel/helper-module-imports 7.29.7
add @babel/helper-globals 7.29.7
add @babel/helper-compilation-targets 7.29.7
add @babel/generator 7.29.8
add @babel/core 7.29.7
add @babel/compat-data 7.29.7
add @babel/code-frame 7.29.7
add @adraffy/ens-normalize 1.11.1
add @ably/msgpack-js 0.4.1
add @0no-co/graphqlsp 1.17.5
add @0no-co/graphql.web 1.3.4

added 1002 packages in 1s
