npm warn Unknown project config "playwright_browsers_path". This will stop working in the next major version of npm. See `npm help npmrc` for supported config options.
npm warn ERESOLVE overriding peer dependency
npm warn While resolving: @dynamic-labs-connectors/base-account-evm@4.6.16
npm warn Found: @dynamic-labs/ethereum-core@5.7.0
npm warn node_modules/@dynamic-labs/ethereum-core
npm warn   @dynamic-labs/ethereum-core@"5.7.0" from @dynamic-labs/ethereum@5.7.0
npm warn   node_modules/@dynamic-labs/ethereum
npm warn     @dynamic-labs/ethereum@"^5.7.0" from the root project
npm warn   2 more (@dynamic-labs/waas, @dynamic-labs/waas-evm)
npm warn
npm warn Could not resolve dependency:
npm warn peer @dynamic-labs/ethereum-core@"^4.88.7" from @dynamic-labs-connectors/base-account-evm@4.6.16
npm warn node_modules/@dynamic-labs-connectors/base-account-evm
npm warn   @dynamic-labs-connectors/base-account-evm@"4.6.16" from @dynamic-labs/ethereum@5.7.0
npm warn   node_modules/@dynamic-labs/ethereum
npm warn   1 more (@dynamic-labs/ethereum)
npm warn
npm warn Conflicting peer dependency: @dynamic-labs/ethereum-core@4.100.0
npm warn node_modules/@dynamic-labs/ethereum-core
npm warn   peer @dynamic-labs/ethereum-core@"^4.88.7" from @dynamic-labs-connectors/base-account-evm@4.6.16
npm warn   node_modules/@dynamic-labs-connectors/base-account-evm
npm warn     @dynamic-labs-connectors/base-account-evm@"4.6.16" from @dynamic-labs/ethereum@5.7.0
npm warn     node_modules/@dynamic-labs/ethereum
npm warn     1 more (@dynamic-labs/ethereum)
npm warn ERESOLVE overriding peer dependency
npm warn While resolving: @dynamic-labs-connectors/metamask-evm@4.6.16
npm warn Found: @dynamic-labs/ethereum-core@5.7.0
npm warn node_modules/@dynamic-labs/ethereum-core
npm warn   @dynamic-labs/ethereum-core@"5.7.0" from @dynamic-labs/ethereum@5.7.0
npm warn   node_modules/@dynamic-labs/ethereum
npm warn     @dynamic-labs/ethereum@"^5.7.0" from the root project
npm warn   2 more (@dynamic-labs/waas, @dynamic-labs/waas-evm)
npm warn
npm warn Could not resolve dependency:
npm warn peer @dynamic-labs/ethereum-core@"^4.88.7" from @dynamic-labs-connectors/metamask-evm@4.6.16
npm warn node_modules/@dynamic-labs/ethereum/node_modules/@dynamic-labs-connectors/metamask-evm
npm warn   @dynamic-labs-connectors/metamask-evm@"4.6.16" from @dynamic-labs/ethereum@5.7.0
npm warn   node_modules/@dynamic-labs/ethereum
npm warn   1 more (@dynamic-labs/ethereum)
npm warn
npm warn Conflicting peer dependency: @dynamic-labs/ethereum-core@4.100.0
npm warn node_modules/@dynamic-labs/ethereum-core
npm warn   peer @dynamic-labs/ethereum-core@"^4.88.7" from @dynamic-labs-connectors/metamask-evm@4.6.16
npm warn   node_modules/@dynamic-labs/ethereum/node_modules/@dynamic-labs-connectors/metamask-evm
npm warn     @dynamic-labs-connectors/metamask-evm@"4.6.16" from @dynamic-labs/ethereum@5.7.0
npm warn     node_modules/@dynamic-labs/ethereum
npm warn     1 more (@dynamic-labs/ethereum)
npm warn ERESOLVE overriding peer dependency
npm warn While resolving: @dynamic-labs-connectors/metamask-evm@4.6.16
npm warn Found: @dynamic-labs/wallet-connector-core@5.7.0
npm warn node_modules/@dynamic-labs/ethereum/node_modules/@dynamic-labs/wallet-connector-core
npm warn   @dynamic-labs/wallet-connector-core@"5.7.0" from @dynamic-labs/ethereum@5.7.0
npm warn   node_modules/@dynamic-labs/ethereum
npm warn     @dynamic-labs/ethereum@"^5.7.0" from the root project
npm warn
npm warn Could not resolve dependency:
npm warn peer @dynamic-labs/wallet-connector-core@"^4.88.7" from @dynamic-labs-connectors/metamask-evm@4.6.16
npm warn node_modules/@dynamic-labs/ethereum/node_modules/@dynamic-labs-connectors/metamask-evm
npm warn   @dynamic-labs-connectors/metamask-evm@"4.6.16" from @dynamic-labs/ethereum@5.7.0
npm warn   node_modules/@dynamic-labs/ethereum
npm warn   1 more (@dynamic-labs/ethereum)
npm warn
npm warn Conflicting peer dependency: @dynamic-labs/wallet-connector-core@4.100.0
npm warn node_modules/@dynamic-labs/wallet-connector-core
npm warn   peer @dynamic-labs/wallet-connector-core@"^4.88.7" from @dynamic-labs-connectors/metamask-evm@4.6.16
npm warn   node_modules/@dynamic-labs/ethereum/node_modules/@dynamic-labs-connectors/metamask-evm
npm warn     @dynamic-labs-connectors/metamask-evm@"4.6.16" from @dynamic-labs/ethereum@5.7.0
npm warn     node_modules/@dynamic-labs/ethereum
npm warn     1 more (@dynamic-labs/ethereum)
npm error code EUSAGE
npm error
npm error `npm ci` can only install packages when your package.json and package-lock.json or npm-shrinkwrap.json are in sync. Please update your lock file with `npm install` before continuing.
npm error
npm error Missing: fsevents@2.3.2 from lock file
npm error
npm error Clean install a project
npm error
npm error Usage:
npm error npm ci
npm error
npm error Options:
npm error [--install-strategy <hoisted|nested|shallow|linked>] [--legacy-bundling]
npm error [--global-style] [--omit <dev|optional|peer> [--omit <dev|optional|peer> ...]]
npm error [--include <prod|dev|optional|peer> [--include <prod|dev|optional|peer> ...]]
npm error [--strict-peer-deps] [--foreground-scripts] [--ignore-scripts]
npm error [--allow-directory <all|none|root>] [--allow-file <all|none|root>]
npm error [--allow-git <all|none|root>] [--allow-remote <all|none|root>]
npm error [--allow-scripts <package-list> [--allow-scripts <package-list> ...]]
npm error [--strict-allow-scripts] [--dangerously-allow-all-scripts] [--no-audit]
npm error [--no-bin-links] [--no-fund] [--dry-run]
npm error [-w|--workspace <workspace-name> [-w|--workspace <workspace-name> ...]]
npm error [--workspaces] [--include-workspace-root] [--install-links]
npm error
npm error   --install-strategy
npm error     Sets the strategy for installing packages in node_modules.
npm error
npm error   --legacy-bundling
npm error     Instead of hoisting package installs in `node_modules`, install packages
npm error
npm error   --global-style
npm error     Only install direct dependencies in the top level `node_modules`,
npm error
npm error   --omit
npm error     Dependency types to omit from the installation tree on disk.
npm error
npm error   --include
npm error     Option that allows for defining which types of dependencies to install.
npm error
npm error   --strict-peer-deps
npm error     If set to `true`, and `--legacy-peer-deps` is not set, then _any_
npm error
npm error   --foreground-scripts
npm error     Run all build scripts (ie, `preinstall`, `install`, and
npm error
npm error   --ignore-scripts
npm error     If true, npm does not run scripts specified in package.json files.
npm error
npm error   --allow-directory
npm error     Limits the ability for npm to install dependencies from directories.
npm error
npm error   --allow-file
npm error     Limits the ability for npm to install dependencies from tarball files.
npm error
npm error   --allow-git
npm error     Limits the ability for npm to fetch dependencies from git references.
npm error
npm error   --allow-remote
npm error     Limits the ability for npm to fetch dependencies from urls.
npm error
npm error   --allow-scripts
npm error     Comma-separated list of packages whose install-time lifecycle scripts
npm error
npm error   --strict-allow-scripts
npm error     If `true`, turn the install-script policy from a warning into a hard
npm error
npm error   --dangerously-allow-all-scripts
npm error     If `true`, bypass the `allowScripts` policy entirely and run every
npm error
npm error   --audit
npm error     When "true" submit audit reports alongside the current npm command to the
npm error
npm error   --bin-links
npm error     Tells npm to create symlinks (or `.cmd` shims on Windows) for package
npm error
npm error   --fund
npm error     When "true" displays the message at the end of each `npm install`
npm error
npm error   --dry-run
npm error     Indicates that you don't want npm to make any changes and that it should
npm error
npm error   -w|--workspace
npm error     Enable running a command in the context of the configured workspaces of the
npm error
npm error   --workspaces
npm error     Set to true to run the command in the context of **all** configured
npm error
npm error   --include-workspace-root
npm error     Include the workspace root when workspaces are enabled for a command.
npm error
npm error   --install-links
npm error     When set file: protocol dependencies will be packed and installed as
npm error
npm error
npm error aliases: clean-install, ic, install-clean, isntall-clean
npm error
npm error Run "npm help ci" for more info
npm notice
npm notice New minor version of npm available! 11.16.0 -> 11.19.1
npm notice Changelog: https://github.com/npm/cli/releases/tag/v11.19.1
npm notice To update run: npm install -g npm@11.19.1
npm notice
npm error A complete log of this run can be found in: /private/tmp/dsh-lockfile-generation-_fev9co5/npm-cache/_logs/2026-09-14T04_20_14_081Z-debug-0.log
