npm warn Unknown project config "playwright_browsers_path". This will stop working in the next major version of npm. See `npm help npmrc` for supported config options.
npm warn ERESOLVE overriding peer dependency
npm warn While resolving: @dynamic-labs-connectors/base-account-evm@4.6.16
npm warn Found: @dynamic-labs/ethereum-core@5.7.0
npm warn node_modules/@dynamic-labs/ethereum-core
npm warn   @dynamic-labs/ethereum-core@"5.7.0" from @dynamic-labs/ethereum@5.7.0
npm warn   node_modules/@dynamic-labs/ethereum
npm warn     @dynamic-labs/ethereum@"^5.7.0" from the root project
npm warn   2 more (@dynamic-labs/waas, @dynamic-labs/waas-evm)
npm warn
npm warn Could not resolve dependency:
npm warn peer @dynamic-labs/ethereum-core@"^4.88.7" from @dynamic-labs-connectors/base-account-evm@4.6.16
npm warn node_modules/@dynamic-labs-connectors/base-account-evm
npm warn   @dynamic-labs-connectors/base-account-evm@"4.6.16" from @dynamic-labs/ethereum@5.7.0
npm warn   node_modules/@dynamic-labs/ethereum
npm warn   1 more (@dynamic-labs/ethereum)
npm warn
npm warn Conflicting peer dependency: @dynamic-labs/ethereum-core@4.100.0
npm warn node_modules/@dynamic-labs/ethereum-core
npm warn   peer @dynamic-labs/ethereum-core@"^4.88.7" from @dynamic-labs-connectors/base-account-evm@4.6.16
npm warn   node_modules/@dynamic-labs-connectors/base-account-evm
npm warn     @dynamic-labs-connectors/base-account-evm@"4.6.16" from @dynamic-labs/ethereum@5.7.0
npm warn     node_modules/@dynamic-labs/ethereum
npm warn     1 more (@dynamic-labs/ethereum)
npm warn ERESOLVE overriding peer dependency
npm warn While resolving: @dynamic-labs-connectors/metamask-evm@4.6.16
npm warn Found: @dynamic-labs/ethereum-core@5.7.0
npm warn node_modules/@dynamic-labs/ethereum-core
npm warn   @dynamic-labs/ethereum-core@"5.7.0" from @dynamic-labs/ethereum@5.7.0
npm warn   node_modules/@dynamic-labs/ethereum
npm warn     @dynamic-labs/ethereum@"^5.7.0" from the root project
npm warn   2 more (@dynamic-labs/waas, @dynamic-labs/waas-evm)
npm warn
npm warn Could not resolve dependency:
npm warn peer @dynamic-labs/ethereum-core@"^4.88.7" from @dynamic-labs-connectors/metamask-evm@4.6.16
npm warn node_modules/@dynamic-labs/ethereum/node_modules/@dynamic-labs-connectors/metamask-evm
npm warn   @dynamic-labs-connectors/metamask-evm@"4.6.16" from @dynamic-labs/ethereum@5.7.0
npm warn   node_modules/@dynamic-labs/ethereum
npm warn   1 more (@dynamic-labs/ethereum)
npm warn
npm warn Conflicting peer dependency: @dynamic-labs/ethereum-core@4.100.0
npm warn node_modules/@dynamic-labs/ethereum-core
npm warn   peer @dynamic-labs/ethereum-core@"^4.88.7" from @dynamic-labs-connectors/metamask-evm@4.6.16
npm warn   node_modules/@dynamic-labs/ethereum/node_modules/@dynamic-labs-connectors/metamask-evm
npm warn     @dynamic-labs-connectors/metamask-evm@"4.6.16" from @dynamic-labs/ethereum@5.7.0
npm warn     node_modules/@dynamic-labs/ethereum
npm warn     1 more (@dynamic-labs/ethereum)
npm warn ERESOLVE overriding peer dependency
npm warn While resolving: @dynamic-labs-connectors/metamask-evm@4.6.16
npm warn Found: @dynamic-labs/wallet-connector-core@5.7.0
npm warn node_modules/@dynamic-labs/ethereum/node_modules/@dynamic-labs/wallet-connector-core
npm warn   @dynamic-labs/wallet-connector-core@"5.7.0" from @dynamic-labs/ethereum@5.7.0
npm warn   node_modules/@dynamic-labs/ethereum
npm warn     @dynamic-labs/ethereum@"^5.7.0" from the root project
npm warn
npm warn Could not resolve dependency:
npm warn peer @dynamic-labs/wallet-connector-core@"^4.88.7" from @dynamic-labs-connectors/metamask-evm@4.6.16
npm warn node_modules/@dynamic-labs/ethereum/node_modules/@dynamic-labs-connectors/metamask-evm
npm warn   @dynamic-labs-connectors/metamask-evm@"4.6.16" from @dynamic-labs/ethereum@5.7.0
npm warn   node_modules/@dynamic-labs/ethereum
npm warn   1 more (@dynamic-labs/ethereum)
npm warn
npm warn Conflicting peer dependency: @dynamic-labs/wallet-connector-core@4.100.0
npm warn node_modules/@dynamic-labs/wallet-connector-core
npm warn   peer @dynamic-labs/wallet-connector-core@"^4.88.7" from @dynamic-labs-connectors/metamask-evm@4.6.16
npm warn   node_modules/@dynamic-labs/ethereum/node_modules/@dynamic-labs-connectors/metamask-evm
npm warn     @dynamic-labs-connectors/metamask-evm@"4.6.16" from @dynamic-labs/ethereum@5.7.0
npm warn     node_modules/@dynamic-labs/ethereum
npm warn     1 more (@dynamic-labs/ethereum)
