✔ R76 owner-advice normalizer canonicalizes optional lists while the public schema requires every field (1.269458ms)
✔ R76 paid worker owner-consultation writes an accepted raw receipt and fresh replay cannot spend again (2506.324417ms)
✔ R76 exhausted owner-consultation admission refuses a second Owner before a child is created (1507.854542ms)
✔ R76 a wrong-owner structured payload never becomes an accepted advice receipt (1603.13475ms)
✔ R76 an uncertain owner-advisor creation preserves its worker binding for fresh Harness reconciliation without a prompt (1615.290041ms)
✔ R76 a completed owner-advisor turn without submission settles failed and permits its next paid ordinal (2052.512ms)
✔ Runner 使用真实 Owner Team 连续执行、休眠后恢复，提交关卡仍验证并固定 SHA (15014.60725ms)
✔ Runner 双 Owner 并行与 worktree 隔离：两个合法修改均验证提交 (2793.60925ms)
✔ Runner 双 Owner 并行与 worktree 隔离：scope 越界拒绝并保留现场 (1501.372917ms)
✔ T28 real public Owner structured submission persists and fresh Runtime replays without a model call (2968.101792ms)
✔ T28 ordinary assistant text is a durable no-submit failure and is never parsed as a decision (2201.235209ms)
✔ T28 wrong Owner structured submission cannot produce a public decision (2105.473375ms)
✔ T28 K1 response becomes durable stale history when active execution changes during the model turn (2385.115334ms)
✔ T28 a durable consultation reservation occupies capacity and queues another Owner (1695.598125ms)
✔ T28 timeout settles the consultation and releases capacity for a later request (1585.520875ms)
✔ T28 parent cancellation settles the durable consultation and releases its reservation (1572.88725ms)
✔ T28 a public Owner business change reaches the main outbox as an explicit user decision (1480.432875ms)
✔ T28 uncertain child creation is never retried from a missing durable binding (1265.881084ms)
✔ T08 real Harness read-only S session returns a T06-compatible decision to the main adapter (2549.291667ms)
✔ T08 public Owner cannot write its module before returning the fixed decision (2046.922375ms)
✔ T08 a wrong public Owner identity cannot become a decision even after a real model turn (1765.240542ms)
✔ T08 K1 changing while S is deciding makes its real late K1 response stale (2388.909583ms)
✔ T08 timeout and parent cancellation both terminate the read-only judgment without a decision (4029.417125ms)
✔ T08 current generic consultation seam has no Runner capacity reservation (1241.241083ms)
✔ recovery reader pauses on a revision race and releases its read handle (4.812208ms)
✔ recovery reader refuses substituted identity or missing logical events (3.740125ms)
✔ recovery reader distinguishes unsupported formats, corruption and ordinary read failure (0.422708ms)
✔ recovery reader propagates cancellation while releasing its handle (2.577875ms)
✔ T22 SIGKILL after the real submitted checkpoint reopens only to a non-mutating technical pause (3828.873417ms)
✔ T22 SIGKILL after real failed settlement replays its persisted receipt without a second debit (3387.545917ms)
✔ T22 cleans the parent-owned fixture container when the producer fails before its checkpoint (1931.603ms)
✔ T22 SIGKILL after real successful settlement replays the fixed-commit receipt without new execution (5512.048125ms)
✔ T22 SIGKILL after real session binding before followup preserves the unsubmitted execution on restart (2369.084625ms)
✔ T22 source-plane JSONL observes exactly one completed reserved prompt without writes (1031.487541ms)
✔ T22 source-plane JSONL distinguishes no artifact from one durable idle inbox prompt (972.061875ms)
✔ T22 managed inspection rejects duplicate input and corrupt committed rows without re-sending (1714.033208ms)
✔ T22 Runtime rejects wrong reservation binding and pauses the unready producer before session effects (603.966875ms)
✔ T22 compressed V3 logs are read through public handles without writes or retry (492.266208ms)
✔ T22 an uncommitted suffix preserves an already committed terminal without repairing bytes (510.176958ms)
✔ T22 a controlled V2 copy is inspected without publishing a V3 file or changing its bytes (531.64075ms)
✔ T22 a future-format artifact is explicitly refused without altering it or starting an Agent (466.900958ms)
✔ F16 maps real same-process and independent-runtime Owner lease conflicts to a non-mutating pause (1926.9345ms)
✔ F16 maps a real lease directory still initializing to a non-mutating pause (658.117708ms)
✔ F16 leaves ordinary lease I/O errors and caller cancellation as rejections (882.402ms)
✔ T22 starts the reserved Owner once, settles its real failed submission, and never rewrites the frozen instruction (1810.3425ms)
✔ T22 settles a real completed Owner only after owner-sync and finishOwner, then replays the T13 succeeded receipt read-only (4219.869667ms)
✔ T22 cannot report succeeded while a real owner-submit result is awaiting finishOwner (2137.8725ms)
✔ T22 L1 create failure preserves reservation without sending and releases any created handle (1030.869083ms)
✔ T22 L1 bind failure preserves reservation without sending and releases any created handle (907.870083ms)
✔ T22 L2 real blocked outcome cannot settle or authorize another execution (953.836ms)
✔ T22 L2 real no_submit outcome cannot settle or authorize another execution (933.395333ms)
✔ T22/T15 a real handoff settles the bound recovery attempt as failed and replays without execution (976.0325ms)
✔ T22 L2 real PlanRevision pending_check cannot settle the prior recovery intent (1618.584625ms)
✔ T22 L3 Runtime safely consumes preparing evidence without execution or settlement (209.531334ms)
✔ T22 L3 Runtime safely consumes creating evidence without execution or settlement (212.039458ms)
✔ T22 L3 Runtime safely consumes pending evidence without execution or settlement (240.560292ms)
✔ T22 L3 Runtime safely consumes running evidence without execution or settlement (243.348084ms)
✔ T22 L3 Runtime safely consumes terminal evidence without execution or settlement (240.826375ms)
✔ T22 L3 Runtime safely consumes interrupted evidence without execution or settlement (255.063541ms)
✔ T22 L3 Runtime safely consumes old_plan evidence without execution or settlement (214.518541ms)
✔ T22 L3 Runtime safely consumes old_attempt evidence without execution or settlement (210.401333ms)
✔ T22 L3 Runtime safely consumes old_lease evidence without execution or settlement (214.833208ms)
✔ T22 L4 paused recovery leaves an independent Owner runnable in the same Runtime and ledger (2755.555375ms)
✔ T15 actual Planner reserved child produces a raw accepted receipt and replays without another model call (2275.346208ms)
✔ T15 actual Review reserved child produces a raw accepted receipt and replays without another model call (1984.33325ms)
✔ T15 a real completed child without a submission settles failed and permits one paid next ordinal (1437.169709ms)
✔ T15 real multi-step Planner reads evidence before its accepted submission (1434.764458ms)
✔ T15 an uncertain create after a real session creation never resends its prompt (1712.786791ms)
✔ T15 wrong prompt and a source awaiting user decision cannot start a child (1052.150208ms)
✔ T15 replay rejects altered frozen input and execution receipt without a new call (1094.4235ms)
✔ T15 a physically torn JSONL artifact pauses replay without changing the ledger or resending (1033.685042ms)
✔ T15 a reserved identity with an existing real session cannot be treated as a fresh launch (873.555708ms)
ℹ tests 72
ℹ suites 0
ℹ pass 72
ℹ fail 0
ℹ cancelled 0
ℹ skipped 0
ℹ todo 0
ℹ duration_ms 29712.086958
