TAP version 13
# Subtest: T22 L1 create failure preserves reservation without sending and releases any created handle
ok 1 - T22 L1 create failure preserves reservation without sending and releases any created handle
  ---
  duration_ms: 1460.657875
  type: 'test'
  ...
# Subtest: T22 L1 bind failure preserves reservation without sending and releases any created handle
ok 2 - T22 L1 bind failure preserves reservation without sending and releases any created handle
  ---
  duration_ms: 903.176083
  type: 'test'
  ...
1..2
# tests 2
# suites 0
# pass 2
# fail 0
# cancelled 0
# skipped 0
# todo 0
# duration_ms 2572.934583
