TAP version 13
# Subtest: T15 real request_handoff preserves its initial free Owner until terminal and stages a metered candidate
ok 1 - T15 real request_handoff preserves its initial free Owner until terminal and stages a metered candidate
  ---
  duration_ms: 2760.747625
  type: 'test'
  ...
# Subtest: T15 real request_handoff preserves its paid Owner until terminal and stages a metered candidate
ok 2 - T15 real request_handoff preserves its paid Owner until terminal and stages a metered candidate
  ---
  duration_ms: 1819.801834
  type: 'test'
  ...
1..2
# tests 2
# suites 0
# pass 2
# fail 0
# cancelled 0
# skipped 0
# todo 0
# duration_ms 4782.587417
