TAP version 13
# Subtest: T15 real request_handoff preserves its initial free Owner until terminal and stages a metered candidate
ok 1 - T15 real request_handoff preserves its initial free Owner until terminal and stages a metered candidate
  ---
  duration_ms: 2456.44975
  type: 'test'
  ...
# Subtest: T15 real request_handoff preserves its paid Owner until terminal and stages a metered candidate
ok 2 - T15 real request_handoff preserves its paid Owner until terminal and stages a metered candidate
  ---
  duration_ms: 1571.116667
  type: 'test'
  ...
# Subtest: T15 real request_handoff preserves its paid Owner with repeated handoff in report until terminal and stages a metered candidate
ok 3 - T15 real request_handoff preserves its paid Owner with repeated handoff in report until terminal and stages a metered candidate
  ---
  duration_ms: 1555.426333
  type: 'test'
  ...
1..3
# tests 3
# suites 0
# pass 3
# fail 0
# cancelled 0
# skipped 0
# todo 0
# duration_ms 5765.538166
