TAP version 13
# Subtest: T15 real request_handoff preserves its initial free Owner until terminal and stages a metered candidate
ok 1 - T15 real request_handoff preserves its initial free Owner until terminal and stages a metered candidate
  ---
  duration_ms: 3069.754541
  type: 'test'
  ...
# Subtest: T15 real request_handoff preserves its paid Owner until terminal and stages a metered candidate
ok 2 - T15 real request_handoff preserves its paid Owner until terminal and stages a metered candidate
  ---
  duration_ms: 2193.819875
  type: 'test'
  ...
# Subtest: T15 real request_handoff preserves its paid Owner with repeated handoff in report until terminal and stages a metered candidate
ok 3 - T15 real request_handoff preserves its paid Owner with repeated handoff in report until terminal and stages a metered candidate
  ---
  duration_ms: 2234.09825
  type: 'test'
  ...
# Subtest: T15 real request_handoff preserves its initial free Owner with a real user permission gap until terminal and returns the permission decision
ok 4 - T15 real request_handoff preserves its initial free Owner with a real user permission gap until terminal and returns the permission decision
  ---
  duration_ms: 1389.182375
  type: 'test'
  ...
1..4
# tests 4
# suites 0
# pass 4
# fail 0
# cancelled 0
# skipped 0
# todo 0
# duration_ms 9218.32475
