TAP version 13
# Subtest: T22 settles a real completed Owner only after owner-sync and finishOwner, then replays the T13 succeeded receipt read-only
not ok 1 - T22 settles a real completed Owner only after owner-sync and finishOwner, then replays the T13 succeeded receipt read-only
  ---
  duration_ms: 3682.400125
  type: 'test'
  location: '/Volumes/LargeStorage/code/DSH-Workflow/owner-workflow-plugin/test/recovery-session.test.mjs:434:1'
  failureType: 'testCodeFailure'
  error: 'Lease 已不再由当前运行时持有'
  code: 'ERR_TEST_FAILURE'
  stack: |-
    Object.assertOwnerLease (file:///Volumes/LargeStorage/code/DSH-Workflow/owner-workflow-plugin/src/runtime.mjs:5228:15)
    Object.finishOwner (file:///Volumes/LargeStorage/code/DSH-Workflow/owner-workflow-plugin/src/runtime.mjs:13583:23)
    process.processTicksAndRejections (node:internal/process/task_queues:103:5)
    async Object.runExternalOwner (file:///Volumes/LargeStorage/code/DSH-Workflow/owner-workflow-plugin/src/runtime.mjs:13182:16)
    async Object.reconcileRecoverySession (file:///Volumes/LargeStorage/code/DSH-Workflow/owner-workflow-plugin/src/runtime.mjs:10228:9)
    async TestContext.<anonymous> (file:///Volumes/LargeStorage/code/DSH-Workflow/owner-workflow-plugin/test/recovery-session.test.mjs:445:17)
    async Test.run (node:internal/test_runner/test:1113:7)
    async startSubtestAfterBootstrap (node:internal/test_runner/harness:358:3)
  ...
# Subtest: T22 cannot report succeeded while a real owner-submit result is awaiting finishOwner
ok 2 - T22 cannot report succeeded while a real owner-submit result is awaiting finishOwner
  ---
  duration_ms: 1847.426083
  type: 'test'
  ...
1..2
# tests 2
# suites 0
# pass 1
# fail 1
# cancelled 0
# skipped 0
# todo 0
# duration_ms 5770.722666
