✖ T15 idle timeout preserves the live Owner until actual termination, then recovery spends credit (17584.012375ms)
ℹ tests 1
ℹ suites 0
ℹ pass 0
ℹ fail 1
ℹ cancelled 0
ℹ skipped 0
ℹ todo 0
ℹ duration_ms 17855.345375

✖ failing tests:

test at owner-workflow-plugin/test/runtime-recovery-budget.test.mjs:883:1
✖ T15 idle timeout preserves the live Owner until actual termination, then recovery spends credit (17584.012375ms)
  AssertionError [ERR_ASSERTION]: Expected values to be strictly deep-equal:
  + actual - expected

    [
  +   'T1',
      'T2'
    ]

      at executeNextSupervisorTask (file:///Volumes/LargeStorage/code/DSH-Workflow/owner-workflow-plugin/test/runtime-recovery-budget.test.mjs:386:10)
      at async TestContext.<anonymous> (file:///Volumes/LargeStorage/code/DSH-Workflow/owner-workflow-plugin/test/runtime-recovery-budget.test.mjs:943:5)
      at async Test.run (node:internal/test_runner/test:1113:7)
      at async startSubtestAfterBootstrap (node:internal/test_runner/harness:358:3) {
    generatedMessage: true,
    code: 'ERR_ASSERTION',
    actual: [ 'T1', 'T2' ],
    expected: [ 'T2' ],
    operator: 'deepStrictEqual',
    diff: 'simple'
  }
