TAP version 13
# Subtest: 真实Runtime经生产Planner提交路径编排固定快照；Owner提示保留完整Ticket，未激活Workflow
ok 1 - 真实Runtime经生产Planner提交路径编排固定快照；Owner提示保留完整Ticket，未激活Workflow
  ---
  duration_ms: 2749.904333
  type: 'test'
  ...
# Subtest: 丢失ready片段映射由实际Planner校验拒绝，有限两次后不发布候选
ok 2 - 丢失ready片段映射由实际Planner校验拒绝，有限两次后不发布候选
  ---
  duration_ms: 2717.133166
  type: 'test'
  ...
# Subtest: 固定候选通过独立Reviewer工具提交后持久保存原始来源，passed不激活
ok 3 - 固定候选通过独立Reviewer工具提交后持久保存原始来源，passed不激活
  ---
  duration_ms: 3460.422375
  type: 'test'
  ...
# Subtest: 固定候选Reviewer缺少原始调用来源时两次后拒绝，无审查回执
ok 4 - 固定候选Reviewer缺少原始调用来源时两次后拒绝，无审查回执
  ---
  duration_ms: 2919.046708
  type: 'test'
  ...
1..4
# tests 4
# suites 0
# pass 4
# fail 0
# cancelled 0
# skipped 0
# todo 0
# duration_ms 12070.605958
