TAP version 13
# Subtest: 真实Runtime经生产Planner提交路径编排固定快照；Owner提示保留完整Ticket，未激活Workflow
ok 1 - 真实Runtime经生产Planner提交路径编排固定快照；Owner提示保留完整Ticket，未激活Workflow
  ---
  duration_ms: 4662.395
  type: 'test'
  ...
# Subtest: 丢失ready片段映射由实际Planner校验拒绝，有限两次后不发布候选
ok 2 - 丢失ready片段映射由实际Planner校验拒绝，有限两次后不发布候选
  ---
  duration_ms: 2717.616833
  type: 'test'
  ...
# Subtest: 固定候选通过独立Reviewer工具提交后持久保存原始来源，passed不激活
ok 3 - 固定候选通过独立Reviewer工具提交后持久保存原始来源，passed不激活
  ---
  duration_ms: 3938.8335
  type: 'test'
  ...
# Subtest: 固定候选Reviewer缺少原始调用来源时两次后拒绝，无审查回执
ok 4 - 固定候选Reviewer缺少原始调用来源时两次后拒绝，无审查回执
  ---
  duration_ms: 2468.946083
  type: 'test'
  ...
# Subtest: Reviewer改写当前规划文档即使仍为相同Git dirty状态也不能发布回执
ok 5 - Reviewer改写当前规划文档即使仍为相同Git dirty状态也不能发布回执
  ---
  duration_ms: 2517.21775
  type: 'test'
  ...
# Subtest: 真实agents.create/provider与原生工具提交保留候选身份和独立审查原始来源
ok 6 - 真实agents.create/provider与原生工具提交保留候选身份和独立审查原始来源
  ---
  duration_ms: 3211.940916
  type: 'test'
  ...
1..6
# tests 6
# suites 0
# pass 6
# fail 0
# cancelled 0
# skipped 0
# todo 0
# duration_ms 19859.09
