TAP version 13
# Subtest: T15 recoverOwner admits before restarting a failed workflow and enforces the next credit limit
not ok 1 - T15 recoverOwner admits before restarting a failed workflow and enforces the next credit limit
  ---
  duration_ms: 3422.161417
  type: 'test'
  location: '/Volumes/LargeStorage/code/DSH-Workflow/owner-workflow-plugin/test/runtime-recovery-budget.test.mjs:23:1'
  failureType: 'testCodeFailure'
  error: |-
    Expected values to be strictly deep-equal:
    + actual - expected

      Comparison {
    +   name: 'Error'
    -   name: 'OwnerReportedError'
      }

  code: 'ERR_ASSERTION'
  name: 'AssertionError'
  expected:
    name: 'OwnerReportedError'
  actual:
  error: 'RecoveryAdmission 当前 Workflow 状态不可领取'
  stack: |-
    file:///Volumes/LargeStorage/code/DSH-Workflow/owner-workflow-plugin/src/runtime.mjs:10011:21
    saveState (file:///Volumes/LargeStorage/code/DSH-Workflow/owner-workflow-plugin/src/runtime.mjs:1269:69)
    async file:///Volumes/LargeStorage/code/DSH-Workflow/owner-workflow-plugin/src/runtime.mjs:10004:11
    async Object.withWorkflowLock (file:///Volumes/LargeStorage/code/DSH-Workflow/owner-workflow-plugin/src/runtime.mjs:10259:16)
    async Object.recoverOwnerWithAdmission (file:///Volumes/LargeStorage/code/DSH-Workflow/owner-workflow-plugin/src/runtime.mjs:13697:23)
    async waitForActual (node:assert:646:5)
    async strict.rejects (node:assert:769:25)
    async TestContext.<anonymous> (file:///Volumes/LargeStorage/code/DSH-Workflow/owner-workflow-plugin/test/runtime-recovery-budget.test.mjs:30:3)
    async Test.run (node:internal/test_runner/test:1113:7)
    async startSubtestAfterBootstrap (node:internal/test_runner/harness:358:3)
  operator: 'rejects'
  stack: |-
    async TestContext.<anonymous> (file:///Volumes/LargeStorage/code/DSH-Workflow/owner-workflow-plugin/test/runtime-recovery-budget.test.mjs:30:3)
    async Test.run (node:internal/test_runner/test:1113:7)
    async startSubtestAfterBootstrap (node:internal/test_runner/harness:358:3)
  ...
# Subtest: T15 direct failed Owner start cannot bypass durable recovery admission
ok 2 - T15 direct failed Owner start cannot bypass durable recovery admission
  ---
  duration_ms: 950.843125
  type: 'test'
  ...
# Subtest: T15 missing_config cannot silently fall back to legacy execution
ok 3 - T15 missing_config cannot silently fall back to legacy execution
  ---
  duration_ms: 1080.436291
  type: 'test'
  ...
# Subtest: T15 unknown_protocol cannot silently fall back to legacy execution
ok 4 - T15 unknown_protocol cannot silently fall back to legacy execution
  ---
  duration_ms: 1086.644084
  type: 'test'
  ...
# Subtest: T15 invalid_config cannot silently fall back to legacy execution
ok 5 - T15 invalid_config cannot silently fall back to legacy execution
  ---
  duration_ms: 1293.268375
  type: 'test'
  ...
# Subtest: T15 explicit user decision takes priority over spending recovery credit
ok 6 - T15 explicit user decision takes priority over spending recovery credit
  ---
  duration_ms: 963.229459
  type: 'test'
  ...
1..6
# tests 6
# suites 0
# pass 5
# fail 1
# cancelled 0
# skipped 0
# todo 0
# duration_ms 9078.930958
