✔ T20 persists a bounded owner-failure reservation and returns only a launch-disabled receipt (195.365167ms)
✔ T20 reloads the same durable request through a new Runtime without rebilling or changing identity (211.875834ms)
✔ T20 derives A/B/A from persisted strategy, keeping one root but distinct durable requests (261.888625ms)
✔ T20 rejects forged request fields and incorrect source binding without creating a recovery account (330.693459ms)
✔ T20 rejects a missing strategy and owner-failure records that no longer describe a failed technical task (236.162584ms)
✔ T20 admits only a live technical obligation and preserves the user-authority boundary (385.606417ms)
✔ T20 makes approval, current plan digest, cancellation, malformed state, and absent config hard wrapper gates (271.940166ms)
✔ T20 rejects changed limits after accounting begins and never returns a receipt when the first save cannot commit (375.133792ms)
✔ T20 cross-process distinct requests consume the final workflow credit once (363.526458ms)
✔ T20 cross-process competition for one request yields one receipt identity and one debit (434.038417ms)
✔ R15 next failed executions with the same strategy inherit the root and persist replay across Runtime restarts (312.183584ms)
▶ R15 rejects missing, wrong, and unknown continuation bindings without changing the saved revision or budget
  ✔ missing (21.173958ms)
  ✔ contract (22.851458ms)
  ✔ sourceId (31.122292ms)
  ✔ rootProblemId (29.801709ms)
  ✔ requestId (30.542917ms)
  ✔ attemptId (28.50875ms)
  ✔ taskId (29.72625ms)
  ✔ ownerId (32.07625ms)
  ✔ planDigest (29.205625ms)
  ✔ identity sessionId (25.785084ms)
  ✔ identity promptId (30.884291ms)
  ✔ run attempt (31.659916ms)
  ✔ run session (30.873459ms)
  ✔ unknown field (29.533959ms)
  ✔ execution receipt (32.84425ms)
  ✔ result receipt (35.189084ms)
✔ R15 rejects missing, wrong, and unknown continuation bindings without changing the saved revision or budget (662.25175ms)
✔ R15 rejects a predecessor that never started (309.993792ms)
✔ R15 rejects a predecessor that still running (330.999875ms)
✔ R15 rejects a predecessor that succeeded (283.939959ms)
✔ R15 rejects a predecessor that cancelled (262.213583ms)
✔ R15 continuation cannot reset exhausted problem credit (290.209583ms)
✔ R15 continuation cannot reset exhausted workflow credit (283.594375ms)
▶ R15 a settled execution cannot be reused as a differently numbered successor; saved chain and missing edges fail closed
  ✔ renumber the same execution (21.1075ms)
  ✔ drop current continuation (20.453167ms)
  ✔ drop historical edge (19.921125ms)
  ✔ redirect historical parent (20.373708ms)
  ✔ redirect successor root (19.584625ms)
✔ R15 a settled execution cannot be reused as a differently numbered successor; saved chain and missing edges fail closed (326.285334ms)
✔ R15 concurrent continuation calls from separate processes share one successor receipt and one debit (401.50925ms)
✔ R15 a technical obligation recovery can produce a failed Owner continuation under its original root (202.213792ms)
✔ R15 derived source retains A/B/A replay without erasing the continuation edge (232.148042ms)
ℹ tests 43
ℹ suites 0
ℹ pass 43
ℹ fail 0
ℹ cancelled 0
ℹ skipped 0
ℹ todo 0
ℹ duration_ms 7075.369875
