✔ 外部控制桥可以驱动 ping 和 status，并在运行时释放后清理 (160.786875ms)
✔ 真实审查入口把未关闭义务的 passed 降级，并拒绝激活 (644.292709ms)
✔ pending revision 的 open 义务不阻断仍有效的 active plan Owner 启动 (351.432083ms)
✔ R03 同 digest evidence-lease-v1 的已批准 Owner 启动与恢复边界 (385.198416ms)
✔ R03 同 digest evidence-lease-v2 的已批准 Owner 启动与恢复边界 (401.258958ms)
✔ Supervisor create 只持久 reservation，必须由外置 runner 显式 execute 才启动 Owner (359.208375ms)
✔ Supervisor 首次启动保留计划修订迁移后的已完成任务 (184.552584ms)
✔ Supervisor 重启后直接结算已有固定提交，不重新启动 Owner (291.200458ms)
✔ Supervisor 遇到结构化 handoff 时进入局部重规划，不重跑只读验证任务 (207.480875ms)
✔ Runner daemon 自动发现 approved Workflow 并驱动 Harness 内 Owner 子代理 (403.229791ms)
✔ planning-recover 控制动作安全补绑缺失 digest 并原地恢复 Reviewer (365.928ms)
✔ planning-recover 不会把旧 planDigest 的恢复次数继承到新 DAG (354.258666ms)
✔ Planner 子代理报告通道失效时直接唤醒主会话，避免状态已变但会话没有入口 (0.340833ms)
✔ Harness 重启后会向根会话幂等补发计划批准通知 (424.084833ms)
✔ 计划批准通知只投递到持久化的 Workflow 根会话 (369.454666ms)
✔ Planner 已提交结构化计划后立即结束等待，不受结束确认重试影响 (0.537666ms)
✔ planning-recover 会重建仍有修订预算的 Planner，而不是把 review_failed 当作终态 (715.266166ms)
✔ 统一 workflow-drive 会恢复无需用户授权的 needs_decision Owner 会诊修订 (542.806875ms)
✔ 自治事故的摘要型旧义务不能由 control socket probe 续期 (194.13375ms)
✔ control socket probe 只为类型化义务的宿主新文件续期一次 (473.037541ms)
✔ 修订预算耗尽会持久通知主线程和 Runner，批准扩展后自动恢复同一 Planner (567.962958ms)
✔ 重启前只标记 main-steer 已送达的待决策会重新直接打开原生问询 (388.327334ms)
✔ 用户终止自动规划后由只读子代理总结并返回主线程讨论 (358.264042ms)
✔ 重启后把旧版自定义扩额意见迁移为总结并退回主线程讨论 (350.06825ms)
✔ planning-recover 在 plan digest 与 live Registry 不匹配时拒绝自愈 (355.645209ms)
✔ 计划审查驱动失败会落盘诊断并允许 watchdog 有界重试 (391.605417ms)
✔ Runner daemon 自动唤醒失败的计划审查且不启动 Supervisor (432.4805ms)
✔ Runner 启动前可从固定提交重建尚未执行且已丢失的 Workflow worktree (251.927417ms)
✔ V2 控制桥拒绝 legacy owner 调度动作，唯一入口是 Supervisor (226.183375ms)
✔ runtime.dispose 阻止新 Supervisor dispatch 并等待已登记 dispatch 终态 (20.542041ms)
✔ Supervisor create 持久 reservation，并用真实 runExternalOwner 两阶段结算到 completed (1311.806875ms)
✔ Supervisor 查询会在 Runtime 重启后重建控制桥，供新的外置 runner 显式 recover (282.347417ms)
✔ Supervisor Owner 启动失败由自治恢复重排，不把工程故障写成用户决策 (301.890459ms)
✔ DSH_PLAN_V2 的 repair_owner 保留为意图提示，Runtime 按证据策略重新进入 DAG (300.314541ms)
✔ Supervisor inspect 只返回有限宿主字段，未知控制动作关闭处理 (366.6335ms)
✔ Supervisor 主会话通知只有真正 followup 成功后才标记 delivered (240.490042ms)
✔ Supervisor await_event 以持久游标阻塞等待，并在超时后记录一次受控观察 (258.261625ms)
✔ 任务达到 onTimeout.afterMs 后切换自治恢复策略而不是交给用户 (270.777666ms)
✔ Owner 恢复后使用本次运行时间重置超时基线，不沿用旧 reservation 时间 (255.669958ms)
✔ 持续产生心跳的长任务按进展续租，不因总运行时间被误杀 (253.462666ms)
✔ Supervisor receipt 绑定持久 revision，且 blocked workflow 不能确认旧 create (269.088208ms)
✔ Supervisor create receipt 绑定实际 planDigest，旧 ACK 拒绝且 workflow 不变 (217.147042ms)
✔ Supervisor stop receipt 绑定实际 planDigest，旧 stop 拒绝且 workflow 不变 (272.27125ms)
✔ blocked、failed、cancelled workflow 都不能把 stop 保存为 completed (653.355667ms)
✔ cancel 结算活动记录、清理临时分支与 worktree，并幂等保留审计状态 (518.823417ms)
✔ cancel 的持久路径记录异常时 fail-closed，不能删除项目根目录或基础分支 (202.431917ms)
✔ cancelled workflow 拒绝 Supervisor start，finalized workflow 拒绝 cancel (346.156625ms)
✔ 启用 Owner 工作模式后，主会话写入会被拒绝 (140.043125ms)
✔ 只读审计在脏工作区中运行，不创建 workflow 分支或 worktree (135.109834ms)
✔ workflow_recover 可以重建旧缺陷遗留的空 Supervisor task records (172.030333ms)
✔ 只读子代理继承完整工具集并只设置 read-only 沙箱 (0.769166ms)
✔ Owner 子代理策略继承完整工具并使用 workspace-write (0.06075ms)
✔ Operation 子代理继承完整工具但项目文件使用 read-only 沙箱 (0.040084ms)
✔ 历史 V1 计划即使 digest 匹配也不能批准执行 (364.858209ms)
✔ 批准修订计划时自动恢复旧 Runtime 丢失的已完成任务状态 (340.19125ms)
✔ 计划修订冻结 ownerRuns 已完成任务，只迁移新增 repair 与最终 verify (445.132541ms)
✔ 计划批准拒绝缺失的 live Registry，即使缓存 digest 匹配 (134.977542ms)
✔ 计划批准拒绝 live Registry 内容漂移，并由 registry_status 暴露 live digest (473.469792ms)
✔ 计划批准在 digest 已重新绑定时仍拒绝 Owner 定义漂移 (608.435584ms)
✔ finalize 会把 workflow 分支合并回启动分支并清理 worktree (1036.750583ms)
✔ Implementation Review 必须读取实际 workflow HEAD 并保存审查结果 (461.182916ms)
✔ Implementation Review 问题自动转换为带自治批准策略的 repair PlanRevision (604.008583ms)
﹣ 旧版 Owner 持久子线程兼容测试（已由按任务回收模型替代） (0.077042ms) # SKIP
﹣ 旧版 Owner Shell 白名单测试（已由 worktree 与提交关卡替代） (0.034292ms) # SKIP
﹣ 旧版 Owner 逐写入包装测试（已由提交关卡替代） (0.019417ms) # SKIP
﹣ 旧版 owner_bash 快照测试（正式验证现在由 owner_submit 自动执行） (0.01525ms) # SKIP
﹣ 旧版多轮修复提示测试（现在由 owner_submit 在同一子线程返回错误） (0.013583ms) # SKIP
﹣ 旧版 Owner 结果文本结算测试（受保护路径由 owner_submit 提交关卡覆盖） (0.01225ms) # SKIP
✔ Owner Registry 提案在没有活动任务时只保存待审批提案 (277.610666ms)
✔ Owner 设定与批准只能由绑定的 Workflow 主线程执行 (696.425042ms)
✔ 规划器输出 Registry operation 时只保存结构化建议，不写正式 Registry，并由运行时绑定正式 digest (442.262792ms)
✔ 规划器的 proposal 包装会兼容为直接 Registry operation (517.617458ms)
✔ 规划器可一次提交完整 Owner Registry batch 并按最终快照绑定全部 Owner (875.025333ms)
✔ 规划提交只接受当前规划子代理的一次结构化结果 (0.396833ms)
✔ one-shot Planner 在 workflow_plan_submit 时即时校验并允许原线程修正 (0.852458ms)
✔ 计划审查提交只接受当前 Plan Reviewer 的合法结构化结果 (0.256458ms)
✔ 计划 Reviewer 首轮状态非法时自动携带错误重试并保存结构化问题 (604.7595ms)
✔ Reviewer 不能要求 abstract decision 删除必填 Owner 会诊字段，必须重试为 decision (581.5575ms)
✔ Reviewer 判定 needs_split 后，Owner 会诊参与目标节点的递归拆分 (650.379375ms)
✔ Reviewer 判定 needs_decision 后停止自动修订并把问题总结回主线程 (578.186416ms)
✔ awaiting_main_discussion 接收明确 Intent 后可以生成 PlanRevision 候选 (1694.387166ms)
✔ 同类审查问题连续出现时，Runtime 强制 Reviewer 从 needs_revision 升级分类 (458.619833ms)
✔ 冻结义务无进展时由独立 Arbiter 裁决而不是请求用户扩额 (385.393ms)
✔ Arbiter 可以把 Runtime 已知的 abstract 节点转入拆分而不误判为新问题 (373.943292ms)
✔ 计划修订次数只作遥测，无进展时切换策略而不是请求扩额 (1128.405042ms)
✔ 非法修订候选保留原计划并自动切换恢复策略，修复后继续审查 (857.013958ms)
✔ 计划修订并发调用复用 single-flight，并用新版超时策略恢复旧 180 秒失败预算 (477.062625ms)
✔ 计划修订拒绝使用不属于当前 planDigest 的旧审查结果 (339.426667ms)
✔ 规划契约失败返回完整 Workflow ID，并在同一现场有界恢复 (1550.669291ms)
✔ Harness agent/status 持久化运行中、空闲和关闭生命周期 (19.38275ms)
✔ one-shot Reviewer 返回结果后立即持久化 closed，不在会话树中伪装成 idle 工作 (18.192917ms)
﹣ 旧版次数驱动 continuable Planner mock（已由证据租约、Arbiter 与完整 Workflow 集成测试替代） (0.073ms) # SKIP
✔ 完整 Workflow 从预检经过多轮计划审查、Supervisor、Owner 到最终交付 (4758.96575ms)
✔ 取消功能 Workflow 后项目级 Owner Registry 仍被后续 Workflow 直接复用 (1758.948125ms)
✔ 旧 Workflow 中已批准但未进入基础分支的 Registry 会在继续流程时迁移 (1015.646417ms)
✔ 新建 Workflow 会先迁移已取消旧 Workflow 中最新获批的固定 Owner (1621.942916ms)
✔ 规划器首轮提交不满足契约时，运行时会带校验错误重试一次 (691.360583ms)
✔ 规划器只选择 Owner ID，Runtime 从正式 Registry 注入完整定义 (886.233ms)
✔ Planner 伪造宽 scope 不能绕过正式 Registry 的 task.write 边界 (551.994584ms)
✔ handoff 重规划 prompt 只声明 V2 任务计划契约 (601.641958ms)
✔ 规划器不能用未登记 Owner 绕过 Registry 提案审批 (469.532417ms)
✔ Registry 批准要求完全匹配 digest，写入 workflow worktree 并使旧计划审查失效 (984.574084ms)
✔ V2 Registry 批准后的 registry_pending_plan 可以原地重新规划 (1382.352291ms)
✔ 运行中任务存在时拒绝 Registry 提案与批准 (447.234083ms)
✔ 主工具公开 cancel 描述且保留 status 旧动作 (240.2075ms)
✔ 旧聚合入口不再暴露或执行计划修订与规划恢复 (181.312ms)
✔ 旧聚合入口拒绝 start，强制使用带 preflight digest 的单职责工具 (191.574708ms)
✔ workflow_git_inspect 只提供受限 Git 证据且拒绝 .git 内部路径 (446.450583ms)
✔ Owner 结构化请求工具只暴露 request_subgraph 和 request_handoff 的最小字段 (177.439959ms)
✔ 公开 Owner 工具只保留提交关卡、宿主授权桥和结构化协调入口 (183.666417ms)
✔ 主工具 cancel 缺少 workflow_id 时拒绝 (183.838583ms)
✔ 主工具 cancel 返回 cancelled，随后 status 返回 cancelled (487.267583ms)
✔ 主工具只暴露 Registry 审批动作，不保留旧 Owner 直写动作 (0.490875ms)
✔ DSH_PLAN_V1 所有控制桥和外置执行入口拒绝但 status 可读 (1087.869ms)
✔ R05 决定回执经真实 Review 关闭入口消费：orchestrator (1211.943459ms)
✔ R05 决定回执经真实 Review 关闭入口消费：user (1318.197416ms)
✔ R05 用户确认期间义务版本变化时不记录过期决定 (754.817125ms)
✔ R05 结构展开依据经 Runtime 消费，只关闭结构义务而保留业务验证 (910.568292ms)
✔ R05 pending 候选决定不能借用 active 回执，旧快照不能消费已变化候选 (840.832167ms)
✔ R05 同候选的新决定替代旧回执，取消替代不影响旧决定 (1294.2705ms)
✔ R06 真实 Review 会诊固定描述在相同事实下耗尽策略 (2784.005917ms)
✔ R06 真实 Review 会诊交替描述在相同事实下耗尽策略 (2673.689542ms)
✔ R06 真实候选补齐绑定只记一次进展，重复与候选文案变化不续期 (1087.728542ms)
✔ R06 文件进展由宿主重新读取，伪造缓存与过期候选没有文件事实 (526.8845ms)
✔ R06 Runner 探针不能凭摘要变化清空策略，真实新文件只恢复一次 (1941.627416ms)
✔ R08 真实 Review 分类与控制路由一致：technical (600.876417ms)
✔ R08 真实 Review 分类与控制路由一致：business (944.582875ms)
✔ R08 真实 Review 分类与控制路由一致：permission (916.040458ms)
✔ R08 真实 Review 分类与控制路由一致：mixed (704.493334ms)
✔ R09 首次待决问题来自冻结用户义务而非 Reviewer 自由文本：permission (615.917167ms)
✔ R09 首次待决问题来自冻结用户义务而非 Reviewer 自由文本：business (823.770709ms)
✔ R09 首次待决问题来自冻结用户义务而非 Reviewer 自由文本：mixed-decision (543.143292ms)
✔ R09 首次待决问题来自冻结用户义务而非 Reviewer 自由文本：mixed-verification (557.951417ms)
✔ R09 Owner 反馈经实际失败入口分类且保留独立任务：technical (473.813917ms)
✔ R09 Owner 反馈经实际失败入口分类且保留独立任务：permission (490.460041ms)
✔ R09 Owner 反馈经实际失败入口分类且保留独立任务：business (557.090709ms)
✔ R09 Owner 反馈接纳拒绝伪造绑定、无依据、外来会话和过期候选 (466.488417ms)
✔ R09 已接纳反馈消费前重新校验当前来源：session (483.035125ms)
✔ R09 已接纳反馈消费前重新校验当前来源：attempt (548.33475ms)
✔ R09 已接纳反馈消费前重新校验当前来源：plan (544.223209ms)
✔ R09 已接纳反馈消费前重新校验当前来源：owner (502.840834ms)
✔ R09 同 attempt 的用户反馈幂等保留，不能由后续技术描述降权 (530.15925ms)
✔ R09 Owner 恢复消费当前反馈，换 attempt 后不继承旧用户门禁 (469.370166ms)
✔ R09 已确认权限缺口优先于技术 handoff 策略 (457.995917ms)
✔ R09 已报告用户待决后不能通过 completed 提交越过门禁：permission (456.065667ms)
✔ R09 已报告用户待决后不能通过 completed 提交越过门禁：business (457.959959ms)
✔ R10 真实 Owner 非成功结算保留分类与局部待决：permission-blocked (859.91775ms)
✔ R10 真实 Owner 非成功结算保留分类与局部待决：permission-failed (987.169292ms)
✔ R10 真实 Owner 非成功结算保留分类与局部待决：business-blocked (1150.429916ms)
✔ R10 真实 Owner 非成功结算保留分类与局部待决：legacy-blocked (2084.217709ms)
✔ R11 预算错误不覆盖当前用户依据：supervisor/permission (471.057333ms)
✔ R11 预算错误不覆盖当前用户依据：supervisor/business (455.061792ms)
✔ R11 预算错误不覆盖当前用户依据：supervisor/technical (442.173ms)
✔ R11 预算错误不覆盖当前用户依据：supervisor/stale-permission (501.418916ms)
✔ R11 预算错误不覆盖当前用户依据：direct-owner/permission (943.271292ms)
✔ R11 预算错误不覆盖当前用户依据：direct-owner/business (997.784292ms)
✔ R11 预算错误不覆盖当前用户依据：direct-owner/technical (791.220625ms)
✔ R11 预算错误不覆盖当前用户依据：direct-owner/stale-permission (808.584333ms)
✔ R11 预算错误不覆盖当前用户依据：recover/permission (495.5105ms)
✔ R11 预算错误不覆盖当前用户依据：recover/business (501.744917ms)
✔ R11 预算错误不覆盖当前用户依据：recover/technical (614.383209ms)
✔ R11 预算错误不覆盖当前用户依据：recover/stale-permission (589.433708ms)
✔ R11 预算错误不覆盖当前用户依据：repeated-recover/permission (669.5085ms)
✔ R11 预算错误不覆盖当前用户依据：repeated-recover/business (669.232958ms)
✔ R11 预算错误不覆盖当前用户依据：repeated-recover/technical (659.27725ms)
✔ R11 预算错误不覆盖当前用户依据：repeated-recover/stale-permission (649.7085ms)
ℹ tests 166
ℹ suites 0
ℹ pass 159
ℹ fail 0
ℹ cancelled 0
ℹ skipped 7
ℹ todo 0
ℹ duration_ms 95248.028709
