✔ 外部控制桥可以驱动 ping 和 status，并在运行时释放后清理 (156.703333ms)
✔ 真实审查入口把未关闭义务的 passed 降级，并拒绝激活 (745.031209ms)
✔ pending revision 的 open 义务不阻断仍有效的 active plan Owner 启动 (371.233ms)
✔ R03 同 digest evidence-lease-v1 的已批准 Owner 启动与恢复边界 (383.202291ms)
✔ R03 同 digest evidence-lease-v2 的已批准 Owner 启动与恢复边界 (347.67175ms)
✔ Supervisor create 只持久 reservation，必须由外置 runner 显式 execute 才启动 Owner (336.144125ms)
✔ Supervisor 首次启动保留计划修订迁移后的已完成任务 (182.6265ms)
✔ Supervisor 重启后直接结算已有固定提交，不重新启动 Owner (281.435334ms)
✔ Supervisor 遇到结构化 handoff 时进入局部重规划，不重跑只读验证任务 (195.0555ms)
✔ Runner daemon 自动发现 approved Workflow 并驱动 Harness 内 Owner 子代理 (407.375417ms)
✔ planning-recover 控制动作安全补绑缺失 digest 并原地恢复 Reviewer (346.438833ms)
✔ planning-recover 不会把旧 planDigest 的恢复次数继承到新 DAG (342.107208ms)
✔ Planner 子代理报告通道失效时直接唤醒主会话，避免状态已变但会话没有入口 (0.379375ms)
✔ Harness 重启后会向根会话幂等补发计划批准通知 (446.251167ms)
✔ 计划批准通知只投递到持久化的 Workflow 根会话 (354.964333ms)
✔ Planner 已提交结构化计划后立即结束等待，不受结束确认重试影响 (0.556334ms)
✔ planning-recover 会重建仍有修订预算的 Planner，而不是把 review_failed 当作终态 (490.867458ms)
✔ 统一 workflow-drive 会恢复无需用户授权的 needs_decision Owner 会诊修订 (491.429792ms)
✔ 自治事故的摘要型旧义务不能由 control socket probe 续期 (191.687959ms)
✔ control socket probe 只为类型化义务的宿主新文件续期一次 (451.760542ms)
✔ 修订预算耗尽会持久通知主线程和 Runner，批准扩展后自动恢复同一 Planner (517.864ms)
✔ 重启前只标记 main-steer 已送达的待决策会重新直接打开原生问询 (361.309333ms)
✔ 用户终止自动规划后由只读子代理总结并返回主线程讨论 (360.739292ms)
✔ 重启后把旧版自定义扩额意见迁移为总结并退回主线程讨论 (315.920791ms)
✔ planning-recover 在 plan digest 与 live Registry 不匹配时拒绝自愈 (318.565833ms)
✔ 计划审查驱动失败会落盘诊断并允许 watchdog 有界重试 (415.049875ms)
✔ Runner daemon 自动唤醒失败的计划审查且不启动 Supervisor (442.212709ms)
✔ Runner 启动前可从固定提交重建尚未执行且已丢失的 Workflow worktree (288.798167ms)
✔ V2 控制桥拒绝 legacy owner 调度动作，唯一入口是 Supervisor (227.164125ms)
✔ runtime.dispose 阻止新 Supervisor dispatch 并等待已登记 dispatch 终态 (21.784208ms)
✔ Supervisor create 持久 reservation，并用真实 runExternalOwner 两阶段结算到 completed (1325.65375ms)
✔ Supervisor 查询会在 Runtime 重启后重建控制桥，供新的外置 runner 显式 recover (282.148125ms)
✔ Supervisor Owner 启动失败由自治恢复重排，不把工程故障写成用户决策 (295.365708ms)
✔ DSH_PLAN_V2 的 repair_owner 保留为意图提示，Runtime 按证据策略重新进入 DAG (283.327125ms)
✔ Supervisor inspect 只返回有限宿主字段，未知控制动作关闭处理 (327.960625ms)
✔ Supervisor 主会话通知只有真正 followup 成功后才标记 delivered (184.030583ms)
✔ Supervisor await_event 以持久游标阻塞等待，并在超时后记录一次受控观察 (252.467ms)
✔ 任务达到 onTimeout.afterMs 后切换自治恢复策略而不是交给用户 (265.354959ms)
✔ Owner 恢复后使用本次运行时间重置超时基线，不沿用旧 reservation 时间 (268.54625ms)
✔ 持续产生心跳的长任务按进展续租，不因总运行时间被误杀 (473.204375ms)
✔ Supervisor receipt 绑定持久 revision，且 blocked workflow 不能确认旧 create (273.003208ms)
✔ Supervisor create receipt 绑定实际 planDigest，旧 ACK 拒绝且 workflow 不变 (309.106416ms)
✔ Supervisor stop receipt 绑定实际 planDigest，旧 stop 拒绝且 workflow 不变 (276.220792ms)
✔ blocked、failed、cancelled workflow 都不能把 stop 保存为 completed (651.375959ms)
✔ cancel 结算活动记录、清理临时分支与 worktree，并幂等保留审计状态 (512.110042ms)
✔ cancel 的持久路径记录异常时 fail-closed，不能删除项目根目录或基础分支 (204.255625ms)
✔ cancelled workflow 拒绝 Supervisor start，finalized workflow 拒绝 cancel (343.087084ms)
✔ 启用 Owner 工作模式后，主会话写入会被拒绝 (147.182667ms)
✔ 只读审计在脏工作区中运行，不创建 workflow 分支或 worktree (136.599333ms)
✔ workflow_recover 可以重建旧缺陷遗留的空 Supervisor task records (172.009375ms)
✔ 只读子代理继承完整工具集并只设置 read-only 沙箱 (0.73225ms)
✔ Owner 子代理策略继承完整工具并使用 workspace-write (0.063583ms)
✔ Operation 子代理继承完整工具但项目文件使用 read-only 沙箱 (0.052666ms)
✔ 历史 V1 计划即使 digest 匹配也不能批准执行 (373.719916ms)
✔ 批准修订计划时自动恢复旧 Runtime 丢失的已完成任务状态 (347.939708ms)
✔ 计划修订冻结 ownerRuns 已完成任务，只迁移新增 repair 与最终 verify (456.5015ms)
✔ 计划批准拒绝缺失的 live Registry，即使缓存 digest 匹配 (135.802833ms)
✔ 计划批准拒绝 live Registry 内容漂移，并由 registry_status 暴露 live digest (480.562709ms)
✔ 计划批准在 digest 已重新绑定时仍拒绝 Owner 定义漂移 (525.371834ms)
✔ finalize 会把 workflow 分支合并回启动分支并清理 worktree (961.82425ms)
✔ Implementation Review 必须读取实际 workflow HEAD 并保存审查结果 (425.510375ms)
✔ Implementation Review 问题自动转换为带自治批准策略的 repair PlanRevision (613.528208ms)
﹣ 旧版 Owner 持久子线程兼容测试（已由按任务回收模型替代） (0.113458ms) # SKIP
﹣ 旧版 Owner Shell 白名单测试（已由 worktree 与提交关卡替代） (0.030875ms) # SKIP
﹣ 旧版 Owner 逐写入包装测试（已由提交关卡替代） (0.016417ms) # SKIP
﹣ 旧版 owner_bash 快照测试（正式验证现在由 owner_submit 自动执行） (0.014292ms) # SKIP
﹣ 旧版多轮修复提示测试（现在由 owner_submit 在同一子线程返回错误） (0.012042ms) # SKIP
﹣ 旧版 Owner 结果文本结算测试（受保护路径由 owner_submit 提交关卡覆盖） (0.01175ms) # SKIP
✔ Owner Registry 提案在没有活动任务时只保存待审批提案 (283.778709ms)
✔ Owner 设定与批准只能由绑定的 Workflow 主线程执行 (760.084625ms)
✔ 规划器输出 Registry operation 时只保存结构化建议，不写正式 Registry，并由运行时绑定正式 digest (453.87375ms)
✔ 规划器的 proposal 包装会兼容为直接 Registry operation (444.206458ms)
✔ 规划器可一次提交完整 Owner Registry batch 并按最终快照绑定全部 Owner (495.126334ms)
✔ 规划提交只接受当前规划子代理的一次结构化结果 (0.509334ms)
✔ one-shot Planner 在 workflow_plan_submit 时即时校验并允许原线程修正 (1.242916ms)
✔ 计划审查提交只接受当前 Plan Reviewer 的合法结构化结果 (0.362625ms)
✔ 计划 Reviewer 首轮状态非法时自动携带错误重试并保存结构化问题 (466.953042ms)
✔ Reviewer 不能要求 abstract decision 删除必填 Owner 会诊字段，必须重试为 decision (448.053042ms)
✔ Reviewer 判定 needs_split 后，Owner 会诊参与目标节点的递归拆分 (601.218834ms)
✔ Reviewer 判定 needs_decision 后停止自动修订并把问题总结回主线程 (518.990708ms)
✔ awaiting_main_discussion 接收明确 Intent 后可以生成 PlanRevision 候选 (1792.604083ms)
✔ 同类审查问题连续出现时，Runtime 强制 Reviewer 从 needs_revision 升级分类 (459.625209ms)
✔ 冻结义务无进展时由独立 Arbiter 裁决而不是请求用户扩额 (364.528459ms)
✔ Arbiter 可以把 Runtime 已知的 abstract 节点转入拆分而不误判为新问题 (441.382875ms)
✔ 计划修订次数只作遥测，无进展时切换策略而不是请求扩额 (1042.8395ms)
✔ 非法修订候选保留原计划并自动切换恢复策略，修复后继续审查 (690.420334ms)
✔ 计划修订并发调用复用 single-flight，并用新版超时策略恢复旧 180 秒失败预算 (491.958542ms)
✔ 计划修订拒绝使用不属于当前 planDigest 的旧审查结果 (357.283542ms)
✔ 规划契约失败返回完整 Workflow ID，并在同一现场有界恢复 (1572.4255ms)
✔ Harness agent/status 持久化运行中、空闲和关闭生命周期 (18.445542ms)
✔ one-shot Reviewer 返回结果后立即持久化 closed，不在会话树中伪装成 idle 工作 (18.1705ms)
﹣ 旧版次数驱动 continuable Planner mock（已由证据租约、Arbiter 与完整 Workflow 集成测试替代） (0.044667ms) # SKIP
✔ 完整 Workflow 从预检经过多轮计划审查、Supervisor、Owner 到最终交付 (4830.83875ms)
✔ 取消功能 Workflow 后项目级 Owner Registry 仍被后续 Workflow 直接复用 (1827.439125ms)
✔ 旧 Workflow 中已批准但未进入基础分支的 Registry 会在继续流程时迁移 (1336.144583ms)
✔ 新建 Workflow 会先迁移已取消旧 Workflow 中最新获批的固定 Owner (1254.037791ms)
✔ 规划器首轮提交不满足契约时，运行时会带校验错误重试一次 (454.437459ms)
✔ 规划器只选择 Owner ID，Runtime 从正式 Registry 注入完整定义 (539.071458ms)
✔ Planner 伪造宽 scope 不能绕过正式 Registry 的 task.write 边界 (470.975708ms)
✔ handoff 重规划 prompt 只声明 V2 任务计划契约 (488.195375ms)
✔ 规划器不能用未登记 Owner 绕过 Registry 提案审批 (373.635209ms)
✔ Registry 批准要求完全匹配 digest，写入 workflow worktree 并使旧计划审查失效 (679.247208ms)
✔ V2 Registry 批准后的 registry_pending_plan 可以原地重新规划 (921.489417ms)
✔ 运行中任务存在时拒绝 Registry 提案与批准 (302.255583ms)
✔ 主工具公开 cancel 描述且保留 status 旧动作 (155.946958ms)
✔ 旧聚合入口不再暴露或执行计划修订与规划恢复 (122.5205ms)
✔ 旧聚合入口拒绝 start，强制使用带 preflight digest 的单职责工具 (121.743333ms)
✔ workflow_git_inspect 只提供受限 Git 证据且拒绝 .git 内部路径 (330.565792ms)
✔ Owner 结构化请求工具只暴露 request_subgraph 和 request_handoff 的最小字段 (122.280042ms)
✔ 公开 Owner 工具只保留提交关卡、宿主授权桥和结构化协调入口 (122.53ms)
✔ 主工具 cancel 缺少 workflow_id 时拒绝 (120.497917ms)
✔ 主工具 cancel 返回 cancelled，随后 status 返回 cancelled (320.962791ms)
✔ 主工具只暴露 Registry 审批动作，不保留旧 Owner 直写动作 (0.903084ms)
✔ DSH_PLAN_V1 所有控制桥和外置执行入口拒绝但 status 可读 (719.0585ms)
✔ R05 决定回执经真实 Review 关闭入口消费：orchestrator (793.963ms)
✔ R05 决定回执经真实 Review 关闭入口消费：user (802.90225ms)
✔ R05 用户确认期间义务版本变化时不记录过期决定 (475.753375ms)
✔ R05 结构展开依据经 Runtime 消费，只关闭结构义务而保留业务验证 (590.71375ms)
✔ R05 pending 候选决定不能借用 active 回执，旧快照不能消费已变化候选 (510.769167ms)
✔ R05 同候选的新决定替代旧回执，取消替代不影响旧决定 (838.444416ms)
✔ R06 真实 Review 会诊固定描述在相同事实下耗尽策略 (1790.827ms)
✔ R06 真实 Review 会诊交替描述在相同事实下耗尽策略 (1878.085875ms)
✔ R06 真实候选补齐绑定只记一次进展，重复与候选文案变化不续期 (1091.968334ms)
✔ R06 文件进展由宿主重新读取，伪造缓存与过期候选没有文件事实 (433.131375ms)
✔ R06 Runner 探针不能凭摘要变化清空策略，真实新文件只恢复一次 (1748.416334ms)
