✔ 外部控制桥可以驱动 ping 和 status，并在运行时释放后清理 (174.29425ms)
✔ 真实审查入口把未关闭义务的 passed 降级，并拒绝激活 (1352.543959ms)
✔ pending revision 的 open 义务不阻断仍有效的 active plan Owner 启动 (801.26275ms)
✔ R03 同 digest evidence-lease-v1 的已批准 Owner 启动与恢复边界 (467.303125ms)
✔ R03 同 digest evidence-lease-v2 的已批准 Owner 启动与恢复边界 (429.223416ms)
✔ Supervisor create 只持久 reservation，必须由外置 runner 显式 execute 才启动 Owner (471.983667ms)
✔ Supervisor 首次启动保留计划修订迁移后的已完成任务 (235.2725ms)
✔ Supervisor 重启后直接结算已有固定提交，不重新启动 Owner (297.842042ms)
✔ Supervisor 遇到结构化 handoff 时进入局部重规划，不重跑只读验证任务 (233.487584ms)
✔ Runner daemon 自动发现 approved Workflow 并驱动 Harness 内 Owner 子代理 (390.815417ms)
✔ planning-recover 控制动作安全补绑缺失 digest 并原地恢复 Reviewer (355.833708ms)
✔ planning-recover 不会把旧 planDigest 的恢复次数继承到新 DAG (357.655791ms)
✔ Planner 子代理报告通道失效时直接唤醒主会话，避免状态已变但会话没有入口 (0.317667ms)
✔ Harness 重启后会向根会话幂等补发计划批准通知 (464.784333ms)
✔ 计划批准通知只投递到持久化的 Workflow 根会话 (371.545375ms)
✔ Planner 已提交结构化计划后立即结束等待，不受结束确认重试影响 (0.585709ms)
✔ planning-recover 会重建仍有修订预算的 Planner，而不是把 review_failed 当作终态 (547.804458ms)
✔ 统一 workflow-drive 会恢复无需用户授权的 needs_decision Owner 会诊修订 (502.370041ms)
✔ 自治事故的摘要型旧义务不能由 control socket probe 续期 (198.34675ms)
✔ control socket probe 只为类型化义务的宿主新文件续期一次 (504.080792ms)
✔ 修订预算耗尽会持久通知主线程和 Runner，批准扩展后自动恢复同一 Planner (675.91ms)
✔ 重启前只标记 main-steer 已送达的待决策会重新直接打开原生问询 (380.6075ms)
✔ 用户终止自动规划后由只读子代理总结并返回主线程讨论 (393.18425ms)
✔ 重启后把旧版自定义扩额意见迁移为总结并退回主线程讨论 (405.438875ms)
✔ planning-recover 在 plan digest 与 live Registry 不匹配时拒绝自愈 (439.92225ms)
✔ 计划审查驱动失败会落盘诊断并允许 watchdog 有界重试 (384.380208ms)
✔ Runner daemon 自动唤醒失败的计划审查且不启动 Supervisor (434.177708ms)
✔ Runner 启动前可从固定提交重建尚未执行且已丢失的 Workflow worktree (315.760416ms)
✔ V2 控制桥拒绝 legacy owner 调度动作，唯一入口是 Supervisor (248.960167ms)
✔ runtime.dispose 阻止新 Supervisor dispatch 并等待已登记 dispatch 终态 (21.631542ms)
✔ Supervisor create 持久 reservation，并用真实 runExternalOwner 两阶段结算到 completed (1819.037167ms)
✔ Supervisor 查询会在 Runtime 重启后重建控制桥，供新的外置 runner 显式 recover (427.82725ms)
✔ Supervisor Owner 启动失败由自治恢复重排，不把工程故障写成用户决策 (409.005708ms)
✔ DSH_PLAN_V2 的 repair_owner 保留为意图提示，Runtime 按证据策略重新进入 DAG (485.257333ms)
✔ Supervisor inspect 只返回有限宿主字段，未知控制动作关闭处理 (441.836042ms)
✔ Supervisor 主会话通知只有真正 followup 成功后才标记 delivered (212.996833ms)
✔ Supervisor await_event 以持久游标阻塞等待，并在超时后记录一次受控观察 (281.786958ms)
✔ 任务达到 onTimeout.afterMs 后切换自治恢复策略而不是交给用户 (307.288292ms)
✔ Owner 恢复后使用本次运行时间重置超时基线，不沿用旧 reservation 时间 (295.935542ms)
✔ 持续产生心跳的长任务按进展续租，不因总运行时间被误杀 (291.954083ms)
✔ Supervisor receipt 绑定持久 revision，且 blocked workflow 不能确认旧 create (359.257667ms)
✔ Supervisor create receipt 绑定实际 planDigest，旧 ACK 拒绝且 workflow 不变 (371.578ms)
✔ Supervisor stop receipt 绑定实际 planDigest，旧 stop 拒绝且 workflow 不变 (446.930542ms)
✔ blocked、failed、cancelled workflow 都不能把 stop 保存为 completed (1083.357084ms)
✔ cancel 结算活动记录、清理临时分支与 worktree，并幂等保留审计状态 (829.456708ms)
✔ cancel 的持久路径记录异常时 fail-closed，不能删除项目根目录或基础分支 (351.170833ms)
✔ cancelled workflow 拒绝 Supervisor start，finalized workflow 拒绝 cancel (554.135917ms)
✔ 启用 Owner 工作模式后，主会话写入会被拒绝 (225.120083ms)
✔ 只读审计在脏工作区中运行，不创建 workflow 分支或 worktree (218.848833ms)
✔ workflow_recover 可以重建旧缺陷遗留的空 Supervisor task records (282.634459ms)
✔ 只读子代理继承完整工具集并只设置 read-only 沙箱 (1.332417ms)
✔ Owner 子代理策略继承完整工具并使用 workspace-write (0.190833ms)
✔ Operation 子代理继承完整工具但项目文件使用 read-only 沙箱 (0.101542ms)
✔ 历史 V1 计划即使 digest 匹配也不能批准执行 (740.684209ms)
✔ 批准修订计划时自动恢复旧 Runtime 丢失的已完成任务状态 (691.034833ms)
✔ 计划修订冻结 ownerRuns 已完成任务，只迁移新增 repair 与最终 verify (810.865625ms)
✔ 计划批准拒绝缺失的 live Registry，即使缓存 digest 匹配 (244.818583ms)
✔ 计划批准拒绝 live Registry 内容漂移，并由 registry_status 暴露 live digest (778.558958ms)
✔ 计划批准在 digest 已重新绑定时仍拒绝 Owner 定义漂移 (1157.128291ms)
✔ finalize 会把 workflow 分支合并回启动分支并清理 worktree (2147.793167ms)
✔ Implementation Review 必须读取实际 workflow HEAD 并保存审查结果 (740.032791ms)
✔ Implementation Review 问题自动转换为带自治批准策略的 repair PlanRevision (1112.635125ms)
﹣ 旧版 Owner 持久子线程兼容测试（已由按任务回收模型替代） (0.12025ms) # SKIP
﹣ 旧版 Owner Shell 白名单测试（已由 worktree 与提交关卡替代） (0.025542ms) # SKIP
﹣ 旧版 Owner 逐写入包装测试（已由提交关卡替代） (0.017125ms) # SKIP
﹣ 旧版 owner_bash 快照测试（正式验证现在由 owner_submit 自动执行） (0.017042ms) # SKIP
﹣ 旧版多轮修复提示测试（现在由 owner_submit 在同一子线程返回错误） (0.015917ms) # SKIP
﹣ 旧版 Owner 结果文本结算测试（受保护路径由 owner_submit 提交关卡覆盖） (0.030792ms) # SKIP
✔ Owner Registry 提案在没有活动任务时只保存待审批提案 (538.138333ms)
✔ Owner 设定与批准只能由绑定的 Workflow 主线程执行 (1211.047125ms)
✔ 规划器输出 Registry operation 时只保存结构化建议，不写正式 Registry，并由运行时绑定正式 digest (731.322292ms)
✔ 规划器的 proposal 包装会兼容为直接 Registry operation (745.027708ms)
✔ 规划器可一次提交完整 Owner Registry batch 并按最终快照绑定全部 Owner (798.195542ms)
✔ 规划提交只接受当前规划子代理的一次结构化结果 (0.862667ms)
✔ one-shot Planner 在 workflow_plan_submit 时即时校验并允许原线程修正 (2.788833ms)
✔ 计划审查提交只接受当前 Plan Reviewer 的合法结构化结果 (1.109584ms)
✔ 计划 Reviewer 首轮状态非法时自动携带错误重试并保存结构化问题 (718.941375ms)
✔ Reviewer 不能要求 abstract decision 删除必填 Owner 会诊字段，必须重试为 decision (733.295542ms)
✔ Reviewer 判定 needs_split 后，Owner 会诊参与目标节点的递归拆分 (924.205584ms)
✔ Reviewer 判定 needs_decision 后停止自动修订并把问题总结回主线程 (655.293083ms)
✔ awaiting_main_discussion 接收明确 Intent 后可以生成 PlanRevision 候选 (2093.02375ms)
✔ 同类审查问题连续出现时，Runtime 强制 Reviewer 从 needs_revision 升级分类 (547.842333ms)
✔ 冻结义务无进展时由独立 Arbiter 裁决而不是请求用户扩额 (399.472875ms)
✔ Arbiter 可以把 Runtime 已知的 abstract 节点转入拆分而不误判为新问题 (447.367625ms)
✔ 计划修订次数只作遥测，无进展时切换策略而不是请求扩额 (1278.50075ms)
✔ 非法修订候选保留原计划并自动切换恢复策略，修复后继续审查 (1155.876916ms)
✔ 计划修订并发调用复用 single-flight，并用新版超时策略恢复旧 180 秒失败预算 (866.616041ms)
✔ 计划修订拒绝使用不属于当前 planDigest 的旧审查结果 (529.953083ms)
✔ 规划契约失败返回完整 Workflow ID，并在同一现场有界恢复 (2232.164875ms)
✔ Harness agent/status 持久化运行中、空闲和关闭生命周期 (33.556334ms)
✔ one-shot Reviewer 返回结果后立即持久化 closed，不在会话树中伪装成 idle 工作 (24.395125ms)
﹣ 旧版次数驱动 continuable Planner mock（已由证据租约、Arbiter 与完整 Workflow 集成测试替代） (0.103917ms) # SKIP
✔ 完整 Workflow 从预检经过多轮计划审查、Supervisor、Owner 到最终交付 (4971.246292ms)
✔ 取消功能 Workflow 后项目级 Owner Registry 仍被后续 Workflow 直接复用 (1745.470916ms)
✔ 旧 Workflow 中已批准但未进入基础分支的 Registry 会在继续流程时迁移 (908.546375ms)
✔ 新建 Workflow 会先迁移已取消旧 Workflow 中最新获批的固定 Owner (1389.629208ms)
✔ 规划器首轮提交不满足契约时，运行时会带校验错误重试一次 (456.404416ms)
✔ 规划器只选择 Owner ID，Runtime 从正式 Registry 注入完整定义 (537.141458ms)
✔ Planner 伪造宽 scope 不能绕过正式 Registry 的 task.write 边界 (508.566083ms)
✔ handoff 重规划 prompt 只声明 V2 任务计划契约 (498.943083ms)
✔ 规划器不能用未登记 Owner 绕过 Registry 提案审批 (394.008084ms)
✔ Registry 批准要求完全匹配 digest，写入 workflow worktree 并使旧计划审查失效 (711.214292ms)
✔ V2 Registry 批准后的 registry_pending_plan 可以原地重新规划 (950.99475ms)
✔ 运行中任务存在时拒绝 Registry 提案与批准 (294.915625ms)
✔ 主工具公开 cancel 描述且保留 status 旧动作 (153.240459ms)
✔ 旧聚合入口不再暴露或执行计划修订与规划恢复 (122.425584ms)
✔ 旧聚合入口拒绝 start，强制使用带 preflight digest 的单职责工具 (121.490834ms)
✔ workflow_git_inspect 只提供受限 Git 证据且拒绝 .git 内部路径 (308.259625ms)
✔ Owner 结构化请求工具只暴露 request_subgraph 和 request_handoff 的最小字段 (119.688208ms)
✔ 公开 Owner 工具只保留提交关卡、宿主授权桥和结构化协调入口 (119.640667ms)
✔ 主工具 cancel 缺少 workflow_id 时拒绝 (124.729583ms)
✔ 主工具 cancel 返回 cancelled，随后 status 返回 cancelled (370.5625ms)
✔ 主工具只暴露 Registry 审批动作，不保留旧 Owner 直写动作 (0.438167ms)
✔ DSH_PLAN_V1 所有控制桥和外置执行入口拒绝但 status 可读 (927.77675ms)
✔ R05 决定回执经真实 Review 关闭入口消费：orchestrator (943.182875ms)
✔ R05 决定回执经真实 Review 关闭入口消费：user (831.579042ms)
✔ R05 用户确认期间义务版本变化时不记录过期决定 (460.490125ms)
✔ R05 结构展开依据经 Runtime 消费，只关闭结构义务而保留业务验证 (573.855125ms)
✔ R05 pending 候选决定不能借用 active 回执，旧快照不能消费已变化候选 (514.793375ms)
✔ R05 同候选的新决定替代旧回执，取消替代不影响旧决定 (805.017042ms)
✔ R06 真实 Review 会诊固定描述在相同事实下耗尽策略 (1920.389417ms)
✔ R06 真实 Review 会诊交替描述在相同事实下耗尽策略 (1847.473125ms)
✔ R06 真实候选补齐绑定只记一次进展，重复与候选文案变化不续期 (824.129458ms)
✔ R06 文件进展由宿主重新读取，伪造缓存与过期候选没有文件事实 (389.627917ms)
✔ R06 Runner 探针不能凭摘要变化清空策略，真实新文件只恢复一次 (1746.581708ms)
✔ R08 真实 Review 分类与控制路由一致：technical (468.926625ms)
✔ R08 真实 Review 分类与控制路由一致：business (599.544917ms)
✔ R08 真实 Review 分类与控制路由一致：permission (591.913459ms)
✔ R08 真实 Review 分类与控制路由一致：mixed (587.149417ms)
✔ R09 首次待决问题来自冻结用户义务而非 Reviewer 自由文本：permission (480.688917ms)
✔ R09 首次待决问题来自冻结用户义务而非 Reviewer 自由文本：business (630.781334ms)
✔ R09 首次待决问题来自冻结用户义务而非 Reviewer 自由文本：mixed-decision (481.272292ms)
✔ R09 首次待决问题来自冻结用户义务而非 Reviewer 自由文本：mixed-verification (549.113334ms)
✔ R09 Owner 反馈经实际失败入口分类且保留独立任务：technical (467.289625ms)
✔ R09 Owner 反馈经实际失败入口分类且保留独立任务：permission (489.746417ms)
✔ R09 Owner 反馈经实际失败入口分类且保留独立任务：business (492.511917ms)
✔ R09 Owner 反馈接纳拒绝伪造绑定、无依据、外来会话和过期候选 (415.238166ms)
✔ R09 已接纳反馈消费前重新校验当前来源：session (441.507ms)
✔ R09 已接纳反馈消费前重新校验当前来源：attempt (435.262333ms)
✔ R09 已接纳反馈消费前重新校验当前来源：plan (432.84075ms)
✔ R09 已接纳反馈消费前重新校验当前来源：owner (444.277125ms)
✔ R09 同 attempt 的用户反馈幂等保留，不能由后续技术描述降权 (589.662292ms)
✔ R09 Owner 恢复消费当前反馈，换 attempt 后不继承旧用户门禁 (510.884458ms)
✔ R09 已确认权限缺口优先于技术 handoff 策略 (503.163291ms)
✔ R09 已报告用户待决后不能通过 completed 提交越过门禁：permission (452.132792ms)
✔ R09 已报告用户待决后不能通过 completed 提交越过门禁：business (455.839459ms)
✔ R10 真实 Owner 非成功结算保留分类与局部待决：permission-blocked (794.756708ms)
✔ R10 真实 Owner 非成功结算保留分类与局部待决：permission-failed (775.713583ms)
✔ R10 真实 Owner 非成功结算保留分类与局部待决：business-blocked (780.556125ms)
✔ R10 真实 Owner 非成功结算保留分类与局部待决：legacy-blocked (710.80825ms)
✔ R11 预算错误不覆盖当前用户依据：supervisor/permission (431.754958ms)
✔ R11 预算错误不覆盖当前用户依据：supervisor/business (479.664834ms)
✔ R11 预算错误不覆盖当前用户依据：supervisor/technical (450.012042ms)
✔ R11 预算错误不覆盖当前用户依据：supervisor/stale-permission (453.351084ms)
✔ R11 预算错误不覆盖当前用户依据：direct-owner/permission (784.843083ms)
✔ R11 预算错误不覆盖当前用户依据：direct-owner/business (733.568917ms)
✔ R11 预算错误不覆盖当前用户依据：direct-owner/technical (708.528333ms)
✔ R11 预算错误不覆盖当前用户依据：direct-owner/stale-permission (710.426ms)
✔ R11 预算错误不覆盖当前用户依据：recover/permission (443.46175ms)
✔ R11 预算错误不覆盖当前用户依据：recover/business (432.588792ms)
✔ R11 预算错误不覆盖当前用户依据：recover/technical (443.38375ms)
✔ R11 预算错误不覆盖当前用户依据：recover/stale-permission (460.079666ms)
✔ R11 预算错误不覆盖当前用户依据：repeated-recover/permission (526.781833ms)
✔ R11 预算错误不覆盖当前用户依据：repeated-recover/business (444.108917ms)
✔ R11 预算错误不覆盖当前用户依据：repeated-recover/technical (512.348541ms)
✔ R11 预算错误不覆盖当前用户依据：repeated-recover/stale-permission (426.576625ms)
ℹ tests 166
ℹ suites 0
ℹ pass 159
ℹ fail 0
ℹ cancelled 0
ℹ skipped 7
ℹ todo 0
ℹ duration_ms 95421.349125
