TAP version 13
# Subtest: T15 replan admission can originate at first free Owner failure and share its root with an Owner retry
ok 1 - T15 replan admission can originate at first free Owner failure and share its root with an Owner retry
  ---
  duration_ms: 468.843209
  type: 'test'
  ...
# Subtest: T15 replan restart replays reserved call; next ordinal requires a failed matching receipt
ok 2 - T15 replan restart replays reserved call; next ordinal requires a failed matching receipt
  ---
  duration_ms: 431.855458
  type: 'test'
  ...
# Subtest: T15 plan/review/handoff operations cannot reset the source budget by changing step identity
ok 3 - T15 plan/review/handoff operations cannot reset the source budget by changing step identity
  ---
  duration_ms: 321.216875
  type: 'test'
  ...
# Subtest: T15 replan operation rejects skipped ordinals and forged envelope/source fields before saving
ok 4 - T15 replan operation rejects skipped ordinals and forged envelope/source fields before saving
  ---
  duration_ms: 722.257334
  type: 'test'
  ...
# Subtest: T15 mixed admission rejects operation/ledger identity corruption and missing intents
ok 5 - T15 mixed admission rejects operation/ledger identity corruption and missing intents
  ---
  duration_ms: 525.477084
  type: 'test'
  ...
# Subtest: T15 succeeded operation does not authorize the next physical retry
ok 6 - T15 succeeded operation does not authorize the next physical retry
  ---
  duration_ms: 333.303291
  type: 'test'
  ...
# Subtest: T15 cancelled operation does not authorize the next physical retry
ok 7 - T15 cancelled operation does not authorize the next physical retry
  ---
  duration_ms: 378.582708
  type: 'test'
  ...
# Subtest: T15 operation admission retains live-source and user-decision gates
ok 8 - T15 operation admission retains live-source and user-decision gates
  ---
  duration_ms: 308.659958
  type: 'test'
  ...
# Subtest: T15 separate processes replay the same operation reservation without double debit
ok 9 - T15 separate processes replay the same operation reservation without double debit
  ---
  duration_ms: 441.044958
  type: 'test'
  ...
# Subtest: T15 separate Owner/replan reservations compete for one shared last Workflow credit
ok 10 - T15 separate Owner/replan reservations compete for one shared last Workflow credit
  ---
  duration_ms: 450.870417
  type: 'test'
  ...
# Subtest: T15 an operation intent cannot enter the Owner-only session driver
ok 11 - T15 an operation intent cannot enter the Owner-only session driver
  ---
  duration_ms: 244.171375
  type: 'test'
  ...
1..11
# tests 11
# suites 0
# pass 11
# fail 0
# cancelled 0
# skipped 0
# todo 0
# duration_ms 4889.844375
