TAP version 13
# Subtest: T20 persists a bounded owner-failure reservation and returns only a launch-disabled receipt
ok 1 - T20 persists a bounded owner-failure reservation and returns only a launch-disabled receipt
  ---
  duration_ms: 457.444583
  type: 'test'
  ...
# Subtest: T20 reloads the same durable request through a new Runtime without rebilling or changing identity
ok 2 - T20 reloads the same durable request through a new Runtime without rebilling or changing identity
  ---
  duration_ms: 388.547792
  type: 'test'
  ...
# Subtest: T20 derives A/B/A from persisted strategy, keeping one root but distinct durable requests
ok 3 - T20 derives A/B/A from persisted strategy, keeping one root but distinct durable requests
  ---
  duration_ms: 462.172333
  type: 'test'
  ...
# Subtest: T20 rejects forged request fields and incorrect source binding without creating a recovery account
ok 4 - T20 rejects forged request fields and incorrect source binding without creating a recovery account
  ---
  duration_ms: 503.895292
  type: 'test'
  ...
# Subtest: T20 rejects a missing strategy and owner-failure records that no longer describe a failed technical task
ok 5 - T20 rejects a missing strategy and owner-failure records that no longer describe a failed technical task
  ---
  duration_ms: 333.782417
  type: 'test'
  ...
# Subtest: T20 admits only a live technical obligation and preserves the user-authority boundary
ok 6 - T20 admits only a live technical obligation and preserves the user-authority boundary
  ---
  duration_ms: 588.713292
  type: 'test'
  ...
# Subtest: T20 makes approval, current plan digest, cancellation, malformed state, and absent config hard wrapper gates
ok 7 - T20 makes approval, current plan digest, cancellation, malformed state, and absent config hard wrapper gates
  ---
  duration_ms: 528.066708
  type: 'test'
  ...
# Subtest: T20 rejects changed limits after accounting begins and never returns a receipt when the first save cannot commit
ok 8 - T20 rejects changed limits after accounting begins and never returns a receipt when the first save cannot commit
  ---
  duration_ms: 775.181292
  type: 'test'
  ...
# Subtest: T20 cross-process distinct requests consume the final workflow credit once
ok 9 - T20 cross-process distinct requests consume the final workflow credit once
  ---
  duration_ms: 932.438792
  type: 'test'
  ...
# Subtest: T20 cross-process competition for one request yields one receipt identity and one debit
ok 10 - T20 cross-process competition for one request yields one receipt identity and one debit
  ---
  duration_ms: 681.834041
  type: 'test'
  ...
# Subtest: R15 next failed executions with the same strategy inherit the root and persist replay across Runtime restarts
ok 11 - R15 next failed executions with the same strategy inherit the root and persist replay across Runtime restarts
  ---
  duration_ms: 812.9835
  type: 'test'
  ...
# Subtest: R15 rejects missing, wrong, and unknown continuation bindings without changing the saved revision or budget
    # Subtest: missing
    ok 1 - missing
      ---
      duration_ms: 36.589125
      type: 'test'
      ...
    # Subtest: contract
    ok 2 - contract
      ---
      duration_ms: 37.405583
      type: 'test'
      ...
    # Subtest: sourceId
    ok 3 - sourceId
      ---
      duration_ms: 42.924208
      type: 'test'
      ...
    # Subtest: rootProblemId
    ok 4 - rootProblemId
      ---
      duration_ms: 50.055334
      type: 'test'
      ...
    # Subtest: requestId
    ok 5 - requestId
      ---
      duration_ms: 30.232792
      type: 'test'
      ...
    # Subtest: attemptId
    ok 6 - attemptId
      ---
      duration_ms: 34.634041
      type: 'test'
      ...
    # Subtest: taskId
    ok 7 - taskId
      ---
      duration_ms: 31.769875
      type: 'test'
      ...
    # Subtest: ownerId
    ok 8 - ownerId
      ---
      duration_ms: 31.395917
      type: 'test'
      ...
    # Subtest: planDigest
    ok 9 - planDigest
      ---
      duration_ms: 39.376292
      type: 'test'
      ...
    # Subtest: identity sessionId
    ok 10 - identity sessionId
      ---
      duration_ms: 39.677875
      type: 'test'
      ...
    # Subtest: identity promptId
    ok 11 - identity promptId
      ---
      duration_ms: 34.08475
      type: 'test'
      ...
    # Subtest: run attempt
    ok 12 - run attempt
      ---
      duration_ms: 35.327417
      type: 'test'
      ...
    # Subtest: run session
    ok 13 - run session
      ---
      duration_ms: 37.498125
      type: 'test'
      ...
    # Subtest: unknown field
    ok 14 - unknown field
      ---
      duration_ms: 34.610625
      type: 'test'
      ...
    # Subtest: execution receipt
    ok 15 - execution receipt
      ---
      duration_ms: 33.401083
      type: 'test'
      ...
    # Subtest: result receipt
    ok 16 - result receipt
      ---
      duration_ms: 34.929958
      type: 'test'
      ...
    1..16
ok 12 - R15 rejects missing, wrong, and unknown continuation bindings without changing the saved revision or budget
  ---
  duration_ms: 976.492625
  type: 'test'
  ...
# Subtest: R15 rejects a predecessor that never started
ok 13 - R15 rejects a predecessor that never started
  ---
  duration_ms: 356.539709
  type: 'test'
  ...
# Subtest: R15 rejects a predecessor that still running
ok 14 - R15 rejects a predecessor that still running
  ---
  duration_ms: 346.984292
  type: 'test'
  ...
# Subtest: R15 rejects a predecessor that succeeded
ok 15 - R15 rejects a predecessor that succeeded
  ---
  duration_ms: 344.55425
  type: 'test'
  ...
# Subtest: R15 rejects a predecessor that cancelled
ok 16 - R15 rejects a predecessor that cancelled
  ---
  duration_ms: 388.955875
  type: 'test'
  ...
# Subtest: R15 continuation cannot reset exhausted problem credit
ok 17 - R15 continuation cannot reset exhausted problem credit
  ---
  duration_ms: 404.353083
  type: 'test'
  ...
# Subtest: R15 continuation cannot reset exhausted workflow credit
ok 18 - R15 continuation cannot reset exhausted workflow credit
  ---
  duration_ms: 341.06825
  type: 'test'
  ...
# Subtest: R15 a settled execution cannot be reused as a differently numbered successor; saved chain and missing edges fail closed
    # Subtest: renumber the same execution
    ok 1 - renumber the same execution
      ---
      duration_ms: 32.6215
      type: 'test'
      ...
    # Subtest: drop current continuation
    ok 2 - drop current continuation
      ---
      duration_ms: 34.500417
      type: 'test'
      ...
    # Subtest: drop historical edge
    ok 3 - drop historical edge
      ---
      duration_ms: 30.37825
      type: 'test'
      ...
    # Subtest: redirect historical parent
    ok 4 - redirect historical parent
      ---
      duration_ms: 28.840333
      type: 'test'
      ...
    # Subtest: redirect successor root
    ok 5 - redirect successor root
      ---
      duration_ms: 29.967708
      type: 'test'
      ...
    1..5
ok 19 - R15 a settled execution cannot be reused as a differently numbered successor; saved chain and missing edges fail closed
  ---
  duration_ms: 510.8425
  type: 'test'
  ...
# Subtest: R15 concurrent continuation calls from separate processes share one successor receipt and one debit
ok 20 - R15 concurrent continuation calls from separate processes share one successor receipt and one debit
  ---
  duration_ms: 693.581083
  type: 'test'
  ...
# Subtest: R15 a technical obligation recovery can produce a failed Owner continuation under its original root
ok 21 - R15 a technical obligation recovery can produce a failed Owner continuation under its original root
  ---
  duration_ms: 347.974375
  type: 'test'
  ...
# Subtest: R15 derived source retains A/B/A replay without erasing the continuation edge
ok 22 - R15 derived source retains A/B/A replay without erasing the continuation edge
  ---
  duration_ms: 475.26575
  type: 'test'
  ...
# Subtest: T15 replan admission can originate at first free Owner failure and share its root with an Owner retry
ok 23 - T15 replan admission can originate at first free Owner failure and share its root with an Owner retry
  ---
  duration_ms: 394.53825
  type: 'test'
  ...
# Subtest: T15 replan restart replays reserved call; next ordinal requires a failed matching receipt
ok 24 - T15 replan restart replays reserved call; next ordinal requires a failed matching receipt
  ---
  duration_ms: 492.904458
  type: 'test'
  ...
# Subtest: T15 plan/review/handoff operations cannot reset the source budget by changing step identity
ok 25 - T15 plan/review/handoff operations cannot reset the source budget by changing step identity
  ---
  duration_ms: 510.846833
  type: 'test'
  ...
# Subtest: T15 replan operation rejects skipped ordinals and forged envelope/source fields before saving
ok 26 - T15 replan operation rejects skipped ordinals and forged envelope/source fields before saving
  ---
  duration_ms: 560.194
  type: 'test'
  ...
# Subtest: T15 mixed admission rejects operation/ledger identity corruption and missing intents
ok 27 - T15 mixed admission rejects operation/ledger identity corruption and missing intents
  ---
  duration_ms: 526.100541
  type: 'test'
  ...
# Subtest: T15 succeeded operation does not authorize the next physical retry
ok 28 - T15 succeeded operation does not authorize the next physical retry
  ---
  duration_ms: 359.916125
  type: 'test'
  ...
# Subtest: T15 cancelled operation does not authorize the next physical retry
ok 29 - T15 cancelled operation does not authorize the next physical retry
  ---
  duration_ms: 376.026875
  type: 'test'
  ...
# Subtest: T15 operation admission retains live-source and user-decision gates
ok 30 - T15 operation admission retains live-source and user-decision gates
  ---
  duration_ms: 417.860459
  type: 'test'
  ...
# Subtest: T15 separate processes replay the same operation reservation without double debit
ok 31 - T15 separate processes replay the same operation reservation without double debit
  ---
  duration_ms: 708.010667
  type: 'test'
  ...
# Subtest: T15 separate Owner/replan reservations compete for one shared last Workflow credit
ok 32 - T15 separate Owner/replan reservations compete for one shared last Workflow credit
  ---
  duration_ms: 616.634
  type: 'test'
  ...
# Subtest: T15 an operation intent cannot enter the Owner-only session driver
ok 33 - T15 an operation intent cannot enter the Owner-only session driver
  ---
  duration_ms: 375.614041
  type: 'test'
  ...
# Subtest: T15 replan after a paid Owner failure inherits the admitted predecessor root
ok 34 - T15 replan after a paid Owner failure inherits the admitted predecessor root
  ---
  duration_ms: 387.370583
  type: 'test'
  ...
# Subtest: T15 replan accepts a live technical obligation but cannot charge a user decision
ok 35 - T15 replan accepts a live technical obligation but cannot charge a user decision
  ---
  duration_ms: 385.454791
  type: 'test'
  ...
# Subtest: T15 a running or mismatched failed operation receipt cannot authorize a new ordinal
ok 36 - T15 a running or mismatched failed operation receipt cannot authorize a new ordinal
  ---
  duration_ms: 457.2715
  type: 'test'
  ...
1..36
# tests 57
# suites 0
# pass 57
# fail 0
# cancelled 0
# skipped 0
# todo 0
# duration_ms 18532.106667
