TAP version 13
# Subtest: T22 source-plane JSONL observes exactly one completed reserved prompt without writes
ok 1 - T22 source-plane JSONL observes exactly one completed reserved prompt without writes
  ---
  duration_ms: 1132.475125
  type: 'test'
  ...
# Subtest: T22 source-plane JSONL distinguishes no artifact from one durable idle inbox prompt
ok 2 - T22 source-plane JSONL distinguishes no artifact from one durable idle inbox prompt
  ---
  duration_ms: 553.499375
  type: 'test'
  ...
# Subtest: T22 raw inspection pauses on duplicate input and malformed physical rows without re-sending
ok 3 - T22 raw inspection pauses on duplicate input and malformed physical rows without re-sending
  ---
  duration_ms: 958.100958
  type: 'test'
  ...
# Subtest: T22 Runtime rejects wrong reservation binding and pauses the unready producer before session effects
ok 4 - T22 Runtime rejects wrong reservation binding and pauses the unready producer before session effects
  ---
  duration_ms: 371.053083
  type: 'test'
  ...
# Subtest: T22 refuses a real JSONL backend configured with compression before any read or retry
ok 5 - T22 refuses a real JSONL backend configured with compression before any read or retry
  ---
  duration_ms: 353.203167
  type: 'test'
  ...
# Subtest: F16 maps real same-process and independent-runtime Owner lease conflicts to a non-mutating pause
ok 6 - F16 maps real same-process and independent-runtime Owner lease conflicts to a non-mutating pause
  ---
  duration_ms: 1658.8665
  type: 'test'
  ...
# Subtest: F16 maps a real lease directory still initializing to a non-mutating pause
ok 7 - F16 maps a real lease directory still initializing to a non-mutating pause
  ---
  duration_ms: 493.337417
  type: 'test'
  ...
# Subtest: F16 leaves ordinary lease I/O errors and caller cancellation as rejections
ok 8 - F16 leaves ordinary lease I/O errors and caller cancellation as rejections
  ---
  duration_ms: 663.753708
  type: 'test'
  ...
# Subtest: T22 starts the reserved Owner once, settles its real failed submission, and never rewrites the frozen instruction
ok 9 - T22 starts the reserved Owner once, settles its real failed submission, and never rewrites the frozen instruction
  ---
  duration_ms: 1602.824292
  type: 'test'
  ...
# Subtest: T22 settles a real completed Owner only after owner-sync and finishOwner, then replays the T13 succeeded receipt read-only
ok 10 - T22 settles a real completed Owner only after owner-sync and finishOwner, then replays the T13 succeeded receipt read-only
  ---
  duration_ms: 4118.624417
  type: 'test'
  ...
# Subtest: T22 cannot report succeeded while a real owner-submit result is awaiting finishOwner
ok 11 - T22 cannot report succeeded while a real owner-submit result is awaiting finishOwner
  ---
  duration_ms: 3628.45325
  type: 'test'
  ...
# Subtest: T22 L1 create failure preserves reservation without sending and releases any created handle
ok 12 - T22 L1 create failure preserves reservation without sending and releases any created handle
  ---
  duration_ms: 1212.478416
  type: 'test'
  ...
# Subtest: T22 L1 bind failure preserves reservation without sending and releases any created handle
ok 13 - T22 L1 bind failure preserves reservation without sending and releases any created handle
  ---
  duration_ms: 1168.258542
  type: 'test'
  ...
# Subtest: T22 L2 real blocked outcome cannot settle or authorize another execution
ok 14 - T22 L2 real blocked outcome cannot settle or authorize another execution
  ---
  duration_ms: 1520.711333
  type: 'test'
  ...
# Subtest: T22 L2 real handoff outcome cannot settle or authorize another execution
ok 15 - T22 L2 real handoff outcome cannot settle or authorize another execution
  ---
  duration_ms: 1401.397792
  type: 'test'
  ...
# Subtest: T22 L2 real no_submit outcome cannot settle or authorize another execution
ok 16 - T22 L2 real no_submit outcome cannot settle or authorize another execution
  ---
  duration_ms: 1267.319958
  type: 'test'
  ...
# Subtest: T22 L2 real PlanRevision pending_check cannot settle the prior recovery intent
ok 17 - T22 L2 real PlanRevision pending_check cannot settle the prior recovery intent
  ---
  duration_ms: 2653.549541
  type: 'test'
  ...
# Subtest: T22 L3 Runtime safely consumes preparing evidence without execution or settlement
ok 18 - T22 L3 Runtime safely consumes preparing evidence without execution or settlement
  ---
  duration_ms: 438.278708
  type: 'test'
  ...
# Subtest: T22 L3 Runtime safely consumes creating evidence without execution or settlement
ok 19 - T22 L3 Runtime safely consumes creating evidence without execution or settlement
  ---
  duration_ms: 300.867125
  type: 'test'
  ...
# Subtest: T22 L3 Runtime safely consumes pending evidence without execution or settlement
ok 20 - T22 L3 Runtime safely consumes pending evidence without execution or settlement
  ---
  duration_ms: 323.119167
  type: 'test'
  ...
# Subtest: T22 L3 Runtime safely consumes running evidence without execution or settlement
ok 21 - T22 L3 Runtime safely consumes running evidence without execution or settlement
  ---
  duration_ms: 322.262041
  type: 'test'
  ...
# Subtest: T22 L3 Runtime safely consumes terminal evidence without execution or settlement
ok 22 - T22 L3 Runtime safely consumes terminal evidence without execution or settlement
  ---
  duration_ms: 294.056458
  type: 'test'
  ...
# Subtest: T22 L3 Runtime safely consumes interrupted evidence without execution or settlement
ok 23 - T22 L3 Runtime safely consumes interrupted evidence without execution or settlement
  ---
  duration_ms: 342.406542
  type: 'test'
  ...
# Subtest: T22 L3 Runtime safely consumes old_plan evidence without execution or settlement
ok 24 - T22 L3 Runtime safely consumes old_plan evidence without execution or settlement
  ---
  duration_ms: 485.824875
  type: 'test'
  ...
# Subtest: T22 L3 Runtime safely consumes old_attempt evidence without execution or settlement
ok 25 - T22 L3 Runtime safely consumes old_attempt evidence without execution or settlement
  ---
  duration_ms: 498.924333
  type: 'test'
  ...
# Subtest: T22 L3 Runtime safely consumes old_lease evidence without execution or settlement
ok 26 - T22 L3 Runtime safely consumes old_lease evidence without execution or settlement
  ---
  duration_ms: 573.352709
  type: 'test'
  ...
# Subtest: T22 L4 paused recovery leaves an independent Owner runnable in the same Runtime and ledger
ok 27 - T22 L4 paused recovery leaves an independent Owner runnable in the same Runtime and ledger
  ---
  duration_ms: 5286.436167
  type: 'test'
  ...
1..27
# tests 27
# suites 0
# pass 27
# fail 0
# cancelled 0
# skipped 0
# todo 0
# duration_ms 33839.364625
