TAP version 13
# Subtest: T20 persists a bounded owner-failure reservation and returns only a launch-disabled receipt
ok 1 - T20 persists a bounded owner-failure reservation and returns only a launch-disabled receipt
  ---
  duration_ms: 265.151583
  type: 'test'
  ...
# Subtest: T20 reloads the same durable request through a new Runtime without rebilling or changing identity
ok 2 - T20 reloads the same durable request through a new Runtime without rebilling or changing identity
  ---
  duration_ms: 288.829333
  type: 'test'
  ...
# Subtest: T20 derives A/B/A from persisted strategy, keeping one root but distinct durable requests
ok 3 - T20 derives A/B/A from persisted strategy, keeping one root but distinct durable requests
  ---
  duration_ms: 343.227083
  type: 'test'
  ...
# Subtest: T20 rejects forged request fields and incorrect source binding without creating a recovery account
ok 4 - T20 rejects forged request fields and incorrect source binding without creating a recovery account
  ---
  duration_ms: 529.8695
  type: 'test'
  ...
# Subtest: T20 rejects a missing strategy and owner-failure records that no longer describe a failed technical task
ok 5 - T20 rejects a missing strategy and owner-failure records that no longer describe a failed technical task
  ---
  duration_ms: 293.081084
  type: 'test'
  ...
# Subtest: T20 admits only a live technical obligation and preserves the user-authority boundary
ok 6 - T20 admits only a live technical obligation and preserves the user-authority boundary
  ---
  duration_ms: 574.6405
  type: 'test'
  ...
# Subtest: T20 makes approval, current plan digest, cancellation, malformed state, and absent config hard wrapper gates
ok 7 - T20 makes approval, current plan digest, cancellation, malformed state, and absent config hard wrapper gates
  ---
  duration_ms: 403.968542
  type: 'test'
  ...
# Subtest: T20 rejects changed limits after accounting begins and never returns a receipt when the first save cannot commit
ok 8 - T20 rejects changed limits after accounting begins and never returns a receipt when the first save cannot commit
  ---
  duration_ms: 567.093916
  type: 'test'
  ...
# Subtest: T20 cross-process distinct requests consume the final workflow credit once
ok 9 - T20 cross-process distinct requests consume the final workflow credit once
  ---
  duration_ms: 475.1275
  type: 'test'
  ...
# Subtest: T20 cross-process competition for one request yields one receipt identity and one debit
ok 10 - T20 cross-process competition for one request yields one receipt identity and one debit
  ---
  duration_ms: 492.205459
  type: 'test'
  ...
# Subtest: R15 next failed executions with the same strategy inherit the root and persist replay across Runtime restarts
ok 11 - R15 next failed executions with the same strategy inherit the root and persist replay across Runtime restarts
  ---
  duration_ms: 445.132917
  type: 'test'
  ...
# Subtest: R15 rejects missing, wrong, and unknown continuation bindings without changing the saved revision or budget
    # Subtest: missing
    ok 1 - missing
      ---
      duration_ms: 25.182958
      type: 'test'
      ...
    # Subtest: contract
    ok 2 - contract
      ---
      duration_ms: 28.636875
      type: 'test'
      ...
    # Subtest: sourceId
    ok 3 - sourceId
      ---
      duration_ms: 30.105542
      type: 'test'
      ...
    # Subtest: rootProblemId
    ok 4 - rootProblemId
      ---
      duration_ms: 26.844167
      type: 'test'
      ...
    # Subtest: requestId
    ok 5 - requestId
      ---
      duration_ms: 27.990416
      type: 'test'
      ...
    # Subtest: attemptId
    ok 6 - attemptId
      ---
      duration_ms: 34.551375
      type: 'test'
      ...
    # Subtest: taskId
    ok 7 - taskId
      ---
      duration_ms: 29.388917
      type: 'test'
      ...
    # Subtest: ownerId
    ok 8 - ownerId
      ---
      duration_ms: 27.568083
      type: 'test'
      ...
    # Subtest: planDigest
    ok 9 - planDigest
      ---
      duration_ms: 29.805583
      type: 'test'
      ...
    # Subtest: identity sessionId
    ok 10 - identity sessionId
      ---
      duration_ms: 24.880083
      type: 'test'
      ...
    # Subtest: identity promptId
    ok 11 - identity promptId
      ---
      duration_ms: 28.080541
      type: 'test'
      ...
    # Subtest: run attempt
    ok 12 - run attempt
      ---
      duration_ms: 29.057916
      type: 'test'
      ...
    # Subtest: run session
    ok 13 - run session
      ---
      duration_ms: 27.470625
      type: 'test'
      ...
    # Subtest: unknown field
    ok 14 - unknown field
      ---
      duration_ms: 27.45075
      type: 'test'
      ...
    # Subtest: execution receipt
    ok 15 - execution receipt
      ---
      duration_ms: 31.567875
      type: 'test'
      ...
    # Subtest: result receipt
    ok 16 - result receipt
      ---
      duration_ms: 29.994333
      type: 'test'
      ...
    1..16
ok 12 - R15 rejects missing, wrong, and unknown continuation bindings without changing the saved revision or budget
  ---
  duration_ms: 699.001958
  type: 'test'
  ...
# Subtest: R15 rejects a predecessor that never started
ok 13 - R15 rejects a predecessor that never started
  ---
  duration_ms: 281.094625
  type: 'test'
  ...
# Subtest: R15 rejects a predecessor that still running
ok 14 - R15 rejects a predecessor that still running
  ---
  duration_ms: 254.422792
  type: 'test'
  ...
# Subtest: R15 rejects a predecessor that succeeded
ok 15 - R15 rejects a predecessor that succeeded
  ---
  duration_ms: 267.310375
  type: 'test'
  ...
# Subtest: R15 rejects a predecessor that cancelled
ok 16 - R15 rejects a predecessor that cancelled
  ---
  duration_ms: 266.677333
  type: 'test'
  ...
# Subtest: R15 continuation cannot reset exhausted problem credit
ok 17 - R15 continuation cannot reset exhausted problem credit
  ---
  duration_ms: 261.9105
  type: 'test'
  ...
# Subtest: R15 continuation cannot reset exhausted workflow credit
ok 18 - R15 continuation cannot reset exhausted workflow credit
  ---
  duration_ms: 321.96875
  type: 'test'
  ...
# Subtest: R15 a settled execution cannot be reused as a differently numbered successor; saved chain and missing edges fail closed
    # Subtest: renumber the same execution
    ok 1 - renumber the same execution
      ---
      duration_ms: 29.178875
      type: 'test'
      ...
    # Subtest: drop current continuation
    ok 2 - drop current continuation
      ---
      duration_ms: 29.047458
      type: 'test'
      ...
    # Subtest: drop historical edge
    ok 3 - drop historical edge
      ---
      duration_ms: 26.48125
      type: 'test'
      ...
    # Subtest: redirect historical parent
    ok 4 - redirect historical parent
      ---
      duration_ms: 29.456917
      type: 'test'
      ...
    # Subtest: redirect successor root
    ok 5 - redirect successor root
      ---
      duration_ms: 26.535291
      type: 'test'
      ...
    1..5
ok 19 - R15 a settled execution cannot be reused as a differently numbered successor; saved chain and missing edges fail closed
  ---
  duration_ms: 420.049
  type: 'test'
  ...
# Subtest: R15 concurrent continuation calls from separate processes share one successor receipt and one debit
ok 20 - R15 concurrent continuation calls from separate processes share one successor receipt and one debit
  ---
  duration_ms: 596.163083
  type: 'test'
  ...
# Subtest: R15 a technical obligation recovery can produce a failed Owner continuation under its original root
ok 21 - R15 a technical obligation recovery can produce a failed Owner continuation under its original root
  ---
  duration_ms: 289.748542
  type: 'test'
  ...
# Subtest: R15 derived source retains A/B/A replay without erasing the continuation edge
ok 22 - R15 derived source retains A/B/A replay without erasing the continuation edge
  ---
  duration_ms: 326.663666
  type: 'test'
  ...
1..22
# tests 43
# suites 0
# pass 43
# fail 0
# cancelled 0
# skipped 0
# todo 0
# duration_ms 8876.451542
