TAP version 13
# Subtest: T15 whole-workflow recovery preserves failed source and queues a budgeted Supervisor execution
ok 1 - T15 whole-workflow recovery preserves failed source and queues a budgeted Supervisor execution
  ---
  duration_ms: 2057.455416
  type: 'test'
  ...
# Subtest: T15 whole-workflow recovery keeps typed user decisions ahead of handoff and bulk requeue
ok 2 - T15 whole-workflow recovery keeps typed user decisions ahead of handoff and bulk requeue
  ---
  duration_ms: 612.494833
  type: 'test'
  ...
# Subtest: T15 whole-workflow finishable recovery cannot bypass an unsettled session
ok 3 - T15 whole-workflow finishable recovery cannot bypass an unsettled session
  ---
  duration_ms: 2413.802292
  type: 'test'
  ...
# Subtest: T15 whole-workflow pending_merge recovery cannot bypass an unsettled session
ok 4 - T15 whole-workflow pending_merge recovery cannot bypass an unsettled session
  ---
  duration_ms: 2560.294792
  type: 'test'
  ...
# Subtest: T15 whole-workflow missing configuration cannot fall back to legacy recovery
ok 5 - T15 whole-workflow missing configuration cannot fall back to legacy recovery
  ---
  duration_ms: 443.964709
  type: 'test'
  ...
1..5
# tests 5
# suites 0
# pass 5
# fail 0
# cancelled 0
# skipped 0
# todo 0
# duration_ms 8243.390708
