TAP version 13
# Subtest: T15 recoverOwner admits before restarting a failed workflow and enforces the next credit limit
ok 1 - T15 recoverOwner admits before restarting a failed workflow and enforces the next credit limit
  ---
  duration_ms: 1470.621167
  type: 'test'
  ...
# Subtest: T15 direct failed Owner start cannot bypass durable recovery admission
ok 2 - T15 direct failed Owner start cannot bypass durable recovery admission
  ---
  duration_ms: 417.997792
  type: 'test'
  ...
# Subtest: T15 missing_config cannot silently fall back to legacy execution
ok 3 - T15 missing_config cannot silently fall back to legacy execution
  ---
  duration_ms: 413.1615
  type: 'test'
  ...
# Subtest: T15 unknown_protocol cannot silently fall back to legacy execution
ok 4 - T15 unknown_protocol cannot silently fall back to legacy execution
  ---
  duration_ms: 412.28375
  type: 'test'
  ...
# Subtest: T15 invalid_config cannot silently fall back to legacy execution
ok 5 - T15 invalid_config cannot silently fall back to legacy execution
  ---
  duration_ms: 430.958792
  type: 'test'
  ...
# Subtest: T15 explicit user decision takes priority over spending recovery credit
ok 6 - T15 explicit user decision takes priority over spending recovery credit
  ---
  duration_ms: 415.879084
  type: 'test'
  ...
# Subtest: T15 existing uncertain recovery is reconciled without another reservation or prompt
ok 7 - T15 existing uncertain recovery is reconciled without another reservation or prompt
  ---
  duration_ms: 845.793375
  type: 'test'
  ...
# Subtest: T15 subsequent real failed result inherits the same root and consumes only its next attempt
ok 8 - T15 subsequent real failed result inherits the same root and consumes only its next attempt
  ---
  duration_ms: 1251.610542
  type: 'test'
  ...
# Subtest: T15 public background recovery persists and delivers a newly classified user decision
ok 9 - T15 public background recovery persists and delivers a newly classified user decision
  ---
  duration_ms: 522.00375
  type: 'test'
  ...
# Subtest: T15 unresolved handoff before admission prevents execution
ok 10 - T15 unresolved handoff before admission prevents execution
  ---
  duration_ms: 392.640334
  type: 'test'
  ...
# Subtest: T15 unresolved handoff appearing after admission prevents execution
ok 11 - T15 unresolved handoff appearing after admission prevents execution
  ---
  duration_ms: 427.558875
  type: 'test'
  ...
# Subtest: T15 protected ordinary awaiting_finish result can finish without a recovery debit
ok 12 - T15 protected ordinary awaiting_finish result can finish without a recovery debit
  ---
  duration_ms: 2063.5665
  type: 'test'
  ...
# Subtest: T15 protected ordinary committed result can finish without a recovery debit
ok 13 - T15 protected ordinary committed result can finish without a recovery debit
  ---
  duration_ms: 2001.793542
  type: 'test'
  ...
# Subtest: T15 protected PlanRevision abort with no Owner record keeps the reset path
ok 14 - T15 protected PlanRevision abort with no Owner record keeps the reset path
  ---
  duration_ms: 436.823916
  type: 'test'
  ...
# Subtest: T15 stale finish-only snapshot cannot send a newly failed record through legacy recovery
ok 15 - T15 stale finish-only snapshot cannot send a newly failed record through legacy recovery
  ---
  duration_ms: 395.742125
  type: 'test'
  ...
# Subtest: T15 authority before_reserve reaches the main outbox through public background recovery
ok 16 - T15 authority before_reserve reaches the main outbox through public background recovery
  ---
  duration_ms: 449.41575
  type: 'test'
  ...
# Subtest: T15 authority before_reserve_with_handoff reaches the main outbox through public background recovery
ok 17 - T15 authority before_reserve_with_handoff reaches the main outbox through public background recovery
  ---
  duration_ms: 726.376958
  type: 'test'
  ...
# Subtest: T15 authority after_reserve reaches the main outbox through public background recovery
ok 18 - T15 authority after_reserve reaches the main outbox through public background recovery
  ---
  duration_ms: 571.40225
  type: 'test'
  ...
# Subtest: T15 authority source becoming running cannot be overwritten by a stale recovery
ok 19 - T15 authority source becoming running cannot be overwritten by a stale recovery
  ---
  duration_ms: 434.828209
  type: 'test'
  ...
# Subtest: T15 authority source becoming new_attempt cannot be overwritten by a stale recovery
ok 20 - T15 authority source becoming new_attempt cannot be overwritten by a stale recovery
  ---
  duration_ms: 418.554
  type: 'test'
  ...
# Subtest: T15 an ordinary error resembling authority refusal is not converted to a user decision
ok 21 - T15 an ordinary error resembling authority refusal is not converted to a user decision
  ---
  duration_ms: 396.875
  type: 'test'
  ...
# Subtest: T15 authority refusal for a now-running source pauses without rewriting the live Owner
ok 22 - T15 authority refusal for a now-running source pauses without rewriting the live Owner
  ---
  duration_ms: 427.924416
  type: 'test'
  ...
# Subtest: T15 real Supervisor initial failure and retry preserve source, enforce credit, and allow independent initial work
ok 23 - T15 real Supervisor initial failure and retry preserve source, enforce credit, and allow independent initial work
  ---
  duration_ms: 3726.69825
  type: 'test'
  ...
# Subtest: T15 real Supervisor recovery completes only after the actual successful settlement
ok 24 - T15 real Supervisor recovery completes only after the actual successful settlement
  ---
  duration_ms: 2205.648292
  type: 'test'
  ...
# Subtest: T15 Supervisor replays an unsettled session as paused without another launch or fabricated completion
ok 25 - T15 Supervisor replays an unsettled session as paused without another launch or fabricated completion
  ---
  duration_ms: 1033.548083
  type: 'test'
  ...
# Subtest: T15 Supervisor authority pause is not completed and persists the main notification without spending
ok 26 - T15 Supervisor authority pause is not completed and persists the main notification without spending
  ---
  duration_ms: 540.99925
  type: 'test'
  ...
# Subtest: T15 Supervisor does not infer recovery settlement from an actual integrated Git result
ok 27 - T15 Supervisor does not infer recovery settlement from an actual integrated Git result
  ---
  duration_ms: 2438.432083
  type: 'test'
  ...
# Subtest: T15 Supervisor reserved recovery slot cannot generate phantom Owner execution timeouts
ok 28 - T15 Supervisor reserved recovery slot cannot generate phantom Owner execution timeouts
  ---
  duration_ms: 476.322625
  type: 'test'
  ...
# Subtest: T15 whole-workflow recovery preserves failed source and queues a budgeted Supervisor execution
ok 29 - T15 whole-workflow recovery preserves failed source and queues a budgeted Supervisor execution
  ---
  duration_ms: 927.962542
  type: 'test'
  ...
# Subtest: T15 whole-workflow recovery keeps typed user decisions ahead of handoff and bulk requeue
ok 30 - T15 whole-workflow recovery keeps typed user decisions ahead of handoff and bulk requeue
  ---
  duration_ms: 488.110458
  type: 'test'
  ...
# Subtest: T15 whole-workflow finishable recovery cannot bypass an unsettled session
ok 31 - T15 whole-workflow finishable recovery cannot bypass an unsettled session
  ---
  duration_ms: 2161.729625
  type: 'test'
  ...
# Subtest: T15 whole-workflow pending_merge recovery cannot bypass an unsettled session
ok 32 - T15 whole-workflow pending_merge recovery cannot bypass an unsettled session
  ---
  duration_ms: 2379.883292
  type: 'test'
  ...
# Subtest: T15 whole-workflow missing configuration cannot fall back to legacy recovery
ok 33 - T15 whole-workflow missing configuration cannot fall back to legacy recovery
  ---
  duration_ms: 371.349792
  type: 'test'
  ...
# Subtest: T15 whole-workflow unknown Owner source is not rewritten into a free initial launch
ok 34 - T15 whole-workflow unknown Owner source is not rewritten into a free initial launch
  ---
  duration_ms: 375.385417
  type: 'test'
  ...
1..34
# tests 34
# suites 0
# pass 34
# fail 0
# cancelled 0
# skipped 0
# todo 0
# duration_ms 32609.4465
