TAP version 13
# Subtest: T15 actual Runner rebuilds a handoff candidate without ordinary Intents or deleting its source
ok 1 - T15 actual Runner rebuilds a handoff candidate without ordinary Intents or deleting its source
  ---
  duration_ms: 4728.518792
  type: 'test'
  ...
# Subtest: T15 failed rebuilt Planner keeps the reviewed predecessor and next ordinal uses the same root
ok 2 - T15 failed rebuilt Planner keeps the reviewed predecessor and next ordinal uses the same root
  ---
  duration_ms: 4122.28475
  type: 'test'
  ...
# Subtest: T15 exhausted rebuild preserves the predecessor and starts no Planner
ok 3 - T15 exhausted rebuild preserves the predecessor and starts no Planner
  ---
  duration_ms: 2262.498708
  type: 'test'
  ...
# Subtest: T15 changing the settled Review record prevents a new recovery Planner
ok 4 - T15 changing the settled Review record prevents a new recovery Planner
  ---
  duration_ms: 1821.222542
  type: 'test'
  ...
# Subtest: T15 predecessor changed during real rebuild cannot be replaced by the late Planner result
ok 5 - T15 predecessor changed during real rebuild cannot be replaced by the late Planner result
  ---
  duration_ms: 1954.631792
  type: 'test'
  ...
# Subtest: T15 rebuilt candidate inherits open evidence obligations even when its Reviewer returns passed
ok 6 - T15 rebuilt candidate inherits open evidence obligations even when its Reviewer returns passed
  ---
  duration_ms: 2183.6125
  type: 'test'
  ...
1..6
# tests 6
# suites 0
# pass 6
# fail 0
# cancelled 0
# skipped 0
# todo 0
# duration_ms 17366.497708
