✔ local replanning rejects unrelated changes and preserves a completed independent task (82.899584ms)
✔ revision boundary includes recursive consumers, source changes, and explicit verification changes (15.315084ms)
✔ task execution identity ignores global verification definition order but binds each full definition (1.362459ms)
✔ reviewed source and unrelated Owner scope revisions preserve a legacy task identity and its dispatch contract (35.046375ms)
✔ a legacy in-flight attempt without exact persisted Owner action facts cannot be carried forward (5.072667ms)
✔ a reviewer persists an obligation outside the revision boundary and returns it to the root without a repair loop (5.126958ms)
✔ a Planner reports two out-of-bound Ticket consumers and the root formally replans the same workflow with the complete boundary (39.877417ms)
✔ a Planner needs_split report inside its boundary requests source revision without inventing boundary expansion (6.849958ms)
✔ a read-only Owner review is structurally executable through its durable report without business writes or verification commands (11.070958ms)
✔ an unchanged correct plan receives one independent closure review for already-satisfied plan obligations (20.291083ms)
✔ one negative unchanged-plan closure review blocks only the same plan, source, and obligation identity set (56.124959ms)
✔ an unchanged plan with a genuinely missing closure fact remains no progress (5.850459ms)
✔ review target verifications remain unchanged when existing terminal bindings already cover the concern (49.553208ms)
✔ an explicit plan verification binding obligation stays open when the target task lacks that binding (5.666125ms)
✔ review target scope returns to root without forcing an unrelated command mutation (verification allowed: false) (12.928375ms)
✔ review target scope returns to root without forcing an unrelated command mutation (verification allowed: true) (12.604959ms)
✔ one native recovery authorization preserves exhausted history and allows exactly one root repair across reload (10.562417ms)
✔ recovery approval cannot apply after another recovery changed its bound counter (3.6345ms)
✔ recovery permission [] grants nothing (1.449792ms)
✔ recovery permission ["保持暂停"] grants nothing (1.035208ms)
✔ changed source activation waits for its Git baseline binding and preserves unrelated execution (12.458709ms)
✔ a persisted legacy Owner feedback issue remains visible without deadlocking its source revision (11.7585ms)
✔ plan activation does not notify for absent, closed or unproved Owner feedback (4.783167ms)
✔ a feedback notice without its bound execute action remains an ordinary blocking obligation (2.995ms)
✔ runner exit 1 or 2 closes only the resource observation while failed typecheck recovery stays open (12.948459ms)
✔ missing runner resources, sandbox failure, and missing dependency preparation do not close feedback (38.338125ms)
✔ restart drive narrowly migrates the exact legacy typecheck observation from settled evidence (26.275917ms)
✔ composite children wait for parent inputs and carry real upstream integration evidence (30.530833ms)
✔ a ready sibling behind a quarantined Owner is a visible technical failure, not endless running (4.548542ms)
✔ equivalent local port spellings contend across projects while project resources remain independent (5.058042ms)
✔ plan replacement fences affected attempts and preserves unrelated work until safe activation (15.983917ms)
✔ source replacement supersedes a pending product question and rejects a late answer (5.921125ms)
✔ known checkout obstruction ends delivery explicitly and preserves integrated candidate (17.577208ms)
✔ KAC-02: unchanged drive is referentially stable and does not manufacture progress (29.4675ms)
✔ KAC-03: same owner and host resource are serialized across workflows (7.209791ms)
✔ KAC-06: submit acknowledges a durable candidate without claiming verification or delivery (2.0725ms)
✔ KAC-10: a model turn ending without writer termination cannot start sealing (3.05075ms)
✔ managed process settlement and obsolete writersStopped cannot replace Owner source closure (2.811625ms)
✔ managed range termination alone cannot release a stopped Owner for redispatch (2.298917ms)
✔ pre-split kernel control records are rejected without silently upgrading evidence (0.084042ms)
✔ KAC-08/09: verification and integration bind content and expected base (9.940542ms)
✔ KAC-01/11: deadline produces stop action, unknown termination stays quarantined and observable (6.837459ms)
✔ KAC-11: later real termination releases quarantine without reviving failed task (4.242042ms)
✔ a late non-attempt stop receipt notifies the root after the quarantined failure notice was delivered (5.42625ms)
✔ KAC-12: notification completion requires correct root and persistent message identity (2.261458ms)
✔ KAC-13: genuine user wait suspends active deadline; stale root cannot answer (3.976958ms)
✔ KAC-15: open obligations prevent activation; same label does not replace closure evidence (4.795959ms)
✔ KAC-24: direct operations share Owner/resource admission with DAG work (2.678417ms)
✔ terminal Operation notice preserves the settled result needed by the root session (4.019625ms)
✔ upstream semantic changes invalidate completed or pending consumer inputs (6.403583ms)
✔ workflow capacity is local while catalog capacity remains global (3.829958ms)
✔ duplicate operation enqueue is idempotent even while its resource is occupied (2.140333ms)
✔ bound verification failure becomes a visible failure instead of a hanging action (7.660125ms)
✔ a nonterminal verification notification carries the same safe summary instead of raw command results (7.684667ms)
✔ a settled dependency preparation failure retries the same candidate verification without redispatching its Owner (7.501334ms)
✔ an expired settled candidate verification routes to one task repair without consuming a doomed action retry (8.029667ms)
✔ a successful fresh task attempt closes only the expired candidate action repair it superseded (48.730417ms)
✔ a later plan can close a pre-upgrade action repair from its retained successful task-retry chain (24.292083ms)
✔ a task retry cannot close its old candidate action repair after the verification definition changes (26.405ms)
✔ a candidate action retry admitted before the attempt deadline keeps that original deadline (4.810958ms)
✔ an execution-identity-unconfirmed attempt cannot be converted into an Owner repair (6.541625ms)
✔ deferred root-session action attention remains lossless JSON (1.194584ms)
✔ planning, independent review and activation are one persisted action chain (5.603917ms)
✔ a rejected initial candidate remains the bounded authoring parent and is recoverable from settled history (13.230667ms)
✔ an unactivated candidate enforces its revision boundary for full plan submissions (3.443125ms)
✔ a full plan may add a verification only when every real binding is inside the authorized task boundary (6.263834ms)
✔ an explicit verification binding repair keeps argv stable while no-progress remains a separate planning result (17.826417ms)
✔ planning preflight rejects an invalid obligation id without mutating control state (1.479625ms)
✔ planning preflight rejects a true no-progress result immediately without mutating live state (3.862583ms)
✔ a valid planning preflight cannot authorize a stale later commit (2.910833ms)
✔ planning preflight updates current obligation text for the same identity and rejects a different identity (5.718291ms)
✔ execution obligations permit implementation, close only on integration and reopen when their task changes (8.161083ms)
✔ a final passing test cannot hide an unclosed obligation or deliver the checkout (5.801333ms)
✔ a real permission wait pauses an ordinary action deadline and cancellation expires its question (2.538958ms)
✔ parallel cancellation emits one canonical terminal notice only after every stop settles (5.8355ms)
✔ a late stop receipt corrects failed cancellation once and identifies the superseded notice (4.040208ms)
✔ identical technical replan requests consume one persistent recovery slot (1.604542ms)
✔ renaming and splitting a Ticket preserves its issue, budget and all descendant closure evidence (30.06675ms)
✔ keeping a verification ID while replacing its command cannot close the original failure (15.473375ms)
✔ a failed recoverable workflow still reserves its project until explicitly cancelled and settled (5.532083ms)
✔ replanning cannot bypass the original execution issue limit (11.664584ms)
✔ settled verify_workflow failure repairs the same input with inherited budget and retained evidence (9.681792ms)
✔ settled deliver_workflow failure repairs the same input with inherited budget and retained evidence (10.087667ms)
✔ initial plan transport failure can recover without fabricating an active plan (3.864959ms)
✔ initial review_plan transport failure can recover without fabricating an active plan (5.282875ms)
✔ a settled Planner delivery failure unblocks formal replanning on the same workflow (2.591791ms)
✔ a stopped source preparation retries the exact pending reviewed proposal once (5.289584ms)
✔ Registry changes cannot use failed-but-recoverable work as a settled project (4.906709ms)
✔ review failure returns to root without automatically charging an exhausted execution issue (11.570542ms)
✔ technical planner retries cannot bypass the original execution issue limit (9.7535ms)
✔ an initial no-progress plan is a recoverable failure and receives the bound root diagnosis (5.302625ms)
✔ first rejected planning sources can be revised before any plan exists without resetting the workflow (3.102291ms)
✔ a failed prepared proposal can be retired only after termination and unchanged integration evidence (4.140625ms)
✔ failed Registry governance reserves the project and retries the original proposal with its budget (4.111959ms)
✔ active Registry change approval waits for actual stopped owners and supersedes their old questions (4.816625ms)
✔ active Registry change rejection waits for actual stopped owners and supersedes their old questions (4.065041ms)
✔ Registry pending checkpoint approval preserves failed planning and exact source lineage (6.6505ms)
✔ Registry pending checkpoint rejection preserves failed planning and exact source lineage (4.308625ms)
✔ one recovery window respects retired project authority without settling or releasing private quarantine (10.651834ms)
✔ Registry approval proceeds after project authority retirement while retaining unknown execution (9.525375ms)
✔ Registry rejection proceeds after project authority retirement while retaining unknown execution (11.047208ms)
✔ isolated failed verification can repair the same task while old range and capacity remain quarantined (12.833625ms)
✔ isolated retirement rejects stale, missing, or unsafe proofs without changing control state (53.781333ms)
✔ retiring project locks does not free execution capacity or host resource locks (12.26125ms)
✔ observer lease renewal cannot invalidate a source-isolation proof, but changed command inputs can (16.128792ms)
✔ stop lane owns settlement while stopped actions cannot be scheduled or claimed again (9.28ms)
ℹ tests 106
ℹ suites 0
ℹ pass 106
ℹ fail 0
ℹ cancelled 0
ℹ skipped 0
ℹ todo 0
ℹ duration_ms 1304.838
