✔ local replanning rejects unrelated changes and preserves a completed independent task (101.18725ms)
✔ revision boundary includes recursive consumers, source changes, and explicit verification changes (15.247708ms)
✔ task execution identity ignores global verification definition order but binds each full definition (2.7205ms)
✔ reviewed source and unrelated Owner scope revisions preserve a legacy task identity and its dispatch contract (23.987458ms)
✔ a legacy in-flight attempt without exact persisted Owner action facts cannot be carried forward (4.016459ms)
✔ a reviewer persists an obligation outside the revision boundary and returns it to the root without a repair loop (4.382208ms)
✔ a Planner reports two out-of-bound Ticket consumers and the root formally replans the same workflow with the complete boundary (26.385458ms)
✔ a Planner needs_split report inside its boundary requests source revision without inventing boundary expansion (4.698ms)
✔ a read-only Owner review is structurally executable through its durable report without business writes or verification commands (9.202542ms)
✔ an unchanged correct plan receives one independent closure review for already-satisfied plan obligations (18.381541ms)
✔ one negative unchanged-plan closure review blocks only the same plan, source, and obligation identity set (30.357125ms)
✔ an unchanged plan with a genuinely missing closure fact remains no progress (5.909209ms)
✔ review target verifications remain unchanged when existing terminal bindings already cover the concern (38.187417ms)
✔ an explicit plan verification binding obligation stays open when the target task lacks that binding (4.470167ms)
✔ review target scope returns to root without forcing an unrelated command mutation (verification allowed: false) (10.898167ms)
✔ review target scope returns to root without forcing an unrelated command mutation (verification allowed: true) (9.228083ms)
✔ one native recovery authorization preserves exhausted history and allows exactly one root repair across reload (9.737125ms)
✔ recovery approval cannot apply after another recovery changed its bound counter (3.007042ms)
✔ recovery permission [] grants nothing (1.502167ms)
✔ recovery permission ["保持暂停"] grants nothing (1.203791ms)
✔ changed source activation waits for its Git baseline binding and preserves unrelated execution (12.534625ms)
✔ a persisted legacy Owner feedback issue remains visible without deadlocking its source revision (7.623541ms)
✔ plan activation does not notify for absent, closed or unproved Owner feedback (4.40125ms)
✔ a feedback notice without its bound execute action remains an ordinary blocking obligation (1.492375ms)
✔ runner exit 2 closes only the resource observation while failed typecheck recovery stays open (4.407208ms)
✔ missing runner resources, sandbox failure, and missing dependency preparation do not close feedback (15.648583ms)
✔ restart drive narrowly migrates the exact legacy typecheck observation from settled evidence (18.55175ms)
✔ composite children wait for parent inputs and carry real upstream integration evidence (22.723416ms)
✔ a ready sibling behind a quarantined Owner is a visible technical failure, not endless running (2.437917ms)
✔ equivalent local port spellings contend across projects while project resources remain independent (3.218834ms)
✔ plan replacement fences affected attempts and preserves unrelated work until safe activation (6.99325ms)
✔ source replacement supersedes a pending product question and rejects a late answer (1.981834ms)
✔ known checkout obstruction ends delivery explicitly and preserves integrated candidate (14.01725ms)
✔ KAC-02: unchanged drive is referentially stable and does not manufacture progress (17.163125ms)
✔ KAC-03: same owner and host resource are serialized across workflows (5.010666ms)
✔ KAC-06: submit acknowledges a durable candidate without claiming verification or delivery (2.435917ms)
✔ KAC-10: a model turn ending without writer termination cannot start sealing (1.525958ms)
✔ managed process settlement and obsolete writersStopped cannot replace Owner source closure (1.576208ms)
✔ managed range termination alone cannot release a stopped Owner for redispatch (3.257625ms)
✔ pre-split kernel control records are rejected without silently upgrading evidence (0.101042ms)
✔ KAC-08/09: verification and integration bind content and expected base (6.177542ms)
✔ KAC-01/11: deadline produces stop action, unknown termination stays quarantined and observable (3.383875ms)
✔ KAC-11: later real termination releases quarantine without reviving failed task (2.019917ms)
✔ a late non-attempt stop receipt notifies the root after the quarantined failure notice was delivered (4.685291ms)
✔ KAC-12: notification completion requires correct root and persistent message identity (1.090334ms)
✔ KAC-13: genuine user wait suspends active deadline; stale root cannot answer (3.378459ms)
✔ KAC-15: open obligations prevent activation; same label does not replace closure evidence (2.684ms)
✔ KAC-24: direct operations share Owner/resource admission with DAG work (1.058709ms)
✔ terminal Operation notice preserves the settled result needed by the root session (1.836625ms)
✔ upstream semantic changes invalidate completed or pending consumer inputs (3.006417ms)
✔ workflow capacity is local while catalog capacity remains global (2.582458ms)
✔ duplicate operation enqueue is idempotent even while its resource is occupied (2.482042ms)
✔ bound verification failure becomes a visible failure instead of a hanging action (2.953375ms)
✔ a nonterminal verification notification carries the same safe summary instead of raw command results (6.699ms)
✔ a settled dependency preparation failure retries the same candidate verification without redispatching its Owner (7.059417ms)
✔ an expired settled candidate verification routes to one task repair without consuming a doomed action retry (6.053416ms)
✔ a successful fresh task attempt closes only the expired candidate action repair it superseded (25.830208ms)
✔ a later plan can close a pre-upgrade action repair from its retained successful task-retry chain (21.459041ms)
✔ a task retry cannot close its old candidate action repair after the verification definition changes (29.976917ms)
✔ a candidate action retry admitted before the attempt deadline keeps that original deadline (5.298792ms)
✔ an execution-identity-unconfirmed attempt cannot be converted into an Owner repair (4.530417ms)
✔ deferred root-session action attention remains lossless JSON (2.697ms)
✔ planning, independent review and activation are one persisted action chain (4.348667ms)
✔ a rejected initial candidate remains the bounded authoring parent and is recoverable from settled history (13.396042ms)
✔ an unactivated candidate enforces its revision boundary for full plan submissions (3.4705ms)
✔ a full plan may add a verification only when every real binding is inside the authorized task boundary (5.901459ms)
✔ an explicit verification binding repair keeps argv stable while no-progress remains a separate planning result (13.589958ms)
✔ planning preflight rejects an invalid obligation id without mutating control state (1.80975ms)
✔ planning preflight rejects a true no-progress result immediately without mutating live state (4.004833ms)
✔ a valid planning preflight cannot authorize a stale later commit (2.480792ms)
✔ planning preflight updates current obligation text for the same identity and rejects a different identity (5.162416ms)
✔ execution obligations permit implementation, close only on integration and reopen when their task changes (7.096792ms)
✔ a final passing test cannot hide an unclosed obligation or deliver the checkout (6.385542ms)
✔ a real permission wait pauses an ordinary action deadline and cancellation expires its question (1.786208ms)
✔ parallel cancellation emits one canonical terminal notice only after every stop settles (5.753584ms)
✔ a late stop receipt corrects failed cancellation once and identifies the superseded notice (2.7765ms)
✔ identical technical replan requests consume one persistent recovery slot (1.194542ms)
✔ renaming and splitting a Ticket preserves its issue, budget and all descendant closure evidence (26.073875ms)
✔ keeping a verification ID while replacing its command cannot close the original failure (13.761834ms)
✔ a failed recoverable workflow still reserves its project until explicitly cancelled and settled (6.471917ms)
✔ replanning cannot bypass the original execution issue limit (12.112709ms)
✔ settled verify_workflow failure repairs the same input with inherited budget and retained evidence (8.393083ms)
✔ settled deliver_workflow failure repairs the same input with inherited budget and retained evidence (9.369458ms)
✔ initial plan transport failure can recover without fabricating an active plan (4.757875ms)
✔ initial review_plan transport failure can recover without fabricating an active plan (5.771583ms)
✔ a settled Planner delivery failure unblocks formal replanning on the same workflow (2.062959ms)
✔ a stopped source preparation retries the exact pending reviewed proposal once (5.816333ms)
✔ Registry changes cannot use failed-but-recoverable work as a settled project (2.799125ms)
✔ review failure returns to root without automatically charging an exhausted execution issue (7.878792ms)
✔ technical planner retries cannot bypass the original execution issue limit (9.01475ms)
✔ an initial no-progress plan is a recoverable failure and receives the bound root diagnosis (3.239458ms)
✔ first rejected planning sources can be revised before any plan exists without resetting the workflow (3.82925ms)
✔ a failed prepared proposal can be retired only after termination and unchanged integration evidence (3.265916ms)
✔ failed Registry governance reserves the project and retries the original proposal with its budget (5.575042ms)
✔ active Registry change approval waits for actual stopped owners and supersedes their old questions (3.813125ms)
✔ active Registry change rejection waits for actual stopped owners and supersedes their old questions (4.610125ms)
✔ Registry pending checkpoint approval preserves failed planning and exact source lineage (5.422833ms)
✔ Registry pending checkpoint rejection preserves failed planning and exact source lineage (4.47875ms)
✔ one recovery window respects retired project authority without settling or releasing private quarantine (11.478708ms)
✔ Registry approval proceeds after project authority retirement while retaining unknown execution (14.960917ms)
✔ Registry rejection proceeds after project authority retirement while retaining unknown execution (10.175416ms)
✔ isolated failed verification can repair the same task while old range and capacity remain quarantined (14.276458ms)
✔ isolated retirement rejects stale, missing, or unsafe proofs without changing control state (49.84025ms)
✔ retiring project locks does not free execution capacity or host resource locks (12.224667ms)
✔ observer lease renewal cannot invalidate a source-isolation proof, but changed command inputs can (15.162ms)
✔ stop lane owns settlement while stopped actions cannot be scheduled or claimed again (8.500958ms)
ℹ tests 106
ℹ suites 0
ℹ pass 106
ℹ fail 0
ℹ cancelled 0
ℹ skipped 0
ℹ todo 0
ℹ duration_ms 1091.197667
