✔ local replanning rejects unrelated changes and preserves a completed independent task (77.636208ms)
✔ revision boundary includes recursive consumers, source changes, and explicit verification changes (14.872833ms)
✔ task execution identity ignores global verification definition order but binds each full definition (2.667084ms)
✔ reviewed source and unrelated Owner scope revisions preserve a legacy task identity and its dispatch contract (23.35025ms)
✔ a legacy in-flight attempt without exact persisted Owner action facts cannot be carried forward (4.435625ms)
✔ a reviewer persists an obligation outside the revision boundary and returns it to the root without a repair loop (5.537166ms)
✔ a Planner reports two out-of-bound Ticket consumers and the root formally replans the same workflow with the complete boundary (30.005625ms)
✔ a Planner needs_split report inside its boundary requests source revision without inventing boundary expansion (6.901375ms)
✔ a read-only Owner review is structurally executable through its durable report without business writes or verification commands (10.130417ms)
✔ an unchanged correct plan receives one independent closure review for already-satisfied plan obligations (18.526542ms)
✔ one negative unchanged-plan closure review blocks only the same plan, source, and obligation identity set (30.234583ms)
✔ an unchanged plan with a genuinely missing closure fact remains no progress (5.116083ms)
✔ review target verifications remain unchanged when existing terminal bindings already cover the concern (38.251708ms)
✔ an explicit plan verification binding obligation stays open when the target task lacks that binding (3.947875ms)
✔ review target scope returns to root without forcing an unrelated command mutation (verification allowed: false) (10.765458ms)
✔ review target scope returns to root without forcing an unrelated command mutation (verification allowed: true) (9.219916ms)
✔ one native recovery authorization preserves exhausted history and allows exactly one root repair across reload (9.017292ms)
✔ recovery approval cannot apply after another recovery changed its bound counter (3.909584ms)
✔ recovery permission [] grants nothing (1.382542ms)
✔ recovery permission ["保持暂停"] grants nothing (1.357167ms)
✔ changed source activation waits for its Git baseline binding and preserves unrelated execution (11.229375ms)
✔ a persisted legacy Owner feedback issue remains visible without deadlocking its source revision (7.397292ms)
✔ plan activation does not notify for absent, closed or unproved Owner feedback (6.751ms)
✔ a feedback notice without its bound execute action remains an ordinary blocking obligation (2.181ms)
✔ runner exit 1 or 2 closes only the resource observation while failed typecheck recovery stays open (11.16625ms)
✔ missing runner resources, sandbox failure, and missing dependency preparation do not close feedback (23.7385ms)
✔ restart drive narrowly migrates the exact legacy typecheck observation from settled evidence (19.649708ms)
✔ composite children wait for parent inputs and carry real upstream integration evidence (21.53525ms)
✔ a ready sibling behind a quarantined Owner is a visible technical failure, not endless running (3.588709ms)
✔ equivalent local port spellings contend across projects while project resources remain independent (2.240375ms)
✔ plan replacement fences affected attempts and preserves unrelated work until safe activation (10.523625ms)
✔ source replacement supersedes a pending product question and rejects a late answer (3.127375ms)
✔ known checkout obstruction ends delivery explicitly and preserves integrated candidate (15.206959ms)
✔ KAC-02: unchanged drive is referentially stable and does not manufacture progress (17.1415ms)
✔ KAC-03: same owner and host resource are serialized across workflows (6.372125ms)
✔ KAC-06: submit acknowledges a durable candidate without claiming verification or delivery (1.842833ms)
✔ KAC-10: a model turn ending without writer termination cannot start sealing (1.424542ms)
✔ managed process settlement and obsolete writersStopped cannot replace Owner source closure (2.489625ms)
✔ managed range termination alone cannot release a stopped Owner for redispatch (3.788458ms)
✔ pre-split kernel control records are rejected without silently upgrading evidence (0.100583ms)
✔ KAC-08/09: verification and integration bind content and expected base (9.408042ms)
✔ KAC-01/11: deadline produces stop action, unknown termination stays quarantined and observable (5.818ms)
✔ KAC-11: later real termination releases quarantine without reviving failed task (3.2225ms)
✔ a late non-attempt stop receipt notifies the root after the quarantined failure notice was delivered (6.986875ms)
✔ KAC-12: notification completion requires correct root and persistent message identity (2.40575ms)
✔ KAC-13: genuine user wait suspends active deadline; stale root cannot answer (3.362167ms)
✔ KAC-15: open obligations prevent activation; same label does not replace closure evidence (3.657166ms)
✔ KAC-24: direct operations share Owner/resource admission with DAG work (1.623167ms)
✔ terminal Operation notice preserves the settled result needed by the root session (2.051125ms)
✔ upstream semantic changes invalidate completed or pending consumer inputs (3.215458ms)
✔ workflow capacity is local while catalog capacity remains global (3.527291ms)
✔ duplicate operation enqueue is idempotent even while its resource is occupied (1.601625ms)
✔ bound verification failure becomes a visible failure instead of a hanging action (4.284583ms)
✔ a nonterminal verification notification carries the same safe summary instead of raw command results (6.823167ms)
✔ a settled dependency preparation failure retries the same candidate verification without redispatching its Owner (8.962708ms)
✔ an expired settled candidate verification routes to one task repair without consuming a doomed action retry (6.113208ms)
✔ a successful fresh task attempt closes only the expired candidate action repair it superseded (29.470167ms)
✔ a later plan can close a pre-upgrade action repair from its retained successful task-retry chain (27.88125ms)
✔ a task retry cannot close its old candidate action repair after the verification definition changes (24.444292ms)
✔ a candidate action retry admitted before the attempt deadline keeps that original deadline (5.083625ms)
✔ an execution-identity-unconfirmed attempt cannot be converted into an Owner repair (8.034875ms)
✔ deferred root-session action attention remains lossless JSON (2.248667ms)
✔ planning, independent review and activation are one persisted action chain (3.465667ms)
✔ a rejected initial candidate remains the bounded authoring parent and is recoverable from settled history (11.784917ms)
✔ an unactivated candidate enforces its revision boundary for full plan submissions (4.770125ms)
✔ a full plan may add a verification only when every real binding is inside the authorized task boundary (5.19525ms)
✔ an explicit verification binding repair keeps argv stable while no-progress remains a separate planning result (12.071417ms)
✔ planning preflight rejects an invalid obligation id without mutating control state (2.556416ms)
✔ planning preflight rejects a true no-progress result immediately without mutating live state (2.878583ms)
✔ a valid planning preflight cannot authorize a stale later commit (3.3295ms)
✔ planning preflight updates current obligation text for the same identity and rejects a different identity (6.778125ms)
✔ execution obligations permit implementation, close only on integration and reopen when their task changes (8.545458ms)
✔ a final passing test cannot hide an unclosed obligation or deliver the checkout (5.730834ms)
✔ a real permission wait pauses an ordinary action deadline and cancellation expires its question (2.134416ms)
✔ parallel cancellation emits one canonical terminal notice only after every stop settles (3.629667ms)
✔ a late stop receipt corrects failed cancellation once and identifies the superseded notice (5.099041ms)
✔ identical technical replan requests consume one persistent recovery slot (0.974583ms)
✔ renaming and splitting a Ticket preserves its issue, budget and all descendant closure evidence (38.700041ms)
✔ keeping a verification ID while replacing its command cannot close the original failure (22.173833ms)
✔ a failed recoverable workflow still reserves its project until explicitly cancelled and settled (5.976042ms)
✔ replanning cannot bypass the original execution issue limit (12.978292ms)
✔ settled verify_workflow failure repairs the same input with inherited budget and retained evidence (11.223667ms)
✔ settled deliver_workflow failure repairs the same input with inherited budget and retained evidence (11.390125ms)
✔ initial plan transport failure can recover without fabricating an active plan (7.022333ms)
✔ initial review_plan transport failure can recover without fabricating an active plan (5.505333ms)
✔ a settled Planner delivery failure unblocks formal replanning on the same workflow (3.314375ms)
✔ a stopped source preparation retries the exact pending reviewed proposal once (5.994375ms)
✔ Registry changes cannot use failed-but-recoverable work as a settled project (5.566709ms)
✔ review failure returns to root without automatically charging an exhausted execution issue (13.438041ms)
✔ technical planner retries cannot bypass the original execution issue limit (8.959875ms)
✔ an initial no-progress plan is a recoverable failure and receives the bound root diagnosis (5.9565ms)
✔ first rejected planning sources can be revised before any plan exists without resetting the workflow (3.047625ms)
✔ a failed prepared proposal can be retired only after termination and unchanged integration evidence (22.9245ms)
✔ failed Registry governance reserves the project and retries the original proposal with its budget (8.969667ms)
✔ active Registry change approval waits for actual stopped owners and supersedes their old questions (23.079667ms)
✔ active Registry change rejection waits for actual stopped owners and supersedes their old questions (25.020291ms)
✔ Registry pending checkpoint approval preserves failed planning and exact source lineage (12.266583ms)
✔ Registry pending checkpoint rejection preserves failed planning and exact source lineage (9.086875ms)
✔ one recovery window respects retired project authority without settling or releasing private quarantine (13.903709ms)
✔ Registry approval proceeds after project authority retirement while retaining unknown execution (20.361583ms)
✔ Registry rejection proceeds after project authority retirement while retaining unknown execution (12.597ms)
✔ isolated failed verification can repair the same task while old range and capacity remain quarantined (12.810625ms)
✔ isolated retirement rejects stale, missing, or unsafe proofs without changing control state (67.000375ms)
✔ retiring project locks does not free execution capacity or host resource locks (12.86775ms)
✔ observer lease renewal cannot invalidate a source-isolation proof, but changed command inputs can (17.600083ms)
✔ stop lane owns settlement while stopped actions cannot be scheduled or claimed again (9.971ms)
ℹ tests 106
ℹ suites 0
ℹ pass 106
ℹ fail 0
ℹ cancelled 0
ℹ skipped 0
ℹ todo 0
ℹ duration_ms 1254.83775
