TAP version 13
# Subtest: candidate selection and acknowledgment only expose independent target patches, never a replacement state
ok 1 - candidate selection and acknowledgment only expose independent target patches, never a replacement state
  ---
  duration_ms: 41.698083
  type: 'test'
  ...
# Subtest: excludes source/target Owner tasks and their forward/reverse dependency closure
ok 2 - excludes source/target Owner tasks and their forward/reverse dependency closure
  ---
  duration_ms: 16.003875
  type: 'test'
  ...
# Subtest: full active tasks and undispatched reservations consume global slots and Owner identities
ok 3 - full active tasks and undispatched reservations consume global slots and Owner identities
  ---
  duration_ms: 23.195375
  type: 'test'
  ...
# Subtest: existing Owner history and source binding prevent stale or duplicate creates
ok 4 - existing Owner history and source binding prevent stale or duplicate creates
  ---
  duration_ms: 21.08125
  type: 'test'
  ...
# Subtest: no eligible work yields side-effect-free wait and cannot acknowledge stop/notify
ok 5 - no eligible work yields side-effect-free wait and cannot acknowledge stop/notify
  ---
  duration_ms: 8.8815
  type: 'test'
  ...
# Subtest: unproven handoff scope fails closed, and pending notice never dispatches
ok 6 - unproven handoff scope fails closed, and pending notice never dispatches
  ---
  duration_ms: 7.199333
  type: 'test'
  ...
1..6
# tests 6
# suites 0
# pass 6
# fail 0
# cancelled 0
# skipped 0
# todo 0
# duration_ms 229.819167
