TAP version 13
# Subtest: T15 socket admission refusal persists one notice, then actual daemon discovery and fresh Harness stop selecting it
ok 1 - T15 socket admission refusal persists one notice, then actual daemon discovery and fresh Harness stop selecting it
  ---
  duration_ms: 4578.814875
  type: 'test'
  ...
# Subtest: T15 socket preserves finite semantic retry ordinals and only persists pause when the shared budget refuses
ok 2 - T15 socket preserves finite semantic retry ordinals and only persists pause when the shared budget refuses
  ---
  duration_ms: 2647.668917
  type: 'test'
  ...
# Subtest: T15 changed candidate evidence invalidates the prior pause but cannot start an unbound Reviewer
ok 3 - T15 changed candidate evidence invalidates the prior pause but cannot start an unbound Reviewer
  ---
  duration_ms: 1281.6565
  type: 'test'
  ...
# Subtest: T15 an authoritative user-wait task projection takes priority over a candidate technical pause
ok 4 - T15 an authoritative user-wait task projection takes priority over a candidate technical pause
  ---
  duration_ms: 1249.333458
  type: 'test'
  ...
# Subtest: T15 stale admission failure cannot pause a concurrently changed candidate parent
ok 5 - T15 stale admission failure cannot pause a concurrently changed candidate parent
  ---
  duration_ms: 1187.613625
  type: 'test'
  ...
# Subtest: T15 stale admission failure cannot pause a concurrently changed candidate review
ok 6 - T15 stale admission failure cannot pause a concurrently changed candidate review
  ---
  duration_ms: 1116.170292
  type: 'test'
  ...
# Subtest: T15 stale admission failure cannot pause a concurrently changed candidate plan content
ok 7 - T15 stale admission failure cannot pause a concurrently changed candidate plan content
  ---
  duration_ms: 1083.5595
  type: 'test'
  ...
# Subtest: T15 first uncertain real Reviewer creation persists pause despite its own new operation and session
ok 8 - T15 first uncertain real Reviewer creation persists pause despite its own new operation and session
  ---
  duration_ms: 1257.703833
  type: 'test'
  ...
1..8
# tests 8
# suites 0
# pass 8
# fail 0
# cancelled 0
# skipped 0
# todo 0
# duration_ms 14782.039209
