TAP version 13
# Subtest: T15 actual Runner rebuilds a handoff candidate without ordinary Intents or deleting its source
ok 1 - T15 actual Runner rebuilds a handoff candidate without ordinary Intents or deleting its source
  ---
  duration_ms: 3380.022583
  type: 'test'
  ...
# Subtest: T15 failed rebuilt Planner keeps the reviewed predecessor and next ordinal uses the same root
ok 2 - T15 failed rebuilt Planner keeps the reviewed predecessor and next ordinal uses the same root
  ---
  duration_ms: 3079.568208
  type: 'test'
  ...
# Subtest: T15 exhausted rebuild preserves the predecessor and starts no Planner
ok 3 - T15 exhausted rebuild preserves the predecessor and starts no Planner
  ---
  duration_ms: 1564.458625
  type: 'test'
  ...
# Subtest: T15 changing the settled Review record prevents a new recovery Planner
ok 4 - T15 changing the settled Review record prevents a new recovery Planner
  ---
  duration_ms: 1404.643959
  type: 'test'
  ...
1..4
# tests 4
# suites 0
# pass 4
# fail 0
# cancelled 0
# skipped 0
# todo 0
# duration_ms 9630.140833
