TAP version 13
# Subtest: 真实 Harness 原生 edit 链绑定 T05 引用和实际 Git baseline，并由只读 Runtime 入口返回 source-validated
ok 1 - 真实 Harness 原生 edit 链绑定 T05 引用和实际 Git baseline，并由只读 Runtime 入口返回 source-validated
  ---
  duration_ms: 835.994209
  type: 'test'
  ...
# Subtest: 缺失尾项、跨文件借用、incomplete terminal 与暂存用户变更均拒绝而不修复来源或 index
ok 2 - 缺失尾项、跨文件借用、incomplete terminal 与暂存用户变更均拒绝而不修复来源或 index
  ---
  duration_ms: 622.807542
  type: 'test'
  ...
# Subtest: 已提交的旧来源保留在 journal 时，新 baseline 上仅选择新的原生链仍可验证
ok 3 - 已提交的旧来源保留在 journal 时，新 baseline 上仅选择新的原生链仍可验证
  ---
  duration_ms: 476.909334
  type: 'test'
  ...
# Subtest: 真实 Runtime 入口不接受其他主 agent 复用来源，也不接受有父会话的 child
ok 4 - 真实 Runtime 入口不接受其他主 agent 复用来源，也不接受有父会话的 child
  ---
  duration_ms: 326.242042
  type: 'test'
  ...
1..4
# tests 4
# suites 0
# pass 4
# fail 0
# cancelled 0
# skipped 0
# todo 0
# duration_ms 2429.681292
