✖ review command repair returns to root without automatic dispatch or charge (verification allowed: false) (35.009375ms)
✖ review command repair returns to root without automatic dispatch or charge (verification allowed: true) (14.236084ms)
ℹ tests 2
ℹ suites 0
ℹ pass 0
ℹ fail 2
ℹ cancelled 0
ℹ skipped 0
ℹ todo 0
ℹ duration_ms 223.327292

✖ failing tests:

test at owner-workflow-plugin/test/workflow-engine.test.mjs:235:53
✖ review command repair returns to root without automatic dispatch or charge (verification allowed: false) (35.009375ms)
  AssertionError [ERR_ASSERTION]: Missing expected exception.
      at TestContext.<anonymous> (file:///Volumes/LargeStorage/code/DSH-Workflow/owner-workflow-plugin/test/workflow-engine.test.mjs:272:10)
      at Test.runInAsyncScope (node:async_hooks:214:14)
      at Test.run (node:internal/test_runner/test:1106:25)
      at Test.start (node:internal/test_runner/test:1003:17)
      at startSubtestAfterBootstrap (node:internal/test_runner/harness:358:17) {
    generatedMessage: false,
    code: 'ERR_ASSERTION',
    actual: undefined,
    expected: /passed review lacks.*wrapper-command/,
    operator: 'throws',
    diff: 'simple'
  }

test at owner-workflow-plugin/test/workflow-engine.test.mjs:235:53
✖ review command repair returns to root without automatic dispatch or charge (verification allowed: true) (14.236084ms)
  AssertionError [ERR_ASSERTION]: Missing expected exception.
      at TestContext.<anonymous> (file:///Volumes/LargeStorage/code/DSH-Workflow/owner-workflow-plugin/test/workflow-engine.test.mjs:272:10)
      at Test.runInAsyncScope (node:async_hooks:214:14)
      at Test.run (node:internal/test_runner/test:1106:25)
      at Test.processPendingSubtests (node:internal/test_runner/test:788:18)
      at Test.postRun (node:internal/test_runner/test:1235:19)
      at Test.run (node:internal/test_runner/test:1163:12)
      at async startSubtestAfterBootstrap (node:internal/test_runner/harness:358:3) {
    generatedMessage: false,
    code: 'ERR_ASSERTION',
    actual: undefined,
    expected: /passed review lacks.*wrapper-command/,
    operator: 'throws',
    diff: 'simple'
  }
