✔ 证据义务冻结后，相同语义问题不会因改写标题被当成新进展 (3.737ms)
✔ 没有新 Runtime 证据时，Reviewer 新增问题进入仲裁而不是扩大冻结集合 (11.698417ms)
✔ 新 Runtime 证据允许吸收新义务，但不会关闭被遗漏的旧义务 (1.212417ms)
✔ 交替会诊文本、时间、会话、HEAD 和候选摘要不能在 30 轮内重置策略 (10.722584ms)
✔ 当前候选恢复的验证绑定只登记一次进展，不自动关闭且重复事实不续期 (0.509791ms)
✔ 已解决义务的新文件和反复更换 obligationId 都不能回收策略租约 (3.4435ms)
✔ 决定分类只接受结构化业务差异或外部权限，关键词只是诊断提示 (1.302875ms)
✔ 未关闭的 user decision 不能被后续 Reviewer 遗漏或改写为 passed 而降权 (2.122875ms)
✔ 新 decision_record 分类缺失或冲突被拒绝，旧显式 user authority 保守保留 (1.431833ms)
✔ 失败分类选择不同的自治恢复策略而不是统一 await_user (2.083833ms)
✔ Workflow 证据摘要只投影稳定的任务结果和 Runtime 文件哈希 (0.328958ms)
✔ 稳定义务身份绑定来源、目标和解除条件，不能把同类同节点要求合并 (0.381959ms)
✔ 展示文案不得参与义务目标或身份，同 ID 的不同合同必须在接收时拒绝 (0.53025ms)
✔ 严格义务必须有 ID；已见事实不能用新 ID 重新引入已解决的合同 (1.022166ms)
✔ 不同 obligationId 的同合同要求独立保留，关闭一项不会关闭另一项 (0.233709ms)
✔ 已解决的旧义务重复出现时保持 resolved，不作为新义务重新报告 (0.130333ms)
✔ 遗漏和 passed 都不能关闭义务；只有 Runtime 核验的当前版本解除证据才能关闭且重复幂等 (3.107292ms)
✔ 任务验证关闭只接受 Runtime 标记为当前、通过且绑定候选版本的结果 (1.504541ms)
✔ 旧义务缺少关闭合同时保持 open，并拒绝 Reviewer 自报的替代决定 (0.599208ms)
✔ 显式 legacy 读取路径保留同一缺关闭合同的已解决义务，不重新引入 (1.688041ms)
✔ 旧字符串与问题列表按原文保留不同路径的要求身份 (0.303166ms)
✔ 结构可执行关闭只依赖 Runtime 记录的任务存在，不将其视为业务完成 (0.201542ms)
✔ 版本化决定必须由 Runtime 当前记录完整绑定，且不同义务 ID 不会共享关闭结果 (0.4165ms)
✔ decision_record 的 user authority 明确请求用户，同时保留旧问题文本回退 (0.324125ms)
✔ local Planner patch preserves omitted definitions and rejects edits outside its admitted boundary (4.559917ms)
✔ Planner contract accepts an executable plan with no public Owner change (9.093959ms)
✔ Planner required fields follow normalization defaults plus package compilation (0.229875ms)
✔ Planner public Owner binding schema is the exact domain-owned shape (0.320416ms)
✔ omission cannot bypass required or historical public Owner authority (0.252167ms)
✔ Planner tool contract rejects the five invalid shapes observed in the live workflow (0.407ms)
✔ Planner receives frozen requirements without authorization receipts or write journals (1.419792ms)
✔ Planner and Reviewer receive readable Owner feedback as a non-blocking fact (1.774375ms)
✔ 展开 Composite 后保留父外部依赖、后继依赖父且子图 entry/exit 可达 (18.830584ms)
✔ Composite 可递归拆分，直到所有 abstract 节点变成可执行叶子 (6.743375ms)
✔ Composite 只允许未开始且没有业务提交的 work task (7.105625ms)
✔ Composite 拒绝 ID 冲突、内部环、不可达 entry/exit、越界 Owner 和未绑定验证 (17.870458ms)
✔ 局部 delta 使被修改任务、Review 和依赖后继失效，并清空旧执行证据 (6.802291ms)
✔ 局部 delta 要求明确 carryForward，且不允许改写已完成任务或固定提交 (8.413791ms)
✔ 局部 delta 的失效闭包包含 Composite 父任务和父任务后继 (24.797875ms)
✔ Composite 子任务不能成为父任务外部依赖，delta 也不能改变 Registry 或删除固定提交证据 (11.3025ms)
✔ Plan delta 拒绝 V1 并规范化新增 V2 任务 (4.017791ms)
✔ V2 计划在构建自动机前拒绝超长 scope glob (0.262167ms)
✔ V2 计划在构建自动机前拒绝字面字符种类过多的 write glob (0.740291ms)
✔ V2 计划拒绝超出单层 Owner scope 的递归 write (0.37075ms)
✔ V2 计划拒绝与 Owner exclude 相交的 write (0.909458ms)
✔ V2 计划拒绝用单层通配符扩大问号 Owner scope (0.921666ms)
✔ V2 计划拒绝未绑定的验证 ID (1.538041ms)
✔ V2 work task 必须绑定至少一个 required verification (3.13775ms)
✔ V2 task保留显式稳定执行资源，旧task省略字段时不注入默认值 (3.743375ms)
✔ V2 task拒绝重复或不稳定的执行资源身份 (2.499542ms)
✔ 渐进式 DAG 允许 abstract work 暂不绑定写入和验证，并标记为不可执行 (0.60725ms)
✔ V2 计划拒绝未定义的 decomposition 状态并列出允许值 (0.491166ms)
✔ V2 计划拒绝任务依赖环 (2.516208ms)
✔ V2 计划拒绝空验证 argv (0.711416ms)
✔ V2 计划拒绝用 argv 字段替代 run 并返回可修复错误 (0.602167ms)
✔ V2 验证 cwd 只接受受限仓库相对目录并规范化保存 (7.214166ms)
✔ V2 计划拒绝把 legacy stages 或 completedStages 带入执行模型 (0.313416ms)
✔ V2 计划拒绝字符串验证 argv (0.478458ms)
✔ V2 生命周期使用固定 workflow 和 task 状态 (0.132792ms)
✔ 任务停止状态只接受固定的 reason/action 配对 (0.049792ms)
✔ 任务停止拒绝未定义的 reason/action 配对 (0.161333ms)
✔ 任务停止接受 input_missing/provide_input 配对 (0.040125ms)
✔ 任务停止接受其余固定 reason/action 配对 (0.107791ms)
✔ V2 计划拒绝 review 任务的 write (0.275958ms)
✔ V2 计划拒绝 verify 任务的 write (0.246084ms)
✔ V2 计划原样保留 done 验收文本 (1.481ms)
✔ V1 历史计划可读取运行时目录范围且不可执行 (1.031ms)
✔ V2 计划规范化显式角色，并按完成的依赖返回可执行任务 (1.247459ms)
✔ V2 就绪计算跳过运行中和已停止的根任务，并保留并行根任务顺序 (0.65775ms)
✔ 所有者范围支持目录范围和排除范围 (1.261084ms)
✔ 所有者范围正确处理问号、单层通配符和目录边界 (0.4225ms)
✔ 计划拒绝循环和未知 Owner (0.109334ms)
✔ 计划拒绝所有者范围重叠 (0.183583ms)
✔ V2 计划拒绝运行时管理目录的 Owner scope (0.827459ms)
✔ 父 Owner 排除完整子模块后允许合法拆分 (0.437709ms)
✔ 局部 exclude 不能掩盖父 scope 剩余区域的重叠 (0.252916ms)
✔ 所有者范围正确区分文件、目录和相邻路径 (1.932ms)
✔ 所有者范围的问号和递归通配符参与重叠判断 (1.009208ms)
✔ 规划和所有者结果契约未知时按关闭处理 (3.485208ms)
✔ 新计划审查义务必须有显式来源、目标和可核验关闭合同，旧记录只能显式读取 (1.092625ms)
✔ 新计划审查义务在 Schema 与 normalizer 中都必须提供不可变 obligationId (0.677ms)
✔ 计划审查关闭合同支持结构可执行与版本化决定，并按类型要求字段 (1.248959ms)
✔ 带计划上下文时验证转交目标所有者和文件范围 (0.740542ms)
✔ Owner 结果可以提出结构化长期记忆，但不能直接引用运行时目录 (0.523709ms)
✔ V2 计划规范化任务优先级和显式失败策略，并拒绝不完整修复策略 (3.581167ms)
✔ local replanning rejects unrelated changes and preserves a completed independent task (118.373083ms)
✔ revision boundary includes recursive consumers, source changes, and explicit verification changes (19.209167ms)
✔ task execution identity ignores global verification definition order but binds each full definition (2.051708ms)
✔ reviewed source and unrelated Owner scope revisions preserve a legacy task identity and its dispatch contract (27.063625ms)
✔ a legacy in-flight attempt without exact persisted Owner action facts cannot be carried forward (6.763458ms)
✔ a reviewer persists an obligation outside the revision boundary and returns it to the root without a repair loop (8.380459ms)
✔ review command repair returns to root without automatic dispatch or charge (verification allowed: false) (18.80475ms)
✔ review command repair returns to root without automatic dispatch or charge (verification allowed: true) (16.139083ms)
✔ one native recovery authorization preserves exhausted history and allows exactly one root repair across reload (11.504083ms)
✔ recovery approval cannot apply after another recovery changed its bound counter (5.30025ms)
✔ recovery permission [] grants nothing (1.818167ms)
✔ recovery permission ["保持暂停"] grants nothing (2.145208ms)
✔ changed source activation waits for its Git baseline binding and preserves unrelated execution (19.186708ms)
✔ a persisted legacy Owner feedback issue remains visible without deadlocking its source revision (12.796875ms)
✔ plan activation does not notify for absent, closed or unproved Owner feedback (3.930875ms)
✔ a feedback notice without its bound execute action remains an ordinary blocking obligation (2.774416ms)
✔ composite children wait for parent inputs and carry real upstream integration evidence (28.728458ms)
✔ a ready sibling behind a quarantined Owner is a visible technical failure, not endless running (3.420208ms)
✔ equivalent local port spellings contend across projects while project resources remain independent (6.430166ms)
✔ plan replacement fences affected attempts and preserves unrelated work until safe activation (11.845083ms)
✔ source replacement supersedes a pending product question and rejects a late answer (2.053792ms)
✔ known checkout obstruction ends delivery explicitly and preserves integrated candidate (16.500542ms)
✔ KAC-02: unchanged drive is referentially stable and does not manufacture progress (27.295792ms)
✔ KAC-03: same owner and host resource are serialized across workflows (6.281542ms)
✔ KAC-06: submit acknowledges a durable candidate without claiming verification or delivery (2.524083ms)
✔ KAC-10: a model turn ending without writer termination cannot start sealing (1.717416ms)
✔ managed process settlement and obsolete writersStopped cannot replace Owner source closure (4.218292ms)
✔ managed range termination alone cannot release a stopped Owner for redispatch (5.717166ms)
✔ pre-split kernel control records are rejected without silently upgrading evidence (0.152667ms)
✔ KAC-08/09: verification and integration bind content and expected base (8.895167ms)
✔ KAC-01/11: deadline produces stop action, unknown termination stays quarantined and observable (5.666042ms)
✔ KAC-11: later real termination releases quarantine without reviving failed task (2.969667ms)
✔ KAC-12: notification completion requires correct root and persistent message identity (2.119959ms)
✔ KAC-13: genuine user wait suspends active deadline; stale root cannot answer (3.895708ms)
✔ KAC-15: open obligations prevent activation; same label does not replace closure evidence (5.169459ms)
✔ KAC-24: direct operations share Owner/resource admission with DAG work (2.528ms)
✔ terminal Operation notice preserves the settled result needed by the root session (2.187583ms)
✔ upstream semantic changes invalidate completed or pending consumer inputs (4.5155ms)
✔ workflow capacity is local while catalog capacity remains global (3.618708ms)
✔ duplicate operation enqueue is idempotent even while its resource is occupied (2.331541ms)
✔ bound verification failure becomes a visible failure instead of a hanging action (4.684208ms)
✔ a nonterminal verification notification carries the same safe summary instead of raw command results (6.336584ms)
✔ a settled dependency preparation failure retries the same candidate verification without redispatching its Owner (8.761333ms)
✔ an expired settled candidate verification routes to one task repair without consuming a doomed action retry (6.36875ms)
✔ a successful fresh task attempt closes only the expired candidate action repair it superseded (29.137ms)
✔ a later plan can close a pre-upgrade action repair from its retained successful task-retry chain (29.884167ms)
✔ a task retry cannot close its old candidate action repair after the verification definition changes (22.395667ms)
✔ a candidate action retry admitted before the attempt deadline keeps that original deadline (3.877625ms)
✔ an execution-identity-unconfirmed attempt cannot be converted into an Owner repair (5.707542ms)
✔ deferred root-session action attention remains lossless JSON (1.133458ms)
✔ planning, independent review and activation are one persisted action chain (5.477875ms)
✔ planning preflight rejects an invalid obligation id without mutating control state (2.107542ms)
✔ planning preflight accepts a bound no-progress result without mutating state before formal failure (3.641334ms)
✔ a valid planning preflight cannot authorize a stale later commit (1.741208ms)
✔ planning preflight accepts a matching obligation definition and rejects a conflict (5.654959ms)
✔ execution obligations permit implementation, close only on integration and reopen when their task changes (8.250375ms)
✔ a final passing test cannot hide an unclosed obligation or deliver the checkout (7.668875ms)
✔ a real permission wait pauses an ordinary action deadline and cancellation expires its question (2.594958ms)
✔ parallel cancellation emits one canonical terminal notice only after every stop settles (4.8195ms)
✔ a late stop receipt corrects failed cancellation once and identifies the superseded notice (4.1755ms)
✔ identical technical replan requests consume one persistent recovery slot (1.744625ms)
✔ renaming and splitting a Ticket preserves its issue, budget and all descendant closure evidence (33.357292ms)
✔ keeping a verification ID while replacing its command cannot close the original failure (15.008875ms)
✔ a failed recoverable workflow still reserves its project until explicitly cancelled and settled (5.78325ms)
✔ replanning cannot bypass the original execution issue limit (11.488209ms)
✔ settled verify_workflow failure repairs the same input with inherited budget and retained evidence (10.807208ms)
✔ settled deliver_workflow failure repairs the same input with inherited budget and retained evidence (10.503625ms)
✔ initial plan transport failure can recover without fabricating an active plan (4.301208ms)
✔ initial review_plan transport failure can recover without fabricating an active plan (6.837875ms)
✔ a stopped source preparation retries the exact pending reviewed proposal once (8.037084ms)
✔ Registry changes cannot use failed-but-recoverable work as a settled project (6.213667ms)
✔ review failure returns to root without automatically charging an exhausted execution issue (9.997167ms)
✔ technical planner retries cannot bypass the original execution issue limit (13.696083ms)
✔ an initial no-progress plan is a recoverable failure and receives the bound root diagnosis (6.809333ms)
✔ first rejected planning sources can be revised before any plan exists without resetting the workflow (6.12275ms)
✔ a failed prepared proposal can be retired only after termination and unchanged integration evidence (6.077833ms)
✔ failed Registry governance reserves the project and retries the original proposal with its budget (6.193125ms)
✔ active Registry change approval waits for actual stopped owners and supersedes their old questions (8.157917ms)
✔ active Registry change rejection waits for actual stopped owners and supersedes their old questions (5.780416ms)
✔ Registry pending checkpoint approval preserves failed planning and exact source lineage (10.036375ms)
✔ Registry pending checkpoint rejection preserves failed planning and exact source lineage (7.335916ms)
✔ one recovery window respects retired project authority without settling or releasing private quarantine (13.741875ms)
✔ Registry approval proceeds after project authority retirement while retaining unknown execution (14.72975ms)
✔ Registry rejection proceeds after project authority retirement while retaining unknown execution (16.016959ms)
✔ isolated failed verification can repair the same task while old range and capacity remain quarantined (22.191333ms)
✔ isolated retirement rejects stale, missing, or unsafe proofs without changing control state (71.599167ms)
✔ retiring project locks does not free execution capacity or host resource locks (11.648583ms)
✔ observer lease renewal cannot invalidate a source-isolation proof, but changed command inputs can (15.618833ms)
✔ stop lane owns settlement while stopped actions cannot be scheduled or claimed again (10.433708ms)
✔ runner wakes after durable changes, completes once, then sleeps without a polling feedback loop (405.767292ms)
✔ effect result validation failures become observable failure facts (107.836ms)
✔ another effects host cannot observe or replay an invocation while its OS action lock is held (133.666917ms)
✔ a claimed but undispatched action can resume after a quiescent observation (121.032541ms)
✔ cancelling a live persisted action reports one terminal cancellation after its stop receipt (194.642417ms)
✔ a persisted governance stop owns an arbitrary adapter interruption before the local controller aborts (172.708792ms)
✔ the same arbitrary adapter error without a persisted stop remains a technical failure (122.111458ms)
✔ a failed Operation reaches the main notification adapter with its real findings and evidence (110.685166ms)
✔ a stop adapter failure remains an observable exception and cannot confirm cancellation (102.04975ms)
✔ host shutdown preserves uncertain work and does not report its own cancellation as an execution error (85.761042ms)
✔ host shutdown preserves uncertain work and reports a distinct cleanup failure (109.137875ms)
✔ retirement winning between due snapshot and claim does not fail the runner or invoke an adapter (70.301792ms)
✔ retirement committed after a claim fences the adapter when its execution lock is acquired (51.906541ms)
✔ a stop committed after claim prevents adapter reentry under the action lock (93.978125ms)
✔ stopped work does not keep the runner on its expired observation clock (67.365666ms)
ℹ tests 189
ℹ suites 0
ℹ pass 189
ℹ fail 0
ℹ cancelled 0
ℹ skipped 0
ℹ todo 0
ℹ duration_ms 2083.416959
