✔ local replanning rejects unrelated changes and preserves a completed independent task (76.000375ms)
✔ revision boundary includes recursive consumers, source changes, and explicit verification changes (13.117042ms)
✔ task execution identity ignores global verification definition order but binds each full definition (1.548916ms)
✔ reviewed source and unrelated Owner scope revisions preserve a legacy task identity and its dispatch contract (21.178416ms)
✔ a legacy in-flight attempt without exact persisted Owner action facts cannot be carried forward (3.520208ms)
✔ a reviewer persists an obligation outside the revision boundary and returns it to the root without a repair loop (4.71725ms)
✔ review command repair returns to root without automatic dispatch or charge (verification allowed: false) (10.69125ms)
✔ review command repair returns to root without automatic dispatch or charge (verification allowed: true) (8.974458ms)
✔ one native recovery authorization preserves exhausted history and allows exactly one root repair across reload (8.344541ms)
✔ recovery approval cannot apply after another recovery changed its bound counter (4.754417ms)
✔ recovery permission [] grants nothing (1.265ms)
✔ recovery permission ["保持暂停"] grants nothing (1.220042ms)
✔ changed source activation waits for its Git baseline binding and preserves unrelated execution (8.783125ms)
✔ a persisted legacy Owner feedback issue remains visible without deadlocking its source revision (6.3705ms)
✔ plan activation does not notify for absent, closed or unproved Owner feedback (4.147167ms)
✔ a feedback notice without its bound execute action remains an ordinary blocking obligation (0.92125ms)
✔ composite children wait for parent inputs and carry real upstream integration evidence (26.017583ms)
✔ a ready sibling behind a quarantined Owner is a visible technical failure, not endless running (2.629667ms)
✔ equivalent local port spellings contend across projects while project resources remain independent (4.285833ms)
✔ plan replacement fences affected attempts and preserves unrelated work until safe activation (7.890083ms)
✔ source replacement supersedes a pending product question and rejects a late answer (2.440625ms)
✔ known checkout obstruction ends delivery explicitly and preserves integrated candidate (11.053041ms)
✔ KAC-02: unchanged drive is referentially stable and does not manufacture progress (14.978375ms)
✔ KAC-03: same owner and host resource are serialized across workflows (5.17325ms)
✔ KAC-06: submit acknowledges a durable candidate without claiming verification or delivery (1.55525ms)
✔ KAC-10: a model turn ending without writer termination cannot start sealing (1.460792ms)
✔ managed process settlement and obsolete writersStopped cannot replace Owner source closure (3.196667ms)
✔ managed range termination alone cannot release a stopped Owner for redispatch (1.822791ms)
✔ pre-split kernel control records are rejected without silently upgrading evidence (0.082541ms)
✔ KAC-08/09: verification and integration bind content and expected base (8.932334ms)
✔ KAC-01/11: deadline produces stop action, unknown termination stays quarantined and observable (4.429959ms)
✔ KAC-11: later real termination releases quarantine without reviving failed task (3.237875ms)
✔ KAC-12: notification completion requires correct root and persistent message identity (1.106458ms)
✔ KAC-13: genuine user wait suspends active deadline; stale root cannot answer (2.604042ms)
✔ KAC-15: open obligations prevent activation; same label does not replace closure evidence (2.546291ms)
✔ KAC-24: direct operations share Owner/resource admission with DAG work (2.340125ms)
✔ terminal Operation notice preserves the settled result needed by the root session (1.927042ms)
✔ upstream semantic changes invalidate completed or pending consumer inputs (4.34775ms)
✔ workflow capacity is local while catalog capacity remains global (1.849958ms)
✔ duplicate operation enqueue is idempotent even while its resource is occupied (1.785042ms)
✔ bound verification failure becomes a visible failure instead of a hanging action (3.185542ms)
✔ a nonterminal verification notification carries the same safe summary instead of raw command results (7.6145ms)
✔ a settled dependency preparation failure retries the same candidate verification without redispatching its Owner (8.202458ms)
✔ an expired settled candidate verification routes to one task repair without consuming a doomed action retry (5.586083ms)
✔ a successful fresh task attempt closes only the expired candidate action repair it superseded (31.548709ms)
✔ a later plan can close a pre-upgrade action repair from its retained successful task-retry chain (28.639458ms)
✔ a task retry cannot close its old candidate action repair after the verification definition changes (22.5655ms)
✔ a candidate action retry admitted before the attempt deadline keeps that original deadline (3.806542ms)
✔ an execution-identity-unconfirmed attempt cannot be converted into an Owner repair (5.1175ms)
✔ deferred root-session action attention remains lossless JSON (1.444416ms)
✔ planning, independent review and activation are one persisted action chain (5.982958ms)
✔ planning preflight rejects an invalid obligation id without mutating control state (2.919834ms)
✔ planning preflight accepts a bound no-progress result without mutating state before formal failure (3.131667ms)
✔ a valid planning preflight cannot authorize a stale later commit (2.133458ms)
✔ planning preflight accepts a matching obligation definition and rejects a conflict (5.7025ms)
✔ execution obligations permit implementation, close only on integration and reopen when their task changes (9.52275ms)
✔ a final passing test cannot hide an unclosed obligation or deliver the checkout (4.827667ms)
✔ a real permission wait pauses an ordinary action deadline and cancellation expires its question (3.672792ms)
✔ parallel cancellation emits one canonical terminal notice only after every stop settles (6.009ms)
✔ a late stop receipt corrects failed cancellation once and identifies the superseded notice (6.7035ms)
✔ identical technical replan requests consume one persistent recovery slot (2.093834ms)
✔ renaming and splitting a Ticket preserves its issue, budget and all descendant closure evidence (48.243792ms)
✔ keeping a verification ID while replacing its command cannot close the original failure (22.031292ms)
✔ a failed recoverable workflow still reserves its project until explicitly cancelled and settled (6.523167ms)
✔ replanning cannot bypass the original execution issue limit (13.4405ms)
✔ settled verify_workflow failure repairs the same input with inherited budget and retained evidence (9.942708ms)
✔ settled deliver_workflow failure repairs the same input with inherited budget and retained evidence (11.305042ms)
✔ initial plan transport failure can recover without fabricating an active plan (7.632417ms)
✔ initial review_plan transport failure can recover without fabricating an active plan (8.08125ms)
✔ a stopped source preparation retries the exact pending reviewed proposal once (8.36ms)
✔ Registry changes cannot use failed-but-recoverable work as a settled project (4.772417ms)
✔ review failure returns to root without automatically charging an exhausted execution issue (8.923541ms)
✔ technical planner retries cannot bypass the original execution issue limit (11.13375ms)
✔ an initial no-progress plan is a recoverable failure and receives the bound root diagnosis (7.05125ms)
✔ first rejected planning sources can be revised before any plan exists without resetting the workflow (4.084208ms)
✔ a failed prepared proposal can be retired only after termination and unchanged integration evidence (3.83425ms)
✔ failed Registry governance reserves the project and retries the original proposal with its budget (5.581208ms)
✔ active Registry change approval waits for actual stopped owners and supersedes their old questions (5.370667ms)
✔ active Registry change rejection waits for actual stopped owners and supersedes their old questions (5.824125ms)
✔ Registry pending checkpoint approval preserves failed planning and exact source lineage (7.818834ms)
✔ Registry pending checkpoint rejection preserves failed planning and exact source lineage (6.395792ms)
✔ one recovery window respects retired project authority without settling or releasing private quarantine (12.048875ms)
✔ Registry approval proceeds after project authority retirement while retaining unknown execution (16.419167ms)
✔ Registry rejection proceeds after project authority retirement while retaining unknown execution (14.602375ms)
✔ isolated failed verification can repair the same task while old range and capacity remain quarantined (17.521042ms)
✔ isolated retirement rejects stale, missing, or unsafe proofs without changing control state (71.667792ms)
✔ retiring project locks does not free execution capacity or host resource locks (15.131916ms)
✔ observer lease renewal cannot invalidate a source-isolation proof, but changed command inputs can (19.741875ms)
✔ stop lane owns settlement while stopped actions cannot be scheduled or claimed again (11.342833ms)
✔ runner wakes after durable changes, completes once, then sleeps without a polling feedback loop (377.790541ms)
✔ effect result validation failures become observable failure facts (83.323292ms)
✔ another effects host cannot observe or replay an invocation while its OS action lock is held (96.251958ms)
✔ a claimed but undispatched action can resume after a quiescent observation (108.812166ms)
✔ cancelling a live persisted action reports one terminal cancellation after its stop receipt (142.920833ms)
✔ a persisted governance stop owns an arbitrary adapter interruption before the local controller aborts (147.459166ms)
✔ the same arbitrary adapter error without a persisted stop remains a technical failure (97.855084ms)
✔ a failed Operation reaches the main notification adapter with its real findings and evidence (126.273417ms)
✔ a stop adapter failure remains an observable exception and cannot confirm cancellation (102.136333ms)
✔ host shutdown preserves uncertain work and does not report its own cancellation as an execution error (70.25ms)
✔ host shutdown preserves uncertain work and reports a distinct cleanup failure (76.00725ms)
✔ retirement winning between due snapshot and claim does not fail the runner or invoke an adapter (58.999709ms)
✔ retirement committed after a claim fences the adapter when its execution lock is acquired (32.375583ms)
✔ a stop committed after claim prevents adapter reentry under the action lock (65.696791ms)
✔ stopped work does not keep the runner on its expired observation clock (61.528541ms)
ℹ tests 104
ℹ suites 0
ℹ pass 104
ℹ fail 0
ℹ cancelled 0
ℹ skipped 0
ℹ todo 0
ℹ duration_ms 1749.795459
