TAP version 13
# Subtest: T15 independent reservation atomically patches only its task and survives concurrent replay and fresh Harness
ok 1 - T15 independent reservation atomically patches only its task and survives concurrent replay and fresh Harness
  ---
  duration_ms: 5909.518583
  type: 'test'
  ...
# Subtest: T15 candidate replacement before reservation rejects the stale create action without task writes
ok 2 - T15 candidate replacement before reservation rejects the stale create action without task writes
  ---
  duration_ms: 3188.566375
  type: 'test'
  ...
1..2
# tests 2
# suites 0
# pass 2
# fail 0
# cancelled 0
# skipped 0
# todo 0
# duration_ms 9499.287459
