TAP version 13
# Subtest: T15 socket admission refusal persists one notice, then actual daemon discovery and fresh Harness stop selecting it
ok 1 - T15 socket admission refusal persists one notice, then actual daemon discovery and fresh Harness stop selecting it
  ---
  duration_ms: 6525.300042
  type: 'test'
  ...
# Subtest: T15 socket preserves finite semantic retry ordinals and only persists pause when the shared budget refuses
ok 2 - T15 socket preserves finite semantic retry ordinals and only persists pause when the shared budget refuses
  ---
  duration_ms: 4225.9505
  type: 'test'
  ...
# Subtest: T15 changed candidate evidence invalidates the prior pause but cannot start an unbound Reviewer
ok 3 - T15 changed candidate evidence invalidates the prior pause but cannot start an unbound Reviewer
  ---
  duration_ms: 2433.95
  type: 'test'
  ...
# Subtest: T15 an authoritative user-wait task projection takes priority over a candidate technical pause
ok 4 - T15 an authoritative user-wait task projection takes priority over a candidate technical pause
  ---
  duration_ms: 1865.253958
  type: 'test'
  ...
# Subtest: T15 stale admission failure cannot pause a concurrently changed candidate parent
ok 5 - T15 stale admission failure cannot pause a concurrently changed candidate parent
  ---
  duration_ms: 3022.399583
  type: 'test'
  ...
# Subtest: T15 stale admission failure cannot pause a concurrently changed candidate review
ok 6 - T15 stale admission failure cannot pause a concurrently changed candidate review
  ---
  duration_ms: 3163.562625
  type: 'test'
  ...
# Subtest: T15 stale admission failure cannot pause a concurrently changed candidate plan content
ok 7 - T15 stale admission failure cannot pause a concurrently changed candidate plan content
  ---
  duration_ms: 2769.096333
  type: 'test'
  ...
# Subtest: T15 first uncertain real Reviewer creation persists pause despite its own new operation and session
ok 8 - T15 first uncertain real Reviewer creation persists pause despite its own new operation and session
  ---
  duration_ms: 3314.101791
  type: 'test'
  ...
# Subtest: T15 independent reservation atomically patches only its task and survives concurrent replay and fresh Harness
ok 9 - T15 independent reservation atomically patches only its task and survives concurrent replay and fresh Harness
  ---
  duration_ms: 2678.714042
  type: 'test'
  ...
# Subtest: T15 candidate replacement invalidates both pre-reservation action and persisted reservation replay
ok 10 - T15 candidate replacement invalidates both pre-reservation action and persisted reservation replay
  ---
  duration_ms: 2311.163625
  type: 'test'
  ...
# Subtest: T15 a stale create action cannot overwrite a newly arrived Owner history
ok 11 - T15 a stale create action cannot overwrite a newly arrived Owner history
  ---
  duration_ms: 2250.918834
  type: 'test'
  ...
1..11
# tests 11
# suites 0
# pass 11
# fail 0
# cancelled 0
# skipped 0
# todo 0
# duration_ms 34999.794084
