✔ directory aliases, duplicates and temporary symlink namespaces publish one stable PATH (72.05825ms)
✔ provider priority, executable state and target metadata change the namespace identity (56.303ms)
✔ relative, empty and missing PATH values conservatively retain the caller environment (8.398375ms)
✔ concurrent publishers reuse one sealed namespace (91.929042ms)
✔ sealed namespace rejects missing and retargeted executable entries (47.352792ms)
✔ different caller namespaces execute with the same observable PATH and invocation path (654.534125ms)
✔ invocation-relative scripts fail under the real stable PATH without fallback to the original namespace (234.062375ms)
✔ canonical input ignores JSON order, non-lifecycle scripts and ordinary business source (44.141625ms)
✔ an install lifecycle conservatively binds indirect file and shell inputs (26.602625ms)
✔ implicit workspaces and recursive file dependencies bind their complete candidate content (46.904459ms)
✔ local paths that escape the candidate fail closed instead of being clamped below root (35.623625ms)
✔ manager fields, project config files and install environment are bound without retaining secrets (26.424542ms)
✔ canonicalize recursively sorts JSON object keys without reordering arrays (0.136542ms)
✔ installation identity survives session aliases only after the actual command environment is stabilized (65.062417ms)
✔ canonical input ignores JSON order, test/build scripts, business source, and action identity (2793.839625ms)
✔ input binds manager version, config, lifecycle source, and local dependency source (3113.26725ms)
✔ base uses base/node_modules so CJS and ESM consumers resolve their siblings (1106.645833ms)
✔ explicit private COW records one full tree copy, and clone unsupported fails closed (1461.510417ms)
✔ parallel overlays share a sealed base but private write locations remain isolated (985.608583ms)
✔ sealed validation rejects a writable base root and fresh sealing rejects every unsafe base link (3911.653459ms)
✔ installer-local workspace links are normalized into the sealed base (756.204959ms)
✔ internal npm hard-link groups are atomically detached before the base is sealed (732.984833ms)
✔ external hard-link references remain untouched while every base path becomes private (750.868416ms)
✔ an external Finder .DS_Store hard-link is detached before readonly sealing (837.574875ms)
✔ readonly unreceipted bases and interrupted hard-link work recover without another install (2066.234ms)
✔ unconfirmed active installer fences a later action without restaging or dispatching (1007.287292ms)
✔ settled failure preserves nested cwd download cache and publishes primary error metrics (1049.017291ms)
✔ failure artifact ENOSPC keeps the primary npm error and active marker fenced (950.413958ms)
✔ a durable settled-failure terminal allows a different action to reclaim the installer (1047.445ms)
✔ durable receipt, promotion, and cache receipt interruptions recover without another install (5625.961375ms)
✔ target replay validates its overlay receipt and does not rerun an already completed install (1618.569167ms)
✔ missing or conflicting durable receipts never delete staged or promoted trees (5180.628583ms)
✔ fresh sealing hashes the base once and every later instance trusts its sealed receipt (5845.486916ms)
✔ install, promotion, hardlink normalization and seal have independent bounded signals and recover without reinstall (3783.070917ms)
✔ seal timeout reports its own phase and recovers the installed readonly base without npm (2116.435167ms)
✔ production manager resolver uses a cwd-bound managed command and no-lock projects return no bindings (1218.8795ms)
✔ same canonical input recovers in one shared generation while unknown installer bytes remain untouched (2672.767542ms)
✔ dependency generation selector cannot escape or traverse a directory alias (1027.304292ms)
✔ isolation proof preserves unknown command truth and binds current sealed candidate (106.733459ms)
✔ isolation refuses missing writer closure, omitted effects, changed candidate, or unsafe command binding (867.689834ms)
✔ retired writable directories cannot be reused via ancestor, descendant, or symlink; sibling is independent (118.898458ms)
✔ new action cannot dispatch or prepare files inside an old isolated installer (83.677ms)
✔ retirement coexists with stop settlement while its OS lock is held (118.769875ms)
✔ retirement rejects active verification while its OS lock is held (44.760834ms)
ℹ tests 44
ℹ suites 0
ℹ pass 44
ℹ fail 0
ℹ cancelled 0
ℹ skipped 0
ℹ todo 0
ℹ duration_ms 51990.334708
