✔ changed source activation waits for its Git baseline binding and preserves unrelated execution (19.767208ms)
✔ a persisted legacy Owner feedback issue remains visible without deadlocking its source revision (9.667125ms)
✔ plan activation does not notify for absent, closed or unproved Owner feedback (5.440958ms)
✔ a feedback notice without its bound execute action remains an ordinary blocking obligation (1.172167ms)
✔ composite children wait for parent inputs and carry real upstream integration evidence (22.113166ms)
✔ a ready sibling behind a quarantined Owner is a visible technical failure, not endless running (4.999458ms)
✔ equivalent local port spellings contend across projects while project resources remain independent (2.406792ms)
✔ plan replacement fences affected attempts and preserves unrelated work until safe activation (9.131708ms)
✔ source replacement supersedes a pending product question and rejects a late answer (4.065583ms)
✔ known checkout obstruction ends delivery explicitly and preserves integrated candidate (11.701375ms)
✔ KAC-02: unchanged drive is referentially stable and does not manufacture progress (14.299ms)
✔ KAC-03: same owner and host resource are serialized across workflows (4.821ms)
✔ KAC-06: submit acknowledges a durable candidate without claiming verification or delivery (1.6325ms)
✔ KAC-10: a model turn ending without writer termination cannot start sealing (1.208292ms)
✔ managed process settlement and obsolete writersStopped cannot replace Owner source closure (1.596833ms)
✔ managed range termination alone cannot release a stopped Owner for redispatch (4.642042ms)
✔ pre-split kernel control records are rejected without silently upgrading evidence (0.108291ms)
✔ KAC-08/09: verification and integration bind content and expected base (6.710167ms)
✔ KAC-01/11: deadline produces stop action, unknown termination stays quarantined and observable (4.079584ms)
✔ KAC-11: later real termination releases quarantine without reviving failed task (2.2ms)
✔ KAC-12: notification completion requires correct root and persistent message identity (1.282417ms)
✔ KAC-13: genuine user wait suspends active deadline; stale root cannot answer (2.761916ms)
✔ KAC-15: open obligations prevent activation; same label does not replace closure evidence (3.609375ms)
✔ KAC-24: direct operations share Owner/resource admission with DAG work (1.342416ms)
✔ terminal Operation notice preserves the settled result needed by the root session (1.455125ms)
✔ upstream semantic changes invalidate completed or pending consumer inputs (4.06825ms)
✔ workflow capacity is local while catalog capacity remains global (1.674667ms)
✔ duplicate operation enqueue is idempotent even while its resource is occupied (1.983167ms)
✔ bound verification failure becomes a visible failure instead of a hanging action (3.941792ms)
✔ a nonterminal verification notification carries the same safe summary instead of raw command results (5.496042ms)
✔ a settled dependency preparation failure retries the same candidate verification without redispatching its Owner (6.903167ms)
✔ an expired settled candidate verification routes to one task repair without consuming a doomed action retry (6.76125ms)
✔ a successful fresh task attempt closes only the expired candidate action repair it superseded (21.134ms)
✔ a later plan can close a pre-upgrade action repair from its retained successful task-retry chain (18.356709ms)
✔ a task retry cannot close its old candidate action repair after the verification definition changes (18.672333ms)
✔ a candidate action retry admitted before the attempt deadline keeps that original deadline (3.877542ms)
✔ an execution-identity-unconfirmed attempt cannot be converted into an Owner repair (3.572875ms)
✔ deferred root-session action attention remains lossless JSON (1.319917ms)
✔ planning, independent review and activation are one persisted action chain (3.360417ms)
✔ planning preflight rejects an invalid obligation id without mutating control state (1.856292ms)
✔ planning preflight accepts a bound no-progress result without mutating state before formal failure (3.167708ms)
✔ a valid planning preflight cannot authorize a stale later commit (2.622833ms)
✔ planning preflight accepts a matching obligation definition and rejects a conflict (4.726458ms)
✔ execution obligations permit implementation, close only on integration and reopen when their task changes (7.574625ms)
✔ a final passing test cannot hide an unclosed obligation or deliver the checkout (6.004958ms)
✔ a real permission wait pauses an ordinary action deadline and cancellation expires its question (2.535208ms)
✔ parallel cancellation emits one canonical terminal notice only after every stop settles (4.748834ms)
✔ a late stop receipt corrects failed cancellation once and identifies the superseded notice (4.270833ms)
✔ identical technical replan requests consume one persistent recovery slot (1.556792ms)
✔ renaming and splitting a Ticket preserves its issue, budget and all descendant closure evidence (29.4585ms)
✔ keeping a verification ID while replacing its command cannot close the original failure (12.005ms)
✔ a failed recoverable workflow still reserves its project until explicitly cancelled and settled (4.151ms)
✔ replanning cannot bypass the original execution issue limit (9.932167ms)
✔ settled verify_workflow failure repairs the same input with inherited budget and retained evidence (7.389417ms)
✔ settled deliver_workflow failure repairs the same input with inherited budget and retained evidence (7.219125ms)
✔ initial plan transport failure can recover without fabricating an active plan (3.6975ms)
✔ initial review_plan transport failure can recover without fabricating an active plan (4.815042ms)
✔ a stopped source preparation retries the exact pending reviewed proposal once (6.293ms)
✔ Registry changes cannot use failed-but-recoverable work as a settled project (3.335291ms)
✔ automatic review revisions inherit the execution issue limit after root replanning (6.038083ms)
✔ technical planner retries cannot bypass the original execution issue limit (6.938625ms)
✔ an initial no-progress plan is a recoverable failure and receives the bound root diagnosis (3.895875ms)
✔ first rejected planning sources can be revised before any plan exists without resetting the workflow (2.522083ms)
✔ a failed prepared proposal can be retired only after termination and unchanged integration evidence (3.771917ms)
✔ failed Registry governance reserves the project and retries the original proposal with its budget (6.219041ms)
✔ active Registry change approval waits for actual stopped owners and supersedes their old questions (3.577666ms)
✔ active Registry change rejection waits for actual stopped owners and supersedes their old questions (3.4945ms)
ℹ tests 67
ℹ suites 0
ℹ pass 67
ℹ fail 0
ℹ cancelled 0
ℹ skipped 0
ℹ todo 0
ℹ duration_ms 474.916708
