✔ local replanning rejects unrelated changes and preserves a completed independent task (71.543666ms)
✔ revision boundary includes recursive consumers, source changes, and explicit verification changes (18.317792ms)
✔ task execution identity ignores global verification definition order but binds each full definition (3.13425ms)
✔ reviewed source and unrelated Owner scope revisions preserve a legacy task identity and its dispatch contract (22.802416ms)
✔ a legacy in-flight attempt without exact persisted Owner action facts cannot be carried forward (5.2975ms)
✔ a reviewer persists an obligation outside the revision boundary and returns it to the root without a repair loop (5.227041ms)
✔ changed source activation waits for its Git baseline binding and preserves unrelated execution (15.060833ms)
✔ a persisted legacy Owner feedback issue remains visible without deadlocking its source revision (9.720209ms)
✔ plan activation does not notify for absent, closed or unproved Owner feedback (4.2365ms)
✔ a feedback notice without its bound execute action remains an ordinary blocking obligation (2.754625ms)
✔ composite children wait for parent inputs and carry real upstream integration evidence (29.90375ms)
✔ a ready sibling behind a quarantined Owner is a visible technical failure, not endless running (2.072ms)
✔ equivalent local port spellings contend across projects while project resources remain independent (4.684417ms)
✔ plan replacement fences affected attempts and preserves unrelated work until safe activation (9.666208ms)
✔ source replacement supersedes a pending product question and rejects a late answer (3.449875ms)
✔ known checkout obstruction ends delivery explicitly and preserves integrated candidate (15.129083ms)
✔ KAC-02: unchanged drive is referentially stable and does not manufacture progress (17.65075ms)
✔ KAC-03: same owner and host resource are serialized across workflows (4.974958ms)
✔ KAC-06: submit acknowledges a durable candidate without claiming verification or delivery (3.3ms)
✔ KAC-10: a model turn ending without writer termination cannot start sealing (1.402916ms)
✔ managed process settlement and obsolete writersStopped cannot replace Owner source closure (2.615167ms)
✔ managed range termination alone cannot release a stopped Owner for redispatch (3.747625ms)
✔ pre-split kernel control records are rejected without silently upgrading evidence (0.246584ms)
✔ KAC-08/09: verification and integration bind content and expected base (8.099417ms)
✔ KAC-01/11: deadline produces stop action, unknown termination stays quarantined and observable (4.576417ms)
✔ KAC-11: later real termination releases quarantine without reviving failed task (2.625917ms)
✔ KAC-12: notification completion requires correct root and persistent message identity (1.538917ms)
✔ KAC-13: genuine user wait suspends active deadline; stale root cannot answer (2.948958ms)
✔ KAC-15: open obligations prevent activation; same label does not replace closure evidence (2.812292ms)
✔ KAC-24: direct operations share Owner/resource admission with DAG work (1.463125ms)
✔ terminal Operation notice preserves the settled result needed by the root session (2.947833ms)
✔ upstream semantic changes invalidate completed or pending consumer inputs (3.378292ms)
✔ workflow capacity is local while catalog capacity remains global (2.89225ms)
✔ duplicate operation enqueue is idempotent even while its resource is occupied (1.82625ms)
✔ bound verification failure becomes a visible failure instead of a hanging action (4.81825ms)
✔ a nonterminal verification notification carries the same safe summary instead of raw command results (5.618375ms)
✔ a settled dependency preparation failure retries the same candidate verification without redispatching its Owner (8.030875ms)
✔ an expired settled candidate verification routes to one task repair without consuming a doomed action retry (5.449708ms)
✔ a successful fresh task attempt closes only the expired candidate action repair it superseded (26.319666ms)
✔ a later plan can close a pre-upgrade action repair from its retained successful task-retry chain (27.762583ms)
✔ a task retry cannot close its old candidate action repair after the verification definition changes (23.839333ms)
✔ a candidate action retry admitted before the attempt deadline keeps that original deadline (4.169958ms)
✔ an execution-identity-unconfirmed attempt cannot be converted into an Owner repair (6.38975ms)
✔ deferred root-session action attention remains lossless JSON (1.838583ms)
✔ planning, independent review and activation are one persisted action chain (3.475459ms)
✔ planning preflight rejects an invalid obligation id without mutating control state (1.589417ms)
✔ planning preflight accepts a bound no-progress result without mutating state before formal failure (3.865916ms)
✔ a valid planning preflight cannot authorize a stale later commit (1.921917ms)
✔ planning preflight accepts a matching obligation definition and rejects a conflict (5.296083ms)
✔ execution obligations permit implementation, close only on integration and reopen when their task changes (8.213291ms)
✔ a final passing test cannot hide an unclosed obligation or deliver the checkout (6.099666ms)
✔ a real permission wait pauses an ordinary action deadline and cancellation expires its question (2.533708ms)
✔ parallel cancellation emits one canonical terminal notice only after every stop settles (5.830417ms)
✔ a late stop receipt corrects failed cancellation once and identifies the superseded notice (4.127167ms)
✔ identical technical replan requests consume one persistent recovery slot (1.390542ms)
✔ renaming and splitting a Ticket preserves its issue, budget and all descendant closure evidence (46.8465ms)
✔ keeping a verification ID while replacing its command cannot close the original failure (19.843708ms)
✔ a failed recoverable workflow still reserves its project until explicitly cancelled and settled (9.700834ms)
✔ replanning cannot bypass the original execution issue limit (16.051042ms)
✔ settled verify_workflow failure repairs the same input with inherited budget and retained evidence (15.248417ms)
✔ settled deliver_workflow failure repairs the same input with inherited budget and retained evidence (14.359542ms)
✔ initial plan transport failure can recover without fabricating an active plan (7.958292ms)
✔ initial review_plan transport failure can recover without fabricating an active plan (7.505458ms)
✔ a stopped source preparation retries the exact pending reviewed proposal once (5.820083ms)
✔ Registry changes cannot use failed-but-recoverable work as a settled project (3.255334ms)
✔ automatic review revisions inherit the execution issue limit after root replanning (7.4665ms)
✔ technical planner retries cannot bypass the original execution issue limit (9.858833ms)
✔ an initial no-progress plan is a recoverable failure and receives the bound root diagnosis (7.826958ms)
✔ first rejected planning sources can be revised before any plan exists without resetting the workflow (2.757875ms)
✔ a failed prepared proposal can be retired only after termination and unchanged integration evidence (6.640709ms)
✔ failed Registry governance reserves the project and retries the original proposal with its budget (8.792958ms)
✔ active Registry change approval waits for actual stopped owners and supersedes their old questions (7.100125ms)
✔ active Registry change rejection waits for actual stopped owners and supersedes their old questions (5.173541ms)
✔ Registry pending checkpoint approval preserves failed planning and exact source lineage (11.029333ms)
✔ Registry pending checkpoint rejection preserves failed planning and exact source lineage (7.559791ms)
✔ Registry approval proceeds after project authority retirement while retaining unknown execution (12.830417ms)
✔ Registry rejection proceeds after project authority retirement while retaining unknown execution (16.640834ms)
✔ isolated failed verification can repair the same task while old range and capacity remain quarantined (15.058541ms)
✔ isolated retirement rejects stale, missing, or unsafe proofs without changing control state (62.881375ms)
✔ retiring project locks does not free execution capacity or host resource locks (13.661333ms)
✔ observer lease renewal cannot invalidate a source-isolation proof, but changed command inputs can (15.923ms)
✔ stop lane owns settlement while stopped actions cannot be scheduled or claimed again (10.776042ms)
ℹ tests 82
ℹ suites 0
ℹ pass 82
ℹ fail 0
ℹ cancelled 0
ℹ skipped 0
ℹ todo 0
ℹ duration_ms 901.406541
