TAP version 13
# Subtest: T23 SIGKILL after prompt flush before submitted receipt preserves one accepted prompt
ok 1 - T23 SIGKILL after prompt flush before submitted receipt preserves one accepted prompt
  ---
  duration_ms: 3180.27775
  type: 'test'
  ...
# Subtest: T23 SIGKILL after create returns before Owner binding cannot authorize resend
ok 2 - T23 SIGKILL after create returns before Owner binding cannot authorize resend
  ---
  duration_ms: 2377.160125
  type: 'test'
  ...
# Subtest: T23 SIGKILL after durable reservation allows exactly one original-identity Owner execution
ok 3 - T23 SIGKILL after durable reservation allows exactly one original-identity Owner execution
  ---
  duration_ms: 2361.648083
  type: 'test'
  ...
# Subtest: T23 two ready processes competing for one durable intent execute its Owner only once
ok 4 - T23 two ready processes competing for one durable intent execute its Owner only once
  ---
  duration_ms: 3096.19675
  type: 'test'
  ...
# Subtest: T23 distinct requests racing for the final credit execute only the admitted Owner
ok 5 - T23 distinct requests racing for the final credit execute only the admitted Owner
  ---
  duration_ms: 2365.518583
  type: 'test'
  ...
# Subtest: T23 SIGKILL before failed settlement rename never accepts the temporary receipt or reexecutes
ok 6 - T23 SIGKILL before failed settlement rename never accepts the temporary receipt or reexecutes
  ---
  duration_ms: 2151.944459
  type: 'test'
  ...
1..6
# tests 6
# suites 0
# pass 6
# fail 0
# cancelled 0
# skipped 0
# todo 0
# duration_ms 15666.566083
