TAP version 13
# Subtest: T23 SIGKILL after prompt flush before submitted receipt preserves one accepted prompt
ok 1 - T23 SIGKILL after prompt flush before submitted receipt preserves one accepted prompt
  ---
  duration_ms: 3105.70375
  type: 'test'
  ...
# Subtest: T23 SIGKILL after create returns before Owner binding cannot authorize resend
ok 2 - T23 SIGKILL after create returns before Owner binding cannot authorize resend
  ---
  duration_ms: 2470.177292
  type: 'test'
  ...
# Subtest: T23 SIGKILL after durable reservation allows exactly one original-identity Owner execution
ok 3 - T23 SIGKILL after durable reservation allows exactly one original-identity Owner execution
  ---
  duration_ms: 2413.425125
  type: 'test'
  ...
# Subtest: T23 two ready processes competing for one durable intent execute its Owner only once
ok 4 - T23 two ready processes competing for one durable intent execute its Owner only once
  ---
  duration_ms: 3753.67275
  type: 'test'
  ...
1..4
# tests 4
# suites 0
# pass 4
# fail 0
# cancelled 0
# skipped 0
# todo 0
# duration_ms 11831.199166
