✔ local replanning rejects unrelated changes and preserves a completed independent task (83.505791ms)
✔ revision boundary includes recursive consumers, source changes, and explicit verification changes (23.677375ms)
✔ task execution identity ignores global verification definition order but binds each full definition (2.607917ms)
✔ reviewed source and unrelated Owner scope revisions preserve a legacy task identity and its dispatch contract (32.599458ms)
✔ a legacy in-flight attempt without exact persisted Owner action facts cannot be carried forward (6.558125ms)
✔ a reviewer persists an obligation outside the revision boundary and returns it to the root without a repair loop (7.724083ms)
✔ a Planner reports two out-of-bound Ticket consumers and the root formally replans the same workflow with the complete boundary (36.506333ms)
✔ a Planner needs_split report inside its boundary requests source revision without inventing boundary expansion (6.012458ms)
✔ a read-only Owner review is structurally executable through its durable report without business writes or verification commands (16.510208ms)
✔ an unchanged correct plan receives one independent closure review for already-satisfied plan obligations (23.524667ms)
✔ one negative unchanged-plan closure review blocks only the same plan, source, and obligation identity set (39.187417ms)
✔ an unchanged plan with a genuinely missing closure fact remains no progress (7.3785ms)
✔ review target verifications remain unchanged when existing terminal bindings already cover the concern (52.213ms)
✔ an explicit plan verification binding obligation stays open when the target task lacks that binding (7.706875ms)
✔ review target scope returns to root without forcing an unrelated command mutation (verification allowed: false) (13.796958ms)
✔ review target scope returns to root without forcing an unrelated command mutation (verification allowed: true) (13.111125ms)
✔ one native recovery authorization preserves exhausted history and allows exactly one root repair across reload (13.100917ms)
✔ recovery approval cannot apply after another recovery changed its bound counter (6.227541ms)
✔ recovery permission [] grants nothing (3.459292ms)
✔ recovery permission ["保持暂停"] grants nothing (2.960042ms)
✔ changed source activation waits for its Git baseline binding and preserves unrelated execution (13.52125ms)
✔ a persisted legacy Owner feedback issue remains visible without deadlocking its source revision (12.8785ms)
✔ plan activation does not notify for absent, closed or unproved Owner feedback (8.046875ms)
✔ a feedback notice without its bound execute action remains an ordinary blocking obligation (3.028584ms)
✔ composite children wait for parent inputs and carry real upstream integration evidence (28.951042ms)
✔ a ready sibling behind a quarantined Owner is a visible technical failure, not endless running (4.480375ms)
✔ equivalent local port spellings contend across projects while project resources remain independent (5.738791ms)
✔ plan replacement fences affected attempts and preserves unrelated work until safe activation (9.736542ms)
✔ source replacement supersedes a pending product question and rejects a late answer (2.166208ms)
✔ known checkout obstruction ends delivery explicitly and preserves integrated candidate (19.475917ms)
✔ KAC-02: unchanged drive is referentially stable and does not manufacture progress (24.472875ms)
✔ KAC-03: same owner and host resource are serialized across workflows (6.234667ms)
✔ KAC-06: submit acknowledges a durable candidate without claiming verification or delivery (3.305834ms)
✔ KAC-10: a model turn ending without writer termination cannot start sealing (3.052916ms)
✔ managed process settlement and obsolete writersStopped cannot replace Owner source closure (1.704833ms)
✔ managed range termination alone cannot release a stopped Owner for redispatch (5.476625ms)
✔ pre-split kernel control records are rejected without silently upgrading evidence (0.240708ms)
✔ KAC-08/09: verification and integration bind content and expected base (11.767709ms)
✔ KAC-01/11: deadline produces stop action, unknown termination stays quarantined and observable (5.484334ms)
✔ KAC-11: later real termination releases quarantine without reviving failed task (4.381167ms)
✔ a late non-attempt stop receipt notifies the root after the quarantined failure notice was delivered (7.699291ms)
✔ KAC-12: notification completion requires correct root and persistent message identity (2.085042ms)
✔ KAC-13: genuine user wait suspends active deadline; stale root cannot answer (5.261292ms)
✔ KAC-15: open obligations prevent activation; same label does not replace closure evidence (4.176333ms)
✔ KAC-24: direct operations share Owner/resource admission with DAG work (1.508708ms)
✔ terminal Operation notice preserves the settled result needed by the root session (2.090958ms)
✔ upstream semantic changes invalidate completed or pending consumer inputs (3.573666ms)
✔ workflow capacity is local while catalog capacity remains global (1.799416ms)
✔ duplicate operation enqueue is idempotent even while its resource is occupied (1.303ms)
✔ bound verification failure becomes a visible failure instead of a hanging action (4.045583ms)
✔ a nonterminal verification notification carries the same safe summary instead of raw command results (7.976459ms)
✔ a settled dependency preparation failure retries the same candidate verification without redispatching its Owner (8.799958ms)
✔ an expired settled candidate verification routes to one task repair without consuming a doomed action retry (7.913084ms)
✔ a successful fresh task attempt closes only the expired candidate action repair it superseded (26.354417ms)
✔ a later plan can close a pre-upgrade action repair from its retained successful task-retry chain (24.50025ms)
✔ a task retry cannot close its old candidate action repair after the verification definition changes (21.893708ms)
✔ a candidate action retry admitted before the attempt deadline keeps that original deadline (5.216834ms)
✔ an execution-identity-unconfirmed attempt cannot be converted into an Owner repair (7.855666ms)
✔ deferred root-session action attention remains lossless JSON (1.602334ms)
✔ planning, independent review and activation are one persisted action chain (6.038916ms)
✔ a rejected initial candidate remains the bounded authoring parent and is recoverable from settled history (12.106334ms)
✔ an unactivated candidate enforces its revision boundary for full plan submissions (3.564542ms)
✔ a full plan may add a verification only when every real binding is inside the authorized task boundary (5.618375ms)
✔ an explicit verification binding repair keeps argv stable while no-progress remains a separate planning result (22.210292ms)
✔ planning preflight rejects an invalid obligation id without mutating control state (2.812417ms)
✔ planning preflight rejects a true no-progress result immediately without mutating live state (5.460333ms)
✔ a valid planning preflight cannot authorize a stale later commit (3.400125ms)
✔ planning preflight updates current obligation text for the same identity and rejects a different identity (9.704667ms)
✔ execution obligations permit implementation, close only on integration and reopen when their task changes (11.36225ms)
✔ a final passing test cannot hide an unclosed obligation or deliver the checkout (7.102125ms)
✔ a real permission wait pauses an ordinary action deadline and cancellation expires its question (3.748084ms)
✔ parallel cancellation emits one canonical terminal notice only after every stop settles (8.638584ms)
✔ a late stop receipt corrects failed cancellation once and identifies the superseded notice (3.202875ms)
✔ identical technical replan requests consume one persistent recovery slot (0.949334ms)
✔ renaming and splitting a Ticket preserves its issue, budget and all descendant closure evidence (33.153458ms)
✔ keeping a verification ID while replacing its command cannot close the original failure (13.062291ms)
✔ a failed recoverable workflow still reserves its project until explicitly cancelled and settled (7.076167ms)
✔ replanning cannot bypass the original execution issue limit (14.104333ms)
✔ settled verify_workflow failure repairs the same input with inherited budget and retained evidence (7.876833ms)
✔ settled deliver_workflow failure repairs the same input with inherited budget and retained evidence (7.569666ms)
✔ initial plan transport failure can recover without fabricating an active plan (4.8655ms)
✔ initial review_plan transport failure can recover without fabricating an active plan (6.41075ms)
✔ a settled Planner delivery failure unblocks formal replanning on the same workflow (3.74375ms)
✔ a stopped source preparation retries the exact pending reviewed proposal once (8.415917ms)
✔ Registry changes cannot use failed-but-recoverable work as a settled project (3.070125ms)
✔ review failure returns to root without automatically charging an exhausted execution issue (7.598416ms)
✔ technical planner retries cannot bypass the original execution issue limit (7.293583ms)
✔ an initial no-progress plan is a recoverable failure and receives the bound root diagnosis (4.039208ms)
✔ first rejected planning sources can be revised before any plan exists without resetting the workflow (5.510292ms)
✔ a failed prepared proposal can be retired only after termination and unchanged integration evidence (6.537458ms)
✔ failed Registry governance reserves the project and retries the original proposal with its budget (5.82175ms)
✔ active Registry change approval waits for actual stopped owners and supersedes their old questions (5.880959ms)
✔ active Registry change rejection waits for actual stopped owners and supersedes their old questions (6.082167ms)
✔ Registry pending checkpoint approval preserves failed planning and exact source lineage (7.735666ms)
✔ Registry pending checkpoint rejection preserves failed planning and exact source lineage (4.720125ms)
✔ one recovery window respects retired project authority without settling or releasing private quarantine (10.204916ms)
✔ Registry approval proceeds after project authority retirement while retaining unknown execution (15.713667ms)
✔ Registry rejection proceeds after project authority retirement while retaining unknown execution (13.838333ms)
✔ isolated failed verification can repair the same task while old range and capacity remain quarantined (19.885625ms)
✔ isolated retirement rejects stale, missing, or unsafe proofs without changing control state (59.831666ms)
✔ retiring project locks does not free execution capacity or host resource locks (15.997833ms)
✔ observer lease renewal cannot invalidate a source-isolation proof, but changed command inputs can (13.672334ms)
✔ stop lane owns settlement while stopped actions cannot be scheduled or claimed again (10.0285ms)
ℹ tests 103
ℹ suites 0
ℹ pass 103
ℹ fail 0
ℹ cancelled 0
ℹ skipped 0
ℹ todo 0
ℹ duration_ms 1258.530666
