✖ a corrected read-only review report closes its bound execution issue only after independent review and integration (25.390875ms)
ℹ tests 1
ℹ suites 0
ℹ pass 0
ℹ fail 1
ℹ cancelled 0
ℹ skipped 0
ℹ todo 0
ℹ duration_ms 91.117625

✖ failing tests:

test at owner-workflow-plugin/test/workflow-engine.test.mjs:2021:1
✖ a corrected read-only review report closes its bound execution issue only after independent review and integration (25.390875ms)
  AssertionError [ERR_ASSERTION]: Expected values to be strictly equal:
  
  'open' !== 'closed'
  
      at TestContext.<anonymous> (file:///Volumes/LargeStorage/code/DSH-Workflow/owner-workflow-plugin/test/workflow-engine.test.mjs:2034:10)
      at Test.runInAsyncScope (node:async_hooks:214:14)
      at Test.run (node:internal/test_runner/test:1106:25)
      at Test.start (node:internal/test_runner/test:1003:17)
      at startSubtestAfterBootstrap (node:internal/test_runner/harness:358:17) {
    generatedMessage: true,
    code: 'ERR_ASSERTION',
    actual: 'open',
    expected: 'closed',
    operator: 'strictEqual',
    diff: 'simple'
  }
