✔ local replanning rejects unrelated changes and preserves a completed independent task (67.092708ms)
✔ revision boundary includes recursive consumers, source changes, and explicit verification changes (22.142958ms)
✔ task execution identity ignores global verification definition order but binds each full definition (2.974583ms)
✔ reviewed source and unrelated Owner scope revisions preserve a legacy task identity and its dispatch contract (32.228875ms)
✔ a legacy in-flight attempt without exact persisted Owner action facts cannot be carried forward (8.641042ms)
✔ a reviewer persists an obligation outside the revision boundary and returns it to the root without a repair loop (7.3075ms)
✔ a Planner reports two out-of-bound Ticket consumers and the root formally replans the same workflow with the complete boundary (36.330541ms)
✔ a Planner needs_split report inside its boundary requests source revision without inventing boundary expansion (11.0405ms)
✔ a read-only Owner review is structurally executable through its durable report without business writes or verification commands (13.926875ms)
✔ an unchanged correct plan receives one independent closure review for already-satisfied plan obligations (18.28175ms)
✔ one negative unchanged-plan closure review blocks only the same plan, source, and obligation identity set (38.042875ms)
✔ an unchanged plan with a genuinely missing closure fact remains no progress (26.668917ms)
✔ review target verifications remain unchanged when existing terminal bindings already cover the concern (76.97225ms)
✔ an explicit plan verification binding obligation stays open when the target task lacks that binding (4.947375ms)
✔ review target scope returns to root without forcing an unrelated command mutation (verification allowed: false) (11.013875ms)
✔ review target scope returns to root without forcing an unrelated command mutation (verification allowed: true) (13.375ms)
✔ one native recovery authorization preserves exhausted history and allows exactly one root repair across reload (7.602792ms)
✔ recovery approval cannot apply after another recovery changed its bound counter (4.346917ms)
✔ recovery permission [] grants nothing (1.047083ms)
✔ recovery permission ["保持暂停"] grants nothing (1.679458ms)
✔ changed source activation waits for its Git baseline binding and preserves unrelated execution (11.127375ms)
✔ a persisted legacy Owner feedback issue remains visible without deadlocking its source revision (13.970792ms)
✔ plan activation does not notify for absent, closed or unproved Owner feedback (5.58275ms)
✔ a feedback notice without its bound execute action remains an ordinary blocking obligation (1.885667ms)
✔ runner exit 1 or 2 closes only the resource observation while failed typecheck recovery stays open (13.3465ms)
✔ missing runner resources, sandbox failure, and missing dependency preparation do not close feedback (27.141084ms)
✔ restart drive narrowly migrates the exact legacy typecheck observation from settled evidence (20.243375ms)
✔ composite children wait for parent inputs and carry real upstream integration evidence (26.887417ms)
✔ a ready sibling behind a quarantined Owner is a visible technical failure, not endless running (3.09925ms)
✔ equivalent local port spellings contend across projects while project resources remain independent (3.88525ms)
✔ plan replacement fences affected attempts and preserves unrelated work until safe activation (7.946041ms)
✔ source replacement supersedes a pending product question and rejects a late answer (3.006791ms)
✔ known checkout obstruction ends delivery explicitly and preserves integrated candidate (15.649625ms)
✔ KAC-02: unchanged drive is referentially stable and does not manufacture progress (18.111917ms)
✔ KAC-03: same owner and host resource are serialized across workflows (7.449833ms)
✔ KAC-06: submit acknowledges a durable candidate without claiming verification or delivery (3.078833ms)
✔ KAC-10: a model turn ending without writer termination cannot start sealing (1.550708ms)
✔ managed process settlement and obsolete writersStopped cannot replace Owner source closure (2.248791ms)
✔ managed range termination alone cannot release a stopped Owner for redispatch (2.58875ms)
✔ pre-split kernel control records are rejected without silently upgrading evidence (0.110334ms)
✔ KAC-08/09: verification and integration bind content and expected base (8.101375ms)
✔ KAC-01/11: deadline produces stop action, unknown termination stays quarantined and observable (5.015625ms)
✔ KAC-11: later real termination releases quarantine without reviving failed task (2.530667ms)
✔ a late non-attempt stop receipt notifies the root after the quarantined failure notice was delivered (5.473041ms)
✔ KAC-12: notification completion requires correct root and persistent message identity (1.414792ms)
✔ KAC-13: genuine user wait suspends active deadline; stale root cannot answer (2.851625ms)
✔ KAC-15: open obligations prevent activation; same label does not replace closure evidence (5.158041ms)
✔ KAC-24: direct operations share Owner/resource admission with DAG work (2.754166ms)
✔ terminal Operation notice preserves the settled result needed by the root session (2.667833ms)
✔ upstream semantic changes invalidate completed or pending consumer inputs (6.131958ms)
✔ workflow capacity is local while catalog capacity remains global (3.4915ms)
✔ duplicate operation enqueue is idempotent even while its resource is occupied (6.668084ms)
✔ bound verification failure becomes a visible failure instead of a hanging action (6.387084ms)
✔ a nonterminal verification notification carries the same safe summary instead of raw command results (6.359542ms)
✔ a settled dependency preparation failure retries the same candidate verification without redispatching its Owner (9.966625ms)
✔ an expired settled candidate verification routes to one task repair without consuming a doomed action retry (5.665709ms)
✔ a successful fresh task attempt closes only the expired candidate action repair it superseded (30.549416ms)
✔ a later plan can close a pre-upgrade action repair from its retained successful task-retry chain (24.119667ms)
✔ a task retry cannot close its old candidate action repair after the verification definition changes (23.582792ms)
✔ a candidate action retry admitted before the attempt deadline keeps that original deadline (4.4255ms)
✔ an execution-identity-unconfirmed attempt cannot be converted into an Owner repair (5.042041ms)
✔ deferred root-session action attention remains lossless JSON (2.968792ms)
✔ planning, independent review and activation are one persisted action chain (4.432792ms)
✔ a rejected initial candidate remains the bounded authoring parent and is recoverable from settled history (12.752625ms)
✔ an unactivated candidate enforces its revision boundary for full plan submissions (5.111458ms)
✔ a full plan may add a verification only when every real binding is inside the authorized task boundary (6.652209ms)
✔ an explicit verification binding repair keeps argv stable while no-progress remains a separate planning result (18.930375ms)
✔ planning preflight rejects an invalid obligation id without mutating control state (1.567375ms)
✔ planning preflight rejects a true no-progress result immediately without mutating live state (2.942833ms)
✔ a valid planning preflight cannot authorize a stale later commit (2.455333ms)
✔ planning preflight updates current obligation text for the same identity and rejects a different identity (8.019625ms)
✔ execution obligations permit implementation, close only on integration and reopen when their task changes (10.896667ms)
✔ a final passing test cannot hide an unclosed obligation or deliver the checkout (5.835625ms)
✔ a real permission wait pauses an ordinary action deadline and cancellation expires its question (3.915708ms)
✔ parallel cancellation emits one canonical terminal notice only after every stop settles (5.130292ms)
✔ a late stop receipt corrects failed cancellation once and identifies the superseded notice (3.243458ms)
✔ identical technical replan requests consume one persistent recovery slot (0.9545ms)
✔ a corrected read-only review report closes its bound execution issue only after independent review and integration (15.717375ms)
✔ a read-only report failure stays open before integration and without independent review identity or durable submission (24.054708ms)
✔ an empty verification list closes only a legal review report task (10.652167ms)
✔ renaming and splitting a Ticket preserves its issue, budget and all descendant closure evidence (33.902333ms)
✔ keeping a verification ID while replacing its command cannot close the original failure (12.664666ms)
✔ a failed recoverable workflow still reserves its project until explicitly cancelled and settled (5.581666ms)
✔ replanning cannot bypass the original execution issue limit (13.711833ms)
✔ settled verify_workflow failure repairs the same input with inherited budget and retained evidence (9.786708ms)
✔ settled deliver_workflow failure repairs the same input with inherited budget and retained evidence (8.514708ms)
✔ initial plan transport failure can recover without fabricating an active plan (9.6655ms)
✔ initial review_plan transport failure can recover without fabricating an active plan (5.320459ms)
✔ a settled Planner delivery failure unblocks formal replanning on the same workflow (2.475791ms)
✔ a stopped source preparation retries the exact pending reviewed proposal once (4.874959ms)
✔ Registry changes cannot use failed-but-recoverable work as a settled project (6.937416ms)
✔ review failure returns to root without automatically charging an exhausted execution issue (8.594583ms)
✔ technical planner retries cannot bypass the original execution issue limit (8.498292ms)
✔ an initial no-progress plan is a recoverable failure and receives the bound root diagnosis (3.793708ms)
✔ first rejected planning sources can be revised before any plan exists without resetting the workflow (4.154959ms)
✔ a failed prepared proposal can be retired only after termination and unchanged integration evidence (7.782792ms)
✔ failed Registry governance reserves the project and retries the original proposal with its budget (5.876416ms)
✔ active Registry change approval waits for actual stopped owners and supersedes their old questions (5.15375ms)
✔ active Registry change rejection waits for actual stopped owners and supersedes their old questions (2.848ms)
✔ Registry pending checkpoint approval preserves failed planning and exact source lineage (6.670583ms)
✔ Registry pending checkpoint rejection preserves failed planning and exact source lineage (5.87875ms)
✔ one recovery window respects retired project authority without settling or releasing private quarantine (9.713541ms)
✔ Registry approval proceeds after project authority retirement while retaining unknown execution (17.365167ms)
✔ Registry rejection proceeds after project authority retirement while retaining unknown execution (12.454833ms)
✔ isolated failed verification can repair the same task while old range and capacity remain quarantined (15.249666ms)
✔ isolated retirement rejects stale, missing, or unsafe proofs without changing control state (91.511541ms)
✔ retiring project locks does not free execution capacity or host resource locks (41.7605ms)
✔ observer lease renewal cannot invalidate a source-isolation proof, but changed command inputs can (18.625292ms)
✔ stop lane owns settlement while stopped actions cannot be scheduled or claimed again (12.672375ms)
ℹ tests 109
ℹ suites 0
ℹ pass 109
ℹ fail 0
ℹ cancelled 0
ℹ skipped 0
ℹ todo 0
ℹ duration_ms 1388.196416
