✔ Node test适配器只把有非零用例且证据完整的结果识别为可通过 (2.398875ms)
✔ 集中验收拒绝未知依赖、依赖环和空命令 (0.507583ms)
✔ 真实Node入口在首项失败后继续独立项，并分类阻塞、超时、取消、零用例和未运行 (433.205125ms)
✔ 中断和超时保留已观测用例计数，但不将部分通过升级为验收通过 (0.529625ms)
✔ 候选摘要或代码提交变化时旧结果不能计为通过 (0.108459ms)
✔ only actionable kernel entries contribute deduplicated wait counts while every result remains visible (12.31175ms)
✔ 等待列表客户端产物与源码一致并登记正式、本地两个模块编号 (101.138625ms)
✔ 运行状态和 Owner 输入限制只登记官方 Slot (4.665708ms)
✔ 运行状态只通过可重连 SSE 接收更新，并按当前工作区和当前会话过滤 (1.302959ms)
✔ 运行状态按需要处理、总览、主线程和子代理分类显示确定性状态 (1.354583ms)
✔ 侧栏运行状态使用视口定位，避免被侧栏裁剪和遮住底部操作区 (1.315959ms)
✔ 证据义务冻结后，相同语义问题不会因改写标题被当成新进展 (5.920083ms)
✔ 没有新 Runtime 证据时，Reviewer 新增问题进入仲裁而不是扩大冻结集合 (6.404333ms)
✔ 新 Runtime 证据允许吸收新义务，但不会关闭被遗漏的旧义务 (0.821083ms)
✔ 交替会诊文本、时间、会话、HEAD 和候选摘要不能在 30 轮内重置策略 (5.704542ms)
✔ 当前候选恢复的验证绑定只登记一次进展，不自动关闭且重复事实不续期 (0.391208ms)
✔ 已解决义务的新文件和反复更换 obligationId 都不能回收策略租约 (0.627833ms)
✔ 决定分类只接受结构化业务差异或外部权限，关键词只是诊断提示 (1.128375ms)
✔ 未关闭的 user decision 不能被后续 Reviewer 遗漏或改写为 passed 而降权 (0.704125ms)
✔ 新 decision_record 分类缺失或冲突被拒绝，旧显式 user authority 保守保留 (0.4515ms)
✔ 失败分类选择不同的自治恢复策略而不是统一 await_user (1.954625ms)
✔ Workflow 证据摘要只投影稳定的任务结果和 Runtime 文件哈希 (0.305416ms)
✔ 稳定义务身份绑定来源、目标和解除条件，不能把同类同节点要求合并 (0.156042ms)
✔ 展示文案不得参与义务目标或身份，同 ID 的不同合同必须在接收时拒绝 (0.167292ms)
✔ 严格义务必须有 ID；已见事实不能用新 ID 重新引入已解决的合同 (0.285084ms)
✔ 不同 obligationId 的同合同要求独立保留，关闭一项不会关闭另一项 (0.229583ms)
✔ 已解决的旧义务重复出现时保持 resolved，不作为新义务重新报告 (0.124875ms)
✔ 遗漏和 passed 都不能关闭义务；只有 Runtime 核验的当前版本解除证据才能关闭且重复幂等 (0.291041ms)
✔ 任务验证关闭只接受 Runtime 标记为当前、通过且绑定候选版本的结果 (0.192584ms)
✔ 旧义务缺少关闭合同时保持 open，并拒绝 Reviewer 自报的替代决定 (0.077583ms)
✔ 显式 legacy 读取路径保留同一缺关闭合同的已解决义务，不重新引入 (0.081459ms)
✔ 旧字符串与问题列表按原文保留不同路径的要求身份 (0.191083ms)
✔ 结构可执行关闭只依赖 Runtime 记录的任务存在，不将其视为业务完成 (0.158333ms)
✔ 版本化决定必须由 Runtime 当前记录完整绑定，且不同义务 ID 不会共享关闭结果 (2.5655ms)
✔ decision_record 的 user authority 明确请求用户，同时保留旧问题文本回退 (0.151209ms)
✔ canonical input ignores JSON order, non-lifecycle scripts and ordinary business source (42.932334ms)
✔ an install lifecycle conservatively binds indirect file and shell inputs (30.603209ms)
✔ implicit workspaces and recursive file dependencies bind their complete candidate content (52.139834ms)
✔ local paths that escape the candidate fail closed instead of being clamped below root (45.52675ms)
✔ manager fields, project config files and install environment are bound without retaining secrets (32.377334ms)
✔ canonicalize recursively sorts JSON object keys without reordering arrays (0.210875ms)
✔ canonical input ignores JSON order, test/build scripts, business source, and action identity (342.661166ms)
✔ input binds manager version, config, lifecycle source, and local dependency source (1523.20325ms)
✔ base uses base/node_modules so CJS and ESM consumers resolve their siblings (816.229375ms)
✔ explicit private COW records one full tree copy, and clone unsupported fails closed (574.060208ms)
✔ parallel overlays share a sealed base but private write locations remain isolated (349.653833ms)
✔ cold validation rejects changed contents and every unsafe base link (763.199958ms)
✔ installer-local workspace links are normalized into the sealed base (251.516ms)
✔ internal npm hard-link groups are atomically detached before the base is sealed (255.392125ms)
✔ external hard-link references remain untouched while every base path becomes private (252.857541ms)
✔ an external Finder .DS_Store hard-link is detached before readonly sealing (264.07775ms)
✔ readonly unreceipted bases and interrupted hard-link work recover without another install (536.3645ms)
✔ unconfirmed active installer fences a later action without restaging or dispatching (111.996167ms)
✔ settled failure preserves nested cwd download cache and publishes primary error metrics (387.880416ms)
✔ failure artifact ENOSPC keeps the primary npm error and active marker fenced (130.49025ms)
✔ a durable settled-failure terminal allows a different action to reclaim the installer (441.553333ms)
✔ durable receipt, promotion, and cache receipt interruptions recover without another install (698.971417ms)
✔ target replay validates its overlay receipt and does not rerun an already completed install (200.461208ms)
✔ missing or conflicting durable receipts never delete staged or promoted trees (458.13075ms)
✔ fresh sealing hashes once, hot reuse hashes zero bytes, and a cold instance revalidates once (552.430375ms)
✔ stage/install and immutable seal use independent 300s phase signals, including cache recovery (407.712542ms)
✔ production manager resolver uses a cwd-bound managed command and no-lock projects return no bindings (163.324875ms)
✔ same canonical input recovers in one shared generation while unknown installer bytes remain untouched (420.975ms)
✔ dependency generation selector cannot escape or traverse a directory alias (25.204084ms)
✔ Owner 分支以 ff-only 同步到最新 workflow HEAD (1242.3545ms)
✔ Owner worktree 脏时拒绝同步 workflow (992.213042ms)
✔ 只有显式 force 才能删除包含未提交修改的 worktree (560.196667ms)
✔ Owner worktree 只有忽略的验证产物时允许同步 workflow (1273.947167ms)
✔ Owner worktree 绑定错误分支时拒绝同步且不移动 HEAD (848.431708ms)
✔ Owner 分支与 workflow 分叉时拒绝非 ff 同步且不移动 HEAD (1128.080375ms)
✔ clean paused rebase 时拒绝同步且不移动 HEAD 或 Owner ref (1402.723ms)
✔ clean paused merge 时拒绝同步且不移动 HEAD 或 Owner ref (1248.71ms)
✔ clean paused cherry-pick 时拒绝同步且不移动 HEAD 或 Owner ref (1350.412542ms)
✔ 保留已跟踪文件修改状态中的前导空格 (236.693375ms)
✔ Git 状态忽略 Runtime 自动生成但尚未跟踪的 .gitignore (210.069583ms)
✔ 正确解析真实重命名和双路径记录 (253.759166ms)
✔ 正确解析复制记录的双路径 (0.478833ms)
✔ 提交代理禁用仓库钩子并返回固定提交和实际文件 (548.477584ms)
✔ 固定提交哈希可以校验变更并安全合并 (879.938083ms)
✔ 分支和工作树清理支持明确的幂等 missing-ok (657.949625ms)
✔ 工作树清理默认拒绝删除 dirty worktree 并保留现场 (604.716625ms)
✔ isolation proof preserves unknown command truth and binds current sealed candidate (140.096666ms)
✔ isolation refuses missing writer closure, omitted effects, changed candidate, or unsafe command binding (1403.730625ms)
✔ retired writable directories cannot be reused via ancestor, descendant, or symlink; sibling is independent (95.756ms)
✔ new action cannot dispatch or prepare files inside an old isolated installer (119.202958ms)
✔ retirement coexists with stop settlement while its OS lock is held (171.728666ms)
✔ retirement rejects active verification while its OS lock is held (83.136375ms)
✔ Dashboard and main thread read exactly the same workflow view without writing control or projections (57.820791ms)
✔ read-only routes do not create missing state or hide corrupt state behind an empty result (24.402042ms)
✔ opaque workspace selection, GET-only routes and SSE disposal preserve the same snapshot (111.774167ms)
✔ native client retains a terminal failure as a historical item without claiming an active wait (193.604917ms)
✔ complete production preset mounts native capabilities and delivers without manual kernel registration (8283.161375ms)
✔ native plugin scopes and the bundled approval adapter share load health only within their host (789.1655ms)
✔ implementation interpretation binds native user evidence, not a magic phrase or agent notification (295.079834ms)
✔ native runtime executes scoped edit, async submission, real verification, integration and final verification (3207.323833ms)
✔ two native Owners overlap, integrate disjoint candidates and unlock their real downstream verification (8336.344584ms)
✔ Planner contract accepts an executable plan with no public Owner change (5.039958ms)
✔ Planner required fields follow normalization defaults plus package compilation (0.169125ms)
✔ Planner public Owner binding schema is the exact domain-owned shape (0.4585ms)
✔ omission cannot bypass required or historical public Owner authority (0.495292ms)
✔ Planner tool contract rejects the five invalid shapes observed in the live workflow (0.246458ms)
✔ Planner receives frozen requirements without authorization receipts or write journals (0.222625ms)
✔ Planner and Reviewer receive readable Owner feedback as a non-blocking fact (0.674333ms)
✔ workflow fixture wait does not let observation churn renew a stuck semantic state (1.406709ms)
✔ workflow fixture wait renews only for semantic progress and retains an absolute cap (1.11475ms)
✔ native planning feedback is persisted in the root tool result and never starts a workflow (1546.363ms)
✔ native revised Spec/Ticket checkpoint replaces the same task, retains the issue and delivers on its new baseline (13788.965709ms)
✔ native Reviewer corrects an invalid obligation id in the same session before any report is accepted (8254.682125ms)
✔ native main-thread documents, checkpoint, independent planning and execution reach the user checkout (7843.050041ms)
✔ two frozen independent Owner tasks reach actual combined and final Reviewer acceptance with their grouped packages (9738.343458ms)
✔ actual failed verification returns to the root and repairs its retained candidate within the same budget (7865.689166ms)
✔ a no-progress first DAG returns to native Spec/Ticket R2 and delivers in the original workflow (9601.425042ms)
✔ active Registry narrowing uses one native approval and replans the same Spec/Ticket workflow through delivery (7154.361333ms)
✔ actual scoped preset tools reach Owner execution without inheriting root orchestration instructions (4449.343667ms)
✔ Owner Team joins the actual parent preset generation before its task tools are configured (360.755667ms)
✔ native macOS escaped descendant does not turn managed-range exit into source write closure (595.085625ms)
✔ independent public Owner migration closes only after shared implementation, app migration and unchanged consumer verification deliver (9125.836083ms)
✔ Owner root guards use native tool scope and do not capture unrelated roots (414.417209ms)
✔ native workflow_retry_action keeps a settled technical candidate retry bound and returns a lossless view (438.922375ms)
✔ two native Owner preset scopes share one catalog executor and dispose independently (53.2715ms)
✔ offline legacy reconciliation retains planning use and refuses missing or inconsistent accounting (3.101833ms)
✔ legacy source binding selects the exact persisted checkpoint, never a later or reworded document (0.43925ms)
✔ a legacy completed label alone cannot release a possible native writer as historical data (16.617041ms)
✔ legacy reservation preserves exact source and budget, blocks duplicate work, and replays idempotently (149.058459ms)
✔ Owner 记忆契约拒绝越界页面、运行目录来源和未知状态 (3.415458ms)
✔ 记忆目录修复只移除 Owner 记忆 catalog 的自引用元数据 (266.407083ms)
✔ Markdown Owner Wiki 生成索引和幂等日志，并根据来源提交计算 stale (1355.117167ms)
✔ 多个 Owner 的长期知识分别写入各自文件夹 (593.711875ms)
✔ 没有新页面但重新核对来源后会刷新既有记忆的验证基线 (1435.457291ms)
✔ 旧 .owner-memory 在下一次编译时迁入对应 Owner 文件夹并删除独立目录 (996.580083ms)
✔ 临时 Owner 记忆保持简短，封存后作为编译来源但不注入当前长期记忆 (239.16275ms)
✔ Owner 最终摘要过长时截断记忆来源而不阻塞任务结算 (256.796917ms)
✔ 旧阻塞在新执行开始后标记为已解决，不再作为当前提示注入 (0.507833ms)
✔ 展开 Composite 后保留父外部依赖、后继依赖父且子图 entry/exit 可达 (12.719917ms)
✔ Composite 可递归拆分，直到所有 abstract 节点变成可执行叶子 (7.066459ms)
✔ Composite 只允许未开始且没有业务提交的 work task (4.283334ms)
✔ Composite 拒绝 ID 冲突、内部环、不可达 entry/exit、越界 Owner 和未绑定验证 (11.791291ms)
✔ 局部 delta 使被修改任务、Review 和依赖后继失效，并清空旧执行证据 (3.63625ms)
✔ 局部 delta 要求明确 carryForward，且不允许改写已完成任务或固定提交 (8.712209ms)
✔ 局部 delta 的失效闭包包含 Composite 父任务和父任务后继 (6.261625ms)
✔ Composite 子任务不能成为父任务外部依赖，delta 也不能改变 Registry 或删除固定提交证据 (7.396583ms)
✔ Plan delta 拒绝 V1 并规范化新增 V2 任务 (3.074583ms)
✔ V2 计划在构建自动机前拒绝超长 scope glob (0.262625ms)
✔ V2 计划在构建自动机前拒绝字面字符种类过多的 write glob (0.425667ms)
✔ V2 计划拒绝超出单层 Owner scope 的递归 write (1.237167ms)
✔ V2 计划拒绝与 Owner exclude 相交的 write (0.681167ms)
✔ V2 计划拒绝用单层通配符扩大问号 Owner scope (0.393667ms)
✔ V2 计划拒绝未绑定的验证 ID (0.518292ms)
✔ V2 work task 必须绑定至少一个 required verification (0.388834ms)
✔ V2 task保留显式稳定执行资源，旧task省略字段时不注入默认值 (2.928583ms)
✔ V2 task拒绝重复或不稳定的执行资源身份 (2.513166ms)
✔ 渐进式 DAG 允许 abstract work 暂不绑定写入和验证，并标记为不可执行 (1.08475ms)
✔ V2 计划拒绝未定义的 decomposition 状态并列出允许值 (1.501208ms)
✔ V2 计划拒绝任务依赖环 (0.984084ms)
✔ V2 计划拒绝空验证 argv (0.660125ms)
✔ V2 计划拒绝用 argv 字段替代 run 并返回可修复错误 (0.290458ms)
✔ V2 验证 cwd 只接受受限仓库相对目录并规范化保存 (3.285833ms)
✔ V2 计划拒绝把 legacy stages 或 completedStages 带入执行模型 (0.226166ms)
✔ V2 计划拒绝字符串验证 argv (2.132792ms)
✔ V2 生命周期使用固定 workflow 和 task 状态 (0.594375ms)
✔ 任务停止状态只接受固定的 reason/action 配对 (0.477333ms)
✔ 任务停止拒绝未定义的 reason/action 配对 (0.389125ms)
✔ 任务停止接受 input_missing/provide_input 配对 (0.066042ms)
✔ 任务停止接受其余固定 reason/action 配对 (0.064584ms)
✔ V2 计划拒绝 review 任务的 write (1.777792ms)
✔ V2 计划拒绝 verify 任务的 write (1.191042ms)
✔ V2 计划原样保留 done 验收文本 (1.245917ms)
✔ V1 历史计划可读取运行时目录范围且不可执行 (1.119666ms)
✔ V2 计划规范化显式角色，并按完成的依赖返回可执行任务 (1.922625ms)
✔ V2 就绪计算跳过运行中和已停止的根任务，并保留并行根任务顺序 (0.910292ms)
✔ 所有者范围支持目录范围和排除范围 (0.375541ms)
✔ 所有者范围正确处理问号、单层通配符和目录边界 (0.217917ms)
✔ 计划拒绝循环和未知 Owner (0.094917ms)
✔ 计划拒绝所有者范围重叠 (0.851625ms)
✔ V2 计划拒绝运行时管理目录的 Owner scope (3.068083ms)
✔ 父 Owner 排除完整子模块后允许合法拆分 (0.906125ms)
✔ 局部 exclude 不能掩盖父 scope 剩余区域的重叠 (0.819917ms)
✔ 所有者范围正确区分文件、目录和相邻路径 (2.054375ms)
✔ 所有者范围的问号和递归通配符参与重叠判断 (2.395ms)
✔ 规划和所有者结果契约未知时按关闭处理 (3.101ms)
✔ 新计划审查义务必须有显式来源、目标和可核验关闭合同，旧记录只能显式读取 (0.877125ms)
✔ 新计划审查义务在 Schema 与 normalizer 中都必须提供不可变 obligationId (1.377625ms)
✔ 计划审查关闭合同支持结构可执行与版本化决定，并按类型要求字段 (1.936791ms)
✔ 带计划上下文时验证转交目标所有者和文件范围 (0.432041ms)
✔ Owner 结果可以提出结构化长期记忆，但不能直接引用运行时目录 (0.388584ms)
✔ V2 计划规范化任务优先级和显式失败策略，并拒绝不完整修复策略 (1.600458ms)
✔ Operation honors rules-only policy using the same action and real native sessions (706.244875ms)
✔ Operation honors reviewer-allow policy using the same action and real native sessions (623.949458ms)
✔ Operation honors reviewer-deny policy using the same action and real native sessions (563.611125ms)
✔ native prefix permission is explicit and scoped to the host, main session, directory and literal argument boundary (1791.113ms)
✔ native root delivery is deduplicated using persisted messages, not followup return (328.549333ms)
✔ native root receives the canonical workflow terminal status and revision (62.33275ms)
✔ a root session closing during notification becomes a durable offline wait without hiding persistence failures (81.977917ms)
✔ native fixed command proves managed-range exit and does not rerun a received command (103.955458ms)
✔ new command identities cannot bypass an unresolved same-action intent, even with the same host ID (56.420375ms)
✔ action admission serializes competing hosts while allowing owned live commands in parallel (78.158958ms)
✔ native read-only sandbox rejects an actual source write (89.819208ms)
✔ immutable dependency inputs reject writable roots before native dispatch (12.64425ms)
✔ native verification reads external dependencies but cannot write or chmod them (130.340167ms)
✔ old and wrong-scope command receipts are not reused or promoted to termination proof (130.812292ms)
✔ native termination covers a helper that outlives the command leader (480.959458ms)
✔ verification resumes after the native command receipt without rerunning or changing its directory (316.674083ms)
✔ native non-Git Operation: allow reaches the main thread and retains source protection (790.161375ms)
✔ native non-Git Operation: reject reaches the main thread and retains source protection (609.948375ms)
✔ native non-Git Operation: cancel reaches the main thread and retains source protection (543.323333ms)
✔ native owner_submit ends the actual turn after durable acceptance without waiting for verification (894.302459ms)
✔ Owner preparation interruption resumes the same worktree with one native dispatch (1084.115459ms)
✔ a fast native model waits for the persisted dispatch receipt before submitting (992.817459ms)
✔ failed dispatch receipt cancels waiting native tools without accepting a candidate (528.653667ms)
✔ a rejected owner_submit ends through the persisted stop path with its primary error (611.089167ms)
✔ an Owner turn ending without tools settles through one persisted stop (552.148375ms)
✔ native Planner accepts a bound no-progress report before the formal transition records failure (2754.488625ms)
✔ native Owner and candidate Reviewer receive only the same bound task package and direct consumer command contract (3778.751334ms)
✔ public Owner independently reads the contract and consumer before compatible_extension (1285.231334ms)
✔ public Owner independently reads the contract and consumer before migration_required (663.2285ms)
✔ public Owner independently reads the contract and consumer before capability_sufficient (572.581333ms)
✔ public Owner independently reads the contract and consumer before rejected (691.049375ms)
✔ public Owner independently reads the contract and consumer before facts_missing (1015.654667ms)
✔ public Owner independently reads the contract and consumer before business_decision_required (715.816625ms)
✔ root public request survives a native contract source revision before independent decision and main notice (8315.203959ms)
✔ native Registry batch allow: one exact decision, no speculative ownership or Git identity changes (1756.410709ms)
✔ native Registry batch reject: one exact decision, no speculative ownership or Git identity changes (798.309916ms)
✔ native Registry batch cancel: one exact decision, no speculative ownership or Git identity changes (834.774583ms)
✔ native Registry reconciles installed interruption from the original approval and preserves user index (2048.965583ms)
✔ native Registry reconciles ref_updated interruption from the original approval and preserves user index (1922.948167ms)
✔ Operation 执行契约要求目标、边界、完成标准和最小能力 (1.18075ms)
✔ Operation 状态独立持久化并只公开受限投影 (34.213292ms)
✔ Operation 报告区分普通进展、用户输入和精确命令授权 (0.771167ms)
✔ 通用命令门禁允许典型只读诊断并拦截外部副作用 (6.226ms)
✔ 会话级命令授权只匹配完整字面参数前缀 (0.325583ms)
✔ Operator 提示要求只与主代理结构化通信 (2.247917ms)
✔ 主线程提示要求正式 planning 文档封套，并只通过零参数 finalizer 建立检查点 (1.146458ms)
✔ 主线程可在启动 DAG 前创建和修改所有约定文档，原生观察策略继续执行 (1102.978875ms)
✔ 文档例外不放开代码、治理文件、状态和其他写入工具 (71.542459ms)
✔ 解析路径二次校验阻止冒充 displayPath、目标漂移和链接换入 (67.526167ms)
✔ 路径绑定到项目和会话，允许根目录别名，拒绝软硬链接和无效目标 (31.030584ms)
✔ 真实 root 与会话根别名混用时只归一化项目根，保留内部链接拒绝 (40.483375ms)
✔ Harness、Synapse 与审批策略上游子模块始终属于受保护路径 (1.663875ms)
✔ Owner 可以自由修改 worktree，但提交关卡拒绝 scope 外和受保护路径 (465.858917ms)
✔ 提交关卡忽略构建产物，自动提交 scope 内真实 diff 并再次校验 (1193.675625ms)
✔ 提交关卡检查全部提交历史，不能用后续删除隐藏中间越界提交 (849.86525ms)
✔ review 或 verify task 不能借用 Owner scope 提交业务改动 (826.7915ms)
✔ dispatch and Owner repair retain the same immutable planning package binding (25.573333ms)
✔ a legacy same-candidate verification retry derives and persists its current immutable package binding (9.562083ms)
✔ 实际原生问询先持久原始授权，同根重复核验复用，不因后续规格修订扩大实施范围 (893.837791ms)
✔ 原生reject决定不会创建grant或提交代码 (569.832292ms)
✔ 原生custom决定不会创建grant或提交代码 (653.693958ms)
✔ 原生approve-with-custom决定不会创建grant或提交代码 (700.454542ms)
✔ 原生cancel决定不会创建grant或提交代码 (785.007916ms)
✔ 原生decline决定不会创建grant或提交代码 (631.849666ms)
✔ 规划 checkpoint 拒绝保留主线程可读的修订决定，且不产生授权或提交 (851.63675ms)
✔ Kernel finalize 将 checkpoint 修订决定作为普通结果返回主线程 (615.1835ms)
✔ checkpoint 在 snapshot 发布前中断后只恢复同一事务并复用原始 grant (2324.8575ms)
✔ checkpoint 重放返回同一冻结 source、grant 和 commit (2268.071292ms)
✔ 原生用户实施请求只能经受信解释绑定到最新消息并作为 directProceed receipt (2474.961583ms)
✔ 没有 directProceed receipt 时同一 checkpoint 必须经过原生问询 (1910.960834ms)
✔ 规划包之外的脏文件在授权前拒绝且不改变 HEAD 或 index (772.356ms)
✔ 同一规划锁阻止第二 checkpoint 在获取授权前并发进入 (556.83825ms)
✔ 授权后取消阻止 ref CAS，恢复时复用同一原始授权 (2691.190209ms)
✔ 真实 native T24 来源以 alternate index 建立仅含选中文档的 checkpoint 与不可变快照，replay 不重复提交 (3016.280042ms)
✔ 暂存或无关工作区改动拒绝且不改动真实 HEAD/index/用户文件 (647.039375ms)
✔ 真实子进程 SIGKILL after-journal-prepared 后复启只形成一个 checkpoint 与不可变 snapshot (2739.372041ms)
✔ 真实子进程 SIGKILL after-commit-object 后复启只形成一个 checkpoint 与不可变 snapshot (2866.8985ms)
✔ 真实子进程 SIGKILL after-ref-update-before-journal 后复启只形成一个 checkpoint 与不可变 snapshot (2751.33475ms)
✔ 真实子进程 SIGKILL after-ref-cas 后复启只形成一个 checkpoint 与不可变 snapshot (2500.87575ms)
✔ 真实子进程 SIGKILL after-index-rename-before-journal 后复启只形成一个 checkpoint 与不可变 snapshot (2882.095875ms)
✔ 真实子进程 SIGKILL after-index-sync 后复启只形成一个 checkpoint 与不可变 snapshot (2046.010209ms)
✔ 真实子进程 SIGKILL after-snapshot-write-before-journal 后复启只形成一个 checkpoint 与不可变 snapshot (2597.623083ms)
✔ 真实子进程 SIGKILL after-snapshot 后复启只形成一个 checkpoint 与不可变 snapshot (2242.453333ms)
✔ checkpoint lease 在物理断言前后均拒绝已取消 signal，且不创建 journal 或变更 Git (2653.024584ms)
✔ 已完成 parent snapshot 以完整持久 journal/snapshot 身份绑定子 checkpoint (3356.753708ms)
✔ 未知 parent snapshot 在创建 journal 或 Git 变更前拒绝 (496.695666ms)
✔ 原 checkpoint 尚待恢复时，新 id 不能绕过同一项目的 pending journal (1947.471334ms)
✔ Git clean filter 改写选中文档 blob 时拒绝，不把原始来源哈希写成 checkpoint (934.17825ms)
✔ commit object 已持久但 ref 前外部修改选中文档时，恢复拒绝并保留外部字节 (1136.34375ms)
✔ 已完成 checkpoint 的 immutable snapshot 被外部修改时，重放和 pending 检查均拒绝 (1358.854375ms)
✔ 未知实际 Git index.lock 保留并拒绝，不将其视为可恢复 checkpoint 锁 (1321.088917ms)
✔ one-owner packages retain full frozen Ticket/Spec data, shared AC contributors and dependency blockers (14.320833ms)
✔ compiler rejects unknown-fragment (0.863875ms)
✔ compiler rejects blocked-fragment (0.515792ms)
✔ compiler rejects unknown-contract (0.546834ms)
✔ compiler rejects missing-known-contract (0.542416ms)
✔ compiler rejects omitted-ready (0.608542ms)
✔ compiler rejects missing-ticket-edge (0.62475ms)
✔ compiler rejects task-cycle (0.466875ms)
✔ compiler rejects wrong-snapshot (0.408625ms)
✔ compiler rejects wrong-source (0.229708ms)
✔ compiler rejects mixed-owner-package (2.388ms)
✔ bindings normalizer rejects duplicate task, Ticket fragment and contract identities without mutating optional absence (0.63575ms)
✔ completed checkpoint reader returns frozen persisted snapshot without revalidating current planning files (2753.009167ms)
✔ checkpoint snapshot reader rejects a nonterminal journal without resuming it (771.554ms)
✔ 只把带正式封套的 Spec 和 Ticket 纳入执行 manifest，普通 Matt 文档保持 supporting (28.526458ms)
✔ real selected documents retain complete cross-ticket AC references, multiple segments and fixed content (16.957666ms)
✔ mixed readiness preserves explicit blockers and blocks dependent tickets while unrelated work remains ready (106.945459ms)
✔ rejects missing-file without modifying planning files (22.849209ms)
✔ rejects changed-content without modifying planning files (19.829541ms)
✔ rejects wrong-digest without modifying planning files (24.062417ms)
✔ rejects duplicate-ticket without modifying planning files (22.651458ms)
✔ rejects duplicate-path without modifying planning files (15.066209ms)
✔ rejects missing-revision without modifying planning files (12.649708ms)
✔ rejects wrong-identity without modifying planning files (10.12275ms)
✔ rejects wrong-source without modifying planning files (12.344584ms)
✔ rejects unknown-ac without modifying planning files (9.010375ms)
✔ rejects wrong-ac-version without modifying planning files (8.271875ms)
✔ rejects unknown-contract without modifying planning files (11.889833ms)
✔ rejects wrong-contract-version without modifying planning files (11.444833ms)
✔ rejects missing-dependency without modifying planning files (16.421042ms)
✔ rejects cyclic-dependency without modifying planning files (10.594875ms)
✔ rejects duplicate-segment without modifying planning files (9.508292ms)
✔ rejects empty-work without modifying planning files (15.486666ms)
✔ rejects all-blocked without modifying planning files (17.319791ms)
✔ rejects empty-tickets without modifying planning files (12.359959ms)
✔ rejects declaration-forgery without modifying planning files (10.504625ms)
✔ rejects disallowed planning path docs/analysis/spec.md (8.803417ms)
✔ rejects disallowed planning path docs/superpowers/specs/spec.md (7.916417ms)
✔ rejects disallowed planning path ../escape.md (7.414584ms)
✔ rejects disallowed planning path AGENTS.md (7.931791ms)
✔ linked document source cannot cross the existing document boundary (11.685458ms)
✔ unready contract blocks its consumers while independent work remains available (11.776125ms)
✔ a ticket retains its independent ready segment alongside a declared blocked segment (11.493708ms)
✔ invalid UTF-8 cannot produce content that differs from its bound byte digest (8.655125ms)
✔ a UTF-8 BOM cannot be silently removed from the bound source content (24.0675ms)
✔ 首次原生创建尚未进入 HEAD 的 Spec/Ticket，缺失基线 blob 正确作为 null (831.695041ms)
✔ 真实 Harness 原生 edit 链绑定 T05 引用和实际 Git baseline，并由只读 Runtime 入口返回 source-validated (839.479583ms)
✔ 缺失尾项、跨文件借用、incomplete terminal 与暂存用户变更均拒绝而不修复来源或 index (832.886667ms)
✔ 已提交的旧来源保留在 journal 时，新 baseline 上仅选择新的原生链仍可验证 (845.294541ms)
✔ Kernel 规划入口不接受其他 agent 或 child 复用根线程来源 (761.668ms)
✔ 真实 Harness create → read → edit 使用原生 CAS，写入不可消费的完整 native provenance 链 (283.693167ms)
✔ 真实 CAS stale 在 prepared 后无同调用 observed，明确保留 unknown 而不把 isError 伪造成失败 (129.229292ms)
✔ native success followed by downstream observed failure remains native-observed but incomplete (148.958125ms)
✔ 相同真实 callId 的重放不会覆盖 prepared/terminal 或再次修改文档 (121.444833ms)
✔ native 成功后 terminal 发布失败保留 prepared-only 与真实字节，不回滚或伪造 terminal (76.552667ms)
✔ BOM 使原始字节与 decoded text 不可逆时保留 native-observed 但拒绝 complete (118.422834ms)
✔ 越界文档和状态目录链接在原生 mutation 前拒绝，且没有额外文档权限或 journal 记录 (50.642541ms)
✔ package and daily composition share one Owner implementation and no independent runner bin (9.6315ms)
✔ 项目存储目录把配置和长期资料归入各自 Owner 文件夹 (0.586167ms)
✔ 运行目录规则隐藏内部状态并保留现有 Git 排除配置 (106.644833ms)
✔ Runtime 初始化不覆盖项目已有的自定义 .gitignore (6.745292ms)
✔ root public Owner schema exposes only nine observed facts and no hidden protocol objects (0.69075ms)
✔ old feedback is rebound to the same task and Owner in the current frozen source (1.771375ms)
✔ feedback seed keeps the real issue field while bounding and redacting its persisted text (1.509458ms)
✔ missing producer contract returns source_revision_required without creating internal request facts (0.650584ms)
✔ runtime materialization binds the explicit producer and derives every protocol version and digest (1.343583ms)
✔ public Owner submits judgment only and Runtime supplies immutable decision bindings (0.766792ms)
✔ T06 accepts and replays one complete versioned public Owner request (3.053791ms)
✔ T06 rejects absent fields and unknown Owner, Ticket, AC, contract, or evidence references (0.971417ms)
✔ T06 same ID and version conflict, while the next version must exactly supersede the prior digest (1.911458ms)
✔ T06 capability-sufficient decision requires every known consumer fact and is the only immediately ready result (3.555583ms)
✔ T06 compatible extension stays blocked until the public Owner implementation exists (0.739458ms)
✔ T06 migration decision binds the complete impacted consumer set and exact order (0.590375ms)
✔ T06 rejection, missing facts, and business change use distinct evidence-bearing outcomes (1.566417ms)
✔ T06 a decision bound to an older execution, contract, or consumer context becomes stale (0.972834ms)
✔ T06 conflicting decisions cannot overwrite an accepted decision for the same request (0.457834ms)
✔ T06 persisted request or decision tampering fails closed even when the attacker recomputes no digest (1.740375ms)
✔ T30 normalizes a plan with an explicit authoritative public decision binding (21.781875ms)
✔ T30 rejects incomplete consumers, wrong Owner, missing implementation predecessor, and stale authority (12.872333ms)
✔ T30 migration order is an executable dependency chain rooted at the public implementation (4.957125ms)
✔ compatible consumers may use real verification tasks but required migrations still require implementation (4.196875ms)
✔ T30 carried historical bindings remain immutable without treating their original baseline as current (5.745375ms)
✔ legacy admission validation is read-only and accepts a valid unspent bound account (1.827042ms)
✔ legacy import cannot silently reset malformed budgets or change their plan authority (0.866375ms)
✔ T13 明确有限配置，没有默认无限值或隐式数值转换 (1.173333ms)
✔ T13 BUD-01 两级限额原子扣减，问题用完不阻止独立问题 (1.086375ms)
✔ T13 BUD-03 最后一份额度按传入的新快照串行竞争，两级不半扣 (0.182792ms)
✔ T13 BUD-03 请求重放在耗尽后仍返回原attempt，重载不重扣 (0.207292ms)
✔ T13 同request改变workflowId拒绝，不借重复请求改绑定 (0.21175ms)
✔ T13 同request改变rootProblemId拒绝，不借重复请求改绑定 (0.169542ms)
✔ T13 同request改变attemptId拒绝，不借重复请求改绑定 (0.145042ms)
✔ T13 同request改变taskId拒绝，不借重复请求改绑定 (0.958ms)
✔ T13 同request改变ownerId拒绝，不借重复请求改绑定 (0.18325ms)
✔ T13 同request改变executionVersion拒绝，不借重复请求改绑定 (0.175209ms)
✔ T13 同attempt不能被不同request占用；不存在问题与外来Workflow拒绝 (0.34375ms)
✔ T13 问题注册幂等但来源和限额不可替换，同来源不能另开根问题 (0.38125ms)
✔ T13 执行开始绑定不可换，未开始不能成功结算，终态不能重启 (0.545333ms)
✔ T13 启动前failed可结算，不退额度；相同回执重放不改状态 (0.270083ms)
✔ T13 启动前cancelled可结算，不退额度；相同回执重放不改状态 (0.189375ms)
✔ T13 开始及结算都重新核验完整绑定，调用错误不能写状态 (1.325666ms)
✔ T13 BUD-04/05 相关新证据不退预算，A/B/A与换引用重放只留两份事实 (0.678584ms)
✔ T13 来源不匹配、相同引用内容冲突、进展升格关闭都拒绝 (0.317083ms)
✔ T13 问题关闭需当前根的关闭引用且无未结算attempt，关闭不擦历史 (0.602459ms)
✔ T13 序列化账本严格校验，不接纳未知版本、重复记录或被改写的计数 (2.091708ms)
✔ T13 返回对象和输入无共享可写引用；冻结输入仍可工作 (0.163333ms)
✔ T13 原型敏感字符串只作为ID数据，不能串改其他问题 (0.152208ms)
✔ T13 严格输入不静默丢弃错误字段或伪证据标记 (1.112375ms)
✔ T13 同根问题换task、Owner或版本仍共享已用额度，不重新注册预算 (0.444458ms)
✔ T13 同一核验事实可分别关联多个根问题，各自核验来源和关闭引用 (0.8795ms)
✔ T13 F-14 跨attempt跨字段引用拒绝：先执行后结算 (0.46775ms)
✔ T13 F-14 跨attempt跨字段引用拒绝：先结算后执行 (0.215292ms)
✔ T13 F-14 JSON导入拒绝跨字段串用回执，reverse=false (0.218083ms)
✔ T13 F-14 JSON导入拒绝跨字段串用回执，reverse=true (0.185583ms)
✔ T13 F-14 同attempt跨字段引用及重放合法，不同版本引用仍独立 (0.33525ms)
✔ T13 F-14 保留同字段跨attempt去重：execution (0.267292ms)
✔ T13 F-14 保留同字段跨attempt去重：result (0.186542ms)
✔ T15 Owner恢复与重规划共用问题预算，换操作类型/版本不重置额度 (0.758916ms)
✔ T15 重规划与Owner跨根共用Workflow额度，独立问题只在总额尚有余量时继续 (0.148833ms)
✔ T15 revision_plan持久重放/实际引用开始/结算使用同一绑定，耗尽后不重扣 (1.839458ms)
✔ T15 revision_review持久重放/实际引用开始/结算使用同一绑定，耗尽后不重扣 (0.394375ms)
✔ T15 handoff_replan持久重放/实际引用开始/结算使用同一绑定，耗尽后不重扣 (0.500083ms)
✔ T15 owner_consultation持久重放/实际引用开始/结算使用同一绑定，耗尽后不重扣 (0.555125ms)
✔ T15 重规划workflowId改变时reserve/start/settle均拒绝且不修改账本 (0.243292ms)
✔ T15 重规划rootProblemId改变时reserve/start/settle均拒绝且不修改账本 (0.147791ms)
✔ T15 重规划requestId改变时reserve/start/settle均拒绝且不修改账本 (0.144792ms)
✔ T15 重规划attemptId改变时reserve/start/settle均拒绝且不修改账本 (0.136792ms)
✔ T15 重规划executionVersion改变时reserve/start/settle均拒绝且不修改账本 (0.147375ms)
✔ T15 重规划executionKind改变时reserve/start/settle均拒绝且不修改账本 (0.124583ms)
✔ T15 重规划operationId改变时reserve/start/settle均拒绝且不修改账本 (0.159083ms)
✔ T15 重规划operationKind改变时reserve/start/settle均拒绝且不修改账本 (0.152625ms)
✔ T15 重规划绑定严格拒绝混合身份、未知类型、缺失字段以及静默降级 (1.420875ms)
✔ T15 同request不能在Owner和replan之间换绑，回执也不能跨执行类型串用 (1.076375ms)
✔ T15 未启动重规划取消不退预算，存在未结算操作时根问题不能关闭 (1.814875ms)
✔ T19 new Workflow policy freezes the measured finite V1 values (0.720291ms)
✔ T19 policy import rejects missing, unknown, and locally changed configuration (0.356958ms)
✔ T19 persisted policy and admission limits must remain one immutable binding (0.940917ms)
✔ T19 frozen 12/8 limits preserve both problem and Workflow exhaustion (2.339583ms)
✔ Owner Registry 只有匹配 digest 的已批准提案才能写入并进入 Git 暂存区 (581.675ms)
✔ Owner Registry 在提案阶段拒绝超出受管根和重叠的 scope (394.129291ms)
✔ Owner Registry 拒绝把单层 managedRoots glob 解释为递归受管根 (313.80775ms)
✔ 批准后的 Owner 完整 round-trip declaredExclude、managedExclude 和 status (486.060041ms)
✔ Owner Registry 的 split、merge、transfer 和 remove 都只生成内存提案 (1308.146ms)
✔ Owner Registry 将同一轮全部变更合并为一个可原子批准的 batch 提案 (504.678916ms)
✔ Owner Registry batch 拒绝空批次、嵌套批次和中途无效变更 (266.619458ms)
✔ Owner Registry 拒绝被篡改或基于旧快照的批准提案 (414.833333ms)
✔ Owner Registry 拒绝 Registry 目录或 owners 目录符号链接 (222.898417ms)
✔ Owner Registry 拒绝 config 和 Owner Markdown 文件符号链接 (374.691166ms)
✔ Owner Registry 暂存失败时回滚整个 Registry 和 Git 索引 (444.880709ms)
✔ Owner Registry 写入失败时保持原 Registry 不变 (228.6545ms)
✔ Owner Registry 并发批准最多应用一个相同 before 的提案 (381.456667ms)
✔ ensureRegistry 跟踪全部正式文件且不暂存非 Markdown 文件 (623.612625ms)
✔ Owner Markdown 对标题、链接和 HTML 文本做安全编码 (589.625834ms)
✔ Registry digest 不受对象键顺序和 Owner 输入顺序影响且批准摘要不可缺失 (311.652083ms)
✔ Owner Registry 严格校验父 Owner 引用、删除子引用和父级环 (310.539916ms)
✔ split 必须保持来源有效范围且拒绝重复结果 Owner (251.497417ms)
✔ merge 必须拒绝重复来源并保持全部来源有效范围 (229.096125ms)
✔ 所有 Registry operation 对缺失、重复、同源和越界输入 fail-closed (229.532167ms)
✔ Owner 删除会从 Git 索引移除失效 Markdown (570.548917ms)
✔ ensureRegistry 拒绝 Registry 白名单外的已跟踪文件并保持索引不变 (482.709708ms)
✔ 应用失败会精确恢复调用前已暂存版本而不以工作区版本覆盖 (467.758333ms)
✔ transfer 不得重新授予源 Owner 已排除的范围 (271.318292ms)
✔ transfer 不得把范围转入目标 Owner 的 exclude (256.003208ms)
✔ split 和 merge 必须保持 scope 减 exclude 的有效范围 (265.539041ms)
✔ ensureRegistry 与批准应用共同遵守同一把 Registry 锁 (596.252584ms)
✔ Owner Markdown 编码代码围栏、列表、分隔线、表格和强调控制结构 (456.229417ms)
✔ ensureRegistry 拒绝不符合规范生成结果的 Owner Markdown 正文 (347.884375ms)
✔ Registry 回滚无法恢复原目录时保留可人工恢复的备份 (378.015542ms)
✔ ensureRegistry 初始化暂存失败时不留下正式目录或索引变化 (250.16975ms)
✔ 失败回滚完整保留 assume-unchanged、skip-worktree 和 intent-to-add 索引状态 (1205.796ms)
✔ split 可对含星号和问号的 scope 做精确有效范围守恒 (268.578375ms)
✔ merge 可原样合并非字面 glob 且不会扩大授权 (238.671083ms)
✔ transfer 可安全转交非字面 glob 并在来源建立等值排除 (253.006584ms)
✔ Owner Markdown 编码四空格和制表符缩进代码结构 (368.574083ms)
✔ loadRegistry 与写操作共享 Registry 锁并且只读取完整目录状态 (315.646958ms)
✔ Registry 锁在 EEXIST 后、检查前已释放时按 missing 重取而不伪造读取失败 (264.955875ms)
✔ Registry 锁检查只把 ENOENT 当作 missing，其他文件错误保留 cause (268.84175ms)
✔ 死亡写者留下的锁和目录切换中间态会在下次读取前恢复 (257.546791ms)
✔ 缺少 status 的旧 Owner 文档按 active 安全迁移并重新暂存 (548.051416ms)
✔ Registry 更新保留各 Owner 文件夹内的长期记忆 (703.366209ms)
✔ 旧版 owners/<id>.md 自动迁移为 owners/<id>/owner.md (552.976167ms)
✔ Registry 对未知 Owner status fail-closed (239.963541ms)
✔ Registry 配置 JSON 错误转换为带 cause 的中文边界错误 (218.55425ms)
✔ split 缺少 owners 时返回中文契约错误而不是 TypeError (198.871958ms)
✔ 读取缺失 Registry 时返回保留 cause 的中文文件错误 (73.6925ms)
✔ failed materialization waits for already-started copies before releasing cleanup authority (39.72175ms)
✔ shared dependency preparation without a valid base binding never dispatches verification (566.511959ms)
✔ seals actual uncommitted source once, verifies independently and resumes from receipts (407.490667ms)
✔ fixed verification collects independent failures and never passes zero Node tests (408.106667ms)
✔ late verification writers cannot replace the settled dependency failure and saved replay drains owned cleanup (381.916583ms)
✔ a settled observation reclaims a saved successful receipt after a delayed .DS_Store without repeating command or review (1264.112417ms)
✔ a settled cleanup gives persistent ENOTEMPTY only its fixed retry window (530.490416ms)
✔ source symlink escape and changed immutable candidate are rejected (230.457416ms)
✔ KAC-21: writes check scope and linked ancestors before the native mutation (143.336708ms)
✔ 固定 argv 解析复制并冻结目录定义，拒绝非 argv 输入 (1.262625ms)
✔ 绑定验证原样传递固定 argv 与 cwd，忽略调用者伪造的 argv (0.533ms)
✔ Shell 缺少 exitCode 时按 ok 确定性归一化，异常载体仍 fail closed (0.206875ms)
✔ 绑定验证保留声明 cwd，旧验证缺省时只使用仓库根目录 (0.074583ms)
✔ 未知或未绑定验证 ID 在创建快照前拒绝 (0.234209ms)
✔ 验证结果包含固定 contentDigest 与可序列化证据字段 (0.473292ms)
✔ 验证结果仅在 contentDigest 完全相同时有效 (0.128708ms)
✔ 通过结果必须同时具备 full enforcement 与零 exitCode 证据 (0.178417ms)
✔ 主代理原生允许一次可以作为 approved-host 固定验证证据 (0.124166ms)
✔ ok:false、超时、中止或后台宿主证据绝不能成为 passed:true (0.320375ms)
✔ delivery refuses a dirty checkout with a durable explicit failure and leaves every file intact (428.481708ms)
✔ delivery reconciles actual fast-forward after host failure without replaying checkout mutation (653.235792ms)
✔ a fresh delivery action succeeds after the fixture obstruction is resolved while retaining its failed receipt (698.969667ms)
✔ business verification failure keeps task repair and shares one diagnostic with the terminal notice (18.984458ms)
✔ reviewer-only rejection remains explainable but unbound or malformed findings are not projected (22.236792ms)
✔ business diagnostics bound each finding and their aggregate in UTF-8 bytes (5.574375ms)
✔ dependency execution failure exposes the current retry target while redacting retained evidence (13.8725ms)
✔ runtime status uses its current clock to expose the expired technical task recovery path (4.551042ms)
✔ retry tool descriptions distinguish a live bound verification from an expired attempt (0.443583ms)
✔ final verification failure uses the same safe diagnostic instead of exposing raw results (5.800166ms)
✔ changed source activation waits for its Git baseline binding and preserves unrelated execution (22.858792ms)
✔ a persisted legacy Owner feedback issue remains visible without deadlocking its source revision (10.23025ms)
✔ plan activation does not notify for absent, closed or unproved Owner feedback (4.7735ms)
✔ a feedback notice without its bound execute action remains an ordinary blocking obligation (1.77125ms)
✔ composite children wait for parent inputs and carry real upstream integration evidence (32.365125ms)
✔ a ready sibling behind a quarantined Owner is a visible technical failure, not endless running (5.837166ms)
✔ equivalent local port spellings contend across projects while project resources remain independent (8.84175ms)
✔ plan replacement fences affected attempts and preserves unrelated work until safe activation (12.6755ms)
✔ source replacement supersedes a pending product question and rejects a late answer (7.13175ms)
✔ known checkout obstruction ends delivery explicitly and preserves integrated candidate (27.803458ms)
✔ KAC-02: unchanged drive is referentially stable and does not manufacture progress (31.815417ms)
✔ KAC-03: same owner and host resource are serialized across workflows (7.802291ms)
✔ KAC-06: submit acknowledges a durable candidate without claiming verification or delivery (2.06025ms)
✔ KAC-10: a model turn ending without writer termination cannot start sealing (11.862708ms)
✔ managed process settlement and obsolete writersStopped cannot replace Owner source closure (2.589167ms)
✔ managed range termination alone cannot release a stopped Owner for redispatch (6.411791ms)
✔ pre-split kernel control records are rejected without silently upgrading evidence (0.117291ms)
✔ KAC-08/09: verification and integration bind content and expected base (8.911917ms)
✔ KAC-01/11: deadline produces stop action, unknown termination stays quarantined and observable (3.814958ms)
✔ KAC-11: later real termination releases quarantine without reviving failed task (4.507625ms)
✔ KAC-12: notification completion requires correct root and persistent message identity (1.649875ms)
✔ KAC-13: genuine user wait suspends active deadline; stale root cannot answer (3.103958ms)
✔ KAC-15: open obligations prevent activation; same label does not replace closure evidence (5.064375ms)
✔ KAC-24: direct operations share Owner/resource admission with DAG work (1.562125ms)
✔ terminal Operation notice preserves the settled result needed by the root session (3.319958ms)
✔ upstream semantic changes invalidate completed or pending consumer inputs (4.299625ms)
✔ workflow capacity is local while catalog capacity remains global (3.269334ms)
✔ duplicate operation enqueue is idempotent even while its resource is occupied (2.16325ms)
✔ bound verification failure becomes a visible failure instead of a hanging action (6.42625ms)
✔ a nonterminal verification notification carries the same safe summary instead of raw command results (9.666416ms)
✔ a settled dependency preparation failure retries the same candidate verification without redispatching its Owner (14.738541ms)
✔ an expired settled candidate verification routes to one task repair without consuming a doomed action retry (10.58225ms)
✔ a successful fresh task attempt closes only the expired candidate action repair it superseded (31.78075ms)
✔ a later plan can close a pre-upgrade action repair from its retained successful task-retry chain (34.625667ms)
✔ a task retry cannot close its old candidate action repair after the verification definition changes (25.986584ms)
✔ a candidate action retry admitted before the attempt deadline keeps that original deadline (4.493334ms)
✔ an execution-identity-unconfirmed attempt cannot be converted into an Owner repair (5.660458ms)
✔ deferred root-session action attention remains lossless JSON (1.368833ms)
✔ planning, independent review and activation are one persisted action chain (5.009583ms)
✔ planning preflight rejects an invalid obligation id without mutating control state (1.997583ms)
✔ planning preflight accepts a bound no-progress result without mutating state before formal failure (4.43025ms)
✔ a valid planning preflight cannot authorize a stale later commit (4.426208ms)
✔ planning preflight accepts a matching obligation definition and rejects a conflict (8.164875ms)
✔ execution obligations permit implementation, close only on integration and reopen when their task changes (11.34675ms)
✔ a final passing test cannot hide an unclosed obligation or deliver the checkout (7.693042ms)
✔ a real permission wait pauses an ordinary action deadline and cancellation expires its question (4.79275ms)
✔ parallel cancellation emits one canonical terminal notice only after every stop settles (6.793833ms)
✔ a late stop receipt corrects failed cancellation once and identifies the superseded notice (2.809375ms)
✔ identical technical replan requests consume one persistent recovery slot (1.540083ms)
✔ renaming and splitting a Ticket preserves its issue, budget and all descendant closure evidence (49.747916ms)
✔ keeping a verification ID while replacing its command cannot close the original failure (21.106959ms)
✔ a failed recoverable workflow still reserves its project until explicitly cancelled and settled (6.948208ms)
✔ replanning cannot bypass the original execution issue limit (14.296042ms)
✔ settled verify_workflow failure repairs the same input with inherited budget and retained evidence (9.9575ms)
✔ settled deliver_workflow failure repairs the same input with inherited budget and retained evidence (11.836208ms)
✔ initial plan transport failure can recover without fabricating an active plan (6.216ms)
✔ initial review_plan transport failure can recover without fabricating an active plan (6.865542ms)
✔ a stopped source preparation retries the exact pending reviewed proposal once (9.052333ms)
✔ Registry changes cannot use failed-but-recoverable work as a settled project (5.364667ms)
✔ automatic review revisions inherit the execution issue limit after root replanning (12.735333ms)
✔ technical planner retries cannot bypass the original execution issue limit (8.964083ms)
✔ an initial no-progress plan is a recoverable failure and receives the bound root diagnosis (6.218291ms)
✔ first rejected planning sources can be revised before any plan exists without resetting the workflow (5.409791ms)
✔ a failed prepared proposal can be retired only after termination and unchanged integration evidence (6.072916ms)
✔ failed Registry governance reserves the project and retries the original proposal with its budget (7.065417ms)
✔ active Registry change approval waits for actual stopped owners and supersedes their old questions (6.298042ms)
✔ active Registry change rejection waits for actual stopped owners and supersedes their old questions (5.84975ms)
✔ isolated failed verification can repair the same task while old range and capacity remain quarantined (22.106375ms)
✔ isolated retirement rejects stale, missing, or unsafe proofs without changing control state (85.599292ms)
✔ retiring project locks does not free execution capacity or host resource locks (15.94175ms)
✔ observer lease renewal cannot invalidate a source-isolation proof, but changed command inputs can (12.944333ms)
✔ stop lane owns settlement while stopped actions cannot be scheduled or claimed again (23.776625ms)
✔ revised Spec/Tickets merge with integrated Owner code and reconcile the same ref after interruption (948.685792ms)
✔ actual Git integration preserves the user checkout and reconciles a crash after ref update (1283.52325ms)
✔ catalog admits one executor and releases only after its owned work closes (22.205041ms)
✔ actual executor death releases the OS fence without PID or age takeover (80.21625ms)
✔ runner wakes after durable changes, completes once, then sleeps without a polling feedback loop (372.131792ms)
✔ effect result validation failures become observable failure facts (90.882417ms)
✔ another effects host cannot observe or replay an invocation while its OS action lock is held (125.597834ms)
✔ a claimed but undispatched action can resume after a quiescent observation (92.482541ms)
✔ cancelling a live persisted action reports one terminal cancellation after its stop receipt (151.105333ms)
✔ a persisted governance stop owns an arbitrary adapter interruption before the local controller aborts (164.9765ms)
✔ the same arbitrary adapter error without a persisted stop remains a technical failure (120.711708ms)
✔ a failed Operation reaches the main notification adapter with its real findings and evidence (123.757834ms)
✔ a stop adapter failure remains an observable exception and cannot confirm cancellation (110.728042ms)
✔ host shutdown preserves uncertain work and does not report its own cancellation as an execution error (73.770208ms)
✔ host shutdown preserves uncertain work and reports a distinct cleanup failure (108.37525ms)
✔ retirement winning between due snapshot and claim does not fail the runner or invoke an adapter (52.496667ms)
✔ retirement committed after a claim fences the adapter when its execution lock is acquired (35.161042ms)
✔ a stop committed after claim prevents adapter reentry under the action lock (63.643791ms)
✔ stopped work does not keep the runner on its expired observation clock (61.288334ms)
✔ store commits concurrent events against fresh state, without lost updates (258.062708ms)
✔ readers retain a valid immutable snapshot when a writer replaces its opened inode (31.963792ms)
✔ a failing subscriber cannot turn an already committed event into a failed mutation (72.513791ms)
✔ KAC-23: failure before rename preserves state and releases lock (77.739916ms)
✔ KAC-23: corrupt control state is never initialized as empty state (22.993ms)
✔ KAC-04/23: OS lock is released when writer crashes, without deleting lock inode (87.598834ms)
✔ abort does not release the OS lock before the transaction callback exits (96.572541ms)
ℹ tests 588
ℹ suites 0
ℹ pass 588
ℹ fail 0
ℹ cancelled 0
ℹ skipped 0
ℹ todo 0
ℹ duration_ms 80542.481167
