TAP version 13
# Subtest: T22 L2 real PlanRevision pending_check cannot settle the prior recovery intent
not ok 1 - T22 L2 real PlanRevision pending_check cannot settle the prior recovery intent
  ---
  duration_ms: 2385.626834
  type: 'test'
  location: '/Volumes/LargeStorage/code/DSH-Workflow/owner-workflow-plugin/test/recovery-session.test.mjs:730:1'
  failureType: 'testCodeFailure'
  error: '任务 T1 的必需验证 unit 未通过当前内容门禁：验证结果 planDigest e4f0e2ad53d55552540e196f5ea5acbd97452ffd2be68df9770e5254beb4d69d 与当前 91574fd88ca8ab9466e07b7cdffb5887ea485ff2ffd122a4492f2ca93ab9632f 不一致'
  code: 'ERR_TEST_FAILURE'
  stack: |-
    Object.assertRequiredTaskVerifications (file:///Volumes/LargeStorage/code/DSH-Workflow/owner-workflow-plugin/src/runtime.mjs:15779:17)
    async file:///Volumes/LargeStorage/code/DSH-Workflow/owner-workflow-plugin/src/runtime.mjs:13217:9
    async Object.withWorkflowLock (file:///Volumes/LargeStorage/code/DSH-Workflow/owner-workflow-plugin/src/runtime.mjs:10256:16)
    async Object.withOwnerLease (file:///Volumes/LargeStorage/code/DSH-Workflow/owner-workflow-plugin/src/runtime.mjs:5271:24)
    async TestContext.<anonymous> (file:///Volumes/LargeStorage/code/DSH-Workflow/owner-workflow-plugin/test/recovery-session.test.mjs:763:3)
    async Test.run (node:internal/test_runner/test:1113:7)
    async startSubtestAfterBootstrap (node:internal/test_runner/harness:358:3)
  ...
1..1
# tests 1
# suites 0
# pass 0
# fail 1
# cancelled 0
# skipped 0
# todo 0
# duration_ms 2573.190667
