TAP version 13
# Subtest: T22 L2 real blocked outcome cannot settle or authorize another execution
ok 1 - T22 L2 real blocked outcome cannot settle or authorize another execution
  ---
  duration_ms: 1666.102792
  type: 'test'
  ...
# Subtest: T22 L2 real handoff outcome cannot settle or authorize another execution
ok 2 - T22 L2 real handoff outcome cannot settle or authorize another execution
  ---
  duration_ms: 958.9915
  type: 'test'
  ...
# Subtest: T22 L2 real no_submit outcome cannot settle or authorize another execution
ok 3 - T22 L2 real no_submit outcome cannot settle or authorize another execution
  ---
  duration_ms: 899.397958
  type: 'test'
  ...
1..3
# tests 3
# suites 0
# pass 3
# fail 0
# cancelled 0
# skipped 0
# todo 0
# duration_ms 3705.705208
