TAP version 13
# Subtest: T22 source-plane JSONL observes exactly one completed reserved prompt without writes
ok 1 - T22 source-plane JSONL observes exactly one completed reserved prompt without writes
  ---
  duration_ms: 807.753166
  type: 'test'
  ...
# Subtest: T22 source-plane JSONL distinguishes no artifact from one durable idle inbox prompt
ok 2 - T22 source-plane JSONL distinguishes no artifact from one durable idle inbox prompt
  ---
  duration_ms: 448.235792
  type: 'test'
  ...
# Subtest: T22 raw inspection pauses on duplicate input and malformed physical rows without re-sending
ok 3 - T22 raw inspection pauses on duplicate input and malformed physical rows without re-sending
  ---
  duration_ms: 651.406292
  type: 'test'
  ...
# Subtest: T22 Runtime rejects wrong reservation binding and pauses the unready producer before session effects
ok 4 - T22 Runtime rejects wrong reservation binding and pauses the unready producer before session effects
  ---
  duration_ms: 250.845083
  type: 'test'
  ...
# Subtest: T22 refuses a real JSONL backend configured with compression before any read or retry
ok 5 - T22 refuses a real JSONL backend configured with compression before any read or retry
  ---
  duration_ms: 186.552666
  type: 'test'
  ...
# Subtest: F16 maps real same-process and independent-runtime Owner lease conflicts to a non-mutating pause
ok 6 - F16 maps real same-process and independent-runtime Owner lease conflicts to a non-mutating pause
  ---
  duration_ms: 648.960083
  type: 'test'
  ...
# Subtest: F16 maps a real lease directory still initializing to a non-mutating pause
ok 7 - F16 maps a real lease directory still initializing to a non-mutating pause
  ---
  duration_ms: 211.525875
  type: 'test'
  ...
# Subtest: F16 leaves ordinary lease I/O errors and caller cancellation as rejections
ok 8 - F16 leaves ordinary lease I/O errors and caller cancellation as rejections
  ---
  duration_ms: 499.315375
  type: 'test'
  ...
# Subtest: T22 starts the reserved Owner once, settles its real failed submission, and never rewrites the frozen instruction
ok 9 - T22 starts the reserved Owner once, settles its real failed submission, and never rewrites the frozen instruction
  ---
  duration_ms: 922.633583
  type: 'test'
  ...
# Subtest: T22 settles a real completed Owner only after owner-sync and finishOwner, then replays the T13 succeeded receipt read-only
ok 10 - T22 settles a real completed Owner only after owner-sync and finishOwner, then replays the T13 succeeded receipt read-only
  ---
  duration_ms: 2490.908708
  type: 'test'
  ...
# Subtest: T22 cannot report succeeded while a real owner-submit result is awaiting finishOwner
ok 11 - T22 cannot report succeeded while a real owner-submit result is awaiting finishOwner
  ---
  duration_ms: 1428.833458
  type: 'test'
  ...
# Subtest: T22 L1 create failure preserves reservation without sending and releases any created handle
ok 12 - T22 L1 create failure preserves reservation without sending and releases any created handle
  ---
  duration_ms: 817.704958
  type: 'test'
  ...
# Subtest: T22 L1 bind failure preserves reservation without sending and releases any created handle
ok 13 - T22 L1 bind failure preserves reservation without sending and releases any created handle
  ---
  duration_ms: 943.722708
  type: 'test'
  ...
# Subtest: T22 L2 real blocked outcome cannot settle or authorize another execution
ok 14 - T22 L2 real blocked outcome cannot settle or authorize another execution
  ---
  duration_ms: 1097.833458
  type: 'test'
  ...
# Subtest: T22 L2 real handoff outcome cannot settle or authorize another execution
ok 15 - T22 L2 real handoff outcome cannot settle or authorize another execution
  ---
  duration_ms: 966.3365
  type: 'test'
  ...
# Subtest: T22 L2 real no_submit outcome cannot settle or authorize another execution
ok 16 - T22 L2 real no_submit outcome cannot settle or authorize another execution
  ---
  duration_ms: 1061.880709
  type: 'test'
  ...
# Subtest: T22 L2 real PlanRevision pending_check cannot settle the prior recovery intent
not ok 17 - T22 L2 real PlanRevision pending_check cannot settle the prior recovery intent
  ---
  duration_ms: 1487.246791
  type: 'test'
  location: '/Volumes/LargeStorage/code/DSH-Workflow/owner-workflow-plugin/test/recovery-session.test.mjs:731:1'
  failureType: 'testCodeFailure'
  error: |-
    Expected values to be strictly equal:
    + actual - expected

    + 'reservation_invalid'
    - 'reservation_binding_mismatch'
                   ^

  code: 'ERR_ASSERTION'
  name: 'AssertionError'
  expected: 'reservation_binding_mismatch'
  actual: 'reservation_invalid'
  operator: 'strictEqual'
  stack: |-
    TestContext.<anonymous> (file:///Volumes/LargeStorage/code/DSH-Workflow/owner-workflow-plugin/test/recovery-session.test.mjs:776:10)
    async Test.run (node:internal/test_runner/test:1113:7)
    async Test.processPendingSubtests (node:internal/test_runner/test:788:7)
  ...
1..17
# tests 17
# suites 0
# pass 16
# fail 1
# cancelled 0
# skipped 0
# todo 0
# duration_ms 15144.728667
