✔ native patch composition preserves custom presets, default and legacy settings without double-loading (0.928542ms)
✔ adapted nested profiles are idempotent and an explicitly disabled plugin stays disabled (0.249959ms)
✔ conflicting policy, duplicate plugins and computed config require review instead of silent replacement (0.614542ms)
✔ native Bash escalation is allowed once only under the selected preset and matching fixed rules (363.918333ms)
✔ unmatched commands and unassociated approval requests reach the native human fallback (36.948042ms)
✔ native settings preserve user configuration, reject invalid prefixes and apply changed rules immediately (34.945333ms)
✔ real AgentLoop calls Bash and the native no-tools reviewer, then resumes after a single approval (337.15325ms)
✔ reviewer deny cannot grant permission and reaches native manual fallback (79.729625ms)
✔ reviewer escalate cannot grant permission and reaches native manual fallback (56.333458ms)
✔ reviewer invalid cannot grant permission and reaches native manual fallback (58.082042ms)
✔ a pending allow verdict cannot outlive settings (74.042208ms)
✔ a pending allow verdict cannot outlive preset (52.189042ms)
✔ a pending allow verdict cannot outlive cancel (56.333875ms)
✔ a pending allow verdict cannot outlive dispose (59.165375ms)
✔ review timeout disposes the native child before falling back (1031.34525ms)
✔ fixed high risk is rejected before an allowlisted command can reach the reviewer (38.935792ms)
✔ a recovered rejected write keeps its draft; conflicting host edits cannot be overwritten (1.921708ms)
✔ saving preserves an unavailable existing route and hidden limits; reset uses native unset (0.782291ms)
✔ new unavailable routes, malformed rules and read-only settings cannot be saved (0.226791ms)
✔ late catalog responses cannot repopulate a reconnected or disposed controller (0.138083ms)
✔ assembled agent round logs fusion and feeds the evidence receipt into the next model request (308.463083ms)
✔ V3 managed cold read retains the complete nested dispatch chain inside the actual model turn (109.749833ms)
✔ truncated output is reconstructed from the mounted filesystem before reduction (0.749917ms)
✔ missing full output and oversized Unicode source are not reduced as complete logs (0.08575ms)
✔ a size-unknown spilled stream is stopped at the full UTF-8 byte budget (0.108375ms)
✔ browser checkbox uses the DSH settings seam and changes real host tool registrations (281.633292ms)
✔ read-only browser disables both switches and failed saves show an error (2.908375ms)
✔ launchers no longer inject SoL or expose launch-specific switches (2.138459ms)
✔ real Loader + native write/bash: apply, verify, preserve audit and dispose registrations (254.326416ms)
✔ failed edit skips bash; failed bash preserves the successful mutation (59.644ms)
✔ native guard denial is enforced on the nested bash dispatch (45.674ms)
✔ version change between mutation and bash prevents verification (45.034541ms)
✔ nested additional context and turn conclusion reach the outer result (44.674083ms)
✔ EPR compresses native failed test output, preserves exit status/value and archives exact source (103.499417ms)
✔ EPR auto uses model defaults and omits reasoning for models without that capability (115.423041ms)
✔ EPR keeps explicit reasoning settings and falls back before dispatch when unsupported (154.014584ms)
✔ EPR binds capability resolution, stream and audit to one adapter generation during replacement (121.880333ms)
✔ EPR composes with fusion and does not replace the file mutation confirmation (91.090875ms)
✔ invalid reducer output and provider errors retain the original content (135.585583ms)
✔ secret logs and non-diagnostic commands never reach reducer (115.30175ms)
✔ native read-before-edit policy also governs fused edits (77.133584ms)
✔ EPR deadline falls back without changing the native bash result (107.399417ms)
✔ pre-cancelled fusion never writes and command timeout retains the mutation (76.981209ms)
✔ unloading EPR aborts in-flight reduction and removes its listener (115.817834ms)
(node:69143) ExperimentalWarning: stripTypeScriptTypes is an experimental feature and might change at any time
(Use `node --trace-warnings ...` to show where the warning was created)
✔ Code Mode reaches fusion through native nested dispatch; ordinary bash skips reducer (206.29225ms)
✔ default-off configuration removes both features through Loader reload (79.3015ms)
✔ missing native bash fails before mutation (35.755584ms)
✔ storage failure is fail-open and happens before any reducer request (75.6115ms)
✔ existing post-execute content replacement is preserved without a reducer call (75.179042ms)
✔ nested log projection changes only the durable preview (53.627666ms)
✔ nested log projection failure retains the settled result (59.100792ms)
✔ cancellation after a native write settles its log and skips bash without pretending the file was rolled back (37.273709ms)
✔ actual Owner Runner retains Agent identity, sandbox/escalation gates and fixed submission through SoL fusion (2618.751584ms)
✔ receipt preserves exact Unicode quotes, source hash, line and quote hash (0.944334ms)
✔ wrong source, status, invented quotes, empty evidence and disguised failure are rejected (0.238834ms)
✔ diagnostic command routing includes common DSH workflows and excludes plain reads (0.465917ms)
✔ secret heuristic rejects common credentials without claiming completeness (0.317958ms)
✔ config is default-off, permits session routes and rejects partial routes, invalid limits and misspellings (0.279917ms)
✔ DSH file settings persist checkbox changes and hot-toggle tools without duplicates (295.480167ms)
✔ EPR checkbox follows the session model and disabling removes reduction (191.184292ms)
✔ reconnect preserves the authoritative removal baseline and never prunes unloaded child catalogs (7.024958ms)
✔ map streams official trajectory snapshots, navigates complete child addresses and tears down subscriptions (1.861584ms)
✔ session synchronization waits for the previous request and keeps removals after a lost acknowledgement (1.659375ms)
✔ one snapshot excludes interleaved sync pruning and recovers after a failed request (15.747584ms)
✔ native live replay, cold fork recovery and unload preserve own history and durable fork cut (218.936083ms)
✔ unsupported Session read contracts fail explicitly instead of projecting empty history (0.324833ms)
✔ verified alternate upstream directory works without Git and rejects changed shipped assets (28.85825ms)
ℹ tests 67
ℹ suites 0
ℹ pass 67
ℹ fail 0
ℹ cancelled 0
ℹ skipped 0
ℹ todo 0
ℹ duration_ms 10762.301084

