TAP version 13
# Subtest: T15 actual Planner reserved child produces a raw accepted receipt and replays without another model call
ok 1 - T15 actual Planner reserved child produces a raw accepted receipt and replays without another model call
  ---
  duration_ms: 1474.138042
  type: 'test'
  ...
# Subtest: T15 actual Review reserved child produces a raw accepted receipt and replays without another model call
ok 2 - T15 actual Review reserved child produces a raw accepted receipt and replays without another model call
  ---
  duration_ms: 748.710667
  type: 'test'
  ...
# Subtest: T15 a real completed child without a submission settles failed and permits one paid next ordinal
ok 3 - T15 a real completed child without a submission settles failed and permits one paid next ordinal
  ---
  duration_ms: 656.074917
  type: 'test'
  ...
# Subtest: T15 real multi-step Planner reads evidence before its accepted submission
ok 4 - T15 real multi-step Planner reads evidence before its accepted submission
  ---
  duration_ms: 682.732625
  type: 'test'
  ...
# Subtest: T15 an uncertain create after a real session creation never resends its prompt
ok 5 - T15 an uncertain create after a real session creation never resends its prompt
  ---
  duration_ms: 615.125958
  type: 'test'
  ...
# Subtest: T15 wrong prompt and non-Owner operation source cannot start a child
ok 6 - T15 wrong prompt and non-Owner operation source cannot start a child
  ---
  duration_ms: 583.726584
  type: 'test'
  ...
# Subtest: T15 replay rejects altered frozen input and execution receipt without a new call
ok 7 - T15 replay rejects altered frozen input and execution receipt without a new call
  ---
  duration_ms: 755.728458
  type: 'test'
  ...
1..7
# tests 7
# suites 0
# pass 7
# fail 0
# cancelled 0
# skipped 0
# todo 0
# duration_ms 5696.645833
