TAP version 13
# Subtest: T15 actual Planner reserved child produces a raw accepted receipt and replays without another model call
not ok 1 - T15 actual Planner reserved child produces a raw accepted receipt and replays without another model call
  ---
  duration_ms: 2686.071416
  type: 'test'
  location: '/Volumes/LargeStorage/code/DSH-Workflow/owner-workflow-plugin/test/replan-session.test.mjs:27:37'
  failureType: 'testCodeFailure'
  error: |-
    {"contract":"DSH_REPLAN_SESSION_RESULT_V1","workflowId":"wf-recovery-session","requestId":"recovery-request-bd1f53b7-4553-45ea-a9be-3ca83728bb3c","outcome":"paused","phase":"technical_pause","reason":"extra_or_wrong_input","revision":"16777232:194097602:14972:1789124487746318823:1789124487746318823"}
    + actual - expected

    + 'paused'
    - 'submission_observed'

  code: 'ERR_ASSERTION'
  name: 'AssertionError'
  expected: 'submission_observed'
  actual: 'paused'
  operator: 'strictEqual'
  stack: |-
    TestContext.<anonymous> (file:///Volumes/LargeStorage/code/DSH-Workflow/owner-workflow-plugin/test/replan-session.test.mjs:40:10)
    async Test.run (node:internal/test_runner/test:1113:7)
    async startSubtestAfterBootstrap (node:internal/test_runner/harness:358:3)
  ...
# Subtest: T15 actual Review reserved child produces a raw accepted receipt and replays without another model call
not ok 2 - T15 actual Review reserved child produces a raw accepted receipt and replays without another model call
  ---
  duration_ms: 878.715375
  type: 'test'
  location: '/Volumes/LargeStorage/code/DSH-Workflow/owner-workflow-plugin/test/replan-session.test.mjs:27:37'
  failureType: 'testCodeFailure'
  error: |-
    {"contract":"DSH_REPLAN_SESSION_RESULT_V1","workflowId":"wf-recovery-session","requestId":"recovery-request-26bee3f5-180b-4005-b4dc-bee5915430c9","outcome":"paused","phase":"technical_pause","reason":"extra_or_wrong_input","revision":"16777232:194097790:11747:1789124488632246316:1789124488632246316"}
    + actual - expected

    + 'paused'
    - 'submission_observed'

  code: 'ERR_ASSERTION'
  name: 'AssertionError'
  expected: 'submission_observed'
  actual: 'paused'
  operator: 'strictEqual'
  stack: |-
    TestContext.<anonymous> (file:///Volumes/LargeStorage/code/DSH-Workflow/owner-workflow-plugin/test/replan-session.test.mjs:40:10)
    async Test.run (node:internal/test_runner/test:1113:7)
    async Test.processPendingSubtests (node:internal/test_runner/test:788:7)
  ...
# Subtest: T15 a real completed child without a submission settles failed and permits one paid next ordinal
not ok 3 - T15 a real completed child without a submission settles failed and permits one paid next ordinal
  ---
  duration_ms: 726.1195
  type: 'test'
  location: '/Volumes/LargeStorage/code/DSH-Workflow/owner-workflow-plugin/test/replan-session.test.mjs:63:1'
  failureType: 'testCodeFailure'
  error: |-
    {"contract":"DSH_REPLAN_SESSION_RESULT_V1","workflowId":"wf-recovery-session","requestId":"recovery-request-2f5736a7-0778-46d1-9229-78ebe4da0de5","outcome":"paused","phase":"technical_pause","reason":"extra_or_wrong_input","revision":"16777232:194097979:10604:1789124489336681583:1789124489336681583","executionError":"规划子代理没有调用 workflow_plan_submit；已拒绝解析普通文本 JSON"}

    'paused' !== 'failed'

  code: 'ERR_ASSERTION'
  name: 'AssertionError'
  expected: 'failed'
  actual: 'paused'
  operator: 'strictEqual'
  stack: |-
    TestContext.<anonymous> (file:///Volumes/LargeStorage/code/DSH-Workflow/owner-workflow-plugin/test/replan-session.test.mjs:68:10)
    async Test.run (node:internal/test_runner/test:1113:7)
    async Test.processPendingSubtests (node:internal/test_runner/test:788:7)
  ...
1..3
# tests 3
# suites 0
# pass 0
# fail 3
# cancelled 0
# skipped 0
# todo 0
# duration_ms 4691.182458
