TAP version 13
# Subtest: T15 actual Planner reserved child produces a raw accepted receipt and replays without another model call
ok 1 - T15 actual Planner reserved child produces a raw accepted receipt and replays without another model call
  ---
  duration_ms: 1828.862625
  type: 'test'
  ...
# Subtest: T15 actual Review reserved child produces a raw accepted receipt and replays without another model call
ok 2 - T15 actual Review reserved child produces a raw accepted receipt and replays without another model call
  ---
  duration_ms: 760.150709
  type: 'test'
  ...
# Subtest: T15 a real completed child without a submission settles failed and permits one paid next ordinal
ok 3 - T15 a real completed child without a submission settles failed and permits one paid next ordinal
  ---
  duration_ms: 707.320833
  type: 'test'
  ...
1..3
# tests 3
# suites 0
# pass 3
# fail 0
# cancelled 0
# skipped 0
# todo 0
# duration_ms 3499.079166
