TAP version 13
# Subtest: T22 source-plane JSONL observes exactly one completed reserved prompt without writes
ok 1 - T22 source-plane JSONL observes exactly one completed reserved prompt without writes
  ---
  duration_ms: 1145.143959
  type: 'test'
  ...
# Subtest: T22 source-plane JSONL distinguishes no artifact from one durable idle inbox prompt
ok 2 - T22 source-plane JSONL distinguishes no artifact from one durable idle inbox prompt
  ---
  duration_ms: 479.142166
  type: 'test'
  ...
# Subtest: T22 raw inspection pauses on duplicate input and malformed physical rows without re-sending
ok 3 - T22 raw inspection pauses on duplicate input and malformed physical rows without re-sending
  ---
  duration_ms: 726.716333
  type: 'test'
  ...
# Subtest: T22 Runtime rejects wrong reservation binding and pauses the unready producer before session effects
ok 4 - T22 Runtime rejects wrong reservation binding and pauses the unready producer before session effects
  ---
  duration_ms: 359.431167
  type: 'test'
  ...
# Subtest: T22 refuses a real JSONL backend configured with compression before any read or retry
ok 5 - T22 refuses a real JSONL backend configured with compression before any read or retry
  ---
  duration_ms: 225.536875
  type: 'test'
  ...
# Subtest: F16 maps real same-process and independent-runtime Owner lease conflicts to a non-mutating pause
ok 6 - F16 maps real same-process and independent-runtime Owner lease conflicts to a non-mutating pause
  ---
  duration_ms: 949.429542
  type: 'test'
  ...
# Subtest: F16 maps a real lease directory still initializing to a non-mutating pause
ok 7 - F16 maps a real lease directory still initializing to a non-mutating pause
  ---
  duration_ms: 247.064667
  type: 'test'
  ...
# Subtest: F16 leaves ordinary lease I/O errors and caller cancellation as rejections
ok 8 - F16 leaves ordinary lease I/O errors and caller cancellation as rejections
  ---
  duration_ms: 496.890958
  type: 'test'
  ...
# Subtest: T22 starts the reserved Owner once, settles its real failed submission, and never rewrites the frozen instruction
ok 9 - T22 starts the reserved Owner once, settles its real failed submission, and never rewrites the frozen instruction
  ---
  duration_ms: 1106.569875
  type: 'test'
  ...
# Subtest: T22 settles a real completed Owner only after owner-sync and finishOwner, then replays the T13 succeeded receipt read-only
ok 10 - T22 settles a real completed Owner only after owner-sync and finishOwner, then replays the T13 succeeded receipt read-only
  ---
  duration_ms: 2889.481333
  type: 'test'
  ...
# Subtest: T22 cannot report succeeded while a real owner-submit result is awaiting finishOwner
ok 11 - T22 cannot report succeeded while a real owner-submit result is awaiting finishOwner
  ---
  duration_ms: 1742.71425
  type: 'test'
  ...
# Subtest: T22 L1 create failure preserves reservation without sending and releases any created handle
ok 12 - T22 L1 create failure preserves reservation without sending and releases any created handle
  ---
  duration_ms: 921.630833
  type: 'test'
  ...
# Subtest: T22 L1 bind failure preserves reservation without sending and releases any created handle
ok 13 - T22 L1 bind failure preserves reservation without sending and releases any created handle
  ---
  duration_ms: 1340.121791
  type: 'test'
  ...
# Subtest: T22 L2 real blocked outcome cannot settle or authorize another execution
ok 14 - T22 L2 real blocked outcome cannot settle or authorize another execution
  ---
  duration_ms: 1033.474041
  type: 'test'
  ...
# Subtest: T22 L2 real handoff outcome cannot settle or authorize another execution
ok 15 - T22 L2 real handoff outcome cannot settle or authorize another execution
  ---
  duration_ms: 1027.622167
  type: 'test'
  ...
# Subtest: T22 L2 real no_submit outcome cannot settle or authorize another execution
ok 16 - T22 L2 real no_submit outcome cannot settle or authorize another execution
  ---
  duration_ms: 985.016542
  type: 'test'
  ...
# Subtest: T22 L2 real PlanRevision pending_check cannot settle the prior recovery intent
ok 17 - T22 L2 real PlanRevision pending_check cannot settle the prior recovery intent
  ---
  duration_ms: 1589.612
  type: 'test'
  ...
# Subtest: T22 L3 Runtime safely consumes preparing evidence without execution or settlement
ok 18 - T22 L3 Runtime safely consumes preparing evidence without execution or settlement
  ---
  duration_ms: 218.026542
  type: 'test'
  ...
# Subtest: T22 L3 Runtime safely consumes creating evidence without execution or settlement
ok 19 - T22 L3 Runtime safely consumes creating evidence without execution or settlement
  ---
  duration_ms: 217.034334
  type: 'test'
  ...
# Subtest: T22 L3 Runtime safely consumes pending evidence without execution or settlement
ok 20 - T22 L3 Runtime safely consumes pending evidence without execution or settlement
  ---
  duration_ms: 257.624291
  type: 'test'
  ...
# Subtest: T22 L3 Runtime safely consumes running evidence without execution or settlement
ok 21 - T22 L3 Runtime safely consumes running evidence without execution or settlement
  ---
  duration_ms: 272.733708
  type: 'test'
  ...
# Subtest: T22 L3 Runtime safely consumes terminal evidence without execution or settlement
ok 22 - T22 L3 Runtime safely consumes terminal evidence without execution or settlement
  ---
  duration_ms: 266.343334
  type: 'test'
  ...
# Subtest: T22 L3 Runtime safely consumes interrupted evidence without execution or settlement
ok 23 - T22 L3 Runtime safely consumes interrupted evidence without execution or settlement
  ---
  duration_ms: 266.383959
  type: 'test'
  ...
# Subtest: T22 L3 Runtime safely consumes old_plan evidence without execution or settlement
ok 24 - T22 L3 Runtime safely consumes old_plan evidence without execution or settlement
  ---
  duration_ms: 224.998291
  type: 'test'
  ...
# Subtest: T22 L3 Runtime safely consumes old_attempt evidence without execution or settlement
ok 25 - T22 L3 Runtime safely consumes old_attempt evidence without execution or settlement
  ---
  duration_ms: 216.321458
  type: 'test'
  ...
# Subtest: T22 L3 Runtime safely consumes old_lease evidence without execution or settlement
ok 26 - T22 L3 Runtime safely consumes old_lease evidence without execution or settlement
  ---
  duration_ms: 222.502125
  type: 'test'
  ...
# Subtest: T22 L4 paused recovery leaves an independent Owner runnable in the same Runtime and ledger
ok 27 - T22 L4 paused recovery leaves an independent Owner runnable in the same Runtime and ledger
  ---
  duration_ms: 2760.227541
  type: 'test'
  ...
1..27
# tests 27
# suites 0
# pass 27
# fail 0
# cancelled 0
# skipped 0
# todo 0
# duration_ms 22394.385667
