TAP version 13
# Subtest: 展开 Composite 后保留父外部依赖、后继依赖父且子图 entry/exit 可达
ok 1 - 展开 Composite 后保留父外部依赖、后继依赖父且子图 entry/exit 可达
  ---
  duration_ms: 6.967625
  type: 'test'
  ...
# Subtest: Composite 可递归拆分，直到所有 abstract 节点变成可执行叶子
ok 2 - Composite 可递归拆分，直到所有 abstract 节点变成可执行叶子
  ---
  duration_ms: 5.175917
  type: 'test'
  ...
# Subtest: Composite 只允许未开始且没有业务提交的 work task
ok 3 - Composite 只允许未开始且没有业务提交的 work task
  ---
  duration_ms: 2.368666
  type: 'test'
  ...
# Subtest: Composite 拒绝 ID 冲突、内部环、不可达 entry/exit、越界 Owner 和未绑定验证
ok 4 - Composite 拒绝 ID 冲突、内部环、不可达 entry/exit、越界 Owner 和未绑定验证
  ---
  duration_ms: 7.667083
  type: 'test'
  ...
# Subtest: 局部 delta 使被修改任务、Review 和依赖后继失效，并清空旧执行证据
ok 5 - 局部 delta 使被修改任务、Review 和依赖后继失效，并清空旧执行证据
  ---
  duration_ms: 2.56025
  type: 'test'
  ...
# Subtest: 局部 delta 要求明确 carryForward，且不允许改写已完成任务或固定提交
ok 6 - 局部 delta 要求明确 carryForward，且不允许改写已完成任务或固定提交
  ---
  duration_ms: 4.107833
  type: 'test'
  ...
# Subtest: 局部 delta 的失效闭包包含 Composite 父任务和父任务后继
ok 7 - 局部 delta 的失效闭包包含 Composite 父任务和父任务后继
  ---
  duration_ms: 6.122959
  type: 'test'
  ...
# Subtest: Composite 子任务不能成为父任务外部依赖，delta 也不能改变 Registry 或删除固定提交证据
ok 8 - Composite 子任务不能成为父任务外部依赖，delta 也不能改变 Registry 或删除固定提交证据
  ---
  duration_ms: 5.284875
  type: 'test'
  ...
# Subtest: Plan delta 拒绝 V1 并规范化新增 V2 任务
ok 9 - Plan delta 拒绝 V1 并规范化新增 V2 任务
  ---
  duration_ms: 1.374542
  type: 'test'
  ...
# Subtest: V2 计划在构建自动机前拒绝超长 scope glob
ok 10 - V2 计划在构建自动机前拒绝超长 scope glob
  ---
  duration_ms: 0.201625
  type: 'test'
  ...
# Subtest: V2 计划在构建自动机前拒绝字面字符种类过多的 write glob
ok 11 - V2 计划在构建自动机前拒绝字面字符种类过多的 write glob
  ---
  duration_ms: 0.384541
  type: 'test'
  ...
# Subtest: V2 计划拒绝超出单层 Owner scope 的递归 write
ok 12 - V2 计划拒绝超出单层 Owner scope 的递归 write
  ---
  duration_ms: 0.414167
  type: 'test'
  ...
# Subtest: V2 计划拒绝与 Owner exclude 相交的 write
ok 13 - V2 计划拒绝与 Owner exclude 相交的 write
  ---
  duration_ms: 0.458
  type: 'test'
  ...
# Subtest: V2 计划拒绝用单层通配符扩大问号 Owner scope
ok 14 - V2 计划拒绝用单层通配符扩大问号 Owner scope
  ---
  duration_ms: 0.339333
  type: 'test'
  ...
# Subtest: V2 计划拒绝未绑定的验证 ID
ok 15 - V2 计划拒绝未绑定的验证 ID
  ---
  duration_ms: 0.44225
  type: 'test'
  ...
# Subtest: V2 work task 必须绑定至少一个 required verification
ok 16 - V2 work task 必须绑定至少一个 required verification
  ---
  duration_ms: 0.361291
  type: 'test'
  ...
# Subtest: 渐进式 DAG 允许 abstract work 暂不绑定写入和验证，并标记为不可执行
ok 17 - 渐进式 DAG 允许 abstract work 暂不绑定写入和验证，并标记为不可执行
  ---
  duration_ms: 0.390958
  type: 'test'
  ...
# Subtest: V2 计划拒绝未定义的 decomposition 状态并列出允许值
ok 18 - V2 计划拒绝未定义的 decomposition 状态并列出允许值
  ---
  duration_ms: 0.772375
  type: 'test'
  ...
# Subtest: V2 计划拒绝任务依赖环
ok 19 - V2 计划拒绝任务依赖环
  ---
  duration_ms: 0.434792
  type: 'test'
  ...
# Subtest: V2 计划拒绝空验证 argv
ok 20 - V2 计划拒绝空验证 argv
  ---
  duration_ms: 0.223375
  type: 'test'
  ...
# Subtest: V2 计划拒绝用 argv 字段替代 run 并返回可修复错误
ok 21 - V2 计划拒绝用 argv 字段替代 run 并返回可修复错误
  ---
  duration_ms: 0.211375
  type: 'test'
  ...
# Subtest: V2 验证 cwd 只接受受限仓库相对目录并规范化保存
ok 22 - V2 验证 cwd 只接受受限仓库相对目录并规范化保存
  ---
  duration_ms: 3.229958
  type: 'test'
  ...
# Subtest: V2 计划拒绝把 legacy stages 或 completedStages 带入执行模型
ok 23 - V2 计划拒绝把 legacy stages 或 completedStages 带入执行模型
  ---
  duration_ms: 0.203833
  type: 'test'
  ...
# Subtest: V2 计划拒绝字符串验证 argv
ok 24 - V2 计划拒绝字符串验证 argv
  ---
  duration_ms: 0.226667
  type: 'test'
  ...
# Subtest: V2 生命周期使用固定 workflow 和 task 状态
ok 25 - V2 生命周期使用固定 workflow 和 task 状态
  ---
  duration_ms: 0.07425
  type: 'test'
  ...
# Subtest: 任务停止状态只接受固定的 reason/action 配对
ok 26 - 任务停止状态只接受固定的 reason/action 配对
  ---
  duration_ms: 0.079583
  type: 'test'
  ...
# Subtest: 任务停止拒绝未定义的 reason/action 配对
ok 27 - 任务停止拒绝未定义的 reason/action 配对
  ---
  duration_ms: 0.173667
  type: 'test'
  ...
# Subtest: 任务停止接受 input_missing/provide_input 配对
ok 28 - 任务停止接受 input_missing/provide_input 配对
  ---
  duration_ms: 0.047041
  type: 'test'
  ...
# Subtest: 任务停止接受其余固定 reason/action 配对
ok 29 - 任务停止接受其余固定 reason/action 配对
  ---
  duration_ms: 0.054875
  type: 'test'
  ...
# Subtest: V2 计划拒绝 review 任务的 write
ok 30 - V2 计划拒绝 review 任务的 write
  ---
  duration_ms: 0.262167
  type: 'test'
  ...
# Subtest: V2 计划拒绝 verify 任务的 write
ok 31 - V2 计划拒绝 verify 任务的 write
  ---
  duration_ms: 0.307917
  type: 'test'
  ...
# Subtest: V2 计划原样保留 done 验收文本
ok 32 - V2 计划原样保留 done 验收文本
  ---
  duration_ms: 0.630042
  type: 'test'
  ...
# Subtest: V1 历史计划可读取运行时目录范围且不可执行
ok 33 - V1 历史计划可读取运行时目录范围且不可执行
  ---
  duration_ms: 0.316084
  type: 'test'
  ...
# Subtest: V2 计划规范化显式角色，并按完成的依赖返回可执行任务
ok 34 - V2 计划规范化显式角色，并按完成的依赖返回可执行任务
  ---
  duration_ms: 0.598125
  type: 'test'
  ...
# Subtest: V2 就绪计算跳过运行中和已停止的根任务，并保留并行根任务顺序
ok 35 - V2 就绪计算跳过运行中和已停止的根任务，并保留并行根任务顺序
  ---
  duration_ms: 0.835584
  type: 'test'
  ...
# Subtest: 所有者范围支持目录范围和排除范围
ok 36 - 所有者范围支持目录范围和排除范围
  ---
  duration_ms: 0.302375
  type: 'test'
  ...
# Subtest: 所有者范围正确处理问号、单层通配符和目录边界
ok 37 - 所有者范围正确处理问号、单层通配符和目录边界
  ---
  duration_ms: 0.171208
  type: 'test'
  ...
# Subtest: 计划拒绝循环和未知 Owner
ok 38 - 计划拒绝循环和未知 Owner
  ---
  duration_ms: 0.093583
  type: 'test'
  ...
# Subtest: 计划拒绝所有者范围重叠
ok 39 - 计划拒绝所有者范围重叠
  ---
  duration_ms: 0.194208
  type: 'test'
  ...
# Subtest: V2 计划拒绝运行时管理目录的 Owner scope
ok 40 - V2 计划拒绝运行时管理目录的 Owner scope
  ---
  duration_ms: 0.445083
  type: 'test'
  ...
# Subtest: 父 Owner 排除完整子模块后允许合法拆分
ok 41 - 父 Owner 排除完整子模块后允许合法拆分
  ---
  duration_ms: 0.284209
  type: 'test'
  ...
# Subtest: 局部 exclude 不能掩盖父 scope 剩余区域的重叠
ok 42 - 局部 exclude 不能掩盖父 scope 剩余区域的重叠
  ---
  duration_ms: 0.270542
  type: 'test'
  ...
# Subtest: 所有者范围正确区分文件、目录和相邻路径
ok 43 - 所有者范围正确区分文件、目录和相邻路径
  ---
  duration_ms: 0.570625
  type: 'test'
  ...
# Subtest: 所有者范围的问号和递归通配符参与重叠判断
ok 44 - 所有者范围的问号和递归通配符参与重叠判断
  ---
  duration_ms: 0.73075
  type: 'test'
  ...
# Subtest: 规划和所有者结果契约未知时按关闭处理
ok 45 - 规划和所有者结果契约未知时按关闭处理
  ---
  duration_ms: 0.928542
  type: 'test'
  ...
# Subtest: 新计划审查义务必须有显式来源、目标和可核验关闭合同，旧记录只能显式读取
ok 46 - 新计划审查义务必须有显式来源、目标和可核验关闭合同，旧记录只能显式读取
  ---
  duration_ms: 0.220459
  type: 'test'
  ...
# Subtest: 新计划审查义务在 Schema 与 normalizer 中都必须提供不可变 obligationId
ok 47 - 新计划审查义务在 Schema 与 normalizer 中都必须提供不可变 obligationId
  ---
  duration_ms: 0.087667
  type: 'test'
  ...
# Subtest: 计划审查关闭合同支持结构可执行与版本化决定，并按类型要求字段
ok 48 - 计划审查关闭合同支持结构可执行与版本化决定，并按类型要求字段
  ---
  duration_ms: 0.888458
  type: 'test'
  ...
# Subtest: 带计划上下文时验证转交目标所有者和文件范围
ok 49 - 带计划上下文时验证转交目标所有者和文件范围
  ---
  duration_ms: 0.355292
  type: 'test'
  ...
# Subtest: Owner 结果可以提出结构化长期记忆，但不能直接引用运行时目录
ok 50 - Owner 结果可以提出结构化长期记忆，但不能直接引用运行时目录
  ---
  duration_ms: 0.452833
  type: 'test'
  ...
# Subtest: V2 计划规范化任务优先级和显式失败策略，并拒绝不完整修复策略
ok 51 - V2 计划规范化任务优先级和显式失败策略，并拒绝不完整修复策略
  ---
  duration_ms: 1.300292
  type: 'test'
  ...
1..51
# tests 51
# suites 0
# pass 51
# fail 0
# cancelled 0
# skipped 0
# todo 0
# duration_ms 116.840167
