TAP version 13
# Subtest: T22 source-plane JSONL observes exactly one completed reserved prompt without writes
not ok 1 - T22 source-plane JSONL observes exactly one completed reserved prompt without writes
  ---
  duration_ms: 885.4375
  type: 'test'
  location: '/Volumes/LargeStorage/code/DSH-Workflow/owner-workflow-plugin/test/recovery-session.test.mjs:80:1'
  failureType: 'testCodeFailure'
  error: |-
    Expected values to be strictly equal:
    + actual - expected

    + 'paused'
    - 'observed_terminal'

  code: 'ERR_ASSERTION'
  name: 'AssertionError'
  expected: 'observed_terminal'
  actual: 'paused'
  operator: 'strictEqual'
  stack: |-
    TestContext.<anonymous> (file:///Volumes/LargeStorage/code/DSH-Workflow/owner-workflow-plugin/test/recovery-session.test.mjs:90:10)
    async Test.run (node:internal/test_runner/test:1113:7)
    async startSubtestAfterBootstrap (node:internal/test_runner/harness:358:3)
  ...
# Subtest: T22 source-plane JSONL distinguishes no artifact from one durable idle inbox prompt
ok 2 - T22 source-plane JSONL distinguishes no artifact from one durable idle inbox prompt
  ---
  duration_ms: 459.764334
  type: 'test'
  ...
# Subtest: T22 raw inspection pauses on duplicate input and malformed physical rows without re-sending
not ok 3 - T22 raw inspection pauses on duplicate input and malformed physical rows without re-sending
  ---
  duration_ms: 244.546417
  type: 'test'
  location: '/Volumes/LargeStorage/code/DSH-Workflow/owner-workflow-plugin/test/recovery-session.test.mjs:120:1'
  failureType: 'testCodeFailure'
  error: |-
    Expected values to be strictly equal:
    + actual - expected

    + 'extra_or_wrong_input'
    - 'prompt_not_unique'

  code: 'ERR_ASSERTION'
  name: 'AssertionError'
  expected: 'prompt_not_unique'
  actual: 'extra_or_wrong_input'
  operator: 'strictEqual'
  stack: |-
    TestContext.<anonymous> (file:///Volumes/LargeStorage/code/DSH-Workflow/owner-workflow-plugin/test/recovery-session.test.mjs:136:10)
    async Test.run (node:internal/test_runner/test:1113:7)
    async Test.processPendingSubtests (node:internal/test_runner/test:788:7)
  ...
# Subtest: T22 Runtime rejects wrong reservation binding and pauses the unready producer before session effects
ok 4 - T22 Runtime rejects wrong reservation binding and pauses the unready producer before session effects
  ---
  duration_ms: 244.152875
  type: 'test'
  ...
# Subtest: T22 refuses a real JSONL backend configured with compression before any read or retry
ok 5 - T22 refuses a real JSONL backend configured with compression before any read or retry
  ---
  duration_ms: 199.834042
  type: 'test'
  ...
# Subtest: F16 maps real same-process and independent-runtime Owner lease conflicts to a non-mutating pause
ok 6 - F16 maps real same-process and independent-runtime Owner lease conflicts to a non-mutating pause
  ---
  duration_ms: 626.251333
  type: 'test'
  ...
# Subtest: F16 maps a real lease directory still initializing to a non-mutating pause
ok 7 - F16 maps a real lease directory still initializing to a non-mutating pause
  ---
  duration_ms: 213.828958
  type: 'test'
  ...
# Subtest: F16 leaves ordinary lease I/O errors and caller cancellation as rejections
ok 8 - F16 leaves ordinary lease I/O errors and caller cancellation as rejections
  ---
  duration_ms: 517.44025
  type: 'test'
  ...
# Subtest: T22 starts the reserved Owner once, settles its real failed submission, and never rewrites the frozen instruction
ok 9 - T22 starts the reserved Owner once, settles its real failed submission, and never rewrites the frozen instruction
  ---
  duration_ms: 918.413542
  type: 'test'
  ...
# Subtest: T22 settles a real completed Owner only after owner-sync and finishOwner, then replays the T13 succeeded receipt read-only
ok 10 - T22 settles a real completed Owner only after owner-sync and finishOwner, then replays the T13 succeeded receipt read-only
  ---
  duration_ms: 2302.571167
  type: 'test'
  ...
# Subtest: T22 cannot report succeeded while a real owner-submit result is awaiting finishOwner
ok 11 - T22 cannot report succeeded while a real owner-submit result is awaiting finishOwner
  ---
  duration_ms: 1339.116041
  type: 'test'
  ...
1..11
# tests 11
# suites 0
# pass 9
# fail 2
# cancelled 0
# skipped 0
# todo 0
# duration_ms 8132.918416
