TAP version 13
# Subtest: 两个 Runtime 竞争批准时 Registry 与 workflow state 保持同一结果
ok 1 - 两个 Runtime 竞争批准时 Registry 与 workflow state 保持同一结果
  ---
  duration_ms: 1261.772125
  type: 'test'
  ...
# Subtest: Registry 批准先赢 workflow state 锁时，另一个 Runtime 不得启动旧计划 Owner
ok 2 - Registry 批准先赢 workflow state 锁时，另一个 Runtime 不得启动旧计划 Owner
  ---
  duration_ms: 1293.217458
  type: 'test'
  ...
# Subtest: Owner 获得 lease 后必须用 Registry 批准写入的最新 state 拒绝启动旧计划
ok 3 - Owner 获得 lease 后必须用 Registry 批准写入的最新 state 拒绝启动旧计划
  ---
  duration_ms: 713.291
  type: 'test'
  ...
# Subtest: 另一个 Runtime 持有 workflow CAS 锁时批准不会先改 Registry
ok 4 - 另一个 Runtime 持有 workflow CAS 锁时批准不会先改 Registry
  ---
  duration_ms: 804.402417
  type: 'test'
  ...
# Subtest: workflow state 原子保存失败时回滚 Registry 内容和 index
ok 5 - workflow state 原子保存失败时回滚 Registry 内容和 index
  ---
  duration_ms: 1282.704625
  type: 'test'
  ...
# Subtest: V2 workflow recovery 恢复重启遗留的 planning 和 failed task
ok 6 - V2 workflow recovery 恢复重启遗留的 planning 和 failed task
  ---
  duration_ms: 1122.075625
  type: 'test'
  ...
# Subtest: Owner 主动报告 blocked 时优先结算阻塞，不会被缺失验证误报为 planDigest 错误
ok 7 - Owner 主动报告 blocked 时优先结算阻塞，不会被缺失验证误报为 planDigest 错误
  ---
  duration_ms: 1006.036625
  type: 'test'
  ...
# Subtest: 同一 Owner 在不同 workflow 间使用磁盘 lease 互斥，并在记录进程死亡后立即恢复
ok 8 - 同一 Owner 在不同 workflow 间使用磁盘 lease 互斥，并在记录进程死亡后立即恢复
  ---
  duration_ms: 138.90575
  type: 'test'
  ...
# Subtest: Lease 的 fencing token 被接管后旧临界区不能继续成功结算
ok 9 - Lease 的 fencing token 被接管后旧临界区不能继续成功结算
  ---
  duration_ms: 164.754833
  type: 'test'
  ...
# Subtest: handoff 必须先修复越界文件，再把请求写入 handoff 队列
ok 10 - handoff 必须先修复越界文件，再把请求写入 handoff 队列
  ---
  duration_ms: 1556.699584
  type: 'test'
  ...
# Subtest: Owner 失败报告携带 handoff 时先入队再停止，避免重复启动同一 Owner
ok 11 - Owner 失败报告携带 handoff 时先入队再停止，避免重复启动同一 Owner
  ---
  duration_ms: 1145.758667
  type: 'test'
  ...
# Subtest: handoff_replan 在 live Registry 缺失时拒绝重规划
ok 12 - handoff_replan 在 live Registry 缺失时拒绝重规划
  ---
  duration_ms: 664.934792
  type: 'test'
  ...
# Subtest: handoff_replan 拒绝把任务分配给 live Registry 未登记 Owner
ok 13 - handoff_replan 拒绝把任务分配给 live Registry 未登记 Owner
  ---
  duration_ms: 771.558792
  type: 'test'
  ...
# Subtest: running 恢复态的 handoff_replan 会清除旧批准，并要求新的计划审查后才能批准
ok 14 - running 恢复态的 handoff_replan 会清除旧批准，并要求新的计划审查后才能批准
  ---
  duration_ms: 874.487625
  type: 'test'
  ...
# Subtest: V2 task finish 使用 Owner 结算时登记的固定 commit SHA
ok 15 - V2 task finish 使用 Owner 结算时登记的固定 commit SHA
  ---
  duration_ms: 2403.842
  type: 'test'
  ...
# Subtest: active Owner 只能追加简短的当前任务临时记忆，并持久化供恢复注入
ok 16 - active Owner 只能追加简短的当前任务临时记忆，并持久化供恢复注入
  ---
  duration_ms: 1219.408542
  type: 'test'
  ...
# Subtest: V2 task finish 在固定提交后拒绝跟随 Owner 分支移动
ok 17 - V2 task finish 在固定提交后拒绝跟随 Owner 分支移动
  ---
  duration_ms: 1610.778083
  type: 'test'
  ...
1..17
# tests 17
# suites 0
# pass 17
# fail 0
# cancelled 0
# skipped 0
# todo 0
# duration_ms 18154.199417
