TAP version 13
# Subtest: T20 persists a bounded owner-failure reservation and returns only a launch-disabled receipt
ok 1 - T20 persists a bounded owner-failure reservation and returns only a launch-disabled receipt
  ---
  duration_ms: 218.882458
  type: 'test'
  ...
# Subtest: T20 reloads the same durable request through a new Runtime without rebilling or changing identity
ok 2 - T20 reloads the same durable request through a new Runtime without rebilling or changing identity
  ---
  duration_ms: 219.318666
  type: 'test'
  ...
# Subtest: T20 derives A/B/A from persisted strategy, keeping one root but distinct durable requests
ok 3 - T20 derives A/B/A from persisted strategy, keeping one root but distinct durable requests
  ---
  duration_ms: 282.551917
  type: 'test'
  ...
# Subtest: T20 rejects forged request fields and incorrect source binding without creating a recovery account
ok 4 - T20 rejects forged request fields and incorrect source binding without creating a recovery account
  ---
  duration_ms: 405.568375
  type: 'test'
  ...
# Subtest: T20 rejects a missing strategy and owner-failure records that no longer describe a failed technical task
ok 5 - T20 rejects a missing strategy and owner-failure records that no longer describe a failed technical task
  ---
  duration_ms: 207.368625
  type: 'test'
  ...
# Subtest: T20 admits only a live technical obligation and preserves the user-authority boundary
ok 6 - T20 admits only a live technical obligation and preserves the user-authority boundary
  ---
  duration_ms: 359.691542
  type: 'test'
  ...
# Subtest: T20 makes approval, current plan digest, cancellation, malformed state, and absent config hard wrapper gates
ok 7 - T20 makes approval, current plan digest, cancellation, malformed state, and absent config hard wrapper gates
  ---
  duration_ms: 250.426667
  type: 'test'
  ...
# Subtest: T20 rejects changed limits after accounting begins and never returns a receipt when the first save cannot commit
ok 8 - T20 rejects changed limits after accounting begins and never returns a receipt when the first save cannot commit
  ---
  duration_ms: 339.796709
  type: 'test'
  ...
# Subtest: T20 cross-process distinct requests consume the final workflow credit once
ok 9 - T20 cross-process distinct requests consume the final workflow credit once
  ---
  duration_ms: 307.479542
  type: 'test'
  ...
# Subtest: T20 cross-process competition for one request yields one receipt identity and one debit
ok 10 - T20 cross-process competition for one request yields one receipt identity and one debit
  ---
  duration_ms: 311.875125
  type: 'test'
  ...
# Subtest: R15 next failed executions with the same strategy inherit the root and persist replay across Runtime restarts
ok 11 - R15 next failed executions with the same strategy inherit the root and persist replay across Runtime restarts
  ---
  duration_ms: 326.137709
  type: 'test'
  ...
# Subtest: R15 rejects missing, wrong, and unknown continuation bindings without changing the saved revision or budget
    # Subtest: missing
    ok 1 - missing
      ---
      duration_ms: 20.452625
      type: 'test'
      ...
    # Subtest: contract
    ok 2 - contract
      ---
      duration_ms: 18.692625
      type: 'test'
      ...
    # Subtest: sourceId
    ok 3 - sourceId
      ---
      duration_ms: 16.271125
      type: 'test'
      ...
    # Subtest: rootProblemId
    ok 4 - rootProblemId
      ---
      duration_ms: 21.802083
      type: 'test'
      ...
    # Subtest: requestId
    ok 5 - requestId
      ---
      duration_ms: 18.42975
      type: 'test'
      ...
    # Subtest: attemptId
    ok 6 - attemptId
      ---
      duration_ms: 18.806917
      type: 'test'
      ...
    # Subtest: taskId
    ok 7 - taskId
      ---
      duration_ms: 16.889792
      type: 'test'
      ...
    # Subtest: ownerId
    ok 8 - ownerId
      ---
      duration_ms: 19.808042
      type: 'test'
      ...
    # Subtest: planDigest
    ok 9 - planDigest
      ---
      duration_ms: 16.925833
      type: 'test'
      ...
    # Subtest: identity sessionId
    ok 10 - identity sessionId
      ---
      duration_ms: 20.352084
      type: 'test'
      ...
    # Subtest: identity promptId
    ok 11 - identity promptId
      ---
      duration_ms: 17.531708
      type: 'test'
      ...
    # Subtest: run attempt
    ok 12 - run attempt
      ---
      duration_ms: 19.464208
      type: 'test'
      ...
    # Subtest: run session
    ok 13 - run session
      ---
      duration_ms: 16.859334
      type: 'test'
      ...
    # Subtest: unknown field
    ok 14 - unknown field
      ---
      duration_ms: 19.212458
      type: 'test'
      ...
    # Subtest: execution receipt
    ok 15 - execution receipt
      ---
      duration_ms: 19.424833
      type: 'test'
      ...
    # Subtest: result receipt
    ok 16 - result receipt
      ---
      duration_ms: 17.528875
      type: 'test'
      ...
    1..16
ok 12 - R15 rejects missing, wrong, and unknown continuation bindings without changing the saved revision or budget
  ---
  duration_ms: 472.272375
  type: 'test'
  ...
# Subtest: R15 rejects a predecessor that never started
ok 13 - R15 rejects a predecessor that never started
  ---
  duration_ms: 190.380458
  type: 'test'
  ...
# Subtest: R15 rejects a predecessor that still running
ok 14 - R15 rejects a predecessor that still running
  ---
  duration_ms: 187.723625
  type: 'test'
  ...
# Subtest: R15 rejects a predecessor that succeeded
ok 15 - R15 rejects a predecessor that succeeded
  ---
  duration_ms: 183.268375
  type: 'test'
  ...
# Subtest: R15 rejects a predecessor that cancelled
ok 16 - R15 rejects a predecessor that cancelled
  ---
  duration_ms: 220.539375
  type: 'test'
  ...
# Subtest: R15 continuation cannot reset exhausted problem credit
ok 17 - R15 continuation cannot reset exhausted problem credit
  ---
  duration_ms: 296.839792
  type: 'test'
  ...
# Subtest: R15 continuation cannot reset exhausted workflow credit
ok 18 - R15 continuation cannot reset exhausted workflow credit
  ---
  duration_ms: 203.2345
  type: 'test'
  ...
# Subtest: R15 a settled execution cannot be reused as a differently numbered successor; saved chain and missing edges fail closed
    # Subtest: renumber the same execution
    ok 1 - renumber the same execution
      ---
      duration_ms: 38.893125
      type: 'test'
      ...
    # Subtest: drop current continuation
    ok 2 - drop current continuation
      ---
      duration_ms: 64.390708
      type: 'test'
      ...
    # Subtest: drop historical edge
    ok 3 - drop historical edge
      ---
      duration_ms: 20.232041
      type: 'test'
      ...
    # Subtest: redirect historical parent
    ok 4 - redirect historical parent
      ---
      duration_ms: 28.37775
      type: 'test'
      ...
    # Subtest: redirect successor root
    ok 5 - redirect successor root
      ---
      duration_ms: 31.57325
      type: 'test'
      ...
    1..5
ok 19 - R15 a settled execution cannot be reused as a differently numbered successor; saved chain and missing edges fail closed
  ---
  duration_ms: 386.007208
  type: 'test'
  ...
# Subtest: R15 concurrent continuation calls from separate processes share one successor receipt and one debit
ok 20 - R15 concurrent continuation calls from separate processes share one successor receipt and one debit
  ---
  duration_ms: 379.0985
  type: 'test'
  ...
# Subtest: R15 a technical obligation recovery can produce a failed Owner continuation under its original root
ok 21 - R15 a technical obligation recovery can produce a failed Owner continuation under its original root
  ---
  duration_ms: 222.268083
  type: 'test'
  ...
# Subtest: R15 derived source retains A/B/A replay without erasing the continuation edge
ok 22 - R15 derived source retains A/B/A replay without erasing the continuation edge
  ---
  duration_ms: 296.039375
  type: 'test'
  ...
1..22
# tests 43
# suites 0
# pass 43
# fail 0
# cancelled 0
# skipped 0
# todo 0
# duration_ms 6404.646709
