TAP version 13
# Subtest: R08 真实 Review 分类与控制路由一致：business
ok 1 - R08 真实 Review 分类与控制路由一致：business
  ---
  duration_ms: 690.658
  type: 'test'
  ...
# Subtest: R08 真实 Review 分类与控制路由一致：permission
ok 2 - R08 真实 Review 分类与控制路由一致：permission
  ---
  duration_ms: 617.938167
  type: 'test'
  ...
# Subtest: R08 真实 Review 分类与控制路由一致：mixed
ok 3 - R08 真实 Review 分类与控制路由一致：mixed
  ---
  duration_ms: 705.294084
  type: 'test'
  ...
# Subtest: R09 首次待决问题来自冻结用户义务而非 Reviewer 自由文本：permission
ok 4 - R09 首次待决问题来自冻结用户义务而非 Reviewer 自由文本：permission
  ---
  duration_ms: 686.958125
  type: 'test'
  ...
# Subtest: R09 首次待决问题来自冻结用户义务而非 Reviewer 自由文本：business
ok 5 - R09 首次待决问题来自冻结用户义务而非 Reviewer 自由文本：business
  ---
  duration_ms: 658.355417
  type: 'test'
  ...
# Subtest: R09 首次待决问题来自冻结用户义务而非 Reviewer 自由文本：mixed-decision
ok 6 - R09 首次待决问题来自冻结用户义务而非 Reviewer 自由文本：mixed-decision
  ---
  duration_ms: 525.312625
  type: 'test'
  ...
# Subtest: R09 首次待决问题来自冻结用户义务而非 Reviewer 自由文本：mixed-verification
ok 7 - R09 首次待决问题来自冻结用户义务而非 Reviewer 自由文本：mixed-verification
  ---
  duration_ms: 503.873166
  type: 'test'
  ...
# Subtest: R09 Owner 反馈经实际失败入口分类且保留独立任务：technical
ok 8 - R09 Owner 反馈经实际失败入口分类且保留独立任务：technical
  ---
  duration_ms: 497.7915
  type: 'test'
  ...
# Subtest: R09 Owner 反馈经实际失败入口分类且保留独立任务：permission
ok 9 - R09 Owner 反馈经实际失败入口分类且保留独立任务：permission
  ---
  duration_ms: 922.970833
  type: 'test'
  ...
# Subtest: R09 Owner 反馈经实际失败入口分类且保留独立任务：business
ok 10 - R09 Owner 反馈经实际失败入口分类且保留独立任务：business
  ---
  duration_ms: 563.931041
  type: 'test'
  ...
# Subtest: R09 Owner 反馈接纳拒绝伪造绑定、无依据、外来会话和过期候选
ok 11 - R09 Owner 反馈接纳拒绝伪造绑定、无依据、外来会话和过期候选
  ---
  duration_ms: 440.814916
  type: 'test'
  ...
# Subtest: R09 已接纳反馈消费前重新校验当前来源：session
ok 12 - R09 已接纳反馈消费前重新校验当前来源：session
  ---
  duration_ms: 438.343958
  type: 'test'
  ...
# Subtest: R09 已接纳反馈消费前重新校验当前来源：attempt
ok 13 - R09 已接纳反馈消费前重新校验当前来源：attempt
  ---
  duration_ms: 436.996458
  type: 'test'
  ...
# Subtest: R09 已接纳反馈消费前重新校验当前来源：plan
ok 14 - R09 已接纳反馈消费前重新校验当前来源：plan
  ---
  duration_ms: 459.9495
  type: 'test'
  ...
# Subtest: R09 已接纳反馈消费前重新校验当前来源：owner
ok 15 - R09 已接纳反馈消费前重新校验当前来源：owner
  ---
  duration_ms: 433.913875
  type: 'test'
  ...
# Subtest: R09 同 attempt 的用户反馈幂等保留，不能由后续技术描述降权
ok 16 - R09 同 attempt 的用户反馈幂等保留，不能由后续技术描述降权
  ---
  duration_ms: 434.473292
  type: 'test'
  ...
# Subtest: R09 Owner 恢复消费当前反馈，换 attempt 后不继承旧用户门禁
ok 17 - R09 Owner 恢复消费当前反馈，换 attempt 后不继承旧用户门禁
  ---
  duration_ms: 493.790541
  type: 'test'
  ...
# Subtest: R09 已确认权限缺口优先于技术 handoff 策略
ok 18 - R09 已确认权限缺口优先于技术 handoff 策略
  ---
  duration_ms: 480.56925
  type: 'test'
  ...
# Subtest: R09 已报告用户待决后不能通过 completed 提交越过门禁：permission
ok 19 - R09 已报告用户待决后不能通过 completed 提交越过门禁：permission
  ---
  duration_ms: 769.748125
  type: 'test'
  ...
# Subtest: R09 已报告用户待决后不能通过 completed 提交越过门禁：business
ok 20 - R09 已报告用户待决后不能通过 completed 提交越过门禁：business
  ---
  duration_ms: 594.488625
  type: 'test'
  ...
# Subtest: R10 真实 Owner 非成功结算保留分类与局部待决：permission-blocked
ok 21 - R10 真实 Owner 非成功结算保留分类与局部待决：permission-blocked
  ---
  duration_ms: 980.309917
  type: 'test'
  ...
# Subtest: R10 真实 Owner 非成功结算保留分类与局部待决：permission-failed
ok 22 - R10 真实 Owner 非成功结算保留分类与局部待决：permission-failed
  ---
  duration_ms: 883.286708
  type: 'test'
  ...
# Subtest: R10 真实 Owner 非成功结算保留分类与局部待决：business-blocked
ok 23 - R10 真实 Owner 非成功结算保留分类与局部待决：business-blocked
  ---
  duration_ms: 970.800625
  type: 'test'
  ...
# Subtest: R10 真实 Owner 非成功结算保留分类与局部待决：legacy-blocked
ok 24 - R10 真实 Owner 非成功结算保留分类与局部待决：legacy-blocked
  ---
  duration_ms: 1073.91
  type: 'test'
  ...
# Subtest: R11 预算错误不覆盖当前用户依据：supervisor/permission
ok 25 - R11 预算错误不覆盖当前用户依据：supervisor/permission
  ---
  duration_ms: 506.221167
  type: 'test'
  ...
# Subtest: R11 预算错误不覆盖当前用户依据：supervisor/business
ok 26 - R11 预算错误不覆盖当前用户依据：supervisor/business
  ---
  duration_ms: 496.559292
  type: 'test'
  ...
# Subtest: R11 预算错误不覆盖当前用户依据：supervisor/technical
ok 27 - R11 预算错误不覆盖当前用户依据：supervisor/technical
  ---
  duration_ms: 476.343
  type: 'test'
  ...
# Subtest: R11 预算错误不覆盖当前用户依据：supervisor/stale-permission
ok 28 - R11 预算错误不覆盖当前用户依据：supervisor/stale-permission
  ---
  duration_ms: 469.39175
  type: 'test'
  ...
# Subtest: R11 预算错误不覆盖当前用户依据：direct-owner/permission
ok 29 - R11 预算错误不覆盖当前用户依据：direct-owner/permission
  ---
  duration_ms: 777.481958
  type: 'test'
  ...
# Subtest: R11 预算错误不覆盖当前用户依据：direct-owner/business
ok 30 - R11 预算错误不覆盖当前用户依据：direct-owner/business
  ---
  duration_ms: 791.880417
  type: 'test'
  ...
# Subtest: R11 预算错误不覆盖当前用户依据：direct-owner/technical
ok 31 - R11 预算错误不覆盖当前用户依据：direct-owner/technical
  ---
  duration_ms: 799.0005
  type: 'test'
  ...
# Subtest: R11 预算错误不覆盖当前用户依据：direct-owner/stale-permission
ok 32 - R11 预算错误不覆盖当前用户依据：direct-owner/stale-permission
  ---
  duration_ms: 805.651792
  type: 'test'
  ...
# Subtest: R11 预算错误不覆盖当前用户依据：recover/permission
ok 33 - R11 预算错误不覆盖当前用户依据：recover/permission
  ---
  duration_ms: 665.049875
  type: 'test'
  ...
# Subtest: R11 预算错误不覆盖当前用户依据：recover/business
ok 34 - R11 预算错误不覆盖当前用户依据：recover/business
  ---
  duration_ms: 485.399792
  type: 'test'
  ...
# Subtest: R11 预算错误不覆盖当前用户依据：recover/technical
ok 35 - R11 预算错误不覆盖当前用户依据：recover/technical
  ---
  duration_ms: 465.283833
  type: 'test'
  ...
# Subtest: R11 预算错误不覆盖当前用户依据：recover/stale-permission
ok 36 - R11 预算错误不覆盖当前用户依据：recover/stale-permission
  ---
  duration_ms: 584.282834
  type: 'test'
  ...
# Subtest: R11 预算错误不覆盖当前用户依据：repeated-recover/permission
ok 37 - R11 预算错误不覆盖当前用户依据：repeated-recover/permission
  ---
  duration_ms: 778.013
  type: 'test'
  ...
# Subtest: R11 预算错误不覆盖当前用户依据：repeated-recover/business
ok 38 - R11 预算错误不覆盖当前用户依据：repeated-recover/business
  ---
  duration_ms: 509.879958
  type: 'test'
  ...
# Subtest: R11 预算错误不覆盖当前用户依据：repeated-recover/technical
ok 39 - R11 预算错误不覆盖当前用户依据：repeated-recover/technical
  ---
  duration_ms: 552.671417
  type: 'test'
  ...
# Subtest: R11 预算错误不覆盖当前用户依据：repeated-recover/stale-permission
ok 40 - R11 预算错误不覆盖当前用户依据：repeated-recover/stale-permission
  ---
  duration_ms: 563.26175
  type: 'test'
  ...
1..40
# tests 40
# suites 0
# pass 40
# fail 0
# cancelled 0
# skipped 0
# todo 0
# duration_ms 25125.414
