TAP version 13
# Subtest: T15 socket admission refusal with no independent task persists one notice, then daemon discovery and fresh Harness wait
ok 1 - T15 socket admission refusal with no independent task persists one notice, then daemon discovery and fresh Harness wait
  ---
  duration_ms: 1820.648
  type: 'test'
  ...
# Subtest: T15 socket preserves finite semantic retry ordinals and only persists pause when the shared budget refuses
ok 2 - T15 socket preserves finite semantic retry ordinals and only persists pause when the shared budget refuses
  ---
  duration_ms: 2633.281125
  type: 'test'
  ...
# Subtest: T15 changed candidate evidence invalidates the prior pause but cannot start an unbound Reviewer
ok 3 - T15 changed candidate evidence invalidates the prior pause but cannot start an unbound Reviewer
  ---
  duration_ms: 1259.45525
  type: 'test'
  ...
# Subtest: T15 an authoritative user-wait task projection takes priority over a candidate technical pause
ok 4 - T15 an authoritative user-wait task projection takes priority over a candidate technical pause
  ---
  duration_ms: 1342.714291
  type: 'test'
  ...
# Subtest: T15 stale admission failure cannot pause a concurrently changed candidate parent
ok 5 - T15 stale admission failure cannot pause a concurrently changed candidate parent
  ---
  duration_ms: 1170.076917
  type: 'test'
  ...
# Subtest: T15 stale admission failure cannot pause a concurrently changed candidate review
ok 6 - T15 stale admission failure cannot pause a concurrently changed candidate review
  ---
  duration_ms: 1141.377708
  type: 'test'
  ...
# Subtest: T15 stale admission failure cannot pause a concurrently changed candidate plan content
ok 7 - T15 stale admission failure cannot pause a concurrently changed candidate plan content
  ---
  duration_ms: 1012.657167
  type: 'test'
  ...
# Subtest: T15 first uncertain real Reviewer creation persists pause despite its own new operation and session
ok 8 - T15 first uncertain real Reviewer creation persists pause despite its own new operation and session
  ---
  duration_ms: 995.662542
  type: 'test'
  ...
# Subtest: T15 daemon discovery drives one independent candidate through socket verification, merge, and terminal quiescence
ok 9 - T15 daemon discovery drives one independent candidate through socket verification, merge, and terminal quiescence
  ---
  duration_ms: 3404.629625
  type: 'test'
  ...
# Subtest: T15 fresh Harness resumes a persisted candidate reservation with no Owner history
ok 10 - T15 fresh Harness resumes a persisted candidate reservation with no Owner history
  ---
  duration_ms: 3155.439334
  type: 'test'
  ...
# Subtest: T15 fresh Harness leaves candidate launching as a stable non-dispatch wait
ok 11 - T15 fresh Harness leaves candidate launching as a stable non-dispatch wait
  ---
  duration_ms: 1112.207375
  type: 'test'
  ...
# Subtest: T15 fresh Harness leaves candidate unknown Owner history as a stable non-dispatch wait
ok 12 - T15 fresh Harness leaves candidate unknown Owner history as a stable non-dispatch wait
  ---
  duration_ms: 1078.95075
  type: 'test'
  ...
# Subtest: T15 independent reservation atomically patches only its task and survives concurrent replay and fresh Harness
ok 13 - T15 independent reservation atomically patches only its task and survives concurrent replay and fresh Harness
  ---
  duration_ms: 1184.487167
  type: 'test'
  ...
# Subtest: T15 candidate replacement invalidates persisted reservation replay
ok 14 - T15 candidate replacement invalidates persisted reservation replay
  ---
  duration_ms: 1097.105042
  type: 'test'
  ...
# Subtest: T15 a stale create action cannot overwrite a newly arrived Owner history
ok 15 - T15 a stale create action cannot overwrite a newly arrived Owner history
  ---
  duration_ms: 1043.887625
  type: 'test'
  ...
# Subtest: T15 candidate replacement before reservation rejects the stale create action without task writes
ok 16 - T15 candidate replacement before reservation rejects the stale create action without task writes
  ---
  duration_ms: 1019.756791
  type: 'test'
  ...
# Subtest: T15 public and direct Owner entry points cannot bypass a candidate reservation
ok 17 - T15 public and direct Owner entry points cannot bypass a candidate reservation
  ---
  duration_ms: 1178.504375
  type: 'test'
  ...
# Subtest: T15 reservation replay rejects persisted stopped task before neutralizing its projection
ok 18 - T15 reservation replay rejects persisted stopped task before neutralizing its projection
  ---
  duration_ms: 1061.475625
  type: 'test'
  ...
# Subtest: T15 reservation replay rejects persisted completed task before neutralizing its projection
ok 19 - T15 reservation replay rejects persisted completed task before neutralizing its projection
  ---
  duration_ms: 1179.7905
  type: 'test'
  ...
# Subtest: T15 Owner startup rechecks a reservation arriving after its initial read
ok 20 - T15 Owner startup rechecks a reservation arriving after its initial read
  ---
  duration_ms: 1130.930625
  type: 'test'
  ...
1..20
# tests 20
# suites 0
# pass 20
# fail 0
# cancelled 0
# skipped 0
# todo 0
# duration_ms 29188.591334
