TAP version 13
# Subtest: candidate selection and acknowledgment only expose independent target patches, never a replacement state
ok 1 - candidate selection and acknowledgment only expose independent target patches, never a replacement state
  ---
  duration_ms: 21.832666
  type: 'test'
  ...
# Subtest: excludes source/target Owner tasks and their forward/reverse dependency closure
ok 2 - excludes source/target Owner tasks and their forward/reverse dependency closure
  ---
  duration_ms: 9.603
  type: 'test'
  ...
# Subtest: full active tasks and undispatched reservations consume global slots and Owner identities
ok 3 - full active tasks and undispatched reservations consume global slots and Owner identities
  ---
  duration_ms: 12.027042
  type: 'test'
  ...
# Subtest: existing Owner history and source binding prevent stale or duplicate creates
ok 4 - existing Owner history and source binding prevent stale or duplicate creates
  ---
  duration_ms: 9.083291
  type: 'test'
  ...
# Subtest: no eligible work yields side-effect-free wait and cannot acknowledge stop/notify
ok 5 - no eligible work yields side-effect-free wait and cannot acknowledge stop/notify
  ---
  duration_ms: 3.472458
  type: 'test'
  ...
# Subtest: unproven handoff scope fails closed, and pending notice never dispatches
ok 6 - unproven handoff scope fails closed, and pending notice never dispatches
  ---
  duration_ms: 1.660875
  type: 'test'
  ...
# Subtest: unrelated stalled activity cannot suppress an available independent create slot
ok 7 - unrelated stalled activity cannot suppress an available independent create slot
  ---
  duration_ms: 4.666375
  type: 'test'
  ...
# Subtest: composite relationships keep a source subtree excluded without dropping the independent leaf
ok 8 - composite relationships keep a source subtree excluded without dropping the independent leaf
  ---
  duration_ms: 8.543959
  type: 'test'
  ...
# Subtest: reject reservation occupancy with stopped task instead of releasing its parallel slot
ok 9 - reject reservation occupancy with stopped task instead of releasing its parallel slot
  ---
  duration_ms: 2.7225
  type: 'test'
  ...
# Subtest: reject owner occupancy with stopped task instead of releasing its parallel slot
ok 10 - reject owner occupancy with stopped task instead of releasing its parallel slot
  ---
  duration_ms: 3.76575
  type: 'test'
  ...
# Subtest: reject reservation occupancy with completed task instead of releasing its parallel slot
ok 11 - reject reservation occupancy with completed task instead of releasing its parallel slot
  ---
  duration_ms: 2.680625
  type: 'test'
  ...
# Subtest: reject owner occupancy with completed task instead of releasing its parallel slot
ok 12 - reject owner occupancy with completed task instead of releasing its parallel slot
  ---
  duration_ms: 3.354125
  type: 'test'
  ...
# Subtest: an already running reservation occupies one slot without duplicate counting
ok 13 - an already running reservation occupies one slot without duplicate counting
  ---
  duration_ms: 7.047
  type: 'test'
  ...
# Subtest: independent selection rejects an existing shared pendingTaskMerge transaction
ok 14 - independent selection rejects an existing shared pendingTaskMerge transaction
  ---
  duration_ms: 1.079125
  type: 'test'
  ...
# Subtest: independent selection rejects an existing shared pendingMemoryCompilation transaction
ok 15 - independent selection rejects an existing shared pendingMemoryCompilation transaction
  ---
  duration_ms: 0.896792
  type: 'test'
  ...
# Subtest: independent selection excludes other planned handoff targets that finish would implicitly consume
ok 16 - independent selection excludes other planned handoff targets that finish would implicitly consume
  ---
  duration_ms: 2.753875
  type: 'test'
  ...
# Subtest: terminal receipts require matching task and Owner outcomes at both replay and execution guards
ok 17 - terminal receipts require matching task and Owner outcomes at both replay and execution guards
  ---
  duration_ms: 129.913792
  type: 'test'
  ...
# Subtest: launching permits Owner finish before the reservation settlement transaction
ok 18 - launching permits Owner finish before the reservation settlement transaction
  ---
  duration_ms: 14.866209
  type: 'test'
  ...
# Subtest: daemon selects independent create then resumes persisted reserved work without rewriting state
ok 19 - daemon selects independent create then resumes persisted reserved work without rewriting state
  ---
  duration_ms: 5.211042
  type: 'test'
  ...
# Subtest: daemon waits on launching or ambiguous Owner history and never treats either as first dispatch
ok 20 - daemon waits on launching or ambiguous Owner history and never treats either as first dispatch
  ---
  duration_ms: 8.861541
  type: 'test'
  ...
# Subtest: daemon returns stable wait for refused approvals, invalid reserved source, or no independent work
ok 21 - daemon returns stable wait for refused approvals, invalid reserved source, or no independent work
  ---
  duration_ms: 9.614084
  type: 'test'
  ...
# Subtest: a reserved batch advances the next Owner only after the prior independent integration settles
ok 22 - a reserved batch advances the next Owner only after the prior independent integration settles
  ---
  duration_ms: 15.396792
  type: 'test'
  ...
1..22
# tests 22
# suites 0
# pass 22
# fail 0
# cancelled 0
# skipped 0
# todo 0
# duration_ms 376.691916
