✔ 实际原生问询先持久原始授权，同根重复核验复用，不因后续规格修订扩大实施范围 (1137.852959ms)
✔ 原生reject决定不会创建grant或提交代码 (719.692916ms)
✔ 原生custom决定不会创建grant或提交代码 (781.038459ms)
✔ 实际 Runtime 阻止 index 已同步但快照未发布时启动 DAG，原事务恢复后解除 (3842.881833ms)
✔ 实际 Runtime 根入口完成原生授权、Git checkpoint 与固定快照，重复调用复用同一授权和提交 (3239.617834ms)
✔ 实际 Runtime 原生拒绝不会推进 HEAD/index 或建立待恢复事务 (1034.713416ms)
✔ 实际规划租约阻止同时进入第二 checkpoint 和旧 Workflow 启动 (805.254583ms)
✔ 真实授权之后取消会阻止后续 ref CAS，释放租约并以原授权恢复 (2845.549542ms)
✔ 真实 native T24 来源以 alternate index 建立仅含选中文档的 checkpoint 与不可变快照，replay 不重复提交 (3270.393875ms)
✔ 暂存或无关工作区改动拒绝且不改动真实 HEAD/index/用户文件 (805.905625ms)
✔ 真实子进程 SIGKILL after-journal-prepared 后复启只形成一个 checkpoint 与不可变 snapshot (3354.820292ms)
✔ 真实子进程 SIGKILL after-commit-object 后复启只形成一个 checkpoint 与不可变 snapshot (2922.966708ms)
✔ 真实子进程 SIGKILL after-ref-update-before-journal 后复启只形成一个 checkpoint 与不可变 snapshot (2918.773542ms)
✔ 真实子进程 SIGKILL after-ref-cas 后复启只形成一个 checkpoint 与不可变 snapshot (2389.382084ms)
✔ 真实子进程 SIGKILL after-index-rename-before-journal 后复启只形成一个 checkpoint 与不可变 snapshot (2465.272875ms)
✔ 真实子进程 SIGKILL after-index-sync 后复启只形成一个 checkpoint 与不可变 snapshot (2105.456584ms)
✔ 真实子进程 SIGKILL after-snapshot-write-before-journal 后复启只形成一个 checkpoint 与不可变 snapshot (2195.679042ms)
✔ 真实子进程 SIGKILL after-snapshot 后复启只形成一个 checkpoint 与不可变 snapshot (1847.27775ms)
✔ checkpoint lease 在物理断言前后均拒绝已取消 signal，且不创建 journal 或变更 Git (2077.937417ms)
✔ 已完成 parent snapshot 以完整持久 journal/snapshot 身份绑定子 checkpoint (2627.650709ms)
✔ 未知 parent snapshot 在创建 journal 或 Git 变更前拒绝 (326.973459ms)
✔ 原 checkpoint 尚待恢复时，新 id 不能绕过同一项目的 pending journal (1722.825708ms)
✔ Git clean filter 改写选中文档 blob 时拒绝，不把原始来源哈希写成 checkpoint (873.887375ms)
✔ commit object 已持久但 ref 前外部修改选中文档时，恢复拒绝并保留外部字节 (924.0635ms)
✔ 已完成 checkpoint 的 immutable snapshot 被外部修改时，重放和 pending 检查均拒绝 (1236.138833ms)
✔ 未知实际 Git index.lock 保留并拒绝，不将其视为可恢复 checkpoint 锁 (1134.523834ms)
✔ 真实Runtime经生产Planner提交路径编排固定快照；Owner提示保留完整Ticket，未激活Workflow (5252.445083ms)
✔ 丢失ready片段映射由实际Planner校验拒绝，有限两次后不发布候选 (3807.157875ms)
✔ 真实Agent从原生Spec/Ticket写入和checkpoint经Planner/Reviewer工具提交激活同一固定候选 (5057.431458ms)
✔ 固定候选通过独立Reviewer工具提交后持久保存原始来源，passed不激活 (3689.358ms)
✔ 固定候选Reviewer缺少原始调用来源时两次后拒绝，无审查回执 (2944.043917ms)
✔ Reviewer改写当前规划文档即使仍为相同Git dirty状态也不能发布回执 (3109.095792ms)
✔ 真实agents.create/provider与原生工具提交保留候选身份和独立审查原始来源 (2730.513208ms)
✔ 同一固定父快照的两个候选竞争时只有一个完整Workflow可见 (3548.83825ms)
✔ worktree就绪但状态未发布的激活可恢复，期间preflight拒绝另一条图 (3218.959459ms)
✔ 固定候选与独立审查在一个持久事务中激活完整Workflow，重放不创建第二版本 (2940.52225ms)
✔ T19 legacy active Workflow replay is not silently enrolled into the new recovery policy (2473.867208ms)
✔ 激活拒绝错配审查和blocked包，且不暴露半激活Workflow (2276.279291ms)
✔ 没有事务记录的同名workflow branch不能被激活入口接管 (2423.974ms)
✔ 活跃Workflow从修订Spec/Ticket固定父版本，经独立审查切换PlanRevision且重放不重复迁移 (6875.802292ms)
✔ 首次原生创建尚未进入 HEAD 的 Spec/Ticket，缺失基线 blob 正确作为 null (1052.728666ms)
✔ 真实 Harness 原生 edit 链绑定 T05 引用和实际 Git baseline，并由只读 Runtime 入口返回 source-validated (1032.141625ms)
✔ 缺失尾项、跨文件借用、incomplete terminal 与暂存用户变更均拒绝而不修复来源或 index (1117.549459ms)
✔ 已提交的旧来源保留在 journal 时，新 baseline 上仅选择新的原生链仍可验证 (1106.618458ms)
✔ 真实 Runtime 入口不接受其他主 agent 复用来源，也不接受有父会话的 child (773.846292ms)
✔ 真实 Harness create → read → edit 使用原生 CAS，写入不可消费的完整 native provenance 链 (536.393167ms)
✔ 真实 CAS stale 在 prepared 后无同调用 observed，明确保留 unknown 而不把 isError 伪造成失败 (224.632791ms)
✔ native success followed by downstream observed failure remains native-observed but incomplete (156.445291ms)
✔ 相同真实 callId 的重放不会覆盖 prepared/terminal 或再次修改文档 (144.226584ms)
✔ native 成功后 terminal 发布失败保留 prepared-only 与真实字节，不回滚或伪造 terminal (104.524584ms)
✔ BOM 使原始字节与 decoded text 不可逆时保留 native-observed 但拒绝 complete (121.757292ms)
✔ 越界文档和状态目录链接在原生 mutation 前拒绝，且没有额外文档权限或 journal 记录 (72.022209ms)
ℹ tests 52
ℹ suites 0
ℹ pass 52
ℹ fail 0
ℹ cancelled 0
ℹ skipped 0
ℹ todo 0
ℹ duration_ms 50779.609291
